2025-05-19 17:12:13 - gestor_estado - [DEBUG] - GestorEstado inicializado.
2025-05-19 17:12:13 - gestor_estado - [DEBUG] -   GestorEstado: Actualizando 2 enemigos...
2025-05-19 17:12:13 - gestor_estado - [DEBUG] -   GestorEstado: Actualizando jugador...
2025-05-19 17:12:13 - gestor_estado - [DEBUG] -   GestorEstado: Actualizando 2 enemigos...
2025-05-19 17:12:13 - gestor_estado - [DEBUG] -   GestorEstado: Actualizando jugador...
2025-05-19 17:12:13 - gestor_estado - [DEBUG] -   GestorEstado: Actualizando 2 enemigos...
2025-05-19 17:12:13 - gestor_estado - [DEBUG] -   GestorEstado: Actualizando jugador...
2025-05-19 17:12:13 - gestor_estado - [DEBUG] -   GestorEstado: Actualizando 2 enemigos...
2025-05-19 17:12:13 - gestor_estado - [DEBUG] -   GestorEstado: Actualizando jugador...
2025-05-19 17:12:14 - gestor_estado - [DEBUG] -   GestorEstado: Actualizando 2 enemigos...
2025-05-19 17:12:14 - gestor_estado - [DEBUG] -   GestorEstado: Actualizando jugador...
2025-05-19 17:12:14 - gestor_estado - [DEBUG] -   GestorEstado: Actualizando 2 enemigos...
2025-05-19 17:12:14 - gestor_estado - [DEBUG] -   GestorEstado: Actualizando jugador...
2025-05-19 17:12:14 - gestor_estado - [DEBUG] -   GestorEstado: Actualizando 2 enemigos...
2025-05-19 17:12:14 - gestor_estado - [DEBUG] -   GestorEstado: Actualizando jugador...
2025-05-19 17:12:14 - gestor_estado - [DEBUG] -   GestorEstado: Actualizando 2 enemigos...
2025-05-19 17:12:14 - gestor_estado - [DEBUG] -   GestorEstado: Actualizando jugador...
2025-05-19 17:12:14 - gestor_estado - [DEBUG] -   GestorEstado: Actualizando 2 enemigos...
2025-05-19 17:12:14 - gestor_estado - [DEBUG] -   GestorEstado: Actualizando jugador...
2025-05-19 17:12:14 - gestor_estado - [DEBUG] -   GestorEstado: Actualizando 2 enemigos...
2025-05-19 17:12:14 - gestor_estado - [DEBUG] -   GestorEstado: Actualizando jugador...
2025-05-19 17:12:14 - gestor_estado - [DEBUG] -   GestorEstado: Actualizando 2 enemigos...
2025-05-19 17:12:14 - gestor_estado - [DEBUG] -   GestorEstado: Actualizando jugador...
2025-05-19 17:12:14 - gestor_estado - [DEBUG] -   GestorEstado: Actualizando 2 enemigos...
2025-05-19 17:12:14 - gestor_estado - [DEBUG] -   GestorEstado: Actualizando jugador...
2025-05-19 17:12:14 - gestor_estado - [DEBUG] -   GestorEstado: Actualizando 2 enemigos...
2025-05-19 17:12:14 - gestor_estado - [DEBUG] -   GestorEstado: Actualizando jugador...
2025-05-19 17:12:14 - gestor_estado - [DEBUG] -   GestorEstado: Actualizando 2 enemigos...
2025-05-19 17:12:14 - gestor_estado - [DEBUG] -   GestorEstado: Actualizando jugador...
2025-05-19 17:12:14 - gestor_estado - [DEBUG] -   GestorEstado: Actualizando 2 enemigos...
2025-05-19 17:12:14 - gestor_estado - [DEBUG] -   GestorEstado: Actualizando jugador...
2025-05-19 17:12:14 - gestor_estado - [DEBUG] -   GestorEstado: Actualizando 2 enemigos...
2025-05-19 17:12:14 - gestor_estado - [DEBUG] -   GestorEstado: Actualizando jugador...
2025-05-19 17:12:14 - gestor_estado - [DEBUG] -   GestorEstado: Actualizando 2 enemigos...
2025-05-19 17:12:14 - gestor_estado - [DEBUG] -   GestorEstado: Actualizando jugador...
2025-05-19 17:12:14 - gestor_estado - [DEBUG] -   GestorEstado: Actualizando 2 enemigos...
2025-05-19 17:12:14 - gestor_estado - [DEBUG] -   GestorEstado: Actualizando jugador...
2025-05-19 17:12:14 - gestor_estado - [DEBUG] -   GestorEstado: Actualizando 2 enemigos...
2025-05-19 17:12:14 - gestor_estado - [DEBUG] -   GestorEstado: Actualizando jugador...
2025-05-19 17:12:14 - gestor_estado - [DEBUG] -   GestorEstado: Actualizando 2 enemigos...
2025-05-19 17:12:14 - gestor_estado - [DEBUG] -   GestorEstado: Actualizando jugador...
2025-05-19 17:12:15 - gestor_estado - [DEBUG] -   GestorEstado: Actualizando 2 enemigos...
2025-05-19 17:12:15 - gestor_estado - [DEBUG] -   GestorEstado: Actualizando jugador...
2025-05-19 17:12:15 - gestor_estado - [DEBUG] -   GestorEstado: Actualizando 2 enemigos...
2025-05-19 17:12:15 - gestor_estado - [DEBUG] -   GestorEstado: Actualizando jugador...
2025-05-19 17:12:15 - gestor_estado - [DEBUG] -   GestorEstado: Actualizando 2 enemigos...
2025-05-19 17:12:15 - gestor_estado - [DEBUG] -   GestorEstado: Actualizando jugador...
2025-05-19 17:12:15 - gestor_estado - [DEBUG] -   GestorEstado: Actualizando 2 enemigos...
2025-05-19 17:12:15 - gestor_estado - [DEBUG] -   GestorEstado: Actualizando jugador...
2025-05-19 17:12:15 - gestor_estado - [DEBUG] -   GestorEstado: Actualizando jugador...
2025-05-19 17:12:15 - gestor_estado - [DEBUG] -   GestorEstado: Actualizando 2 enemigos...
2025-05-19 17:12:15 - gestor_estado - [DEBUG] -   GestorEstado: Actualizando jugador...
2025-05-19 17:12:15 - gestor_estado - [DEBUG] -   GestorEstado: Actualizando 2 enemigos...
2025-05-19 17:12:15 - gestor_estado - [DEBUG] -   GestorEstado: Actualizando jugador...
2025-05-19 17:12:15 - gestor_estado - [DEBUG] -   GestorEstado: Actualizando 2 enemigos...
2025-05-19 17:12:15 - gestor_estado - [DEBUG] -   GestorEstado: Actualizando jugador...
2025-05-19 17:12:15 - gestor_estado - [DEBUG] -   GestorEstado: Actualizando 2 enemigos...
2025-05-19 17:12:15 - gestor_estado - [DEBUG] -   GestorEstado: Actualizando jugador...
2025-05-19 17:12:15 - gestor_estado - [DEBUG] -   GestorEstado: Actualizando 2 enemigos...
2025-05-19 17:12:15 - gestor_estado - [DEBUG] -   GestorEstado: Actualizando jugador...
2025-05-19 17:12:15 - gestor_estado - [DEBUG] -   GestorEstado: Actualizando 2 enemigos...
2025-05-19 17:12:15 - gestor_estado - [DEBUG] -   GestorEstado: Actualizando jugador...
2025-05-19 17:12:15 - gestor_estado - [DEBUG] -   GestorEstado: Actualizando 2 enemigos...
2025-05-19 17:12:15 - gestor_estado - [DEBUG] -   GestorEstado: Actualizando jugador...
2025-05-19 17:12:15 - gestor_estado - [DEBUG] -   GestorEstado: Actualizando 2 enemigos...
2025-05-19 17:12:15 - gestor_estado - [DEBUG] -   GestorEstado: Actualizando jugador...
2025-05-19 17:12:15 - gestor_estado - [DEBUG] -   GestorEstado: Actualizando 2 enemigos...
2025-05-19 17:12:15 - gestor_estado - [DEBUG] -   GestorEstado: Actualizando jugador...
2025-05-19 17:12:15 - gestor_estado - [DEBUG] -   GestorEstado: Actualizando 2 enemigos...
2025-05-19 17:12:15 - gestor_estado - [DEBUG] -   GestorEstado: Actualizando jugador...
2025-05-19 17:12:15 - gestor_estado - [DEBUG] -   GestorEstado: Actualizando 2 enemigos...
2025-05-19 17:12:15 - gestor_estado - [DEBUG] -   GestorEstado: Actualizando jugador...
2025-05-19 17:12:15 - gestor_estado - [DEBUG] -   GestorEstado: Actualizando 2 enemigos...
2025-05-19 17:12:15 - gestor_estado - [DEBUG] -   GestorEstado: Actualizando jugador...
2025-05-19 17:12:16 - gestor_estado - [DEBUG] -   GestorEstado: Actualizando 2 enemigos...
2025-05-19 17:12:16 - gestor_estado - [DEBUG] -   GestorEstado: Actualizando jugador...
2025-05-19 17:12:16 - gestor_estado - [DEBUG] -   GestorEstado: Actualizando 2 enemigos...
2025-05-19 17:12:16 - gestor_estado - [DEBUG] -   GestorEstado: Actualizando jugador...
2025-05-19 17:12:16 - gestor_estado - [DEBUG] -   GestorEstado: Actualizando 2 enemigos...
2025-05-19 17:12:16 - gestor_estado - [DEBUG] -   GestorEstado: Actualizando jugador...
2025-05-19 17:12:16 - gestor_estado - [DEBUG] -   GestorEstado: Actualizando 2 enemigos...
2025-05-19 17:12:16 - gestor_estado - [DEBUG] -   GestorEstado: Actualizando jugador...
2025-05-19 17:12:16 - gestor_estado - [DEBUG] -   GestorEstado: Actualizando 2 enemigos...
2025-05-19 17:12:16 - gestor_estado - [DEBUG] -   GestorEstado: Actualizando jugador...
2025-05-19 17:12:16 - gestor_estado - [DEBUG] -   GestorEstado: Actualizando 2 enemigos...
2025-05-19 17:12:16 - gestor_estado - [DEBUG] -   GestorEstado: Actualizando jugador...
2025-05-19 17:12:16 - gestor_estado - [DEBUG] -   GestorEstado: Actualizando 2 enemigos...
2025-05-19 17:12:16 - gestor_estado - [DEBUG] -   GestorEstado: Actualizando jugador...
2025-05-19 17:12:16 - gestor_estado - [DEBUG] -   GestorEstado: Actualizando 2 enemigos...
2025-05-19 17:12:16 - gestor_estado - [DEBUG] -   GestorEstado: Actualizando jugador...
2025-05-19 17:12:16 - gestor_estado - [DEBUG] -   GestorEstado: Actualizando 2 enemigos...
2025-05-19 17:12:16 - gestor_estado - [DEBUG] -   GestorEstado: Actualizando jugador...
2025-05-19 17:12:16 - gestor_estado - [DEBUG] -   GestorEstado: Actualizando 2 enemigos...
2025-05-19 17:12:16 - gestor_estado - [DEBUG] -   GestorEstado: Actualizando jugador...
2025-05-19 17:12:16 - gestor_estado - [DEBUG] -   GestorEstado: Actualizando 2 enemigos...
2025-05-19 17:12:16 - gestor_estado - [DEBUG] -   GestorEstado: Actualizando jugador...
2025-05-19 17:12:16 - gestor_estado - [DEBUG] -   GestorEstado: Actualizando 2 enemigos...
2025-05-19 17:12:16 - gestor_estado - [DEBUG] -   GestorEstado: Actualizando jugador...
2025-05-19 17:12:16 - gestor_estado - [DEBUG] -   GestorEstado: Actualizando 2 enemigos...
2025-05-19 17:12:16 - gestor_estado - [DEBUG] -   GestorEstado: Actualizando jugador...
2025-05-19 17:12:16 - gestor_estado - [DEBUG] -   GestorEstado: Actualizando 2 enemigos...
2025-05-19 17:12:16 - gestor_estado - [DEBUG] -   GestorEstado: Actualizando jugador...
2025-05-19 17:12:16 - gestor_estado - [DEBUG] -   GestorEstado: Actualizando 2 enemigos...
2025-05-19 17:12:16 - gestor_estado - [DEBUG] -   GestorEstado: Actualizando jugador...
2025-05-19 17:12:16 - gestor_estado - [DEBUG] -   GestorEstado: Actualizando 2 enemigos...
2025-05-19 17:12:16 - gestor_estado - [DEBUG] -   GestorEstado: Actualizando jugador...
2025-05-19 17:12:16 - gestor_estado - [DEBUG] -   GestorEstado: Actualizando 2 enemigos...
2025-05-19 17:12:17 - gestor_estado - [DEBUG] -   GestorEstado: Actualizando jugador...
2025-05-19 17:12:17 - gestor_estado - [DEBUG] -   GestorEstado: Actualizando 2 enemigos...
2025-05-19 17:12:17 - gestor_estado - [DEBUG] -   GestorEstado: Actualizando jugador...
2025-05-19 17:12:17 - gestor_estado - [DEBUG] -   GestorEstado: Actualizando 2 enemigos...
2025-05-19 17:12:17 - gestor_estado - [DEBUG] -   GestorEstado: Actualizando jugador...
2025-05-19 17:12:17 - gestor_estado - [DEBUG] -   GestorEstado: Actualizando 2 enemigos...
2025-05-19 17:12:17 - gestor_estado - [DEBUG] -   GestorEstado: Actualizando jugador...
2025-05-19 17:12:17 - gestor_estado - [DEBUG] -   GestorEstado: Actualizando 2 enemigos...
2025-05-19 17:12:17 - gestor_estado - [DEBUG] -   GestorEstado: Actualizando jugador...
2025-05-19 17:12:17 - gestor_estado - [DEBUG] -   GestorEstado: Actualizando 2 enemigos...
2025-05-19 17:12:17 - gestor_estado - [DEBUG] -   GestorEstado: Actualizando jugador...
2025-05-19 17:12:17 - gestor_estado - [DEBUG] -   GestorEstado: Actualizando 2 enemigos...
2025-05-19 17:12:17 - gestor_estado - [DEBUG] -   GestorEstado: Actualizando jugador...
2025-05-19 17:12:17 - gestor_estado - [DEBUG] -   GestorEstado: Actualizando 2 enemigos...
2025-05-19 17:12:17 - gestor_estado - [DEBUG] -   GestorEstado: Actualizando jugador...
2025-05-19 17:12:17 - gestor_estado - [DEBUG] -   GestorEstado: Actualizando 2 enemigos...
2025-05-19 17:12:17 - gestor_estado - [DEBUG] -   GestorEstado: Actualizando jugador...
2025-05-19 17:12:17 - gestor_estado - [DEBUG] -   GestorEstado: Actualizando jugador...
2025-05-19 17:12:17 - gestor_estado - [DEBUG] -   GestorEstado: Actualizando 2 enemigos...
2025-05-19 17:12:17 - gestor_estado - [DEBUG] -   GestorEstado: Actualizando 2 enemigos...
2025-05-19 17:12:17 - gestor_estado - [DEBUG] -   GestorEstado: Actualizando jugador...
2025-05-19 17:12:17 - gestor_estado - [DEBUG] -   GestorEstado: Actualizando 2 enemigos...
2025-05-19 17:12:17 - gestor_estado - [DEBUG] -   GestorEstado: Actualizando jugador...
2025-05-19 17:12:17 - gestor_estado - [DEBUG] -   GestorEstado: Actualizando 2 enemigos...
2025-05-19 17:12:17 - gestor_estado - [DEBUG] -   GestorEstado: Actualizando jugador...
2025-05-19 17:12:17 - gestor_estado - [DEBUG] -   GestorEstado: Actualizando 2 enemigos...
2025-05-19 17:12:17 - gestor_estado - [DEBUG] -   GestorEstado: Actualizando jugador...
2025-05-19 17:12:17 - gestor_estado - [DEBUG] -   GestorEstado: Actualizando 2 enemigos...
2025-05-19 17:12:17 - gestor_estado - [DEBUG] -   GestorEstado: Actualizando jugador...
2025-05-19 17:12:17 - gestor_estado - [DEBUG] -   GestorEstado: Actualizando 2 enemigos...
2025-05-19 17:12:17 - gestor_estado - [DEBUG] -   GestorEstado: Actualizando jugador...
2025-05-19 17:12:18 - gestor_estado - [DEBUG] -   GestorEstado: Actualizando 2 enemigos...
2025-05-19 17:12:18 - gestor_estado - [DEBUG] -   GestorEstado: Actualizando jugador...
2025-05-19 17:12:18 - gestor_estado - [DEBUG] -   GestorEstado: Actualizando 2 enemigos...
2025-05-19 17:12:18 - gestor_estado - [DEBUG] -   GestorEstado: Actualizando jugador...
2025-05-19 17:12:18 - gestor_estado - [DEBUG] -   GestorEstado: Actualizando 2 enemigos...
2025-05-19 17:12:18 - gestor_estado - [DEBUG] -   GestorEstado: Actualizando jugador...
2025-05-19 17:12:18 - gestor_estado - [DEBUG] -   GestorEstado: Actualizando 2 enemigos...
2025-05-19 17:12:18 - gestor_estado - [DEBUG] -   GestorEstado: Actualizando jugador...
2025-05-19 17:12:18 - gestor_estado - [DEBUG] -   GestorEstado: Actualizando 2 enemigos...
2025-05-19 17:12:18 - gestor_estado - [DEBUG] -   GestorEstado: Actualizando jugador...
2025-05-19 17:12:18 - gestor_estado - [DEBUG] -   GestorEstado: Actualizando 2 enemigos...
2025-05-19 17:12:18 - gestor_estado - [DEBUG] -   GestorEstado: Actualizando jugador...
2025-05-19 17:12:18 - gestor_estado - [DEBUG] -   GestorEstado: Actualizando 2 enemigos...
2025-05-19 17:12:18 - gestor_estado - [DEBUG] -   GestorEstado: Actualizando jugador...
2025-05-19 17:12:18 - gestor_estado - [DEBUG] -   GestorEstado: Actualizando 2 enemigos...
2025-05-19 17:12:18 - gestor_estado - [DEBUG] -   GestorEstado: Actualizando jugador...
2025-05-19 17:12:18 - gestor_estado - [DEBUG] -   GestorEstado: Actualizando 2 enemigos...
2025-05-19 17:12:18 - gestor_estado - [DEBUG] -   GestorEstado: Actualizando jugador...
2025-05-19 17:12:18 - gestor_estado - [DEBUG] -   GestorEstado: Actualizando 2 enemigos...
2025-05-19 17:12:18 - gestor_estado - [DEBUG] -   GestorEstado: Actualizando jugador...
2025-05-19 17:12:18 - gestor_estado - [DEBUG] -   GestorEstado: Actualizando 2 enemigos...
2025-05-19 17:12:18 - gestor_estado - [DEBUG] -   GestorEstado: Actualizando jugador...
2025-05-19 17:12:18 - gestor_estado - [DEBUG] -   GestorEstado: Actualizando 2 enemigos...
2025-05-19 17:12:18 - gestor_estado - [DEBUG] -   GestorEstado: Actualizando jugador...
2025-05-19 17:12:18 - gestor_estado - [DEBUG] -   GestorEstado: Actualizando 2 enemigos...
2025-05-19 17:12:18 - gestor_estado - [DEBUG] -   GestorEstado: Actualizando jugador...
2025-05-19 17:12:18 - gestor_estado - [DEBUG] -   GestorEstado: Actualizando 2 enemigos...
2025-05-19 17:12:18 - gestor_estado - [DEBUG] -   GestorEstado: Actualizando jugador...
2025-05-19 17:12:18 - gestor_estado - [DEBUG] -   GestorEstado: Actualizando 2 enemigos...
2025-05-19 17:12:18 - gestor_estado - [DEBUG] -   GestorEstado: Actualizando jugador...
2025-05-19 17:12:18 - gestor_estado - [DEBUG] -   GestorEstado: Actualizando 2 enemigos...
2025-05-19 17:12:18 - gestor_estado - [DEBUG] -   GestorEstado: Actualizando jugador...
2025-05-19 17:12:19 - gestor_estado - [DEBUG] -   GestorEstado: Actualizando 2 enemigos...
2025-05-19 17:12:19 - gestor_estado - [DEBUG] -   GestorEstado: Actualizando jugador...
2025-05-19 17:12:19 - gestor_estado - [DEBUG] -   GestorEstado: Actualizando 2 enemigos...
2025-05-19 17:12:19 - gestor_estado - [DEBUG] -   GestorEstado: Actualizando jugador...
2025-05-19 17:12:19 - gestor_estado - [DEBUG] -   GestorEstado: Actualizando 2 enemigos...
2025-05-19 17:12:19 - gestor_estado - [DEBUG] -   GestorEstado: Actualizando jugador...
2025-05-19 17:12:19 - gestor_estado - [DEBUG] -   GestorEstado: Actualizando 2 enemigos...
2025-05-19 17:12:19 - gestor_estado - [DEBUG] -   GestorEstado: Actualizando jugador...
2025-05-19 17:12:19 - gestor_estado - [DEBUG] -   GestorEstado: Actualizando 2 enemigos...
2025-05-19 17:12:19 - gestor_estado - [DEBUG] -   GestorEstado: Actualizando jugador...
2025-05-19 17:12:19 - gestor_estado - [DEBUG] -   GestorEstado: Actualizando 2 enemigos...
2025-05-19 17:12:19 - gestor_estado - [DEBUG] -   GestorEstado: Actualizando jugador...
2025-05-19 17:12:19 - gestor_estado - [DEBUG] -   GestorEstado: Actualizando 2 enemigos...
2025-05-19 17:12:19 - gestor_estado - [DEBUG] -   GestorEstado: Actualizando jugador...
2025-05-19 17:12:19 - gestor_estado - [DEBUG] -   GestorEstado: Actualizando 2 enemigos...
2025-05-19 17:12:19 - gestor_estado - [DEBUG] -   GestorEstado: Actualizando jugador...
2025-05-19 17:12:19 - gestor_estado - [DEBUG] -   GestorEstado: Actualizando 2 enemigos...
2025-05-19 17:12:19 - gestor_estado - [DEBUG] -   GestorEstado: Actualizando jugador...
2025-05-19 17:12:19 - gestor_estado - [DEBUG] -   GestorEstado: Actualizando 2 enemigos...
2025-05-19 17:12:19 - gestor_estado - [DEBUG] -   GestorEstado: Actualizando jugador...
2025-05-19 17:12:19 - gestor_estado - [DEBUG] -   GestorEstado: Actualizando 2 enemigos...
2025-05-19 17:12:19 - gestor_estado - [DEBUG] -   GestorEstado: Actualizando jugador...
2025-05-19 17:12:19 - gestor_estado - [DEBUG] -   GestorEstado: Actualizando 2 enemigos...
2025-05-19 17:12:19 - gestor_estado - [DEBUG] -   GestorEstado: Actualizando jugador...
2025-05-19 17:12:19 - gestor_estado - [DEBUG] -   GestorEstado: Actualizando 2 enemigos...
2025-05-19 17:12:19 - gestor_estado - [DEBUG] -   GestorEstado: Actualizando jugador...
2025-05-19 17:12:19 - gestor_estado - [DEBUG] -   GestorEstado: Actualizando 2 enemigos...
2025-05-19 17:12:19 - gestor_estado - [DEBUG] -   GestorEstado: Actualizando jugador...
2025-05-19 17:12:19 - gestor_estado - [DEBUG] -   GestorEstado: Actualizando 2 enemigos...
2025-05-19 17:12:19 - gestor_estado - [DEBUG] -   GestorEstado: Actualizando jugador...
2025-05-19 17:12:19 - gestor_estado - [DEBUG] -   GestorEstado: Actualizando 2 enemigos...
2025-05-19 17:12:19 - gestor_estado - [DEBUG] -   GestorEstado: Actualizando jugador...
2025-05-19 17:12:19 - gestor_estado - [DEBUG] -   GestorEstado: Actualizando 2 enemigos...
2025-05-19 17:12:20 - gestor_estado - [DEBUG] -   GestorEstado: Actualizando jugador...
2025-05-19 17:12:20 - gestor_estado - [DEBUG] -   GestorEstado: Actualizando 2 enemigos...
2025-05-19 17:12:20 - gestor_estado - [DEBUG] -   GestorEstado: Actualizando jugador...
2025-05-19 17:12:20 - gestor_estado - [DEBUG] -   GestorEstado: Actualizando 2 enemigos...
2025-05-19 17:12:20 - gestor_estado - [DEBUG] -   GestorEstado: Actualizando 2 enemigos...
2025-05-19 17:12:20 - gestor_estado - [DEBUG] -   GestorEstado: Actualizando jugador...
2025-05-19 17:12:20 - gestor_estado - [DEBUG] -   GestorEstado: Actualizando 2 enemigos...
2025-05-19 17:12:20 - gestor_estado - [DEBUG] -   GestorEstado: Actualizando jugador...
2025-05-19 17:12:20 - gestor_estado - [DEBUG] -   GestorEstado: Actualizando 2 enemigos...
2025-05-19 17:12:20 - gestor_estado - [DEBUG] -   GestorEstado: Actualizando jugador...
2025-05-19 17:12:20 - gestor_estado - [DEBUG] -   GestorEstado: Actualizando jugador...
2025-05-19 17:12:20 - gestor_estado - [DEBUG] -   GestorEstado: Actualizando 2 enemigos...
2025-05-19 17:12:20 - gestor_estado - [DEBUG] -   GestorEstado: Actualizando jugador...
2025-05-19 17:12:20 - gestor_estado - [DEBUG] -   GestorEstado: Actualizando 2 enemigos...
2025-05-19 17:12:20 - gestor_estado - [DEBUG] -   GestorEstado: Actualizando jugador...
2025-05-19 17:12:20 - gestor_estado - [DEBUG] -   GestorEstado: Actualizando 2 enemigos...
2025-05-19 17:12:20 - gestor_estado - [DEBUG] -   GestorEstado: Actualizando jugador...
2025-05-19 17:12:20 - gestor_estado - [DEBUG] -   GestorEstado: Actualizando 2 enemigos...
2025-05-19 17:12:20 - gestor_estado - [DEBUG] -   GestorEstado: Actualizando 2 enemigos...
2025-05-19 17:12:20 - gestor_estado - [DEBUG] -   GestorEstado: Actualizando jugador...
2025-05-19 17:12:20 - gestor_estado - [DEBUG] -   GestorEstado: Actualizando 2 enemigos...
2025-05-19 17:12:20 - gestor_estado - [DEBUG] -   GestorEstado: Actualizando jugador...
2025-05-19 17:12:20 - gestor_estado - [DEBUG] -   GestorEstado: Actualizando 2 enemigos...
2025-05-19 17:12:20 - gestor_estado - [DEBUG] -   GestorEstado: Actualizando jugador...
2025-05-19 17:12:20 - gestor_estado - [DEBUG] -   GestorEstado: Actualizando 2 enemigos...
2025-05-19 17:12:20 - gestor_estado - [DEBUG] -   GestorEstado: Actualizando jugador...
2025-05-19 17:12:20 - gestor_estado - [DEBUG] -   GestorEstado: Actualizando 2 enemigos...
2025-05-19 17:12:20 - gestor_estado - [DEBUG] -   GestorEstado: Actualizando jugador...
2025-05-19 17:12:20 - gestor_estado - [DEBUG] -   GestorEstado: Actualizando 2 enemigos...
2025-05-19 17:12:20 - gestor_estado - [DEBUG] -   GestorEstado: Actualizando jugador...
2025-05-19 17:12:20 - gestor_estado - [DEBUG] -   GestorEstado: Actualizando 2 enemigos...
2025-05-19 17:12:20 - gestor_estado - [DEBUG] -   GestorEstado: Actualizando jugador...
2025-05-19 17:12:21 - gestor_estado - [DEBUG] -   GestorEstado: Actualizando 2 enemigos...
2025-05-19 17:12:21 - gestor_estado - [DEBUG] -   GestorEstado: Actualizando jugador...
2025-05-19 17:12:21 - gestor_estado - [DEBUG] -   GestorEstado: Actualizando 2 enemigos...
2025-05-19 17:12:21 - gestor_estado - [DEBUG] -   GestorEstado: Actualizando jugador...
2025-05-19 17:12:21 - gestor_estado - [DEBUG] -   GestorEstado: Actualizando 2 enemigos...
2025-05-19 17:12:21 - gestor_estado - [DEBUG] -   GestorEstado: Actualizando jugador...
2025-05-19 17:12:21 - gestor_estado - [DEBUG] -   GestorEstado: Actualizando 2 enemigos...
2025-05-19 17:12:21 - gestor_estado - [DEBUG] -   GestorEstado: Actualizando jugador...
2025-05-19 17:12:21 - gestor_estado - [DEBUG] -   GestorEstado: Actualizando 2 enemigos...
2025-05-19 17:12:21 - gestor_estado - [DEBUG] -   GestorEstado: Actualizando jugador...
2025-05-19 17:12:21 - gestor_estado - [DEBUG] -   GestorEstado: Actualizando 2 enemigos...
2025-05-19 17:12:21 - gestor_estado - [DEBUG] -   GestorEstado: Actualizando jugador...
2025-05-19 17:12:21 - gestor_estado - [DEBUG] -   GestorEstado: Actualizando 2 enemigos...
2025-05-19 17:12:21 - gestor_estado - [DEBUG] -   GestorEstado: Actualizando jugador...
2025-05-19 17:12:21 - gestor_estado - [DEBUG] -   GestorEstado: Actualizando 2 enemigos...
2025-05-19 17:12:21 - gestor_estado - [DEBUG] -   GestorEstado: Actualizando jugador...
2025-05-19 17:12:21 - gestor_estado - [DEBUG] -   GestorEstado: Actualizando 2 enemigos...
2025-05-19 17:12:21 - gestor_estado - [DEBUG] -   GestorEstado: Actualizando jugador...
2025-05-19 17:12:21 - gestor_estado - [DEBUG] -   GestorEstado: Actualizando 2 enemigos...
2025-05-19 17:12:21 - gestor_estado - [DEBUG] -   GestorEstado: Actualizando jugador...
2025-05-19 17:12:21 - gestor_estado - [DEBUG] -   GestorEstado: Actualizando 2 enemigos...
2025-05-19 17:12:21 - gestor_estado - [DEBUG] -   GestorEstado: Actualizando jugador...
2025-05-19 17:12:21 - gestor_estado - [DEBUG] -   GestorEstado: Actualizando 2 enemigos...
2025-05-19 17:12:21 - gestor_estado - [DEBUG] -   GestorEstado: Actualizando jugador...
2025-05-19 17:12:21 - gestor_estado - [DEBUG] -   GestorEstado: Actualizando 2 enemigos...
2025-05-19 17:12:21 - gestor_estado - [DEBUG] -   GestorEstado: Actualizando jugador...
2025-05-19 17:12:21 - gestor_estado - [DEBUG] -   GestorEstado: Jugador colisiona por contacto con: ['[Enemigo_2]']
2025-05-19 17:12:21 - gestor_estado - [DEBUG] -     GestorEstado: Jugador intentaría recibir 1 de daño por contacto de [Enemigo_2]. (DAÑO DESACTIVADO TEMPORALMENTE)
2025-05-19 17:12:21 - gestor_estado - [DEBUG] -   GestorEstado: Actualizando 2 enemigos...
2025-05-19 17:12:21 - gestor_estado - [DEBUG] -   GestorEstado: Actualizando jugador...
2025-05-19 17:12:21 - gestor_estado - [DEBUG] -   GestorEstado: Jugador colisiona por contacto con: ['[Enemigo_2]']
2025-05-19 17:12:21 - gestor_estado - [DEBUG] -     GestorEstado: Jugador intentaría recibir 1 de daño por contacto de [Enemigo_2]. (DAÑO DESACTIVADO TEMPORALMENTE)
2025-05-19 17:12:21 - gestor_estado - [DEBUG] -   GestorEstado: Actualizando 2 enemigos...
2025-05-19 17:12:21 - gestor_estado - [DEBUG] -   GestorEstado: Actualizando jugador...
2025-05-19 17:12:21 - gestor_estado - [DEBUG] -   GestorEstado: Jugador colisiona por contacto con: ['[Enemigo_2]']
2025-05-19 17:12:21 - gestor_estado - [DEBUG] -     GestorEstado: Jugador intentaría recibir 1 de daño por contacto de [Enemigo_2]. (DAÑO DESACTIVADO TEMPORALMENTE)
2025-05-19 17:12:21 - gestor_estado - [DEBUG] -   GestorEstado: Actualizando 2 enemigos...
2025-05-19 17:12:21 - gestor_estado - [DEBUG] -   GestorEstado: Actualizando jugador...
2025-05-19 17:12:22 - gestor_estado - [DEBUG] -   GestorEstado: Jugador colisiona por contacto con: ['[Enemigo_2]']
2025-05-19 17:12:22 - gestor_estado - [DEBUG] -     GestorEstado: Jugador intentaría recibir 1 de daño por contacto de [Enemigo_2]. (DAÑO DESACTIVADO TEMPORALMENTE)
2025-05-19 17:12:22 - gestor_estado - [DEBUG] -   GestorEstado: Actualizando 2 enemigos...
2025-05-19 17:12:22 - gestor_estado - [DEBUG] -   GestorEstado: Actualizando jugador...
2025-05-19 17:12:22 - gestor_estado - [DEBUG] -   GestorEstado: Jugador colisiona por contacto con: ['[Enemigo_1]', '[Enemigo_2]']
2025-05-19 17:12:22 - gestor_estado - [DEBUG] -     GestorEstado: Jugador intentaría recibir 1 de daño por contacto de [Enemigo_1]. (DAÑO DESACTIVADO TEMPORALMENTE)
2025-05-19 17:12:22 - gestor_estado - [DEBUG] -     GestorEstado: Jugador intentaría recibir 1 de daño por contacto de [Enemigo_2]. (DAÑO DESACTIVADO TEMPORALMENTE)
2025-05-19 17:12:22 - gestor_estado - [DEBUG] -   GestorEstado: Actualizando 2 enemigos...
2025-05-19 17:12:22 - gestor_estado - [DEBUG] -   GestorEstado: Actualizando jugador...
2025-05-19 17:12:22 - gestor_estado - [DEBUG] -   GestorEstado: Actualizando 2 enemigos...
2025-05-19 17:12:22 - gestor_estado - [DEBUG] -   GestorEstado: Actualizando jugador...
2025-05-19 17:12:22 - gestor_estado - [DEBUG] -   GestorEstado: Actualizando 2 enemigos...
2025-05-19 17:12:22 - gestor_estado - [DEBUG] -   GestorEstado: Actualizando jugador...
2025-05-19 17:12:22 - gestor_estado - [DEBUG] -   GestorEstado: Actualizando jugador...
2025-05-19 17:12:22 - gestor_estado - [DEBUG] -   GestorEstado: Jugador colisiona por contacto con: ['[Enemigo_2]']
2025-05-19 17:12:22 - gestor_estado - [DEBUG] -     GestorEstado: Jugador intentaría recibir 1 de daño por contacto de [Enemigo_2]. (DAÑO DESACTIVADO TEMPORALMENTE)
2025-05-19 17:12:22 - gestor_estado - [DEBUG] -   GestorEstado: Actualizando 2 enemigos...
2025-05-19 17:12:22 - gestor_estado - [DEBUG] -   GestorEstado: Actualizando 2 enemigos...
2025-05-19 17:12:22 - gestor_estado - [DEBUG] -   GestorEstado: Actualizando jugador...
2025-05-19 17:12:22 - gestor_estado - [DEBUG] -   GestorEstado: Jugador colisiona por contacto con: ['[Enemigo_2]']
2025-05-19 17:12:22 - gestor_estado - [DEBUG] -     GestorEstado: Jugador intentaría recibir 1 de daño por contacto de [Enemigo_2]. (DAÑO DESACTIVADO TEMPORALMENTE)
2025-05-19 17:12:22 - gestor_estado - [DEBUG] -   GestorEstado: Jugador colisiona por contacto con: ['[Enemigo_1]', '[Enemigo_2]']
2025-05-19 17:12:22 - gestor_estado - [DEBUG] -     GestorEstado: Jugador intentaría recibir 1 de daño por contacto de [Enemigo_1]. (DAÑO DESACTIVADO TEMPORALMENTE)
2025-05-19 17:12:22 - gestor_estado - [DEBUG] -   GestorEstado: Actualizando 2 enemigos...
2025-05-19 17:12:22 - gestor_estado - [DEBUG] -   GestorEstado: Actualizando jugador...
2025-05-19 17:12:22 - gestor_estado - [DEBUG] -     GestorEstado: Jugador intentaría recibir 1 de daño por contacto de [Enemigo_2]. (DAÑO DESACTIVADO TEMPORALMENTE)
2025-05-19 17:12:22 - gestor_estado - [DEBUG] -   GestorEstado: Jugador colisiona por contacto con: ['[Enemigo_1]', '[Enemigo_2]']
2025-05-19 17:12:22 - gestor_estado - [DEBUG] -     GestorEstado: Jugador intentaría recibir 1 de daño por contacto de [Enemigo_1]. (DAÑO DESACTIVADO TEMPORALMENTE)
2025-05-19 17:12:22 - gestor_estado - [DEBUG] -   GestorEstado: Actualizando 2 enemigos...
2025-05-19 17:12:22 - gestor_estado - [DEBUG] -   GestorEstado: Actualizando jugador...
2025-05-19 17:12:22 - gestor_estado - [DEBUG] -     GestorEstado: Jugador intentaría recibir 1 de daño por contacto de [Enemigo_2]. (DAÑO DESACTIVADO TEMPORALMENTE)
2025-05-19 17:12:22 - gestor_estado - [DEBUG] -   GestorEstado: Jugador colisiona por contacto con: ['[Enemigo_1]', '[Enemigo_2]']
2025-05-19 17:12:22 - gestor_estado - [DEBUG] -     GestorEstado: Jugador intentaría recibir 1 de daño por contacto de [Enemigo_1]. (DAÑO DESACTIVADO TEMPORALMENTE)
2025-05-19 17:12:22 - gestor_estado - [DEBUG] -   GestorEstado: Actualizando 2 enemigos...
2025-05-19 17:12:22 - gestor_estado - [DEBUG] -   GestorEstado: Actualizando jugador...
2025-05-19 17:12:22 - gestor_estado - [DEBUG] -     GestorEstado: Jugador intentaría recibir 1 de daño por contacto de [Enemigo_2]. (DAÑO DESACTIVADO TEMPORALMENTE)
2025-05-19 17:12:22 - gestor_estado - [DEBUG] -   GestorEstado: Jugador colisiona por contacto con: ['[Enemigo_1]', '[Enemigo_2]']
2025-05-19 17:12:22 - gestor_estado - [DEBUG] -     GestorEstado: Jugador intentaría recibir 1 de daño por contacto de [Enemigo_1]. (DAÑO DESACTIVADO TEMPORALMENTE)
2025-05-19 17:12:22 - gestor_estado - [DEBUG] -   GestorEstado: Actualizando 2 enemigos...
2025-05-19 17:12:22 - gestor_estado - [DEBUG] -   GestorEstado: Actualizando jugador...
2025-05-19 17:12:22 - gestor_estado - [DEBUG] -     GestorEstado: Jugador intentaría recibir 1 de daño por contacto de [Enemigo_2]. (DAÑO DESACTIVADO TEMPORALMENTE)
2025-05-19 17:12:22 - gestor_estado - [DEBUG] -   GestorEstado: Jugador colisiona por contacto con: ['[Enemigo_1]', '[Enemigo_2]']
2025-05-19 17:12:22 - gestor_estado - [DEBUG] -     GestorEstado: Jugador intentaría recibir 1 de daño por contacto de [Enemigo_1]. (DAÑO DESACTIVADO TEMPORALMENTE)
2025-05-19 17:12:22 - gestor_estado - [DEBUG] -   GestorEstado: Actualizando 2 enemigos...
2025-05-19 17:12:22 - gestor_estado - [DEBUG] -   GestorEstado: Actualizando jugador...
2025-05-19 17:12:22 - gestor_estado - [DEBUG] -     GestorEstado: Jugador intentaría recibir 1 de daño por contacto de [Enemigo_2]. (DAÑO DESACTIVADO TEMPORALMENTE)
2025-05-19 17:12:22 - gestor_estado - [DEBUG] -   GestorEstado: Jugador colisiona por contacto con: ['[Enemigo_1]', '[Enemigo_2]']
2025-05-19 17:12:22 - gestor_estado - [DEBUG] -     GestorEstado: Jugador intentaría recibir 1 de daño por contacto de [Enemigo_1]. (DAÑO DESACTIVADO TEMPORALMENTE)
2025-05-19 17:12:22 - gestor_estado - [DEBUG] -   GestorEstado: Actualizando 2 enemigos...
2025-05-19 17:12:22 - gestor_estado - [DEBUG] -   GestorEstado: Actualizando jugador...
2025-05-19 17:12:22 - gestor_estado - [DEBUG] -     GestorEstado: Jugador intentaría recibir 1 de daño por contacto de [Enemigo_2]. (DAÑO DESACTIVADO TEMPORALMENTE)
2025-05-19 17:12:22 - gestor_estado - [DEBUG] -   GestorEstado: Jugador colisiona por contacto con: ['[Enemigo_1]', '[Enemigo_2]']
2025-05-19 17:12:22 - gestor_estado - [DEBUG] -     GestorEstado: Jugador intentaría recibir 1 de daño por contacto de [Enemigo_1]. (DAÑO DESACTIVADO TEMPORALMENTE)
2025-05-19 17:12:22 - gestor_estado - [DEBUG] -   GestorEstado: Actualizando 2 enemigos...
2025-05-19 17:12:22 - gestor_estado - [DEBUG] -   GestorEstado: Actualizando jugador...
2025-05-19 17:12:22 - gestor_estado - [DEBUG] -     GestorEstado: Jugador intentaría recibir 1 de daño por contacto de [Enemigo_2]. (DAÑO DESACTIVADO TEMPORALMENTE)
2025-05-19 17:12:22 - gestor_estado - [DEBUG] -   GestorEstado: Jugador colisiona por contacto con: ['[Enemigo_1]', '[Enemigo_2]']
2025-05-19 17:12:22 - gestor_estado - [DEBUG] -     GestorEstado: Jugador intentaría recibir 1 de daño por contacto de [Enemigo_1]. (DAÑO DESACTIVADO TEMPORALMENTE)
2025-05-19 17:12:22 - gestor_estado - [DEBUG] -   GestorEstado: Actualizando 2 enemigos...
2025-05-19 17:12:22 - gestor_estado - [DEBUG] -   GestorEstado: Actualizando jugador...
2025-05-19 17:12:22 - gestor_estado - [DEBUG] -   GestorEstado: Jugador colisiona por contacto con: ['[Enemigo_1]', '[Enemigo_2]']
2025-05-19 17:12:22 - gestor_estado - [DEBUG] -     GestorEstado: Jugador intentaría recibir 1 de daño por contacto de [Enemigo_1]. (DAÑO DESACTIVADO TEMPORALMENTE)
2025-05-19 17:12:22 - gestor_estado - [DEBUG] -     GestorEstado: Jugador intentaría recibir 1 de daño por contacto de [Enemigo_2]. (DAÑO DESACTIVADO TEMPORALMENTE)
2025-05-19 17:12:22 - gestor_estado - [DEBUG] -   GestorEstado: Actualizando 2 enemigos...
2025-05-19 17:12:22 - gestor_estado - [DEBUG] -   GestorEstado: Actualizando jugador...
2025-05-19 17:12:22 - gestor_estado - [DEBUG] -   GestorEstado: Jugador colisiona por contacto con: ['[Enemigo_1]', '[Enemigo_2]']
2025-05-19 17:12:22 - gestor_estado - [DEBUG] -     GestorEstado: Jugador intentaría recibir 1 de daño por contacto de [Enemigo_1]. (DAÑO DESACTIVADO TEMPORALMENTE)
2025-05-19 17:12:22 - gestor_estado - [DEBUG] -     GestorEstado: Jugador intentaría recibir 1 de daño por contacto de [Enemigo_2]. (DAÑO DESACTIVADO TEMPORALMENTE)
2025-05-19 17:12:22 - gestor_estado - [DEBUG] -   GestorEstado: Actualizando 2 enemigos...
2025-05-19 17:12:22 - gestor_estado - [DEBUG] -   GestorEstado: Actualizando jugador...
2025-05-19 17:12:22 - gestor_estado - [DEBUG] -   GestorEstado: Jugador colisiona por contacto con: ['[Enemigo_1]', '[Enemigo_2]']
2025-05-19 17:12:22 - gestor_estado - [DEBUG] -     GestorEstado: Jugador intentaría recibir 1 de daño por contacto de [Enemigo_1]. (DAÑO DESACTIVADO TEMPORALMENTE)
2025-05-19 17:12:22 - gestor_estado - [DEBUG] -     GestorEstado: Jugador intentaría recibir 1 de daño por contacto de [Enemigo_2]. (DAÑO DESACTIVADO TEMPORALMENTE)
2025-05-19 17:12:23 - gestor_estado - [DEBUG] -   GestorEstado: Actualizando 2 enemigos...
2025-05-19 17:12:23 - gestor_estado - [DEBUG] -   GestorEstado: Actualizando jugador...
2025-05-19 17:12:23 - gestor_estado - [DEBUG] -   GestorEstado: Jugador colisiona por contacto con: ['[Enemigo_1]', '[Enemigo_2]']
2025-05-19 17:12:23 - gestor_estado - [DEBUG] -     GestorEstado: Jugador intentaría recibir 1 de daño por contacto de [Enemigo_1]. (DAÑO DESACTIVADO TEMPORALMENTE)
2025-05-19 17:12:23 - gestor_estado - [DEBUG] -     GestorEstado: Jugador intentaría recibir 1 de daño por contacto de [Enemigo_2]. (DAÑO DESACTIVADO TEMPORALMENTE)
2025-05-19 17:12:23 - gestor_estado - [DEBUG] -   GestorEstado: Actualizando 2 enemigos...
2025-05-19 17:12:23 - gestor_estado - [DEBUG] -   GestorEstado: Actualizando jugador...
2025-05-19 17:12:23 - gestor_estado - [DEBUG] -   GestorEstado: Jugador colisiona por contacto con: ['[Enemigo_1]', '[Enemigo_2]']
2025-05-19 17:12:23 - gestor_estado - [DEBUG] -     GestorEstado: Jugador intentaría recibir 1 de daño por contacto de [Enemigo_1]. (DAÑO DESACTIVADO TEMPORALMENTE)
2025-05-19 17:12:23 - gestor_estado - [DEBUG] -     GestorEstado: Jugador intentaría recibir 1 de daño por contacto de [Enemigo_2]. (DAÑO DESACTIVADO TEMPORALMENTE)
2025-05-19 17:12:23 - gestor_estado - [DEBUG] -   GestorEstado: Actualizando 2 enemigos...
2025-05-19 17:12:23 - gestor_estado - [DEBUG] -   GestorEstado: Actualizando jugador...
2025-05-19 17:12:23 - gestor_estado - [DEBUG] -   GestorEstado: Jugador colisiona por contacto con: ['[Enemigo_1]', '[Enemigo_2]']
2025-05-19 17:12:23 - gestor_estado - [DEBUG] -     GestorEstado: Jugador intentaría recibir 1 de daño por contacto de [Enemigo_1]. (DAÑO DESACTIVADO TEMPORALMENTE)
2025-05-19 17:12:23 - gestor_estado - [DEBUG] -     GestorEstado: Jugador intentaría recibir 1 de daño por contacto de [Enemigo_2]. (DAÑO DESACTIVADO TEMPORALMENTE)
2025-05-19 17:12:23 - gestor_estado - [DEBUG] -   GestorEstado: Actualizando 2 enemigos...
2025-05-19 17:12:23 - gestor_estado - [DEBUG] -   GestorEstado: Actualizando jugador...
2025-05-19 17:12:23 - gestor_estado - [DEBUG] -   GestorEstado: Jugador colisiona por contacto con: ['[Enemigo_1]', '[Enemigo_2]']
2025-05-19 17:12:23 - gestor_estado - [DEBUG] -     GestorEstado: Jugador intentaría recibir 1 de daño por contacto de [Enemigo_1]. (DAÑO DESACTIVADO TEMPORALMENTE)
2025-05-19 17:12:23 - gestor_estado - [DEBUG] -     GestorEstado: Jugador intentaría recibir 1 de daño por contacto de [Enemigo_2]. (DAÑO DESACTIVADO TEMPORALMENTE)
2025-05-19 17:12:23 - gestor_estado - [DEBUG] -   GestorEstado: Actualizando 2 enemigos...
2025-05-19 17:12:23 - gestor_estado - [DEBUG] -   GestorEstado: Actualizando jugador...
2025-05-19 17:12:23 - gestor_estado - [DEBUG] -   GestorEstado: Jugador colisiona por contacto con: ['[Enemigo_1]', '[Enemigo_2]']
2025-05-19 17:12:23 - gestor_estado - [DEBUG] -     GestorEstado: Jugador intentaría recibir 1 de daño por contacto de [Enemigo_1]. (DAÑO DESACTIVADO TEMPORALMENTE)
2025-05-19 17:12:23 - gestor_estado - [DEBUG] -     GestorEstado: Jugador intentaría recibir 1 de daño por contacto de [Enemigo_2]. (DAÑO DESACTIVADO TEMPORALMENTE)
2025-05-19 17:12:23 - gestor_estado - [DEBUG] -   GestorEstado: Actualizando 2 enemigos...
2025-05-19 17:12:23 - gestor_estado - [DEBUG] -   GestorEstado: Actualizando jugador...
2025-05-19 17:12:23 - gestor_estado - [DEBUG] -   GestorEstado: Jugador colisiona por contacto con: ['[Enemigo_1]', '[Enemigo_2]']
2025-05-19 17:12:23 - gestor_estado - [DEBUG] -     GestorEstado: Jugador intentaría recibir 1 de daño por contacto de [Enemigo_1]. (DAÑO DESACTIVADO TEMPORALMENTE)
2025-05-19 17:12:23 - gestor_estado - [DEBUG] -     GestorEstado: Jugador intentaría recibir 1 de daño por contacto de [Enemigo_2]. (DAÑO DESACTIVADO TEMPORALMENTE)
2025-05-19 17:12:23 - gestor_estado - [DEBUG] -   GestorEstado: Actualizando 2 enemigos...
2025-05-19 17:12:23 - gestor_estado - [DEBUG] -   GestorEstado: Actualizando jugador...
2025-05-19 17:12:23 - gestor_estado - [DEBUG] -   GestorEstado: Jugador colisiona por contacto con: ['[Enemigo_1]', '[Enemigo_2]']
2025-05-19 17:12:23 - gestor_estado - [DEBUG] -     GestorEstado: Jugador intentaría recibir 1 de daño por contacto de [Enemigo_1]. (DAÑO DESACTIVADO TEMPORALMENTE)
2025-05-19 17:12:23 - gestor_estado - [DEBUG] -     GestorEstado: Jugador intentaría recibir 1 de daño por contacto de [Enemigo_2]. (DAÑO DESACTIVADO TEMPORALMENTE)
2025-05-19 17:12:23 - gestor_estado - [DEBUG] -   GestorEstado: Actualizando 2 enemigos...
2025-05-19 17:12:23 - gestor_estado - [DEBUG] -   GestorEstado: Actualizando jugador...
2025-05-19 17:12:23 - gestor_estado - [DEBUG] -   GestorEstado: Jugador colisiona por contacto con: ['[Enemigo_1]', '[Enemigo_2]']
2025-05-19 17:12:23 - gestor_estado - [DEBUG] -     GestorEstado: Jugador intentaría recibir 1 de daño por contacto de [Enemigo_1]. (DAÑO DESACTIVADO TEMPORALMENTE)
2025-05-19 17:12:23 - gestor_estado - [DEBUG] -     GestorEstado: Jugador intentaría recibir 1 de daño por contacto de [Enemigo_2]. (DAÑO DESACTIVADO TEMPORALMENTE)
2025-05-19 17:12:23 - gestor_estado - [DEBUG] -   GestorEstado: Actualizando 2 enemigos...
2025-05-19 17:12:23 - gestor_estado - [DEBUG] -   GestorEstado: Actualizando jugador...
2025-05-19 17:12:23 - gestor_estado - [DEBUG] -   GestorEstado: Jugador colisiona por contacto con: ['[Enemigo_1]', '[Enemigo_2]']
2025-05-19 17:12:23 - gestor_estado - [DEBUG] -     GestorEstado: Jugador intentaría recibir 1 de daño por contacto de [Enemigo_1]. (DAÑO DESACTIVADO TEMPORALMENTE)
2025-05-19 17:12:23 - gestor_estado - [DEBUG] -     GestorEstado: Jugador intentaría recibir 1 de daño por contacto de [Enemigo_2]. (DAÑO DESACTIVADO TEMPORALMENTE)
2025-05-19 17:12:23 - gestor_estado - [DEBUG] -   GestorEstado: Actualizando 2 enemigos...
2025-05-19 17:12:23 - gestor_estado - [DEBUG] -   GestorEstado: Actualizando jugador...
2025-05-19 17:12:23 - gestor_estado - [DEBUG] -   GestorEstado: Jugador colisiona por contacto con: ['[Enemigo_1]', '[Enemigo_2]']
2025-05-19 17:12:23 - gestor_estado - [DEBUG] -     GestorEstado: Jugador intentaría recibir 1 de daño por contacto de [Enemigo_1]. (DAÑO DESACTIVADO TEMPORALMENTE)
2025-05-19 17:12:23 - gestor_estado - [DEBUG] -     GestorEstado: Jugador intentaría recibir 1 de daño por contacto de [Enemigo_2]. (DAÑO DESACTIVADO TEMPORALMENTE)
2025-05-19 17:12:23 - gestor_estado - [DEBUG] -   GestorEstado: Actualizando 2 enemigos...
2025-05-19 17:12:23 - gestor_estado - [DEBUG] -   GestorEstado: Actualizando jugador...
2025-05-19 17:12:23 - gestor_estado - [DEBUG] -   GestorEstado: Jugador colisiona por contacto con: ['[Enemigo_1]', '[Enemigo_2]']
2025-05-19 17:12:23 - gestor_estado - [DEBUG] -     GestorEstado: Jugador intentaría recibir 1 de daño por contacto de [Enemigo_1]. (DAÑO DESACTIVADO TEMPORALMENTE)
2025-05-19 17:12:23 - gestor_estado - [DEBUG] -     GestorEstado: Jugador intentaría recibir 1 de daño por contacto de [Enemigo_2]. (DAÑO DESACTIVADO TEMPORALMENTE)
2025-05-19 17:12:23 - gestor_estado - [DEBUG] -   GestorEstado: Actualizando 2 enemigos...
2025-05-19 17:12:23 - gestor_estado - [DEBUG] -   GestorEstado: Actualizando jugador...
2025-05-19 17:12:23 - gestor_estado - [DEBUG] -   GestorEstado: Jugador colisiona por contacto con: ['[Enemigo_1]', '[Enemigo_2]']
2025-05-19 17:12:23 - gestor_estado - [DEBUG] -     GestorEstado: Jugador intentaría recibir 1 de daño por contacto de [Enemigo_1]. (DAÑO DESACTIVADO TEMPORALMENTE)
2025-05-19 17:12:23 - gestor_estado - [DEBUG] -     GestorEstado: Jugador intentaría recibir 1 de daño por contacto de [Enemigo_2]. (DAÑO DESACTIVADO TEMPORALMENTE)
2025-05-19 17:12:23 - gestor_estado - [DEBUG] -   GestorEstado: Actualizando 2 enemigos...
2025-05-19 17:12:23 - gestor_estado - [DEBUG] -   GestorEstado: Actualizando jugador...
2025-05-19 17:12:23 - gestor_estado - [DEBUG] -   GestorEstado: Jugador colisiona por contacto con: ['[Enemigo_1]', '[Enemigo_2]']
2025-05-19 17:12:23 - gestor_estado - [DEBUG] -     GestorEstado: Jugador intentaría recibir 1 de daño por contacto de [Enemigo_1]. (DAÑO DESACTIVADO TEMPORALMENTE)
2025-05-19 17:12:23 - gestor_estado - [DEBUG] -     GestorEstado: Jugador intentaría recibir 1 de daño por contacto de [Enemigo_2]. (DAÑO DESACTIVADO TEMPORALMENTE)
2025-05-19 17:12:23 - gestor_estado - [DEBUG] -   GestorEstado: Actualizando 2 enemigos...
2025-05-19 17:12:23 - gestor_estado - [DEBUG] -   GestorEstado: Actualizando jugador...
2025-05-19 17:12:23 - gestor_estado - [DEBUG] -   GestorEstado: Jugador colisiona por contacto con: ['[Enemigo_1]', '[Enemigo_2]']
2025-05-19 17:12:23 - gestor_estado - [DEBUG] -     GestorEstado: Jugador intentaría recibir 1 de daño por contacto de [Enemigo_1]. (DAÑO DESACTIVADO TEMPORALMENTE)
2025-05-19 17:12:23 - gestor_estado - [DEBUG] -     GestorEstado: Jugador intentaría recibir 1 de daño por contacto de [Enemigo_2]. (DAÑO DESACTIVADO TEMPORALMENTE)
2025-05-19 17:12:23 - gestor_estado - [DEBUG] -   GestorEstado: Actualizando 2 enemigos...
2025-05-19 17:12:23 - gestor_estado - [DEBUG] -   GestorEstado: Actualizando jugador...
2025-05-19 17:12:23 - gestor_estado - [DEBUG] -   GestorEstado: Jugador colisiona por contacto con: ['[Enemigo_1]', '[Enemigo_2]']
2025-05-19 17:12:23 - gestor_estado - [DEBUG] -     GestorEstado: Jugador intentaría recibir 1 de daño por contacto de [Enemigo_1]. (DAÑO DESACTIVADO TEMPORALMENTE)
2025-05-19 17:12:23 - gestor_estado - [DEBUG] -     GestorEstado: Jugador intentaría recibir 1 de daño por contacto de [Enemigo_2]. (DAÑO DESACTIVADO TEMPORALMENTE)
2025-05-19 17:12:23 - gestor_estado - [DEBUG] -   GestorEstado: Actualizando 2 enemigos...
2025-05-19 17:12:23 - gestor_estado - [DEBUG] -   GestorEstado: Actualizando jugador...
2025-05-19 17:12:23 - gestor_estado - [DEBUG] -   GestorEstado: Jugador colisiona por contacto con: ['[Enemigo_1]', '[Enemigo_2]']
2025-05-19 17:12:23 - gestor_estado - [DEBUG] -     GestorEstado: Jugador intentaría recibir 1 de daño por contacto de [Enemigo_1]. (DAÑO DESACTIVADO TEMPORALMENTE)
2025-05-19 17:12:23 - gestor_estado - [DEBUG] -     GestorEstado: Jugador intentaría recibir 1 de daño por contacto de [Enemigo_2]. (DAÑO DESACTIVADO TEMPORALMENTE)
2025-05-19 17:12:24 - gestor_estado - [DEBUG] -   GestorEstado: Jugador colisiona por contacto con: ['[Enemigo_1]', '[Enemigo_2]']
2025-05-19 17:12:24 - gestor_estado - [DEBUG] -     GestorEstado: Jugador intentaría recibir 1 de daño por contacto de [Enemigo_1]. (DAÑO DESACTIVADO TEMPORALMENTE)
2025-05-19 17:12:24 - gestor_estado - [DEBUG] -     GestorEstado: Jugador intentaría recibir 1 de daño por contacto de [Enemigo_2]. (DAÑO DESACTIVADO TEMPORALMENTE)
2025-05-19 17:12:24 - gestor_estado - [DEBUG] -   GestorEstado: Actualizando 2 enemigos...
2025-05-19 17:12:24 - gestor_estado - [DEBUG] -   GestorEstado: Actualizando jugador...
2025-05-19 17:12:24 - gestor_estado - [DEBUG] -   GestorEstado: Actualizando 2 enemigos...
2025-05-19 17:12:24 - gestor_estado - [DEBUG] -   GestorEstado: Actualizando jugador...
2025-05-19 17:12:24 - gestor_estado - [DEBUG] -   GestorEstado: Jugador colisiona por contacto con: ['[Enemigo_1]', '[Enemigo_2]']
2025-05-19 17:12:24 - gestor_estado - [DEBUG] -     GestorEstado: Jugador intentaría recibir 1 de daño por contacto de [Enemigo_1]. (DAÑO DESACTIVADO TEMPORALMENTE)
2025-05-19 17:12:24 - gestor_estado - [DEBUG] -     GestorEstado: Jugador intentaría recibir 1 de daño por contacto de [Enemigo_2]. (DAÑO DESACTIVADO TEMPORALMENTE)
2025-05-19 17:12:24 - gestor_estado - [DEBUG] -   GestorEstado: Actualizando 2 enemigos...
2025-05-19 17:12:24 - gestor_estado - [DEBUG] -   GestorEstado: Actualizando jugador...
2025-05-19 17:12:24 - gestor_estado - [DEBUG] -   GestorEstado: Jugador colisiona por contacto con: ['[Enemigo_1]', '[Enemigo_2]']
2025-05-19 17:12:24 - gestor_estado - [DEBUG] -     GestorEstado: Jugador intentaría recibir 1 de daño por contacto de [Enemigo_1]. (DAÑO DESACTIVADO TEMPORALMENTE)
2025-05-19 17:12:24 - gestor_estado - [DEBUG] -     GestorEstado: Jugador intentaría recibir 1 de daño por contacto de [Enemigo_2]. (DAÑO DESACTIVADO TEMPORALMENTE)
2025-05-19 17:12:24 - gestor_estado - [DEBUG] -   GestorEstado: Actualizando 2 enemigos...
2025-05-19 17:12:24 - gestor_estado - [DEBUG] -   GestorEstado: Actualizando jugador...
2025-05-19 17:12:24 - gestor_estado - [DEBUG] -   GestorEstado: Jugador colisiona por contacto con: ['[Enemigo_1]', '[Enemigo_2]']
2025-05-19 17:12:24 - gestor_estado - [DEBUG] -     GestorEstado: Jugador intentaría recibir 1 de daño por contacto de [Enemigo_1]. (DAÑO DESACTIVADO TEMPORALMENTE)
2025-05-19 17:12:24 - gestor_estado - [DEBUG] -     GestorEstado: Jugador intentaría recibir 1 de daño por contacto de [Enemigo_2]. (DAÑO DESACTIVADO TEMPORALMENTE)
2025-05-19 17:12:24 - gestor_estado - [DEBUG] -   GestorEstado: Actualizando 2 enemigos...
2025-05-19 17:12:24 - gestor_estado - [DEBUG] -   GestorEstado: Actualizando jugador...
2025-05-19 17:12:24 - gestor_estado - [DEBUG] -   GestorEstado: Jugador colisiona por contacto con: ['[Enemigo_1]', '[Enemigo_2]']
2025-05-19 17:12:24 - gestor_estado - [DEBUG] -     GestorEstado: Jugador intentaría recibir 1 de daño por contacto de [Enemigo_1]. (DAÑO DESACTIVADO TEMPORALMENTE)
2025-05-19 17:12:24 - gestor_estado - [DEBUG] -     GestorEstado: Jugador intentaría recibir 1 de daño por contacto de [Enemigo_2]. (DAÑO DESACTIVADO TEMPORALMENTE)
2025-05-19 17:12:24 - gestor_estado - [DEBUG] -   GestorEstado: Actualizando 2 enemigos...
2025-05-19 17:12:24 - gestor_estado - [DEBUG] -   GestorEstado: Actualizando jugador...
2025-05-19 17:12:24 - gestor_estado - [DEBUG] -   GestorEstado: Jugador colisiona por contacto con: ['[Enemigo_1]', '[Enemigo_2]']
2025-05-19 17:12:24 - gestor_estado - [DEBUG] -     GestorEstado: Jugador intentaría recibir 1 de daño por contacto de [Enemigo_1]. (DAÑO DESACTIVADO TEMPORALMENTE)
2025-05-19 17:12:24 - gestor_estado - [DEBUG] -     GestorEstado: Jugador intentaría recibir 1 de daño por contacto de [Enemigo_2]. (DAÑO DESACTIVADO TEMPORALMENTE)
2025-05-19 17:12:24 - gestor_estado - [DEBUG] -   GestorEstado: Actualizando 2 enemigos...
2025-05-19 17:12:24 - gestor_estado - [DEBUG] -   GestorEstado: Actualizando jugador...
2025-05-19 17:12:24 - gestor_estado - [DEBUG] -   GestorEstado: Jugador colisiona por contacto con: ['[Enemigo_1]', '[Enemigo_2]']
2025-05-19 17:12:24 - gestor_estado - [DEBUG] -     GestorEstado: Jugador intentaría recibir 1 de daño por contacto de [Enemigo_1]. (DAÑO DESACTIVADO TEMPORALMENTE)
2025-05-19 17:12:24 - gestor_estado - [DEBUG] -     GestorEstado: Jugador intentaría recibir 1 de daño por contacto de [Enemigo_2]. (DAÑO DESACTIVADO TEMPORALMENTE)
2025-05-19 17:12:24 - gestor_estado - [DEBUG] -   GestorEstado: Actualizando 2 enemigos...
2025-05-19 17:12:24 - gestor_estado - [DEBUG] -   GestorEstado: Actualizando jugador...
2025-05-19 17:12:24 - gestor_estado - [DEBUG] -   GestorEstado: Jugador colisiona por contacto con: ['[Enemigo_1]', '[Enemigo_2]']
2025-05-19 17:12:24 - gestor_estado - [DEBUG] -     GestorEstado: Jugador intentaría recibir 1 de daño por contacto de [Enemigo_1]. (DAÑO DESACTIVADO TEMPORALMENTE)
2025-05-19 17:12:24 - gestor_estado - [DEBUG] -     GestorEstado: Jugador intentaría recibir 1 de daño por contacto de [Enemigo_2]. (DAÑO DESACTIVADO TEMPORALMENTE)
2025-05-19 17:12:24 - gestor_estado - [DEBUG] -   GestorEstado: Actualizando 2 enemigos...
2025-05-19 17:12:24 - gestor_estado - [DEBUG] -   GestorEstado: Actualizando jugador...
2025-05-19 17:12:24 - gestor_estado - [DEBUG] -   GestorEstado: Jugador colisiona por contacto con: ['[Enemigo_1]', '[Enemigo_2]']
2025-05-19 17:12:24 - gestor_estado - [DEBUG] -     GestorEstado: Jugador intentaría recibir 1 de daño por contacto de [Enemigo_1]. (DAÑO DESACTIVADO TEMPORALMENTE)
2025-05-19 17:12:24 - gestor_estado - [DEBUG] -     GestorEstado: Jugador intentaría recibir 1 de daño por contacto de [Enemigo_2]. (DAÑO DESACTIVADO TEMPORALMENTE)
2025-05-19 17:12:24 - gestor_estado - [DEBUG] -   GestorEstado: Actualizando 2 enemigos...
2025-05-19 17:12:24 - gestor_estado - [DEBUG] -   GestorEstado: Actualizando jugador...
2025-05-19 17:12:24 - gestor_estado - [DEBUG] -   GestorEstado: Jugador colisiona por contacto con: ['[Enemigo_1]', '[Enemigo_2]']
2025-05-19 17:12:24 - gestor_estado - [DEBUG] -     GestorEstado: Jugador intentaría recibir 1 de daño por contacto de [Enemigo_1]. (DAÑO DESACTIVADO TEMPORALMENTE)
2025-05-19 17:12:24 - gestor_estado - [DEBUG] -     GestorEstado: Jugador intentaría recibir 1 de daño por contacto de [Enemigo_2]. (DAÑO DESACTIVADO TEMPORALMENTE)
2025-05-19 17:12:24 - gestor_estado - [DEBUG] -   GestorEstado: Actualizando 2 enemigos...
2025-05-19 17:12:24 - gestor_estado - [DEBUG] -   GestorEstado: Actualizando jugador...
2025-05-19 17:12:24 - gestor_estado - [DEBUG] -   GestorEstado: Jugador colisiona por contacto con: ['[Enemigo_1]', '[Enemigo_2]']
2025-05-19 17:12:24 - gestor_estado - [DEBUG] -     GestorEstado: Jugador intentaría recibir 1 de daño por contacto de [Enemigo_1]. (DAÑO DESACTIVADO TEMPORALMENTE)
2025-05-19 17:12:24 - gestor_estado - [DEBUG] -     GestorEstado: Jugador intentaría recibir 1 de daño por contacto de [Enemigo_2]. (DAÑO DESACTIVADO TEMPORALMENTE)
2025-05-19 17:12:24 - gestor_estado - [DEBUG] -   GestorEstado: Actualizando 2 enemigos...
2025-05-19 17:12:24 - gestor_estado - [DEBUG] -   GestorEstado: Actualizando jugador...
2025-05-19 17:12:24 - gestor_estado - [DEBUG] -   GestorEstado: Jugador colisiona por contacto con: ['[Enemigo_1]', '[Enemigo_2]']
2025-05-19 17:12:24 - gestor_estado - [DEBUG] -     GestorEstado: Jugador intentaría recibir 1 de daño por contacto de [Enemigo_1]. (DAÑO DESACTIVADO TEMPORALMENTE)
2025-05-19 17:12:24 - gestor_estado - [DEBUG] -     GestorEstado: Jugador intentaría recibir 1 de daño por contacto de [Enemigo_2]. (DAÑO DESACTIVADO TEMPORALMENTE)
2025-05-19 17:12:24 - gestor_estado - [DEBUG] -   GestorEstado: Actualizando 2 enemigos...
2025-05-19 17:12:24 - gestor_estado - [DEBUG] -   GestorEstado: Actualizando jugador...
2025-05-19 17:12:24 - gestor_estado - [DEBUG] -   GestorEstado: Jugador colisiona por contacto con: ['[Enemigo_1]', '[Enemigo_2]']
2025-05-19 17:12:24 - gestor_estado - [DEBUG] -     GestorEstado: Jugador intentaría recibir 1 de daño por contacto de [Enemigo_1]. (DAÑO DESACTIVADO TEMPORALMENTE)
2025-05-19 17:12:24 - gestor_estado - [DEBUG] -     GestorEstado: Jugador intentaría recibir 1 de daño por contacto de [Enemigo_2]. (DAÑO DESACTIVADO TEMPORALMENTE)
