2025-05-19 17:12:13 - gestor_eventos - [DEBUG] - GestorEventos inicializado.
2025-05-19 17:12:13 - gestor_eventos - [DEBUG] - Procesando 11 eventos...
2025-05-19 17:12:13 - gestor_eventos - [DEBUG] - Evento: <Event(4352-AudioDeviceAdded {'which': 0, 'iscapture': 0})>
2025-05-19 17:12:13 - gestor_eventos - [DEBUG] - Evento: <Event(4352-AudioDeviceAdded {'which': 0, 'iscapture': 1})>
2025-05-19 17:12:13 - gestor_eventos - [DEBUG] - Evento: <Event(32774-WindowShown {'window': None})>
2025-05-19 17:12:13 - gestor_eventos - [DEBUG] - Evento: <Event(32768-ActiveEvent {'gain': 1, 'state': 2})>
2025-05-19 17:12:13 - gestor_eventos - [DEBUG] - Evento: <Event(32785-WindowFocusGained {'window': None})>
2025-05-19 17:12:13 - gestor_eventos - [DEBUG] - Evento: <Event(770-TextEditing {'text': '', 'start': 0, 'length': 0, 'window': None})>
2025-05-19 17:12:13 - gestor_eventos - [DEBUG] - Evento: <Event(32768-ActiveEvent {'gain': 1, 'state': 1})>
2025-05-19 17:12:13 - gestor_eventos - [DEBUG] - Evento: <Event(32783-WindowEnter {'window': None})>
2025-05-19 17:12:13 - gestor_eventos - [DEBUG] - Evento: <Event(1024-MouseMotion {'pos': (614, 541), 'rel': (0, 0), 'buttons': (0, 0, 0), 'touch': False, 'window': None})>
2025-05-19 17:12:13 - gestor_eventos - [DEBUG] - Evento: <Event(32770-VideoExpose {})>
2025-05-19 17:12:13 - gestor_eventos - [DEBUG] - Evento: <Event(32776-WindowExposed {'window': None})>
2025-05-19 17:12:13 - gestor_eventos - [DEBUG] - Procesando 0 eventos...
2025-05-19 17:12:13 - gestor_eventos - [DEBUG] - Procesando 0 eventos...
2025-05-19 17:12:13 - gestor_eventos - [DEBUG] - Procesando 0 eventos...
2025-05-19 17:12:13 - gestor_eventos - [DEBUG] - Procesando 0 eventos...
2025-05-19 17:12:14 - gestor_eventos - [DEBUG] - Procesando 0 eventos...
2025-05-19 17:12:14 - gestor_eventos - [DEBUG] - Procesando 0 eventos...
2025-05-19 17:12:14 - gestor_eventos - [DEBUG] - Procesando 0 eventos...
2025-05-19 17:12:14 - gestor_eventos - [DEBUG] - Procesando 0 eventos...
2025-05-19 17:12:14 - gestor_eventos - [DEBUG] - Procesando 0 eventos...
2025-05-19 17:12:14 - gestor_eventos - [DEBUG] - Procesando 0 eventos...
2025-05-19 17:12:14 - gestor_eventos - [DEBUG] - Procesando 0 eventos...
2025-05-19 17:12:14 - gestor_eventos - [DEBUG] - Procesando 0 eventos...
2025-05-19 17:12:14 - gestor_eventos - [DEBUG] - Procesando 0 eventos...
2025-05-19 17:12:14 - gestor_eventos - [DEBUG] - Procesando 0 eventos...
2025-05-19 17:12:14 - gestor_eventos - [DEBUG] - Procesando 0 eventos...
2025-05-19 17:12:14 - gestor_eventos - [DEBUG] - Procesando 0 eventos...
2025-05-19 17:12:14 - gestor_eventos - [DEBUG] - Procesando 0 eventos...
2025-05-19 17:12:14 - gestor_eventos - [DEBUG] - Procesando 0 eventos...
2025-05-19 17:12:14 - gestor_eventos - [DEBUG] - Procesando 0 eventos...
2025-05-19 17:12:14 - gestor_eventos - [DEBUG] - Procesando 0 eventos...
2025-05-19 17:12:15 - gestor_eventos - [DEBUG] - Procesando 0 eventos...
2025-05-19 17:12:15 - gestor_eventos - [DEBUG] - Procesando 0 eventos...
2025-05-19 17:12:15 - gestor_eventos - [DEBUG] - Procesando 0 eventos...
2025-05-19 17:12:15 - gestor_eventos - [DEBUG] - Procesando 0 eventos...
2025-05-19 17:12:15 - gestor_eventos - [DEBUG] - Procesando 2 eventos...
2025-05-19 17:12:15 - gestor_eventos - [DEBUG] - Evento: <Event(768-KeyDown {'unicode': 'd', 'key': 100, 'mod': 4096, 'scancode': 7, 'window': None})>
2025-05-19 17:12:15 - gestor_eventos - [DEBUG] - GestorEventos: KEYDOWN d (100)
2025-05-19 17:12:15 - gestor_eventos - [DEBUG] - Evento: <Event(771-TextInput {'text': 'd', 'window': None})>
2025-05-19 17:12:15 - gestor_eventos - [DEBUG] - Procesando 0 eventos...
2025-05-19 17:12:15 - gestor_eventos - [DEBUG] - Procesando 0 eventos...
2025-05-19 17:12:15 - gestor_eventos - [DEBUG] - Procesando 0 eventos...
2025-05-19 17:12:15 - gestor_eventos - [DEBUG] - Procesando 0 eventos...
2025-05-19 17:12:15 - gestor_eventos - [DEBUG] - Procesando 2 eventos...
2025-05-19 17:12:15 - gestor_eventos - [DEBUG] - Evento: <Event(768-KeyDown {'unicode': 'a', 'key': 97, 'mod': 4096, 'scancode': 4, 'window': None})>
2025-05-19 17:12:15 - gestor_eventos - [DEBUG] - GestorEventos: KEYDOWN a (97)
2025-05-19 17:12:15 - gestor_eventos - [DEBUG] - Evento: <Event(771-TextInput {'text': 'a', 'window': None})>
2025-05-19 17:12:15 - gestor_eventos - [DEBUG] - Procesando 0 eventos...
2025-05-19 17:12:15 - gestor_eventos - [DEBUG] - Procesando 1 eventos...
2025-05-19 17:12:15 - gestor_eventos - [DEBUG] - Evento: <Event(769-KeyUp {'unicode': 'd', 'key': 100, 'mod': 4096, 'scancode': 7, 'window': None})>
2025-05-19 17:12:15 - gestor_eventos - [DEBUG] - Procesando 0 eventos...
2025-05-19 17:12:15 - gestor_eventos - [DEBUG] - Procesando 0 eventos...
2025-05-19 17:12:15 - gestor_eventos - [DEBUG] - Procesando 2 eventos...
2025-05-19 17:12:15 - gestor_eventos - [DEBUG] - Evento: <Event(768-KeyDown {'unicode': 'd', 'key': 100, 'mod': 4096, 'scancode': 7, 'window': None})>
2025-05-19 17:12:15 - gestor_eventos - [DEBUG] - GestorEventos: KEYDOWN d (100)
2025-05-19 17:12:15 - gestor_eventos - [DEBUG] - Evento: <Event(771-TextInput {'text': 'd', 'window': None})>
2025-05-19 17:12:15 - gestor_eventos - [DEBUG] - Procesando 1 eventos...
2025-05-19 17:12:15 - gestor_eventos - [DEBUG] - Evento: <Event(769-KeyUp {'unicode': 'a', 'key': 97, 'mod': 4096, 'scancode': 4, 'window': None})>
2025-05-19 17:12:15 - gestor_eventos - [DEBUG] - Procesando 0 eventos...
2025-05-19 17:12:15 - gestor_eventos - [DEBUG] - Procesando 0 eventos...
2025-05-19 17:12:15 - gestor_eventos - [DEBUG] - Procesando 2 eventos...
2025-05-19 17:12:15 - gestor_eventos - [DEBUG] - Evento: <Event(768-KeyDown {'unicode': 'a', 'key': 97, 'mod': 4096, 'scancode': 4, 'window': None})>
2025-05-19 17:12:15 - gestor_eventos - [DEBUG] - GestorEventos: KEYDOWN a (97)
2025-05-19 17:12:15 - gestor_eventos - [DEBUG] - Evento: <Event(771-TextInput {'text': 'a', 'window': None})>
2025-05-19 17:12:15 - gestor_eventos - [DEBUG] - Procesando 0 eventos...
2025-05-19 17:12:15 - gestor_eventos - [DEBUG] - Procesando 2 eventos...
2025-05-19 17:12:15 - gestor_eventos - [DEBUG] - Evento: <Event(768-KeyDown {'unicode': 'w', 'key': 119, 'mod': 4096, 'scancode': 26, 'window': None})>
2025-05-19 17:12:15 - gestor_eventos - [DEBUG] - GestorEventos: KEYDOWN w (119)
2025-05-19 17:12:15 - gestor_eventos - [DEBUG] - Evento: <Event(771-TextInput {'text': 'w', 'window': None})>
2025-05-19 17:12:15 - gestor_eventos - [DEBUG] - Procesando 0 eventos...
2025-05-19 17:12:15 - gestor_eventos - [DEBUG] - Procesando 1 eventos...
2025-05-19 17:12:15 - gestor_eventos - [DEBUG] - Evento: <Event(769-KeyUp {'unicode': 'd', 'key': 100, 'mod': 4096, 'scancode': 7, 'window': None})>
2025-05-19 17:12:15 - gestor_eventos - [DEBUG] - Procesando 3 eventos...
2025-05-19 17:12:15 - gestor_eventos - [DEBUG] - Evento: <Event(768-KeyDown {'unicode': ' ', 'key': 32, 'mod': 4096, 'scancode': 44, 'window': None})>
2025-05-19 17:12:15 - gestor_eventos - [DEBUG] - GestorEventos: KEYDOWN space (32)
2025-05-19 17:12:15 - gestor_eventos - [DEBUG] - GestorEventos: K_SPACE (Atacar jugador) procesado.
2025-05-19 17:12:15 - gestor_eventos - [DEBUG] - Evento: <Event(771-TextInput {'text': ' ', 'window': None})>
2025-05-19 17:12:15 - gestor_eventos - [DEBUG] - Evento: <Event(769-KeyUp {'unicode': 'a', 'key': 97, 'mod': 4096, 'scancode': 4, 'window': None})>
2025-05-19 17:12:15 - gestor_eventos - [DEBUG] - Procesando 0 eventos...
2025-05-19 17:12:16 - gestor_eventos - [DEBUG] - Procesando 0 eventos...
2025-05-19 17:12:16 - gestor_eventos - [DEBUG] - Procesando 2 eventos...
2025-05-19 17:12:16 - gestor_eventos - [DEBUG] - Evento: <Event(768-KeyDown {'unicode': 'd', 'key': 100, 'mod': 4096, 'scancode': 7, 'window': None})>
2025-05-19 17:12:16 - gestor_eventos - [DEBUG] - GestorEventos: KEYDOWN d (100)
2025-05-19 17:12:16 - gestor_eventos - [DEBUG] - Evento: <Event(771-TextInput {'text': 'd', 'window': None})>
2025-05-19 17:12:16 - gestor_eventos - [DEBUG] - Procesando 0 eventos...
2025-05-19 17:12:16 - gestor_eventos - [DEBUG] - Procesando 1 eventos...
2025-05-19 17:12:16 - gestor_eventos - [DEBUG] - Evento: <Event(769-KeyUp {'unicode': 'w', 'key': 119, 'mod': 4096, 'scancode': 26, 'window': None})>
2025-05-19 17:12:16 - gestor_eventos - [DEBUG] - Evento: <Event(769-KeyUp {'unicode': ' ', 'key': 32, 'mod': 4096, 'scancode': 44, 'window': None})>
2025-05-19 17:12:16 - gestor_eventos - [DEBUG] - Procesando 0 eventos...
2025-05-19 17:12:16 - gestor_eventos - [DEBUG] - Procesando 2 eventos...
2025-05-19 17:12:16 - gestor_eventos - [DEBUG] - Evento: <Event(768-KeyDown {'unicode': 'a', 'key': 97, 'mod': 4096, 'scancode': 4, 'window': None})>
2025-05-19 17:12:16 - gestor_eventos - [DEBUG] - GestorEventos: KEYDOWN a (97)
2025-05-19 17:12:16 - gestor_eventos - [DEBUG] - Evento: <Event(771-TextInput {'text': 'a', 'window': None})>
2025-05-19 17:12:16 - gestor_eventos - [DEBUG] - Procesando 0 eventos...
2025-05-19 17:12:16 - gestor_eventos - [DEBUG] - Procesando 0 eventos...
2025-05-19 17:12:16 - gestor_eventos - [DEBUG] - Procesando 4 eventos...
2025-05-19 17:12:16 - gestor_eventos - [DEBUG] - Evento: <Event(768-KeyDown {'unicode': ' ', 'key': 32, 'mod': 4096, 'scancode': 44, 'window': None})>
2025-05-19 17:12:16 - gestor_eventos - [DEBUG] - GestorEventos: KEYDOWN space (32)
2025-05-19 17:12:16 - gestor_eventos - [DEBUG] - GestorEventos: K_SPACE (Atacar jugador) procesado.
2025-05-19 17:12:16 - gestor_eventos - [DEBUG] - Evento: <Event(771-TextInput {'text': ' ', 'window': None})>
2025-05-19 17:12:16 - gestor_eventos - [DEBUG] - Evento: <Event(768-KeyDown {'unicode': 's', 'key': 115, 'mod': 4096, 'scancode': 22, 'window': None})>
2025-05-19 17:12:16 - gestor_eventos - [DEBUG] - GestorEventos: KEYDOWN s (115)
2025-05-19 17:12:16 - gestor_eventos - [DEBUG] - Evento: <Event(771-TextInput {'text': 's', 'window': None})>
2025-05-19 17:12:16 - gestor_eventos - [DEBUG] - Procesando 1 eventos...
2025-05-19 17:12:16 - gestor_eventos - [DEBUG] - Evento: <Event(769-KeyUp {'unicode': 'd', 'key': 100, 'mod': 4096, 'scancode': 7, 'window': None})>
2025-05-19 17:12:16 - gestor_eventos - [DEBUG] - Procesando 0 eventos...
2025-05-19 17:12:16 - gestor_eventos - [DEBUG] - Procesando 1 eventos...
2025-05-19 17:12:16 - gestor_eventos - [DEBUG] - Evento: <Event(769-KeyUp {'unicode': ' ', 'key': 32, 'mod': 4096, 'scancode': 44, 'window': None})>
2025-05-19 17:12:16 - gestor_eventos - [DEBUG] - Procesando 0 eventos...
2025-05-19 17:12:16 - gestor_eventos - [DEBUG] - Procesando 2 eventos...
2025-05-19 17:12:16 - gestor_eventos - [DEBUG] - Evento: <Event(768-KeyDown {'unicode': ' ', 'key': 32, 'mod': 4096, 'scancode': 44, 'window': None})>
2025-05-19 17:12:16 - gestor_eventos - [DEBUG] - GestorEventos: KEYDOWN space (32)
2025-05-19 17:12:16 - gestor_eventos - [DEBUG] - GestorEventos: K_SPACE (Atacar jugador) procesado.
2025-05-19 17:12:16 - gestor_eventos - [DEBUG] - Evento: <Event(771-TextInput {'text': ' ', 'window': None})>
2025-05-19 17:12:16 - gestor_eventos - [DEBUG] - Procesando 0 eventos...
2025-05-19 17:12:16 - gestor_eventos - [DEBUG] - Procesando 2 eventos...
2025-05-19 17:12:16 - gestor_eventos - [DEBUG] - Evento: <Event(768-KeyDown {'unicode': 'd', 'key': 100, 'mod': 4096, 'scancode': 7, 'window': None})>
2025-05-19 17:12:16 - gestor_eventos - [DEBUG] - GestorEventos: KEYDOWN d (100)
2025-05-19 17:12:16 - gestor_eventos - [DEBUG] - Evento: <Event(771-TextInput {'text': 'd', 'window': None})>
2025-05-19 17:12:16 - gestor_eventos - [DEBUG] - Procesando 0 eventos...
2025-05-19 17:12:16 - gestor_eventos - [DEBUG] - Procesando 1 eventos...
2025-05-19 17:12:16 - gestor_eventos - [DEBUG] - Evento: <Event(769-KeyUp {'unicode': 'a', 'key': 97, 'mod': 4096, 'scancode': 4, 'window': None})>
2025-05-19 17:12:16 - gestor_eventos - [DEBUG] - Evento: <Event(769-KeyUp {'unicode': ' ', 'key': 32, 'mod': 4096, 'scancode': 44, 'window': None})>
2025-05-19 17:12:16 - gestor_eventos - [DEBUG] - Procesando 0 eventos...
2025-05-19 17:12:16 - gestor_eventos - [DEBUG] - Procesando 2 eventos...
2025-05-19 17:12:16 - gestor_eventos - [DEBUG] - Evento: <Event(768-KeyDown {'unicode': ' ', 'key': 32, 'mod': 4096, 'scancode': 44, 'window': None})>
2025-05-19 17:12:16 - gestor_eventos - [DEBUG] - GestorEventos: KEYDOWN space (32)
2025-05-19 17:12:16 - gestor_eventos - [DEBUG] - GestorEventos: K_SPACE (Atacar jugador) procesado.
2025-05-19 17:12:16 - gestor_eventos - [DEBUG] - Evento: <Event(771-TextInput {'text': ' ', 'window': None})>
2025-05-19 17:12:16 - gestor_eventos - [DEBUG] - Procesando 1 eventos...
2025-05-19 17:12:16 - gestor_eventos - [DEBUG] - Evento: <Event(769-KeyUp {'unicode': 's', 'key': 115, 'mod': 4096, 'scancode': 22, 'window': None})>
2025-05-19 17:12:16 - gestor_eventos - [DEBUG] - Procesando 0 eventos...
2025-05-19 17:12:16 - gestor_eventos - [DEBUG] - Procesando 0 eventos...
2025-05-19 17:12:16 - gestor_eventos - [DEBUG] - Procesando 1 eventos...
2025-05-19 17:12:16 - gestor_eventos - [DEBUG] - Evento: <Event(769-KeyUp {'unicode': ' ', 'key': 32, 'mod': 4096, 'scancode': 44, 'window': None})>
2025-05-19 17:12:16 - gestor_eventos - [DEBUG] - Procesando 0 eventos...
2025-05-19 17:12:16 - gestor_eventos - [DEBUG] - Procesando 2 eventos...
2025-05-19 17:12:16 - gestor_eventos - [DEBUG] - Evento: <Event(768-KeyDown {'unicode': 'w', 'key': 119, 'mod': 4096, 'scancode': 26, 'window': None})>
2025-05-19 17:12:16 - gestor_eventos - [DEBUG] - GestorEventos: KEYDOWN w (119)
2025-05-19 17:12:16 - gestor_eventos - [DEBUG] - Evento: <Event(771-TextInput {'text': 'w', 'window': None})>
2025-05-19 17:12:16 - gestor_eventos - [DEBUG] - Procesando 0 eventos...
2025-05-19 17:12:16 - gestor_eventos - [DEBUG] - Procesando 2 eventos...
2025-05-19 17:12:16 - gestor_eventos - [DEBUG] - Evento: <Event(768-KeyDown {'unicode': ' ', 'key': 32, 'mod': 4096, 'scancode': 44, 'window': None})>
2025-05-19 17:12:16 - gestor_eventos - [DEBUG] - GestorEventos: KEYDOWN space (32)
2025-05-19 17:12:16 - gestor_eventos - [DEBUG] - GestorEventos: K_SPACE (Atacar jugador) procesado.
2025-05-19 17:12:16 - gestor_eventos - [DEBUG] - Evento: <Event(771-TextInput {'text': ' ', 'window': None})>
2025-05-19 17:12:16 - gestor_eventos - [DEBUG] - Procesando 0 eventos...
2025-05-19 17:12:16 - gestor_eventos - [DEBUG] - Procesando 1 eventos...
2025-05-19 17:12:16 - gestor_eventos - [DEBUG] - Evento: <Event(769-KeyUp {'unicode': 'w', 'key': 119, 'mod': 4096, 'scancode': 26, 'window': None})>
2025-05-19 17:12:17 - gestor_eventos - [DEBUG] - Procesando 0 eventos...
2025-05-19 17:12:17 - gestor_eventos - [DEBUG] - Procesando 0 eventos...
2025-05-19 17:12:17 - gestor_eventos - [DEBUG] - Procesando 2 eventos...
2025-05-19 17:12:17 - gestor_eventos - [DEBUG] - Evento: <Event(768-KeyDown {'unicode': 'a', 'key': 97, 'mod': 4096, 'scancode': 4, 'window': None})>
2025-05-19 17:12:17 - gestor_eventos - [DEBUG] - GestorEventos: KEYDOWN a (97)
2025-05-19 17:12:17 - gestor_eventos - [DEBUG] - Evento: <Event(771-TextInput {'text': 'a', 'window': None})>
2025-05-19 17:12:17 - gestor_eventos - [DEBUG] - Procesando 0 eventos...
2025-05-19 17:12:17 - gestor_eventos - [DEBUG] - Procesando 1 eventos...
2025-05-19 17:12:17 - gestor_eventos - [DEBUG] - Evento: <Event(769-KeyUp {'unicode': ' ', 'key': 32, 'mod': 4096, 'scancode': 44, 'window': None})>
2025-05-19 17:12:17 - gestor_eventos - [DEBUG] - Evento: <Event(769-KeyUp {'unicode': 'd', 'key': 100, 'mod': 4096, 'scancode': 7, 'window': None})>
2025-05-19 17:12:17 - gestor_eventos - [DEBUG] - Procesando 0 eventos...
2025-05-19 17:12:17 - gestor_eventos - [DEBUG] - Procesando 2 eventos...
2025-05-19 17:12:17 - gestor_eventos - [DEBUG] - Evento: <Event(768-KeyDown {'unicode': ' ', 'key': 32, 'mod': 4096, 'scancode': 44, 'window': None})>
2025-05-19 17:12:17 - gestor_eventos - [DEBUG] - GestorEventos: KEYDOWN space (32)
2025-05-19 17:12:17 - gestor_eventos - [DEBUG] - GestorEventos: K_SPACE (Atacar jugador) procesado.
2025-05-19 17:12:17 - gestor_eventos - [DEBUG] - Evento: <Event(771-TextInput {'text': ' ', 'window': None})>
2025-05-19 17:12:17 - gestor_eventos - [DEBUG] - Procesando 0 eventos...
2025-05-19 17:12:17 - gestor_eventos - [DEBUG] - Procesando 0 eventos...
2025-05-19 17:12:17 - gestor_eventos - [DEBUG] - Procesando 1 eventos...
2025-05-19 17:12:17 - gestor_eventos - [DEBUG] - Evento: <Event(769-KeyUp {'unicode': ' ', 'key': 32, 'mod': 4096, 'scancode': 44, 'window': None})>
2025-05-19 17:12:17 - gestor_eventos - [DEBUG] - Procesando 0 eventos...
2025-05-19 17:12:17 - gestor_eventos - [DEBUG] - Procesando 2 eventos...
2025-05-19 17:12:17 - gestor_eventos - [DEBUG] - Evento: <Event(768-KeyDown {'unicode': ' ', 'key': 32, 'mod': 4096, 'scancode': 44, 'window': None})>
2025-05-19 17:12:17 - gestor_eventos - [DEBUG] - GestorEventos: KEYDOWN space (32)
2025-05-19 17:12:17 - gestor_eventos - [DEBUG] - GestorEventos: K_SPACE (Atacar jugador) procesado.
2025-05-19 17:12:17 - gestor_eventos - [DEBUG] - Evento: <Event(771-TextInput {'text': ' ', 'window': None})>
2025-05-19 17:12:17 - gestor_eventos - [DEBUG] - Procesando 0 eventos...
2025-05-19 17:12:17 - gestor_eventos - [DEBUG] - Procesando 0 eventos...
2025-05-19 17:12:17 - gestor_eventos - [DEBUG] - Procesando 1 eventos...
2025-05-19 17:12:17 - gestor_eventos - [DEBUG] - Evento: <Event(769-KeyUp {'unicode': ' ', 'key': 32, 'mod': 4096, 'scancode': 44, 'window': None})>
2025-05-19 17:12:17 - gestor_eventos - [DEBUG] - Procesando 0 eventos...
2025-05-19 17:12:17 - gestor_eventos - [DEBUG] - Procesando 2 eventos...
2025-05-19 17:12:17 - gestor_eventos - [DEBUG] - Evento: <Event(768-KeyDown {'unicode': ' ', 'key': 32, 'mod': 4096, 'scancode': 44, 'window': None})>
2025-05-19 17:12:17 - gestor_eventos - [DEBUG] - GestorEventos: KEYDOWN space (32)
2025-05-19 17:12:17 - gestor_eventos - [DEBUG] - GestorEventos: K_SPACE (Atacar jugador) procesado.
2025-05-19 17:12:17 - gestor_eventos - [DEBUG] - Evento: <Event(771-TextInput {'text': ' ', 'window': None})>
2025-05-19 17:12:17 - gestor_eventos - [DEBUG] - Procesando 0 eventos...
2025-05-19 17:12:17 - gestor_eventos - [DEBUG] - Procesando 0 eventos...
2025-05-19 17:12:17 - gestor_eventos - [DEBUG] - Procesando 1 eventos...
2025-05-19 17:12:17 - gestor_eventos - [DEBUG] - Evento: <Event(769-KeyUp {'unicode': ' ', 'key': 32, 'mod': 4096, 'scancode': 44, 'window': None})>
2025-05-19 17:12:17 - gestor_eventos - [DEBUG] - Procesando 0 eventos...
2025-05-19 17:12:17 - gestor_eventos - [DEBUG] - Procesando 2 eventos...
2025-05-19 17:12:17 - gestor_eventos - [DEBUG] - Evento: <Event(768-KeyDown {'unicode': ' ', 'key': 32, 'mod': 4096, 'scancode': 44, 'window': None})>
2025-05-19 17:12:17 - gestor_eventos - [DEBUG] - GestorEventos: KEYDOWN space (32)
2025-05-19 17:12:17 - gestor_eventos - [DEBUG] - GestorEventos: K_SPACE (Atacar jugador) procesado.
2025-05-19 17:12:17 - gestor_eventos - [DEBUG] - Evento: <Event(771-TextInput {'text': ' ', 'window': None})>
2025-05-19 17:12:17 - gestor_eventos - [DEBUG] - Procesando 0 eventos...
2025-05-19 17:12:17 - gestor_eventos - [DEBUG] - Procesando 0 eventos...
2025-05-19 17:12:17 - gestor_eventos - [DEBUG] - Procesando 1 eventos...
2025-05-19 17:12:17 - gestor_eventos - [DEBUG] - Evento: <Event(769-KeyUp {'unicode': ' ', 'key': 32, 'mod': 4096, 'scancode': 44, 'window': None})>
2025-05-19 17:12:18 - gestor_eventos - [DEBUG] - Procesando 0 eventos...
2025-05-19 17:12:18 - gestor_eventos - [DEBUG] - Procesando 2 eventos...
2025-05-19 17:12:18 - gestor_eventos - [DEBUG] - Evento: <Event(768-KeyDown {'unicode': ' ', 'key': 32, 'mod': 4096, 'scancode': 44, 'window': None})>
2025-05-19 17:12:18 - gestor_eventos - [DEBUG] - GestorEventos: KEYDOWN space (32)
2025-05-19 17:12:18 - gestor_eventos - [DEBUG] - GestorEventos: K_SPACE (Atacar jugador) procesado.
2025-05-19 17:12:18 - gestor_eventos - [DEBUG] - Evento: <Event(771-TextInput {'text': ' ', 'window': None})>
2025-05-19 17:12:18 - gestor_eventos - [DEBUG] - Procesando 0 eventos...
2025-05-19 17:12:18 - gestor_eventos - [DEBUG] - Procesando 0 eventos...
2025-05-19 17:12:18 - gestor_eventos - [DEBUG] - Procesando 1 eventos...
2025-05-19 17:12:18 - gestor_eventos - [DEBUG] - Evento: <Event(769-KeyUp {'unicode': ' ', 'key': 32, 'mod': 4096, 'scancode': 44, 'window': None})>
2025-05-19 17:12:18 - gestor_eventos - [DEBUG] - Procesando 0 eventos...
2025-05-19 17:12:18 - gestor_eventos - [DEBUG] - Procesando 2 eventos...
2025-05-19 17:12:18 - gestor_eventos - [DEBUG] - Evento: <Event(768-KeyDown {'unicode': ' ', 'key': 32, 'mod': 4096, 'scancode': 44, 'window': None})>
2025-05-19 17:12:18 - gestor_eventos - [DEBUG] - GestorEventos: KEYDOWN space (32)
2025-05-19 17:12:18 - gestor_eventos - [DEBUG] - GestorEventos: K_SPACE (Atacar jugador) procesado.
2025-05-19 17:12:18 - gestor_eventos - [DEBUG] - Evento: <Event(771-TextInput {'text': ' ', 'window': None})>
2025-05-19 17:12:18 - gestor_eventos - [DEBUG] - Procesando 0 eventos...
2025-05-19 17:12:18 - gestor_eventos - [DEBUG] - Procesando 0 eventos...
2025-05-19 17:12:18 - gestor_eventos - [DEBUG] - Procesando 1 eventos...
2025-05-19 17:12:18 - gestor_eventos - [DEBUG] - Evento: <Event(769-KeyUp {'unicode': ' ', 'key': 32, 'mod': 4096, 'scancode': 44, 'window': None})>
2025-05-19 17:12:18 - gestor_eventos - [DEBUG] - Procesando 0 eventos...
2025-05-19 17:12:18 - gestor_eventos - [DEBUG] - Procesando 2 eventos...
2025-05-19 17:12:18 - gestor_eventos - [DEBUG] - Evento: <Event(768-KeyDown {'unicode': 's', 'key': 115, 'mod': 4096, 'scancode': 22, 'window': None})>
2025-05-19 17:12:18 - gestor_eventos - [DEBUG] - GestorEventos: KEYDOWN s (115)
2025-05-19 17:12:18 - gestor_eventos - [DEBUG] - Evento: <Event(771-TextInput {'text': 's', 'window': None})>
2025-05-19 17:12:18 - gestor_eventos - [DEBUG] - Procesando 0 eventos...
2025-05-19 17:12:18 - gestor_eventos - [DEBUG] - Procesando 0 eventos...
2025-05-19 17:12:18 - gestor_eventos - [DEBUG] - Procesando 1 eventos...
2025-05-19 17:12:18 - gestor_eventos - [DEBUG] - Evento: <Event(769-KeyUp {'unicode': 'a', 'key': 97, 'mod': 4096, 'scancode': 4, 'window': None})>
2025-05-19 17:12:18 - gestor_eventos - [DEBUG] - Procesando 0 eventos...
2025-05-19 17:12:18 - gestor_eventos - [DEBUG] - Procesando 2 eventos...
2025-05-19 17:12:18 - gestor_eventos - [DEBUG] - Evento: <Event(768-KeyDown {'unicode': 'd', 'key': 100, 'mod': 4096, 'scancode': 7, 'window': None})>
2025-05-19 17:12:18 - gestor_eventos - [DEBUG] - GestorEventos: KEYDOWN d (100)
2025-05-19 17:12:18 - gestor_eventos - [DEBUG] - Evento: <Event(771-TextInput {'text': 'd', 'window': None})>
2025-05-19 17:12:18 - gestor_eventos - [DEBUG] - Procesando 0 eventos...
2025-05-19 17:12:18 - gestor_eventos - [DEBUG] - Procesando 0 eventos...
2025-05-19 17:12:18 - gestor_eventos - [DEBUG] - Procesando 0 eventos...
2025-05-19 17:12:18 - gestor_eventos - [DEBUG] - Procesando 0 eventos...
2025-05-19 17:12:18 - gestor_eventos - [DEBUG] - Procesando 1 eventos...
2025-05-19 17:12:18 - gestor_eventos - [DEBUG] - Evento: <Event(769-KeyUp {'unicode': 's', 'key': 115, 'mod': 4096, 'scancode': 22, 'window': None})>
2025-05-19 17:12:18 - gestor_eventos - [DEBUG] - Procesando 0 eventos...
2025-05-19 17:12:18 - gestor_eventos - [DEBUG] - Procesando 0 eventos...
2025-05-19 17:12:19 - gestor_eventos - [DEBUG] - Procesando 0 eventos...
2025-05-19 17:12:19 - gestor_eventos - [DEBUG] - Procesando 2 eventos...
2025-05-19 17:12:19 - gestor_eventos - [DEBUG] - Evento: <Event(768-KeyDown {'unicode': 'a', 'key': 97, 'mod': 4096, 'scancode': 4, 'window': None})>
2025-05-19 17:12:19 - gestor_eventos - [DEBUG] - GestorEventos: KEYDOWN a (97)
2025-05-19 17:12:19 - gestor_eventos - [DEBUG] - Evento: <Event(771-TextInput {'text': 'a', 'window': None})>
2025-05-19 17:12:19 - gestor_eventos - [DEBUG] - Procesando 0 eventos...
2025-05-19 17:12:19 - gestor_eventos - [DEBUG] - Procesando 0 eventos...
2025-05-19 17:12:19 - gestor_eventos - [DEBUG] - Procesando 1 eventos...
2025-05-19 17:12:19 - gestor_eventos - [DEBUG] - Evento: <Event(769-KeyUp {'unicode': 'd', 'key': 100, 'mod': 4096, 'scancode': 7, 'window': None})>
2025-05-19 17:12:19 - gestor_eventos - [DEBUG] - Procesando 0 eventos...
2025-05-19 17:12:19 - gestor_eventos - [DEBUG] - Procesando 2 eventos...
2025-05-19 17:12:19 - gestor_eventos - [DEBUG] - Evento: <Event(768-KeyDown {'unicode': 'w', 'key': 119, 'mod': 4096, 'scancode': 26, 'window': None})>
2025-05-19 17:12:19 - gestor_eventos - [DEBUG] - GestorEventos: KEYDOWN w (119)
2025-05-19 17:12:19 - gestor_eventos - [DEBUG] - Evento: <Event(771-TextInput {'text': 'w', 'window': None})>
2025-05-19 17:12:19 - gestor_eventos - [DEBUG] - Procesando 0 eventos...
2025-05-19 17:12:19 - gestor_eventos - [DEBUG] - Procesando 1 eventos...
2025-05-19 17:12:19 - gestor_eventos - [DEBUG] - Evento: <Event(769-KeyUp {'unicode': 'a', 'key': 97, 'mod': 4096, 'scancode': 4, 'window': None})>
2025-05-19 17:12:19 - gestor_eventos - [DEBUG] - Procesando 0 eventos...
2025-05-19 17:12:19 - gestor_eventos - [DEBUG] - Procesando 2 eventos...
2025-05-19 17:12:19 - gestor_eventos - [DEBUG] - Evento: <Event(768-KeyDown {'unicode': 'a', 'key': 97, 'mod': 4096, 'scancode': 4, 'window': None})>
2025-05-19 17:12:19 - gestor_eventos - [DEBUG] - GestorEventos: KEYDOWN a (97)
2025-05-19 17:12:19 - gestor_eventos - [DEBUG] - Evento: <Event(771-TextInput {'text': 'a', 'window': None})>
2025-05-19 17:12:19 - gestor_eventos - [DEBUG] - Procesando 0 eventos...
2025-05-19 17:12:19 - gestor_eventos - [DEBUG] - Procesando 3 eventos...
2025-05-19 17:12:19 - gestor_eventos - [DEBUG] - Evento: <Event(769-KeyUp {'unicode': 'w', 'key': 119, 'mod': 4096, 'scancode': 26, 'window': None})>
2025-05-19 17:12:19 - gestor_eventos - [DEBUG] - Evento: <Event(768-KeyDown {'unicode': ' ', 'key': 32, 'mod': 4096, 'scancode': 44, 'window': None})>
2025-05-19 17:12:19 - gestor_eventos - [DEBUG] - GestorEventos: KEYDOWN space (32)
2025-05-19 17:12:19 - gestor_eventos - [DEBUG] - GestorEventos: K_SPACE (Atacar jugador) procesado.
2025-05-19 17:12:19 - gestor_eventos - [DEBUG] - Evento: <Event(771-TextInput {'text': ' ', 'window': None})>
2025-05-19 17:12:19 - gestor_eventos - [DEBUG] - Procesando 0 eventos...
2025-05-19 17:12:19 - gestor_eventos - [DEBUG] - Procesando 0 eventos...
2025-05-19 17:12:19 - gestor_eventos - [DEBUG] - Procesando 0 eventos...
2025-05-19 17:12:19 - gestor_eventos - [DEBUG] - Procesando 1 eventos...
2025-05-19 17:12:19 - gestor_eventos - [DEBUG] - Evento: <Event(769-KeyUp {'unicode': ' ', 'key': 32, 'mod': 4096, 'scancode': 44, 'window': None})>
2025-05-19 17:12:19 - gestor_eventos - [DEBUG] - Procesando 0 eventos...
2025-05-19 17:12:19 - gestor_eventos - [DEBUG] - Procesando 2 eventos...
2025-05-19 17:12:19 - gestor_eventos - [DEBUG] - Evento: <Event(768-KeyDown {'unicode': ' ', 'key': 32, 'mod': 4096, 'scancode': 44, 'window': None})>
2025-05-19 17:12:19 - gestor_eventos - [DEBUG] - GestorEventos: KEYDOWN space (32)
2025-05-19 17:12:19 - gestor_eventos - [DEBUG] - GestorEventos: K_SPACE (Atacar jugador) procesado.
2025-05-19 17:12:19 - gestor_eventos - [DEBUG] - Evento: <Event(771-TextInput {'text': ' ', 'window': None})>
2025-05-19 17:12:19 - gestor_eventos - [DEBUG] - Procesando 0 eventos...
2025-05-19 17:12:19 - gestor_eventos - [DEBUG] - Procesando 1 eventos...
2025-05-19 17:12:19 - gestor_eventos - [DEBUG] - Evento: <Event(769-KeyUp {'unicode': ' ', 'key': 32, 'mod': 4096, 'scancode': 44, 'window': None})>
2025-05-19 17:12:19 - gestor_eventos - [DEBUG] - Procesando 0 eventos...
2025-05-19 17:12:19 - gestor_eventos - [DEBUG] - Procesando 0 eventos...
2025-05-19 17:12:19 - gestor_eventos - [DEBUG] - Procesando 2 eventos...
2025-05-19 17:12:19 - gestor_eventos - [DEBUG] - Evento: <Event(768-KeyDown {'unicode': ' ', 'key': 32, 'mod': 4096, 'scancode': 44, 'window': None})>
2025-05-19 17:12:19 - gestor_eventos - [DEBUG] - GestorEventos: KEYDOWN space (32)
2025-05-19 17:12:19 - gestor_eventos - [DEBUG] - GestorEventos: K_SPACE (Atacar jugador) procesado.
2025-05-19 17:12:19 - gestor_eventos - [DEBUG] - Evento: <Event(771-TextInput {'text': ' ', 'window': None})>
2025-05-19 17:12:19 - gestor_eventos - [DEBUG] - Procesando 0 eventos...
2025-05-19 17:12:19 - gestor_eventos - [DEBUG] - Procesando 1 eventos...
2025-05-19 17:12:19 - gestor_eventos - [DEBUG] - Evento: <Event(769-KeyUp {'unicode': ' ', 'key': 32, 'mod': 4096, 'scancode': 44, 'window': None})>
2025-05-19 17:12:19 - gestor_eventos - [DEBUG] - Procesando 0 eventos...
2025-05-19 17:12:20 - gestor_eventos - [DEBUG] - Procesando 0 eventos...
2025-05-19 17:12:20 - gestor_eventos - [DEBUG] - Procesando 2 eventos...
2025-05-19 17:12:20 - gestor_eventos - [DEBUG] - Evento: <Event(768-KeyDown {'unicode': ' ', 'key': 32, 'mod': 4096, 'scancode': 44, 'window': None})>
2025-05-19 17:12:20 - gestor_eventos - [DEBUG] - GestorEventos: KEYDOWN space (32)
2025-05-19 17:12:20 - gestor_eventos - [DEBUG] - GestorEventos: K_SPACE (Atacar jugador) procesado.
2025-05-19 17:12:20 - gestor_eventos - [DEBUG] - Evento: <Event(771-TextInput {'text': ' ', 'window': None})>
2025-05-19 17:12:20 - gestor_eventos - [DEBUG] - Procesando 0 eventos...
2025-05-19 17:12:20 - gestor_eventos - [DEBUG] - Procesando 0 eventos...
2025-05-19 17:12:20 - gestor_eventos - [DEBUG] - Procesando 0 eventos...
2025-05-19 17:12:20 - gestor_eventos - [DEBUG] - Procesando 0 eventos...
2025-05-19 17:12:20 - gestor_eventos - [DEBUG] - Procesando 0 eventos...
2025-05-19 17:12:20 - gestor_eventos - [DEBUG] - Procesando 0 eventos...
2025-05-19 17:12:20 - gestor_eventos - [DEBUG] - Procesando 0 eventos...
2025-05-19 17:12:20 - gestor_eventos - [DEBUG] - Procesando 0 eventos...
2025-05-19 17:12:20 - gestor_eventos - [DEBUG] - Procesando 1 eventos...
2025-05-19 17:12:20 - gestor_eventos - [DEBUG] - Evento: <Event(771-TextInput {'text': ' ', 'window': None})>
2025-05-19 17:12:20 - gestor_eventos - [DEBUG] - Procesando 0 eventos...
2025-05-19 17:12:20 - gestor_eventos - [DEBUG] - Procesando 1 eventos...
2025-05-19 17:12:20 - gestor_eventos - [DEBUG] - Evento: <Event(771-TextInput {'text': ' ', 'window': None})>
2025-05-19 17:12:20 - gestor_eventos - [DEBUG] - Procesando 0 eventos...
2025-05-19 17:12:20 - gestor_eventos - [DEBUG] - Procesando 1 eventos...
2025-05-19 17:12:20 - gestor_eventos - [DEBUG] - Evento: <Event(771-TextInput {'text': ' ', 'window': None})>
2025-05-19 17:12:20 - gestor_eventos - [DEBUG] - Procesando 0 eventos...
2025-05-19 17:12:20 - gestor_eventos - [DEBUG] - Procesando 1 eventos...
2025-05-19 17:12:20 - gestor_eventos - [DEBUG] - Evento: <Event(771-TextInput {'text': ' ', 'window': None})>
2025-05-19 17:12:20 - gestor_eventos - [DEBUG] - Procesando 0 eventos...
2025-05-19 17:12:20 - gestor_eventos - [DEBUG] - Procesando 1 eventos...
2025-05-19 17:12:20 - gestor_eventos - [DEBUG] - Evento: <Event(771-TextInput {'text': ' ', 'window': None})>
2025-05-19 17:12:20 - gestor_eventos - [DEBUG] - Procesando 0 eventos...
2025-05-19 17:12:20 - gestor_eventos - [DEBUG] - Procesando 1 eventos...
2025-05-19 17:12:20 - gestor_eventos - [DEBUG] - Evento: <Event(771-TextInput {'text': ' ', 'window': None})>
2025-05-19 17:12:20 - gestor_eventos - [DEBUG] - Procesando 0 eventos...
2025-05-19 17:12:20 - gestor_eventos - [DEBUG] - Procesando 1 eventos...
2025-05-19 17:12:20 - gestor_eventos - [DEBUG] - Evento: <Event(771-TextInput {'text': ' ', 'window': None})>
2025-05-19 17:12:20 - gestor_eventos - [DEBUG] - Procesando 0 eventos...
2025-05-19 17:12:21 - gestor_eventos - [DEBUG] - Procesando 1 eventos...
2025-05-19 17:12:21 - gestor_eventos - [DEBUG] - Evento: <Event(771-TextInput {'text': ' ', 'window': None})>
2025-05-19 17:12:21 - gestor_eventos - [DEBUG] - Procesando 0 eventos...
2025-05-19 17:12:21 - gestor_eventos - [DEBUG] - Procesando 1 eventos...
2025-05-19 17:12:21 - gestor_eventos - [DEBUG] - Evento: <Event(771-TextInput {'text': ' ', 'window': None})>
2025-05-19 17:12:21 - gestor_eventos - [DEBUG] - Procesando 0 eventos...
2025-05-19 17:12:21 - gestor_eventos - [DEBUG] - Procesando 1 eventos...
2025-05-19 17:12:21 - gestor_eventos - [DEBUG] - Evento: <Event(771-TextInput {'text': ' ', 'window': None})>
2025-05-19 17:12:21 - gestor_eventos - [DEBUG] - Procesando 0 eventos...
2025-05-19 17:12:21 - gestor_eventos - [DEBUG] - Procesando 0 eventos...
2025-05-19 17:12:21 - gestor_eventos - [DEBUG] - Procesando 1 eventos...
2025-05-19 17:12:21 - gestor_eventos - [DEBUG] - Evento: <Event(771-TextInput {'text': ' ', 'window': None})>
2025-05-19 17:12:21 - gestor_eventos - [DEBUG] - Procesando 0 eventos...
2025-05-19 17:12:21 - gestor_eventos - [DEBUG] - Procesando 1 eventos...
2025-05-19 17:12:21 - gestor_eventos - [DEBUG] - Evento: <Event(771-TextInput {'text': ' ', 'window': None})>
2025-05-19 17:12:21 - gestor_eventos - [DEBUG] - Procesando 1 eventos...
2025-05-19 17:12:21 - gestor_eventos - [DEBUG] - Evento: <Event(771-TextInput {'text': ' ', 'window': None})>
2025-05-19 17:12:21 - gestor_eventos - [DEBUG] - Procesando 0 eventos...
2025-05-19 17:12:21 - gestor_eventos - [DEBUG] - Procesando 1 eventos...
2025-05-19 17:12:21 - gestor_eventos - [DEBUG] - Evento: <Event(771-TextInput {'text': ' ', 'window': None})>
2025-05-19 17:12:21 - gestor_eventos - [DEBUG] - Procesando 0 eventos...
2025-05-19 17:12:21 - gestor_eventos - [DEBUG] - Procesando 1 eventos...
2025-05-19 17:12:21 - gestor_eventos - [DEBUG] - Evento: <Event(771-TextInput {'text': ' ', 'window': None})>
2025-05-19 17:12:21 - gestor_eventos - [DEBUG] - Procesando 0 eventos...
2025-05-19 17:12:21 - gestor_eventos - [DEBUG] - Procesando 1 eventos...
2025-05-19 17:12:21 - gestor_eventos - [DEBUG] - Evento: <Event(771-TextInput {'text': ' ', 'window': None})>
2025-05-19 17:12:21 - gestor_eventos - [DEBUG] - Procesando 0 eventos...
2025-05-19 17:12:21 - gestor_eventos - [DEBUG] - Procesando 1 eventos...
2025-05-19 17:12:21 - gestor_eventos - [DEBUG] - Evento: <Event(771-TextInput {'text': ' ', 'window': None})>
2025-05-19 17:12:21 - gestor_eventos - [DEBUG] - Procesando 0 eventos...
2025-05-19 17:12:21 - gestor_eventos - [DEBUG] - Procesando 1 eventos...
2025-05-19 17:12:21 - gestor_eventos - [DEBUG] - Evento: <Event(771-TextInput {'text': ' ', 'window': None})>
2025-05-19 17:12:21 - gestor_eventos - [DEBUG] - Procesando 0 eventos...
2025-05-19 17:12:21 - gestor_eventos - [DEBUG] - Procesando 1 eventos...
2025-05-19 17:12:21 - gestor_eventos - [DEBUG] - Evento: <Event(771-TextInput {'text': ' ', 'window': None})>
2025-05-19 17:12:21 - gestor_eventos - [DEBUG] - Procesando 0 eventos...
2025-05-19 17:12:21 - gestor_eventos - [DEBUG] - Procesando 2 eventos...
2025-05-19 17:12:21 - gestor_eventos - [DEBUG] - Evento: <Event(769-KeyUp {'unicode': ' ', 'key': 32, 'mod': 4096, 'scancode': 44, 'window': None})>
2025-05-19 17:12:21 - gestor_eventos - [DEBUG] - Evento: <Event(769-KeyUp {'unicode': 'a', 'key': 97, 'mod': 4096, 'scancode': 4, 'window': None})>
2025-05-19 17:12:21 - gestor_eventos - [DEBUG] - Procesando 0 eventos...
2025-05-19 17:12:21 - gestor_eventos - [DEBUG] - Procesando 0 eventos...
2025-05-19 17:12:21 - gestor_eventos - [DEBUG] - Procesando 0 eventos...
2025-05-19 17:12:22 - gestor_eventos - [DEBUG] - Procesando 0 eventos...
2025-05-19 17:12:22 - gestor_eventos - [DEBUG] - Procesando 2 eventos...
2025-05-19 17:12:22 - gestor_eventos - [DEBUG] - Evento: <Event(768-KeyDown {'unicode': 'a', 'key': 97, 'mod': 4096, 'scancode': 4, 'window': None})>
2025-05-19 17:12:22 - gestor_eventos - [DEBUG] - GestorEventos: KEYDOWN a (97)
2025-05-19 17:12:22 - gestor_eventos - [DEBUG] - Evento: <Event(771-TextInput {'text': 'a', 'window': None})>
2025-05-19 17:12:22 - gestor_eventos - [DEBUG] - Procesando 0 eventos...
2025-05-19 17:12:22 - gestor_eventos - [DEBUG] - Procesando 0 eventos...
2025-05-19 17:12:22 - gestor_eventos - [DEBUG] - Procesando 0 eventos...
2025-05-19 17:12:22 - gestor_eventos - [DEBUG] - Procesando 1 eventos...
2025-05-19 17:12:22 - gestor_eventos - [DEBUG] - Evento: <Event(769-KeyUp {'unicode': 'a', 'key': 97, 'mod': 4096, 'scancode': 4, 'window': None})>
2025-05-19 17:12:22 - gestor_eventos - [DEBUG] - Procesando 0 eventos...
2025-05-19 17:12:22 - gestor_eventos - [DEBUG] - Procesando 0 eventos...
2025-05-19 17:12:22 - gestor_eventos - [DEBUG] - Procesando 0 eventos...
2025-05-19 17:12:22 - gestor_eventos - [DEBUG] - Procesando 0 eventos...
2025-05-19 17:12:22 - gestor_eventos - [DEBUG] - Procesando 0 eventos...
2025-05-19 17:12:22 - gestor_eventos - [DEBUG] - Procesando 2 eventos...
2025-05-19 17:12:22 - gestor_eventos - [DEBUG] - Evento: <Event(768-KeyDown {'unicode': ' ', 'key': 32, 'mod': 4096, 'scancode': 44, 'window': None})>
2025-05-19 17:12:22 - gestor_eventos - [DEBUG] - GestorEventos: KEYDOWN space (32)
2025-05-19 17:12:22 - gestor_eventos - [DEBUG] - GestorEventos: K_SPACE (Atacar jugador) procesado.
2025-05-19 17:12:22 - gestor_eventos - [DEBUG] - Evento: <Event(771-TextInput {'text': ' ', 'window': None})>
2025-05-19 17:12:22 - gestor_eventos - [DEBUG] - Procesando 0 eventos...
2025-05-19 17:12:22 - gestor_eventos - [DEBUG] - Procesando 0 eventos...
2025-05-19 17:12:22 - gestor_eventos - [DEBUG] - Procesando 0 eventos...
2025-05-19 17:12:22 - gestor_eventos - [DEBUG] - Procesando 0 eventos...
2025-05-19 17:12:22 - gestor_eventos - [DEBUG] - Procesando 0 eventos...
2025-05-19 17:12:22 - gestor_eventos - [DEBUG] - Procesando 0 eventos...
2025-05-19 17:12:23 - gestor_eventos - [DEBUG] - Procesando 0 eventos...
2025-05-19 17:12:23 - gestor_eventos - [DEBUG] - Procesando 2 eventos...
2025-05-19 17:12:23 - gestor_eventos - [DEBUG] - Evento: <Event(771-TextInput {'text': ' ', 'window': None})>
2025-05-19 17:12:23 - gestor_eventos - [DEBUG] - Evento: <Event(769-KeyUp {'unicode': ' ', 'key': 32, 'mod': 4096, 'scancode': 44, 'window': None})>
2025-05-19 17:12:23 - gestor_eventos - [DEBUG] - Procesando 0 eventos...
2025-05-19 17:12:23 - gestor_eventos - [DEBUG] - Procesando 0 eventos...
2025-05-19 17:12:23 - gestor_eventos - [DEBUG] - Procesando 2 eventos...
2025-05-19 17:12:23 - gestor_eventos - [DEBUG] - Evento: <Event(768-KeyDown {'unicode': ' ', 'key': 32, 'mod': 4096, 'scancode': 44, 'window': None})>
2025-05-19 17:12:23 - gestor_eventos - [DEBUG] - GestorEventos: KEYDOWN space (32)
2025-05-19 17:12:23 - gestor_eventos - [DEBUG] - GestorEventos: K_SPACE (Atacar jugador) procesado.
2025-05-19 17:12:23 - gestor_eventos - [DEBUG] - Evento: <Event(771-TextInput {'text': ' ', 'window': None})>
2025-05-19 17:12:23 - gestor_eventos - [DEBUG] - Procesando 0 eventos...
2025-05-19 17:12:23 - gestor_eventos - [DEBUG] - Procesando 0 eventos...
2025-05-19 17:12:23 - gestor_eventos - [DEBUG] - Procesando 0 eventos...
2025-05-19 17:12:23 - gestor_eventos - [DEBUG] - Procesando 0 eventos...
2025-05-19 17:12:23 - gestor_eventos - [DEBUG] - Procesando 0 eventos...
2025-05-19 17:12:23 - gestor_eventos - [DEBUG] - Procesando 0 eventos...
2025-05-19 17:12:23 - gestor_eventos - [DEBUG] - Procesando 0 eventos...
2025-05-19 17:12:23 - gestor_eventos - [DEBUG] - Procesando 0 eventos...
2025-05-19 17:12:23 - gestor_eventos - [DEBUG] - Procesando 0 eventos...
2025-05-19 17:12:23 - gestor_eventos - [DEBUG] - Procesando 1 eventos...
2025-05-19 17:12:23 - gestor_eventos - [DEBUG] - Evento: <Event(771-TextInput {'text': ' ', 'window': None})>
2025-05-19 17:12:23 - gestor_eventos - [DEBUG] - Procesando 0 eventos...
2025-05-19 17:12:23 - gestor_eventos - [DEBUG] - Procesando 1 eventos...
2025-05-19 17:12:23 - gestor_eventos - [DEBUG] - Evento: <Event(771-TextInput {'text': ' ', 'window': None})>
2025-05-19 17:12:23 - gestor_eventos - [DEBUG] - Procesando 1 eventos...
2025-05-19 17:12:23 - gestor_eventos - [DEBUG] - Evento: <Event(769-KeyUp {'unicode': ' ', 'key': 32, 'mod': 4096, 'scancode': 44, 'window': None})>
2025-05-19 17:12:23 - gestor_eventos - [DEBUG] - Procesando 0 eventos...
2025-05-19 17:12:23 - gestor_eventos - [DEBUG] - Procesando 0 eventos...
2025-05-19 17:12:24 - gestor_eventos - [DEBUG] - Procesando 2 eventos...
2025-05-19 17:12:24 - gestor_eventos - [DEBUG] - Evento: <Event(768-KeyDown {'unicode': ' ', 'key': 32, 'mod': 4096, 'scancode': 44, 'window': None})>
2025-05-19 17:12:24 - gestor_eventos - [DEBUG] - GestorEventos: KEYDOWN space (32)
2025-05-19 17:12:24 - gestor_eventos - [DEBUG] - GestorEventos: K_SPACE (Atacar jugador) procesado.
2025-05-19 17:12:24 - gestor_eventos - [DEBUG] - Evento: <Event(771-TextInput {'text': ' ', 'window': None})>
2025-05-19 17:12:24 - gestor_eventos - [DEBUG] - Procesando 0 eventos...
2025-05-19 17:12:24 - gestor_eventos - [DEBUG] - Procesando 0 eventos...
2025-05-19 17:12:24 - gestor_eventos - [DEBUG] - Procesando 0 eventos...
2025-05-19 17:12:24 - gestor_eventos - [DEBUG] - Procesando 0 eventos...
2025-05-19 17:12:24 - gestor_eventos - [DEBUG] - Procesando 0 eventos...
2025-05-19 17:12:24 - gestor_eventos - [DEBUG] - Procesando 0 eventos...
2025-05-19 17:12:24 - gestor_eventos - [DEBUG] - Procesando 0 eventos...
2025-05-19 17:12:24 - gestor_eventos - [DEBUG] - Procesando 0 eventos...
2025-05-19 17:12:24 - gestor_eventos - [DEBUG] - Procesando 1 eventos...
2025-05-19 17:12:24 - gestor_eventos - [DEBUG] - Evento: <Event(769-KeyUp {'unicode': ' ', 'key': 32, 'mod': 4096, 'scancode': 44, 'window': None})>
2025-05-19 17:12:24 - gestor_eventos - [DEBUG] - Procesando 0 eventos...
2025-05-19 17:12:24 - gestor_eventos - [DEBUG] - Procesando 0 eventos...
2025-05-19 17:12:24 - gestor_eventos - [DEBUG] - Procesando 0 eventos...
2025-05-19 17:12:24 - gestor_eventos - [DEBUG] - Procesando 0 eventos...
2025-05-19 17:12:24 - gestor_eventos - [DEBUG] - Procesando 0 eventos...
2025-05-19 17:12:24 - gestor_eventos - [DEBUG] - Procesando 1 eventos...
2025-05-19 17:12:24 - gestor_eventos - [DEBUG] - Evento: <Event(768-KeyDown {'unicode': '\x1b', 'key': 27, 'mod': 4096, 'scancode': 41, 'window': None})>
2025-05-19 17:12:24 - gestor_eventos - [DEBUG] - GestorEventos: KEYDOWN escape (27)
2025-05-19 17:12:24 - gestor_eventos - [INFO] - GestorEventos: Solicitud de SALIR recibida (ESCAPE).
