2025-05-19 17:12:13 - juego - [INFO] - Iniciando Pygame y módulos del juego...
2025-05-19 17:12:13 - juego - [DEBUG] - Pygame y fuentes inicializados.
2025-05-19 17:12:13 - juego - [DEBUG] - GestorNivel instanciado.
2025-05-19 17:12:13 - juego - [DEBUG] - GestorEventos instanciado.
2025-05-19 17:12:13 - juego - [DEBUG] - GestorEstado instanciado.
2025-05-19 17:12:13 - juego - [DEBUG] - Renderer instanciado.
2025-05-19 17:12:13 - juego - [INFO] - Juego inicializado y listo para ejecutarse.
2025-05-19 17:12:13 - juego - [DEBUG] -   Detalles inicialización: Pantalla: 800x600, Zoom inicial: 1.2
2025-05-19 17:12:13 - juego - [INFO] - Bucle principal iniciado.
2025-05-19 17:12:13 - juego - [DEBUG] - MENSAJE DE PRUEBA REPETIDO PARA FILTRO
2025-05-19 17:12:13 - juego - [DEBUG] - Procesando eventos Pygame...
2025-05-19 17:12:13 - juego - [DEBUG] - Iniciando ciclo de renderizado...
2025-05-19 17:12:13 - juego - [DEBUG] - Ciclo de renderizado completado (flip ejecutado).
2025-05-19 17:12:13 - juego - [DEBUG] - MENSAJE DE PRUEBA REPETIDO PARA FILTRO
2025-05-19 17:12:13 - juego - [DEBUG] - Procesando eventos Pygame...
2025-05-19 17:12:13 - juego - [DEBUG] - Iniciando ciclo de renderizado...
2025-05-19 17:12:13 - juego - [DEBUG] - Ciclo de renderizado completado (flip ejecutado).
2025-05-19 17:12:13 - juego - [DEBUG] - MENSAJE DE PRUEBA REPETIDO PARA FILTRO
2025-05-19 17:12:13 - juego - [DEBUG] - Procesando eventos Pygame...
2025-05-19 17:12:13 - juego - [DEBUG] - Iniciando ciclo de renderizado...
2025-05-19 17:12:13 - juego - [DEBUG] - Ciclo de renderizado completado (flip ejecutado).
2025-05-19 17:12:13 - juego - [DEBUG] - MENSAJE DE PRUEBA REPETIDO PARA FILTRO
2025-05-19 17:12:13 - juego - [DEBUG] - Procesando eventos Pygame...
2025-05-19 17:12:13 - juego - [DEBUG] - Iniciando ciclo de renderizado...
2025-05-19 17:12:13 - juego - [DEBUG] - Ciclo de renderizado completado (flip ejecutado).
2025-05-19 17:12:14 - juego - [DEBUG] - MENSAJE DE PRUEBA REPETIDO PARA FILTRO
2025-05-19 17:12:14 - juego - [DEBUG] - Procesando eventos Pygame...
2025-05-19 17:12:14 - juego - [DEBUG] - Iniciando ciclo de renderizado...
2025-05-19 17:12:14 - juego - [DEBUG] - Ciclo de renderizado completado (flip ejecutado).
2025-05-19 17:12:14 - juego - [DEBUG] - MENSAJE DE PRUEBA REPETIDO PARA FILTRO
2025-05-19 17:12:14 - juego - [DEBUG] - Procesando eventos Pygame...
2025-05-19 17:12:14 - juego - [DEBUG] - Iniciando ciclo de renderizado...
2025-05-19 17:12:14 - juego - [DEBUG] - Ciclo de renderizado completado (flip ejecutado).
2025-05-19 17:12:14 - juego - [DEBUG] - MENSAJE DE PRUEBA REPETIDO PARA FILTRO
2025-05-19 17:12:14 - juego - [DEBUG] - Procesando eventos Pygame...
2025-05-19 17:12:14 - juego - [DEBUG] - Iniciando ciclo de renderizado...
2025-05-19 17:12:14 - juego - [DEBUG] - Ciclo de renderizado completado (flip ejecutado).
2025-05-19 17:12:14 - juego - [DEBUG] - MENSAJE DE PRUEBA REPETIDO PARA FILTRO
2025-05-19 17:12:14 - juego - [DEBUG] - Procesando eventos Pygame...
2025-05-19 17:12:14 - juego - [DEBUG] - Iniciando ciclo de renderizado...
2025-05-19 17:12:14 - juego - [DEBUG] - Ciclo de renderizado completado (flip ejecutado).
2025-05-19 17:12:14 - juego - [DEBUG] - MENSAJE DE PRUEBA REPETIDO PARA FILTRO
2025-05-19 17:12:14 - juego - [DEBUG] - Procesando eventos Pygame...
2025-05-19 17:12:14 - juego - [DEBUG] - Iniciando ciclo de renderizado...
2025-05-19 17:12:14 - juego - [DEBUG] - Ciclo de renderizado completado (flip ejecutado).
2025-05-19 17:12:14 - juego - [DEBUG] - MENSAJE DE PRUEBA REPETIDO PARA FILTRO
2025-05-19 17:12:14 - juego - [DEBUG] - Procesando eventos Pygame...
2025-05-19 17:12:14 - juego - [DEBUG] - Iniciando ciclo de renderizado...
2025-05-19 17:12:14 - juego - [DEBUG] - Ciclo de renderizado completado (flip ejecutado).
2025-05-19 17:12:14 - juego - [DEBUG] - MENSAJE DE PRUEBA REPETIDO PARA FILTRO
2025-05-19 17:12:14 - juego - [DEBUG] - Procesando eventos Pygame...
2025-05-19 17:12:14 - juego - [DEBUG] - Iniciando ciclo de renderizado...
2025-05-19 17:12:14 - juego - [DEBUG] - Ciclo de renderizado completado (flip ejecutado).
2025-05-19 17:12:14 - juego - [DEBUG] - MENSAJE DE PRUEBA REPETIDO PARA FILTRO
2025-05-19 17:12:14 - juego - [DEBUG] - Procesando eventos Pygame...
2025-05-19 17:12:14 - juego - [DEBUG] - Iniciando ciclo de renderizado...
2025-05-19 17:12:14 - juego - [DEBUG] - Ciclo de renderizado completado (flip ejecutado).
2025-05-19 17:12:14 - juego - [DEBUG] - MENSAJE DE PRUEBA REPETIDO PARA FILTRO
2025-05-19 17:12:14 - juego - [DEBUG] - Procesando eventos Pygame...
2025-05-19 17:12:14 - juego - [DEBUG] - Iniciando ciclo de renderizado...
2025-05-19 17:12:14 - juego - [DEBUG] - Ciclo de renderizado completado (flip ejecutado).
2025-05-19 17:12:14 - juego - [DEBUG] - MENSAJE DE PRUEBA REPETIDO PARA FILTRO
2025-05-19 17:12:14 - juego - [DEBUG] - Procesando eventos Pygame...
2025-05-19 17:12:14 - juego - [DEBUG] - Iniciando ciclo de renderizado...
2025-05-19 17:12:14 - juego - [DEBUG] - Ciclo de renderizado completado (flip ejecutado).
2025-05-19 17:12:14 - juego - [DEBUG] - MENSAJE DE PRUEBA REPETIDO PARA FILTRO
2025-05-19 17:12:14 - juego - [DEBUG] - Procesando eventos Pygame...
2025-05-19 17:12:14 - juego - [DEBUG] - Iniciando ciclo de renderizado...
2025-05-19 17:12:14 - juego - [DEBUG] - Ciclo de renderizado completado (flip ejecutado).
2025-05-19 17:12:14 - juego - [DEBUG] - MENSAJE DE PRUEBA REPETIDO PARA FILTRO
2025-05-19 17:12:14 - juego - [DEBUG] - Procesando eventos Pygame...
2025-05-19 17:12:14 - juego - [DEBUG] - Iniciando ciclo de renderizado...
2025-05-19 17:12:14 - juego - [DEBUG] - Ciclo de renderizado completado (flip ejecutado).
2025-05-19 17:12:14 - juego - [DEBUG] - MENSAJE DE PRUEBA REPETIDO PARA FILTRO
2025-05-19 17:12:14 - juego - [DEBUG] - Procesando eventos Pygame...
2025-05-19 17:12:14 - juego - [DEBUG] - Iniciando ciclo de renderizado...
2025-05-19 17:12:14 - juego - [DEBUG] - Ciclo de renderizado completado (flip ejecutado).
2025-05-19 17:12:14 - juego - [DEBUG] - MENSAJE DE PRUEBA REPETIDO PARA FILTRO
2025-05-19 17:12:14 - juego - [DEBUG] - Procesando eventos Pygame...
2025-05-19 17:12:14 - juego - [DEBUG] - Iniciando ciclo de renderizado...
2025-05-19 17:12:14 - juego - [DEBUG] - Ciclo de renderizado completado (flip ejecutado).
2025-05-19 17:12:14 - juego - [DEBUG] - MENSAJE DE PRUEBA REPETIDO PARA FILTRO
2025-05-19 17:12:14 - juego - [DEBUG] - Procesando eventos Pygame...
2025-05-19 17:12:14 - juego - [DEBUG] - Iniciando ciclo de renderizado...
2025-05-19 17:12:14 - juego - [DEBUG] - Ciclo de renderizado completado (flip ejecutado).
2025-05-19 17:12:14 - juego - [DEBUG] - MENSAJE DE PRUEBA REPETIDO PARA FILTRO
2025-05-19 17:12:14 - juego - [DEBUG] - Procesando eventos Pygame...
2025-05-19 17:12:14 - juego - [DEBUG] - Iniciando ciclo de renderizado...
2025-05-19 17:12:14 - juego - [DEBUG] - Ciclo de renderizado completado (flip ejecutado).
2025-05-19 17:12:14 - juego - [DEBUG] - MENSAJE DE PRUEBA REPETIDO PARA FILTRO
2025-05-19 17:12:15 - juego - [DEBUG] - Procesando eventos Pygame...
2025-05-19 17:12:15 - juego - [DEBUG] - Iniciando ciclo de renderizado...
2025-05-19 17:12:15 - juego - [DEBUG] - Ciclo de renderizado completado (flip ejecutado).
2025-05-19 17:12:15 - juego - [DEBUG] - MENSAJE DE PRUEBA REPETIDO PARA FILTRO
2025-05-19 17:12:15 - juego - [DEBUG] - Procesando eventos Pygame...
2025-05-19 17:12:15 - juego - [DEBUG] - Iniciando ciclo de renderizado...
2025-05-19 17:12:15 - juego - [DEBUG] - Ciclo de renderizado completado (flip ejecutado).
2025-05-19 17:12:15 - juego - [DEBUG] - MENSAJE DE PRUEBA REPETIDO PARA FILTRO
2025-05-19 17:12:15 - juego - [DEBUG] - Procesando eventos Pygame...
2025-05-19 17:12:15 - juego - [DEBUG] - Iniciando ciclo de renderizado...
2025-05-19 17:12:15 - juego - [DEBUG] - Ciclo de renderizado completado (flip ejecutado).
2025-05-19 17:12:15 - juego - [DEBUG] - MENSAJE DE PRUEBA REPETIDO PARA FILTRO
2025-05-19 17:12:15 - juego - [DEBUG] - Procesando eventos Pygame...
2025-05-19 17:12:15 - juego - [DEBUG] - Iniciando ciclo de renderizado...
2025-05-19 17:12:15 - juego - [DEBUG] - Ciclo de renderizado completado (flip ejecutado).
2025-05-19 17:12:15 - juego - [DEBUG] - MENSAJE DE PRUEBA REPETIDO PARA FILTRO
2025-05-19 17:12:15 - juego - [DEBUG] - Iniciando ciclo de renderizado...
2025-05-19 17:12:15 - juego - [DEBUG] - Ciclo de renderizado completado (flip ejecutado).
2025-05-19 17:12:15 - juego - [DEBUG] - Procesando eventos Pygame...
2025-05-19 17:12:15 - juego - [DEBUG] - MENSAJE DE PRUEBA REPETIDO PARA FILTRO
2025-05-19 17:12:15 - juego - [DEBUG] - Iniciando ciclo de renderizado...
2025-05-19 17:12:15 - juego - [DEBUG] - Ciclo de renderizado completado (flip ejecutado).
2025-05-19 17:12:15 - juego - [DEBUG] - Procesando eventos Pygame...
2025-05-19 17:12:15 - juego - [DEBUG] - MENSAJE DE PRUEBA REPETIDO PARA FILTRO
2025-05-19 17:12:15 - juego - [DEBUG] - Iniciando ciclo de renderizado...
2025-05-19 17:12:15 - juego - [DEBUG] - Ciclo de renderizado completado (flip ejecutado).
2025-05-19 17:12:15 - juego - [DEBUG] - Procesando eventos Pygame...
2025-05-19 17:12:15 - juego - [DEBUG] - MENSAJE DE PRUEBA REPETIDO PARA FILTRO
2025-05-19 17:12:15 - juego - [DEBUG] - Procesando eventos Pygame...
2025-05-19 17:12:15 - juego - [DEBUG] - Iniciando ciclo de renderizado...
2025-05-19 17:12:15 - juego - [DEBUG] - Ciclo de renderizado completado (flip ejecutado).
2025-05-19 17:12:15 - juego - [DEBUG] - MENSAJE DE PRUEBA REPETIDO PARA FILTRO
2025-05-19 17:12:15 - juego - [DEBUG] - Procesando eventos Pygame...
2025-05-19 17:12:15 - juego - [DEBUG] - Iniciando ciclo de renderizado...
2025-05-19 17:12:15 - juego - [DEBUG] - Ciclo de renderizado completado (flip ejecutado).
2025-05-19 17:12:15 - juego - [DEBUG] - MENSAJE DE PRUEBA REPETIDO PARA FILTRO
2025-05-19 17:12:15 - juego - [DEBUG] - Ciclo de renderizado completado (flip ejecutado).
2025-05-19 17:12:15 - juego - [DEBUG] - Procesando eventos Pygame...
2025-05-19 17:12:15 - juego - [DEBUG] - Iniciando ciclo de renderizado...
2025-05-19 17:12:15 - juego - [DEBUG] - MENSAJE DE PRUEBA REPETIDO PARA FILTRO
2025-05-19 17:12:15 - juego - [DEBUG] - Ciclo de renderizado completado (flip ejecutado).
2025-05-19 17:12:15 - juego - [DEBUG] - Procesando eventos Pygame...
2025-05-19 17:12:15 - juego - [DEBUG] - Iniciando ciclo de renderizado...
2025-05-19 17:12:15 - juego - [DEBUG] - MENSAJE DE PRUEBA REPETIDO PARA FILTRO
2025-05-19 17:12:15 - juego - [DEBUG] - Iniciando ciclo de renderizado...
2025-05-19 17:12:15 - juego - [DEBUG] - Ciclo de renderizado completado (flip ejecutado).
2025-05-19 17:12:15 - juego - [DEBUG] - MENSAJE DE PRUEBA REPETIDO PARA FILTRO
2025-05-19 17:12:15 - juego - [DEBUG] - Procesando eventos Pygame...
2025-05-19 17:12:15 - juego - [DEBUG] - Iniciando ciclo de renderizado...
2025-05-19 17:12:15 - juego - [DEBUG] - Ciclo de renderizado completado (flip ejecutado).
2025-05-19 17:12:15 - juego - [DEBUG] - MENSAJE DE PRUEBA REPETIDO PARA FILTRO
2025-05-19 17:12:15 - juego - [DEBUG] - Procesando eventos Pygame...
2025-05-19 17:12:15 - juego - [DEBUG] - Iniciando ciclo de renderizado...
2025-05-19 17:12:15 - juego - [DEBUG] - Ciclo de renderizado completado (flip ejecutado).
2025-05-19 17:12:15 - juego - [DEBUG] - MENSAJE DE PRUEBA REPETIDO PARA FILTRO
2025-05-19 17:12:15 - juego - [DEBUG] - Procesando eventos Pygame...
2025-05-19 17:12:15 - juego - [DEBUG] - Iniciando ciclo de renderizado...
2025-05-19 17:12:15 - juego - [DEBUG] - Ciclo de renderizado completado (flip ejecutado).
2025-05-19 17:12:15 - juego - [DEBUG] - MENSAJE DE PRUEBA REPETIDO PARA FILTRO
2025-05-19 17:12:15 - juego - [DEBUG] - Procesando eventos Pygame...
2025-05-19 17:12:15 - juego - [DEBUG] - Iniciando ciclo de renderizado...
2025-05-19 17:12:15 - juego - [DEBUG] - Ciclo de renderizado completado (flip ejecutado).
2025-05-19 17:12:15 - juego - [DEBUG] - MENSAJE DE PRUEBA REPETIDO PARA FILTRO
2025-05-19 17:12:15 - juego - [DEBUG] - Procesando eventos Pygame...
2025-05-19 17:12:15 - juego - [DEBUG] - Iniciando ciclo de renderizado...
2025-05-19 17:12:15 - juego - [DEBUG] - Ciclo de renderizado completado (flip ejecutado).
2025-05-19 17:12:16 - juego - [DEBUG] - MENSAJE DE PRUEBA REPETIDO PARA FILTRO
2025-05-19 17:12:16 - juego - [DEBUG] - Procesando eventos Pygame...
2025-05-19 17:12:16 - juego - [DEBUG] - Iniciando ciclo de renderizado...
2025-05-19 17:12:16 - juego - [DEBUG] - Ciclo de renderizado completado (flip ejecutado).
2025-05-19 17:12:16 - juego - [DEBUG] - MENSAJE DE PRUEBA REPETIDO PARA FILTRO
2025-05-19 17:12:16 - juego - [DEBUG] - Procesando eventos Pygame...
2025-05-19 17:12:16 - juego - [DEBUG] - Iniciando ciclo de renderizado...
2025-05-19 17:12:16 - juego - [DEBUG] - Ciclo de renderizado completado (flip ejecutado).
2025-05-19 17:12:16 - juego - [DEBUG] - MENSAJE DE PRUEBA REPETIDO PARA FILTRO
2025-05-19 17:12:16 - juego - [DEBUG] - Procesando eventos Pygame...
2025-05-19 17:12:16 - juego - [DEBUG] - Iniciando ciclo de renderizado...
2025-05-19 17:12:16 - juego - [DEBUG] - Ciclo de renderizado completado (flip ejecutado).
2025-05-19 17:12:16 - juego - [DEBUG] - MENSAJE DE PRUEBA REPETIDO PARA FILTRO
2025-05-19 17:12:16 - juego - [DEBUG] - Procesando eventos Pygame...
2025-05-19 17:12:16 - juego - [DEBUG] - Iniciando ciclo de renderizado...
2025-05-19 17:12:16 - juego - [DEBUG] - Ciclo de renderizado completado (flip ejecutado).
2025-05-19 17:12:16 - juego - [DEBUG] - MENSAJE DE PRUEBA REPETIDO PARA FILTRO
2025-05-19 17:12:16 - juego - [DEBUG] - Procesando eventos Pygame...
2025-05-19 17:12:16 - juego - [DEBUG] - Iniciando ciclo de renderizado...
2025-05-19 17:12:16 - juego - [DEBUG] - Ciclo de renderizado completado (flip ejecutado).
2025-05-19 17:12:16 - juego - [DEBUG] - MENSAJE DE PRUEBA REPETIDO PARA FILTRO
2025-05-19 17:12:16 - juego - [DEBUG] - Procesando eventos Pygame...
2025-05-19 17:12:16 - juego - [DEBUG] - Iniciando ciclo de renderizado...
2025-05-19 17:12:16 - juego - [DEBUG] - Ciclo de renderizado completado (flip ejecutado).
2025-05-19 17:12:16 - juego - [DEBUG] - MENSAJE DE PRUEBA REPETIDO PARA FILTRO
2025-05-19 17:12:16 - juego - [DEBUG] - Procesando eventos Pygame...
2025-05-19 17:12:16 - juego - [DEBUG] - Iniciando ciclo de renderizado...
2025-05-19 17:12:16 - juego - [DEBUG] - Ciclo de renderizado completado (flip ejecutado).
2025-05-19 17:12:16 - juego - [DEBUG] - MENSAJE DE PRUEBA REPETIDO PARA FILTRO
2025-05-19 17:12:16 - juego - [DEBUG] - Procesando eventos Pygame...
2025-05-19 17:12:16 - juego - [DEBUG] - Iniciando ciclo de renderizado...
2025-05-19 17:12:16 - juego - [DEBUG] - Ciclo de renderizado completado (flip ejecutado).
2025-05-19 17:12:16 - juego - [DEBUG] - MENSAJE DE PRUEBA REPETIDO PARA FILTRO
2025-05-19 17:12:16 - juego - [DEBUG] - Procesando eventos Pygame...
2025-05-19 17:12:16 - juego - [DEBUG] - Iniciando ciclo de renderizado...
2025-05-19 17:12:16 - juego - [DEBUG] - Ciclo de renderizado completado (flip ejecutado).
2025-05-19 17:12:16 - juego - [DEBUG] - MENSAJE DE PRUEBA REPETIDO PARA FILTRO
2025-05-19 17:12:16 - juego - [DEBUG] - Procesando eventos Pygame...
2025-05-19 17:12:16 - juego - [DEBUG] - Iniciando ciclo de renderizado...
2025-05-19 17:12:16 - juego - [DEBUG] - Ciclo de renderizado completado (flip ejecutado).
2025-05-19 17:12:16 - juego - [DEBUG] - MENSAJE DE PRUEBA REPETIDO PARA FILTRO
2025-05-19 17:12:16 - juego - [DEBUG] - Procesando eventos Pygame...
2025-05-19 17:12:16 - juego - [DEBUG] - Iniciando ciclo de renderizado...
2025-05-19 17:12:16 - juego - [DEBUG] - Ciclo de renderizado completado (flip ejecutado).
2025-05-19 17:12:16 - juego - [DEBUG] - MENSAJE DE PRUEBA REPETIDO PARA FILTRO
2025-05-19 17:12:16 - juego - [DEBUG] - Procesando eventos Pygame...
2025-05-19 17:12:16 - juego - [DEBUG] - Iniciando ciclo de renderizado...
2025-05-19 17:12:16 - juego - [DEBUG] - Ciclo de renderizado completado (flip ejecutado).
2025-05-19 17:12:16 - juego - [DEBUG] - MENSAJE DE PRUEBA REPETIDO PARA FILTRO
2025-05-19 17:12:16 - juego - [DEBUG] - Procesando eventos Pygame...
2025-05-19 17:12:16 - juego - [DEBUG] - Iniciando ciclo de renderizado...
2025-05-19 17:12:16 - juego - [DEBUG] - Ciclo de renderizado completado (flip ejecutado).
2025-05-19 17:12:16 - juego - [DEBUG] - MENSAJE DE PRUEBA REPETIDO PARA FILTRO
2025-05-19 17:12:16 - juego - [DEBUG] - Procesando eventos Pygame...
2025-05-19 17:12:16 - juego - [DEBUG] - Iniciando ciclo de renderizado...
2025-05-19 17:12:16 - juego - [DEBUG] - Ciclo de renderizado completado (flip ejecutado).
2025-05-19 17:12:16 - juego - [DEBUG] - MENSAJE DE PRUEBA REPETIDO PARA FILTRO
2025-05-19 17:12:16 - juego - [DEBUG] - Procesando eventos Pygame...
2025-05-19 17:12:16 - juego - [DEBUG] - Iniciando ciclo de renderizado...
2025-05-19 17:12:16 - juego - [DEBUG] - Ciclo de renderizado completado (flip ejecutado).
2025-05-19 17:12:16 - juego - [DEBUG] - MENSAJE DE PRUEBA REPETIDO PARA FILTRO
2025-05-19 17:12:16 - juego - [DEBUG] - Procesando eventos Pygame...
2025-05-19 17:12:16 - juego - [DEBUG] - Iniciando ciclo de renderizado...
2025-05-19 17:12:16 - juego - [DEBUG] - Ciclo de renderizado completado (flip ejecutado).
2025-05-19 17:12:16 - juego - [DEBUG] - MENSAJE DE PRUEBA REPETIDO PARA FILTRO
2025-05-19 17:12:16 - juego - [DEBUG] - Procesando eventos Pygame...
2025-05-19 17:12:17 - juego - [DEBUG] - Iniciando ciclo de renderizado...
2025-05-19 17:12:17 - juego - [DEBUG] - Ciclo de renderizado completado (flip ejecutado).
2025-05-19 17:12:17 - juego - [DEBUG] - MENSAJE DE PRUEBA REPETIDO PARA FILTRO
2025-05-19 17:12:17 - juego - [DEBUG] - Procesando eventos Pygame...
2025-05-19 17:12:17 - juego - [DEBUG] - Iniciando ciclo de renderizado...
2025-05-19 17:12:17 - juego - [DEBUG] - Ciclo de renderizado completado (flip ejecutado).
2025-05-19 17:12:17 - juego - [DEBUG] - MENSAJE DE PRUEBA REPETIDO PARA FILTRO
2025-05-19 17:12:17 - juego - [DEBUG] - Procesando eventos Pygame...
2025-05-19 17:12:17 - juego - [DEBUG] - Iniciando ciclo de renderizado...
2025-05-19 17:12:17 - juego - [DEBUG] - Ciclo de renderizado completado (flip ejecutado).
2025-05-19 17:12:17 - juego - [DEBUG] - MENSAJE DE PRUEBA REPETIDO PARA FILTRO
2025-05-19 17:12:17 - juego - [DEBUG] - Procesando eventos Pygame...
2025-05-19 17:12:17 - juego - [DEBUG] - Iniciando ciclo de renderizado...
2025-05-19 17:12:17 - juego - [DEBUG] - Ciclo de renderizado completado (flip ejecutado).
2025-05-19 17:12:17 - juego - [DEBUG] - MENSAJE DE PRUEBA REPETIDO PARA FILTRO
2025-05-19 17:12:17 - juego - [DEBUG] - Procesando eventos Pygame...
2025-05-19 17:12:17 - juego - [DEBUG] - Iniciando ciclo de renderizado...
2025-05-19 17:12:17 - juego - [DEBUG] - Ciclo de renderizado completado (flip ejecutado).
2025-05-19 17:12:17 - juego - [DEBUG] - MENSAJE DE PRUEBA REPETIDO PARA FILTRO
2025-05-19 17:12:17 - juego - [DEBUG] - Procesando eventos Pygame...
2025-05-19 17:12:17 - juego - [DEBUG] - Iniciando ciclo de renderizado...
2025-05-19 17:12:17 - juego - [DEBUG] - Ciclo de renderizado completado (flip ejecutado).
2025-05-19 17:12:17 - juego - [DEBUG] - MENSAJE DE PRUEBA REPETIDO PARA FILTRO
2025-05-19 17:12:17 - juego - [DEBUG] - Procesando eventos Pygame...
2025-05-19 17:12:17 - juego - [DEBUG] - Iniciando ciclo de renderizado...
2025-05-19 17:12:17 - juego - [DEBUG] - Ciclo de renderizado completado (flip ejecutado).
2025-05-19 17:12:17 - juego - [DEBUG] - MENSAJE DE PRUEBA REPETIDO PARA FILTRO
2025-05-19 17:12:17 - juego - [DEBUG] - Procesando eventos Pygame...
2025-05-19 17:12:17 - juego - [DEBUG] - Iniciando ciclo de renderizado...
2025-05-19 17:12:17 - juego - [DEBUG] - Ciclo de renderizado completado (flip ejecutado).
2025-05-19 17:12:17 - juego - [DEBUG] - MENSAJE DE PRUEBA REPETIDO PARA FILTRO
2025-05-19 17:12:17 - juego - [DEBUG] - Procesando eventos Pygame...
2025-05-19 17:12:17 - juego - [DEBUG] - Iniciando ciclo de renderizado...
2025-05-19 17:12:17 - juego - [DEBUG] - Ciclo de renderizado completado (flip ejecutado).
2025-05-19 17:12:17 - juego - [DEBUG] - Iniciando ciclo de renderizado...
2025-05-19 17:12:17 - juego - [DEBUG] - Ciclo de renderizado completado (flip ejecutado).
2025-05-19 17:12:17 - juego - [DEBUG] - MENSAJE DE PRUEBA REPETIDO PARA FILTRO
2025-05-19 17:12:17 - juego - [DEBUG] - Procesando eventos Pygame...
2025-05-19 17:12:17 - juego - [DEBUG] - MENSAJE DE PRUEBA REPETIDO PARA FILTRO
2025-05-19 17:12:17 - juego - [DEBUG] - Procesando eventos Pygame...
2025-05-19 17:12:17 - juego - [DEBUG] - Iniciando ciclo de renderizado...
2025-05-19 17:12:17 - juego - [DEBUG] - Ciclo de renderizado completado (flip ejecutado).
2025-05-19 17:12:17 - juego - [DEBUG] - MENSAJE DE PRUEBA REPETIDO PARA FILTRO
2025-05-19 17:12:17 - juego - [DEBUG] - Procesando eventos Pygame...
2025-05-19 17:12:17 - juego - [DEBUG] - Iniciando ciclo de renderizado...
2025-05-19 17:12:17 - juego - [DEBUG] - Ciclo de renderizado completado (flip ejecutado).
2025-05-19 17:12:17 - juego - [DEBUG] - MENSAJE DE PRUEBA REPETIDO PARA FILTRO
2025-05-19 17:12:17 - juego - [DEBUG] - Procesando eventos Pygame...
2025-05-19 17:12:17 - juego - [DEBUG] - Iniciando ciclo de renderizado...
2025-05-19 17:12:17 - juego - [DEBUG] - Ciclo de renderizado completado (flip ejecutado).
2025-05-19 17:12:17 - juego - [DEBUG] - MENSAJE DE PRUEBA REPETIDO PARA FILTRO
2025-05-19 17:12:17 - juego - [DEBUG] - Procesando eventos Pygame...
2025-05-19 17:12:17 - juego - [DEBUG] - Iniciando ciclo de renderizado...
2025-05-19 17:12:17 - juego - [DEBUG] - Ciclo de renderizado completado (flip ejecutado).
2025-05-19 17:12:17 - juego - [DEBUG] - MENSAJE DE PRUEBA REPETIDO PARA FILTRO
2025-05-19 17:12:17 - juego - [DEBUG] - Procesando eventos Pygame...
2025-05-19 17:12:17 - juego - [DEBUG] - Iniciando ciclo de renderizado...
2025-05-19 17:12:17 - juego - [DEBUG] - Ciclo de renderizado completado (flip ejecutado).
2025-05-19 17:12:17 - juego - [DEBUG] - MENSAJE DE PRUEBA REPETIDO PARA FILTRO
2025-05-19 17:12:17 - juego - [DEBUG] - Procesando eventos Pygame...
2025-05-19 17:12:17 - juego - [DEBUG] - Iniciando ciclo de renderizado...
2025-05-19 17:12:17 - juego - [DEBUG] - Ciclo de renderizado completado (flip ejecutado).
2025-05-19 17:12:18 - juego - [DEBUG] - MENSAJE DE PRUEBA REPETIDO PARA FILTRO
2025-05-19 17:12:18 - juego - [DEBUG] - Procesando eventos Pygame...
2025-05-19 17:12:18 - juego - [DEBUG] - Iniciando ciclo de renderizado...
2025-05-19 17:12:18 - juego - [DEBUG] - Ciclo de renderizado completado (flip ejecutado).
2025-05-19 17:12:18 - juego - [DEBUG] - MENSAJE DE PRUEBA REPETIDO PARA FILTRO
2025-05-19 17:12:18 - juego - [DEBUG] - Procesando eventos Pygame...
2025-05-19 17:12:18 - juego - [DEBUG] - Iniciando ciclo de renderizado...
2025-05-19 17:12:18 - juego - [DEBUG] - Ciclo de renderizado completado (flip ejecutado).
2025-05-19 17:12:18 - juego - [DEBUG] - MENSAJE DE PRUEBA REPETIDO PARA FILTRO
2025-05-19 17:12:18 - juego - [DEBUG] - Procesando eventos Pygame...
2025-05-19 17:12:18 - juego - [DEBUG] - Iniciando ciclo de renderizado...
2025-05-19 17:12:18 - juego - [DEBUG] - Ciclo de renderizado completado (flip ejecutado).
2025-05-19 17:12:18 - juego - [DEBUG] - MENSAJE DE PRUEBA REPETIDO PARA FILTRO
2025-05-19 17:12:18 - juego - [DEBUG] - Procesando eventos Pygame...
2025-05-19 17:12:18 - juego - [DEBUG] - Iniciando ciclo de renderizado...
2025-05-19 17:12:18 - juego - [DEBUG] - Ciclo de renderizado completado (flip ejecutado).
2025-05-19 17:12:18 - juego - [DEBUG] - MENSAJE DE PRUEBA REPETIDO PARA FILTRO
2025-05-19 17:12:18 - juego - [DEBUG] - Procesando eventos Pygame...
2025-05-19 17:12:18 - juego - [DEBUG] - Iniciando ciclo de renderizado...
2025-05-19 17:12:18 - juego - [DEBUG] - Ciclo de renderizado completado (flip ejecutado).
2025-05-19 17:12:18 - juego - [DEBUG] - MENSAJE DE PRUEBA REPETIDO PARA FILTRO
2025-05-19 17:12:18 - juego - [DEBUG] - Procesando eventos Pygame...
2025-05-19 17:12:18 - juego - [DEBUG] - Iniciando ciclo de renderizado...
2025-05-19 17:12:18 - juego - [DEBUG] - Ciclo de renderizado completado (flip ejecutado).
2025-05-19 17:12:18 - juego - [DEBUG] - MENSAJE DE PRUEBA REPETIDO PARA FILTRO
2025-05-19 17:12:18 - juego - [DEBUG] - Procesando eventos Pygame...
2025-05-19 17:12:18 - juego - [DEBUG] - Iniciando ciclo de renderizado...
2025-05-19 17:12:18 - juego - [DEBUG] - Ciclo de renderizado completado (flip ejecutado).
2025-05-19 17:12:18 - juego - [DEBUG] - MENSAJE DE PRUEBA REPETIDO PARA FILTRO
2025-05-19 17:12:18 - juego - [DEBUG] - Procesando eventos Pygame...
2025-05-19 17:12:18 - juego - [DEBUG] - Iniciando ciclo de renderizado...
2025-05-19 17:12:18 - juego - [DEBUG] - Ciclo de renderizado completado (flip ejecutado).
2025-05-19 17:12:18 - juego - [DEBUG] - MENSAJE DE PRUEBA REPETIDO PARA FILTRO
2025-05-19 17:12:18 - juego - [DEBUG] - Procesando eventos Pygame...
2025-05-19 17:12:18 - juego - [DEBUG] - Iniciando ciclo de renderizado...
2025-05-19 17:12:18 - juego - [DEBUG] - Ciclo de renderizado completado (flip ejecutado).
2025-05-19 17:12:18 - juego - [DEBUG] - MENSAJE DE PRUEBA REPETIDO PARA FILTRO
2025-05-19 17:12:18 - juego - [DEBUG] - Procesando eventos Pygame...
2025-05-19 17:12:18 - juego - [DEBUG] - Iniciando ciclo de renderizado...
2025-05-19 17:12:18 - juego - [DEBUG] - Ciclo de renderizado completado (flip ejecutado).
2025-05-19 17:12:18 - juego - [DEBUG] - MENSAJE DE PRUEBA REPETIDO PARA FILTRO
2025-05-19 17:12:18 - juego - [DEBUG] - Procesando eventos Pygame...
2025-05-19 17:12:18 - juego - [DEBUG] - Iniciando ciclo de renderizado...
2025-05-19 17:12:18 - juego - [DEBUG] - Ciclo de renderizado completado (flip ejecutado).
2025-05-19 17:12:18 - juego - [DEBUG] - MENSAJE DE PRUEBA REPETIDO PARA FILTRO
2025-05-19 17:12:18 - juego - [DEBUG] - Procesando eventos Pygame...
2025-05-19 17:12:18 - juego - [DEBUG] - Iniciando ciclo de renderizado...
2025-05-19 17:12:18 - juego - [DEBUG] - Ciclo de renderizado completado (flip ejecutado).
2025-05-19 17:12:18 - juego - [DEBUG] - MENSAJE DE PRUEBA REPETIDO PARA FILTRO
2025-05-19 17:12:18 - juego - [DEBUG] - Procesando eventos Pygame...
2025-05-19 17:12:18 - juego - [DEBUG] - Iniciando ciclo de renderizado...
2025-05-19 17:12:18 - juego - [DEBUG] - Ciclo de renderizado completado (flip ejecutado).
2025-05-19 17:12:18 - juego - [DEBUG] - MENSAJE DE PRUEBA REPETIDO PARA FILTRO
2025-05-19 17:12:18 - juego - [DEBUG] - Procesando eventos Pygame...
2025-05-19 17:12:18 - juego - [DEBUG] - Iniciando ciclo de renderizado...
2025-05-19 17:12:18 - juego - [DEBUG] - Ciclo de renderizado completado (flip ejecutado).
2025-05-19 17:12:18 - juego - [DEBUG] - MENSAJE DE PRUEBA REPETIDO PARA FILTRO
2025-05-19 17:12:18 - juego - [DEBUG] - Procesando eventos Pygame...
2025-05-19 17:12:18 - juego - [DEBUG] - Iniciando ciclo de renderizado...
2025-05-19 17:12:18 - juego - [DEBUG] - Ciclo de renderizado completado (flip ejecutado).
2025-05-19 17:12:18 - juego - [DEBUG] - MENSAJE DE PRUEBA REPETIDO PARA FILTRO
2025-05-19 17:12:18 - juego - [DEBUG] - Procesando eventos Pygame...
2025-05-19 17:12:18 - juego - [DEBUG] - Iniciando ciclo de renderizado...
2025-05-19 17:12:18 - juego - [DEBUG] - Ciclo de renderizado completado (flip ejecutado).
2025-05-19 17:12:19 - juego - [DEBUG] - MENSAJE DE PRUEBA REPETIDO PARA FILTRO
2025-05-19 17:12:19 - juego - [DEBUG] - Procesando eventos Pygame...
2025-05-19 17:12:19 - juego - [DEBUG] - Iniciando ciclo de renderizado...
2025-05-19 17:12:19 - juego - [DEBUG] - Ciclo de renderizado completado (flip ejecutado).
2025-05-19 17:12:19 - juego - [DEBUG] - MENSAJE DE PRUEBA REPETIDO PARA FILTRO
2025-05-19 17:12:19 - juego - [DEBUG] - Procesando eventos Pygame...
2025-05-19 17:12:19 - juego - [DEBUG] - Iniciando ciclo de renderizado...
2025-05-19 17:12:19 - juego - [DEBUG] - Ciclo de renderizado completado (flip ejecutado).
2025-05-19 17:12:19 - juego - [DEBUG] - Ciclo de renderizado completado (flip ejecutado).
2025-05-19 17:12:19 - juego - [DEBUG] - MENSAJE DE PRUEBA REPETIDO PARA FILTRO
2025-05-19 17:12:19 - juego - [DEBUG] - Procesando eventos Pygame...
2025-05-19 17:12:19 - juego - [DEBUG] - Iniciando ciclo de renderizado...
2025-05-19 17:12:19 - juego - [DEBUG] - Ciclo de renderizado completado (flip ejecutado).
2025-05-19 17:12:19 - juego - [DEBUG] - MENSAJE DE PRUEBA REPETIDO PARA FILTRO
2025-05-19 17:12:19 - juego - [DEBUG] - Procesando eventos Pygame...
2025-05-19 17:12:19 - juego - [DEBUG] - Iniciando ciclo de renderizado...
2025-05-19 17:12:19 - juego - [DEBUG] - Ciclo de renderizado completado (flip ejecutado).
2025-05-19 17:12:19 - juego - [DEBUG] - MENSAJE DE PRUEBA REPETIDO PARA FILTRO
2025-05-19 17:12:19 - juego - [DEBUG] - Procesando eventos Pygame...
2025-05-19 17:12:19 - juego - [DEBUG] - Iniciando ciclo de renderizado...
2025-05-19 17:12:19 - juego - [DEBUG] - Ciclo de renderizado completado (flip ejecutado).
2025-05-19 17:12:19 - juego - [DEBUG] - MENSAJE DE PRUEBA REPETIDO PARA FILTRO
2025-05-19 17:12:19 - juego - [DEBUG] - Procesando eventos Pygame...
2025-05-19 17:12:19 - juego - [DEBUG] - Iniciando ciclo de renderizado...
2025-05-19 17:12:19 - juego - [DEBUG] - Ciclo de renderizado completado (flip ejecutado).
2025-05-19 17:12:19 - juego - [DEBUG] - Iniciando ciclo de renderizado...
2025-05-19 17:12:19 - juego - [DEBUG] - MENSAJE DE PRUEBA REPETIDO PARA FILTRO
2025-05-19 17:12:19 - juego - [DEBUG] - Procesando eventos Pygame...
2025-05-19 17:12:19 - juego - [DEBUG] - Ciclo de renderizado completado (flip ejecutado).
2025-05-19 17:12:19 - juego - [DEBUG] - Iniciando ciclo de renderizado...
2025-05-19 17:12:19 - juego - [DEBUG] - MENSAJE DE PRUEBA REPETIDO PARA FILTRO
2025-05-19 17:12:19 - juego - [DEBUG] - Procesando eventos Pygame...
2025-05-19 17:12:19 - juego - [DEBUG] - Ciclo de renderizado completado (flip ejecutado).
2025-05-19 17:12:19 - juego - [DEBUG] - Iniciando ciclo de renderizado...
2025-05-19 17:12:19 - juego - [DEBUG] - MENSAJE DE PRUEBA REPETIDO PARA FILTRO
2025-05-19 17:12:19 - juego - [DEBUG] - Procesando eventos Pygame...
2025-05-19 17:12:19 - juego - [DEBUG] - Ciclo de renderizado completado (flip ejecutado).
2025-05-19 17:12:19 - juego - [DEBUG] - Iniciando ciclo de renderizado...
2025-05-19 17:12:19 - juego - [DEBUG] - MENSAJE DE PRUEBA REPETIDO PARA FILTRO
2025-05-19 17:12:19 - juego - [DEBUG] - Procesando eventos Pygame...
2025-05-19 17:12:19 - juego - [DEBUG] - Iniciando ciclo de renderizado...
2025-05-19 17:12:19 - juego - [DEBUG] - Ciclo de renderizado completado (flip ejecutado).
2025-05-19 17:12:19 - juego - [DEBUG] - MENSAJE DE PRUEBA REPETIDO PARA FILTRO
2025-05-19 17:12:19 - juego - [DEBUG] - Procesando eventos Pygame...
2025-05-19 17:12:19 - juego - [DEBUG] - Iniciando ciclo de renderizado...
2025-05-19 17:12:19 - juego - [DEBUG] - Ciclo de renderizado completado (flip ejecutado).
2025-05-19 17:12:19 - juego - [DEBUG] - MENSAJE DE PRUEBA REPETIDO PARA FILTRO
2025-05-19 17:12:19 - juego - [DEBUG] - Procesando eventos Pygame...
2025-05-19 17:12:19 - juego - [DEBUG] - Iniciando ciclo de renderizado...
2025-05-19 17:12:19 - juego - [DEBUG] - Ciclo de renderizado completado (flip ejecutado).
2025-05-19 17:12:19 - juego - [DEBUG] - MENSAJE DE PRUEBA REPETIDO PARA FILTRO
2025-05-19 17:12:19 - juego - [DEBUG] - Procesando eventos Pygame...
2025-05-19 17:12:19 - juego - [DEBUG] - Iniciando ciclo de renderizado...
2025-05-19 17:12:19 - juego - [DEBUG] - Ciclo de renderizado completado (flip ejecutado).
2025-05-19 17:12:19 - juego - [DEBUG] - MENSAJE DE PRUEBA REPETIDO PARA FILTRO
2025-05-19 17:12:19 - juego - [DEBUG] - Procesando eventos Pygame...
2025-05-19 17:12:19 - juego - [DEBUG] - Iniciando ciclo de renderizado...
2025-05-19 17:12:19 - juego - [DEBUG] - Ciclo de renderizado completado (flip ejecutado).
2025-05-19 17:12:19 - juego - [DEBUG] - MENSAJE DE PRUEBA REPETIDO PARA FILTRO
2025-05-19 17:12:19 - juego - [DEBUG] - Procesando eventos Pygame...
2025-05-19 17:12:19 - juego - [DEBUG] - Iniciando ciclo de renderizado...
2025-05-19 17:12:19 - juego - [DEBUG] - Ciclo de renderizado completado (flip ejecutado).
2025-05-19 17:12:19 - juego - [DEBUG] - MENSAJE DE PRUEBA REPETIDO PARA FILTRO
2025-05-19 17:12:19 - juego - [DEBUG] - Procesando eventos Pygame...
2025-05-19 17:12:19 - juego - [DEBUG] - Iniciando ciclo de renderizado...
2025-05-19 17:12:19 - juego - [DEBUG] - Ciclo de renderizado completado (flip ejecutado).
2025-05-19 17:12:20 - juego - [DEBUG] - MENSAJE DE PRUEBA REPETIDO PARA FILTRO
2025-05-19 17:12:20 - juego - [DEBUG] - Procesando eventos Pygame...
2025-05-19 17:12:20 - juego - [DEBUG] - Iniciando ciclo de renderizado...
2025-05-19 17:12:20 - juego - [DEBUG] - Ciclo de renderizado completado (flip ejecutado).
2025-05-19 17:12:20 - juego - [DEBUG] - MENSAJE DE PRUEBA REPETIDO PARA FILTRO
2025-05-19 17:12:20 - juego - [DEBUG] - Procesando eventos Pygame...
2025-05-19 17:12:20 - juego - [DEBUG] - Iniciando ciclo de renderizado...
2025-05-19 17:12:20 - juego - [DEBUG] - Ciclo de renderizado completado (flip ejecutado).
2025-05-19 17:12:20 - juego - [DEBUG] - MENSAJE DE PRUEBA REPETIDO PARA FILTRO
2025-05-19 17:12:20 - juego - [DEBUG] - Procesando eventos Pygame...
2025-05-19 17:12:20 - juego - [DEBUG] - Iniciando ciclo de renderizado...
2025-05-19 17:12:20 - juego - [DEBUG] - Ciclo de renderizado completado (flip ejecutado).
2025-05-19 17:12:20 - juego - [DEBUG] - MENSAJE DE PRUEBA REPETIDO PARA FILTRO
2025-05-19 17:12:20 - juego - [DEBUG] - Procesando eventos Pygame...
2025-05-19 17:12:20 - juego - [DEBUG] - Iniciando ciclo de renderizado...
2025-05-19 17:12:20 - juego - [DEBUG] - Ciclo de renderizado completado (flip ejecutado).
2025-05-19 17:12:20 - juego - [DEBUG] - MENSAJE DE PRUEBA REPETIDO PARA FILTRO
2025-05-19 17:12:20 - juego - [DEBUG] - Procesando eventos Pygame...
2025-05-19 17:12:20 - juego - [DEBUG] - Iniciando ciclo de renderizado...
2025-05-19 17:12:20 - juego - [DEBUG] - Ciclo de renderizado completado (flip ejecutado).
2025-05-19 17:12:20 - juego - [DEBUG] - MENSAJE DE PRUEBA REPETIDO PARA FILTRO
2025-05-19 17:12:20 - juego - [DEBUG] - Procesando eventos Pygame...
2025-05-19 17:12:20 - juego - [DEBUG] - Iniciando ciclo de renderizado...
2025-05-19 17:12:20 - juego - [DEBUG] - Ciclo de renderizado completado (flip ejecutado).
2025-05-19 17:12:20 - juego - [DEBUG] - MENSAJE DE PRUEBA REPETIDO PARA FILTRO
2025-05-19 17:12:20 - juego - [DEBUG] - Procesando eventos Pygame...
2025-05-19 17:12:20 - juego - [DEBUG] - Iniciando ciclo de renderizado...
2025-05-19 17:12:20 - juego - [DEBUG] - Ciclo de renderizado completado (flip ejecutado).
2025-05-19 17:12:20 - juego - [DEBUG] - MENSAJE DE PRUEBA REPETIDO PARA FILTRO
2025-05-19 17:12:20 - juego - [DEBUG] - Procesando eventos Pygame...
2025-05-19 17:12:20 - juego - [DEBUG] - Iniciando ciclo de renderizado...
2025-05-19 17:12:20 - juego - [DEBUG] - Ciclo de renderizado completado (flip ejecutado).
2025-05-19 17:12:20 - juego - [DEBUG] - MENSAJE DE PRUEBA REPETIDO PARA FILTRO
2025-05-19 17:12:20 - juego - [DEBUG] - Procesando eventos Pygame...
2025-05-19 17:12:20 - juego - [DEBUG] - Iniciando ciclo de renderizado...
2025-05-19 17:12:20 - juego - [DEBUG] - Ciclo de renderizado completado (flip ejecutado).
2025-05-19 17:12:20 - juego - [DEBUG] - MENSAJE DE PRUEBA REPETIDO PARA FILTRO
2025-05-19 17:12:20 - juego - [DEBUG] - Procesando eventos Pygame...
2025-05-19 17:12:20 - juego - [DEBUG] - Iniciando ciclo de renderizado...
2025-05-19 17:12:20 - juego - [DEBUG] - Ciclo de renderizado completado (flip ejecutado).
2025-05-19 17:12:20 - juego - [DEBUG] - MENSAJE DE PRUEBA REPETIDO PARA FILTRO
2025-05-19 17:12:20 - juego - [DEBUG] - Procesando eventos Pygame...
2025-05-19 17:12:20 - juego - [DEBUG] - Iniciando ciclo de renderizado...
2025-05-19 17:12:20 - juego - [DEBUG] - Ciclo de renderizado completado (flip ejecutado).
2025-05-19 17:12:20 - juego - [DEBUG] - MENSAJE DE PRUEBA REPETIDO PARA FILTRO
2025-05-19 17:12:20 - juego - [DEBUG] - Procesando eventos Pygame...
2025-05-19 17:12:20 - juego - [DEBUG] - Iniciando ciclo de renderizado...
2025-05-19 17:12:20 - juego - [DEBUG] - Ciclo de renderizado completado (flip ejecutado).
2025-05-19 17:12:20 - juego - [DEBUG] - MENSAJE DE PRUEBA REPETIDO PARA FILTRO
2025-05-19 17:12:20 - juego - [DEBUG] - Procesando eventos Pygame...
2025-05-19 17:12:20 - juego - [DEBUG] - Iniciando ciclo de renderizado...
2025-05-19 17:12:20 - juego - [DEBUG] - Ciclo de renderizado completado (flip ejecutado).
2025-05-19 17:12:20 - juego - [DEBUG] - MENSAJE DE PRUEBA REPETIDO PARA FILTRO
2025-05-19 17:12:20 - juego - [DEBUG] - Procesando eventos Pygame...
2025-05-19 17:12:20 - juego - [DEBUG] - Iniciando ciclo de renderizado...
2025-05-19 17:12:20 - juego - [DEBUG] - Ciclo de renderizado completado (flip ejecutado).
2025-05-19 17:12:20 - juego - [DEBUG] - MENSAJE DE PRUEBA REPETIDO PARA FILTRO
2025-05-19 17:12:20 - juego - [DEBUG] - Procesando eventos Pygame...
2025-05-19 17:12:20 - juego - [DEBUG] - Iniciando ciclo de renderizado...
2025-05-19 17:12:20 - juego - [DEBUG] - Ciclo de renderizado completado (flip ejecutado).
2025-05-19 17:12:20 - juego - [DEBUG] - MENSAJE DE PRUEBA REPETIDO PARA FILTRO
2025-05-19 17:12:20 - juego - [DEBUG] - Procesando eventos Pygame...
2025-05-19 17:12:20 - juego - [DEBUG] - Iniciando ciclo de renderizado...
2025-05-19 17:12:20 - juego - [DEBUG] - Ciclo de renderizado completado (flip ejecutado).
2025-05-19 17:12:21 - juego - [DEBUG] - MENSAJE DE PRUEBA REPETIDO PARA FILTRO
2025-05-19 17:12:21 - juego - [DEBUG] - Procesando eventos Pygame...
2025-05-19 17:12:21 - juego - [DEBUG] - Iniciando ciclo de renderizado...
2025-05-19 17:12:21 - juego - [DEBUG] - Ciclo de renderizado completado (flip ejecutado).
2025-05-19 17:12:21 - juego - [DEBUG] - MENSAJE DE PRUEBA REPETIDO PARA FILTRO
2025-05-19 17:12:21 - juego - [DEBUG] - Procesando eventos Pygame...
2025-05-19 17:12:21 - juego - [DEBUG] - Iniciando ciclo de renderizado...
2025-05-19 17:12:21 - juego - [DEBUG] - Ciclo de renderizado completado (flip ejecutado).
2025-05-19 17:12:21 - juego - [DEBUG] - MENSAJE DE PRUEBA REPETIDO PARA FILTRO
2025-05-19 17:12:21 - juego - [DEBUG] - Procesando eventos Pygame...
2025-05-19 17:12:21 - juego - [DEBUG] - Iniciando ciclo de renderizado...
2025-05-19 17:12:21 - juego - [DEBUG] - Ciclo de renderizado completado (flip ejecutado).
2025-05-19 17:12:21 - juego - [DEBUG] - MENSAJE DE PRUEBA REPETIDO PARA FILTRO
2025-05-19 17:12:21 - juego - [DEBUG] - Procesando eventos Pygame...
2025-05-19 17:12:21 - juego - [DEBUG] - Iniciando ciclo de renderizado...
2025-05-19 17:12:21 - juego - [DEBUG] - Ciclo de renderizado completado (flip ejecutado).
2025-05-19 17:12:21 - juego - [DEBUG] - MENSAJE DE PRUEBA REPETIDO PARA FILTRO
2025-05-19 17:12:21 - juego - [DEBUG] - Procesando eventos Pygame...
2025-05-19 17:12:21 - juego - [DEBUG] - Iniciando ciclo de renderizado...
2025-05-19 17:12:21 - juego - [DEBUG] - Ciclo de renderizado completado (flip ejecutado).
2025-05-19 17:12:21 - juego - [DEBUG] - MENSAJE DE PRUEBA REPETIDO PARA FILTRO
2025-05-19 17:12:21 - juego - [DEBUG] - Procesando eventos Pygame...
2025-05-19 17:12:21 - juego - [DEBUG] - Iniciando ciclo de renderizado...
2025-05-19 17:12:21 - juego - [DEBUG] - Ciclo de renderizado completado (flip ejecutado).
2025-05-19 17:12:21 - juego - [DEBUG] - MENSAJE DE PRUEBA REPETIDO PARA FILTRO
2025-05-19 17:12:21 - juego - [DEBUG] - Procesando eventos Pygame...
2025-05-19 17:12:21 - juego - [DEBUG] - Iniciando ciclo de renderizado...
2025-05-19 17:12:21 - juego - [DEBUG] - Ciclo de renderizado completado (flip ejecutado).
2025-05-19 17:12:21 - juego - [DEBUG] - MENSAJE DE PRUEBA REPETIDO PARA FILTRO
2025-05-19 17:12:21 - juego - [DEBUG] - Procesando eventos Pygame...
2025-05-19 17:12:21 - juego - [DEBUG] - Iniciando ciclo de renderizado...
2025-05-19 17:12:21 - juego - [DEBUG] - Ciclo de renderizado completado (flip ejecutado).
2025-05-19 17:12:21 - juego - [DEBUG] - Iniciando ciclo de renderizado...
2025-05-19 17:12:21 - juego - [DEBUG] - Ciclo de renderizado completado (flip ejecutado).
2025-05-19 17:12:21 - juego - [DEBUG] - MENSAJE DE PRUEBA REPETIDO PARA FILTRO
2025-05-19 17:12:21 - juego - [DEBUG] - Procesando eventos Pygame...
2025-05-19 17:12:21 - juego - [DEBUG] - Iniciando ciclo de renderizado...
2025-05-19 17:12:21 - juego - [DEBUG] - Ciclo de renderizado completado (flip ejecutado).
2025-05-19 17:12:21 - juego - [DEBUG] - MENSAJE DE PRUEBA REPETIDO PARA FILTRO
2025-05-19 17:12:21 - juego - [DEBUG] - Procesando eventos Pygame...
2025-05-19 17:12:21 - juego - [DEBUG] - Iniciando ciclo de renderizado...
2025-05-19 17:12:21 - juego - [DEBUG] - Ciclo de renderizado completado (flip ejecutado).
2025-05-19 17:12:21 - juego - [DEBUG] - MENSAJE DE PRUEBA REPETIDO PARA FILTRO
2025-05-19 17:12:21 - juego - [DEBUG] - Procesando eventos Pygame...
2025-05-19 17:12:21 - juego - [DEBUG] - Iniciando ciclo de renderizado...
2025-05-19 17:12:21 - juego - [DEBUG] - Ciclo de renderizado completado (flip ejecutado).
2025-05-19 17:12:21 - juego - [DEBUG] - MENSAJE DE PRUEBA REPETIDO PARA FILTRO
2025-05-19 17:12:21 - juego - [DEBUG] - Procesando eventos Pygame...
2025-05-19 17:12:21 - juego - [DEBUG] - Iniciando ciclo de renderizado...
2025-05-19 17:12:21 - juego - [DEBUG] - Ciclo de renderizado completado (flip ejecutado).
2025-05-19 17:12:21 - juego - [DEBUG] - MENSAJE DE PRUEBA REPETIDO PARA FILTRO
2025-05-19 17:12:21 - juego - [DEBUG] - Procesando eventos Pygame...
2025-05-19 17:12:21 - juego - [DEBUG] - Iniciando ciclo de renderizado...
2025-05-19 17:12:21 - juego - [DEBUG] - Ciclo de renderizado completado (flip ejecutado).
2025-05-19 17:12:21 - juego - [DEBUG] - MENSAJE DE PRUEBA REPETIDO PARA FILTRO
2025-05-19 17:12:21 - juego - [DEBUG] - Procesando eventos Pygame...
2025-05-19 17:12:21 - juego - [DEBUG] - Iniciando ciclo de renderizado...
2025-05-19 17:12:21 - juego - [DEBUG] - Ciclo de renderizado completado (flip ejecutado).
2025-05-19 17:12:21 - juego - [DEBUG] - MENSAJE DE PRUEBA REPETIDO PARA FILTRO
2025-05-19 17:12:21 - juego - [DEBUG] - Procesando eventos Pygame...
2025-05-19 17:12:21 - juego - [DEBUG] - Iniciando ciclo de renderizado...
2025-05-19 17:12:21 - juego - [DEBUG] - Ciclo de renderizado completado (flip ejecutado).
2025-05-19 17:12:21 - juego - [DEBUG] - MENSAJE DE PRUEBA REPETIDO PARA FILTRO
2025-05-19 17:12:21 - juego - [DEBUG] - Procesando eventos Pygame...
2025-05-19 17:12:22 - juego - [DEBUG] - Iniciando ciclo de renderizado...
2025-05-19 17:12:22 - juego - [DEBUG] - Ciclo de renderizado completado (flip ejecutado).
2025-05-19 17:12:22 - juego - [DEBUG] - MENSAJE DE PRUEBA REPETIDO PARA FILTRO
2025-05-19 17:12:22 - juego - [DEBUG] - Procesando eventos Pygame...
2025-05-19 17:12:22 - juego - [DEBUG] - Iniciando ciclo de renderizado...
2025-05-19 17:12:22 - juego - [DEBUG] - Ciclo de renderizado completado (flip ejecutado).
2025-05-19 17:12:22 - juego - [DEBUG] - MENSAJE DE PRUEBA REPETIDO PARA FILTRO
2025-05-19 17:12:22 - juego - [DEBUG] - Procesando eventos Pygame...
2025-05-19 17:12:22 - juego - [DEBUG] - Iniciando ciclo de renderizado...
2025-05-19 17:12:22 - juego - [DEBUG] - Ciclo de renderizado completado (flip ejecutado).
2025-05-19 17:12:22 - juego - [DEBUG] - MENSAJE DE PRUEBA REPETIDO PARA FILTRO
2025-05-19 17:12:22 - juego - [DEBUG] - Procesando eventos Pygame...
2025-05-19 17:12:22 - juego - [DEBUG] - Iniciando ciclo de renderizado...
2025-05-19 17:12:22 - juego - [DEBUG] - Ciclo de renderizado completado (flip ejecutado).
2025-05-19 17:12:22 - juego - [DEBUG] - MENSAJE DE PRUEBA REPETIDO PARA FILTRO
2025-05-19 17:12:22 - juego - [DEBUG] - Procesando eventos Pygame...
2025-05-19 17:12:22 - juego - [DEBUG] - Iniciando ciclo de renderizado...
2025-05-19 17:12:22 - juego - [DEBUG] - Ciclo de renderizado completado (flip ejecutado).
2025-05-19 17:12:22 - juego - [DEBUG] - MENSAJE DE PRUEBA REPETIDO PARA FILTRO
2025-05-19 17:12:22 - juego - [DEBUG] - Procesando eventos Pygame...
2025-05-19 17:12:22 - juego - [DEBUG] - Iniciando ciclo de renderizado...
2025-05-19 17:12:22 - juego - [DEBUG] - Ciclo de renderizado completado (flip ejecutado).
2025-05-19 17:12:22 - juego - [DEBUG] - MENSAJE DE PRUEBA REPETIDO PARA FILTRO
2025-05-19 17:12:22 - juego - [DEBUG] - Procesando eventos Pygame...
2025-05-19 17:12:22 - juego - [DEBUG] - Iniciando ciclo de renderizado...
2025-05-19 17:12:22 - juego - [DEBUG] - Ciclo de renderizado completado (flip ejecutado).
2025-05-19 17:12:22 - juego - [DEBUG] - MENSAJE DE PRUEBA REPETIDO PARA FILTRO
2025-05-19 17:12:22 - juego - [DEBUG] - Procesando eventos Pygame...
2025-05-19 17:12:22 - juego - [DEBUG] - Iniciando ciclo de renderizado...
2025-05-19 17:12:22 - juego - [DEBUG] - Ciclo de renderizado completado (flip ejecutado).
2025-05-19 17:12:22 - juego - [DEBUG] - MENSAJE DE PRUEBA REPETIDO PARA FILTRO
2025-05-19 17:12:22 - juego - [DEBUG] - Procesando eventos Pygame...
2025-05-19 17:12:22 - juego - [DEBUG] - Iniciando ciclo de renderizado...
2025-05-19 17:12:22 - juego - [DEBUG] - Ciclo de renderizado completado (flip ejecutado).
2025-05-19 17:12:22 - juego - [DEBUG] - MENSAJE DE PRUEBA REPETIDO PARA FILTRO
2025-05-19 17:12:22 - juego - [DEBUG] - Procesando eventos Pygame...
2025-05-19 17:12:22 - juego - [DEBUG] - Iniciando ciclo de renderizado...
2025-05-19 17:12:22 - juego - [DEBUG] - Ciclo de renderizado completado (flip ejecutado).
2025-05-19 17:12:22 - juego - [DEBUG] - MENSAJE DE PRUEBA REPETIDO PARA FILTRO
2025-05-19 17:12:22 - juego - [DEBUG] - Procesando eventos Pygame...
2025-05-19 17:12:22 - juego - [DEBUG] - Iniciando ciclo de renderizado...
2025-05-19 17:12:22 - juego - [DEBUG] - Ciclo de renderizado completado (flip ejecutado).
2025-05-19 17:12:22 - juego - [DEBUG] - MENSAJE DE PRUEBA REPETIDO PARA FILTRO
2025-05-19 17:12:22 - juego - [DEBUG] - Procesando eventos Pygame...
2025-05-19 17:12:22 - juego - [DEBUG] - Iniciando ciclo de renderizado...
2025-05-19 17:12:22 - juego - [DEBUG] - Ciclo de renderizado completado (flip ejecutado).
2025-05-19 17:12:22 - juego - [DEBUG] - MENSAJE DE PRUEBA REPETIDO PARA FILTRO
2025-05-19 17:12:22 - juego - [DEBUG] - Procesando eventos Pygame...
2025-05-19 17:12:22 - juego - [DEBUG] - Iniciando ciclo de renderizado...
2025-05-19 17:12:22 - juego - [DEBUG] - Ciclo de renderizado completado (flip ejecutado).
2025-05-19 17:12:22 - juego - [DEBUG] - MENSAJE DE PRUEBA REPETIDO PARA FILTRO
2025-05-19 17:12:22 - juego - [DEBUG] - Procesando eventos Pygame...
2025-05-19 17:12:22 - juego - [DEBUG] - Iniciando ciclo de renderizado...
2025-05-19 17:12:22 - juego - [DEBUG] - Ciclo de renderizado completado (flip ejecutado).
2025-05-19 17:12:22 - juego - [DEBUG] - MENSAJE DE PRUEBA REPETIDO PARA FILTRO
2025-05-19 17:12:22 - juego - [DEBUG] - Procesando eventos Pygame...
2025-05-19 17:12:22 - juego - [DEBUG] - Iniciando ciclo de renderizado...
2025-05-19 17:12:22 - juego - [DEBUG] - Ciclo de renderizado completado (flip ejecutado).
2025-05-19 17:12:22 - juego - [DEBUG] - MENSAJE DE PRUEBA REPETIDO PARA FILTRO
2025-05-19 17:12:22 - juego - [DEBUG] - Procesando eventos Pygame...
2025-05-19 17:12:22 - juego - [DEBUG] - Iniciando ciclo de renderizado...
2025-05-19 17:12:22 - juego - [DEBUG] - Ciclo de renderizado completado (flip ejecutado).
2025-05-19 17:12:23 - juego - [DEBUG] - MENSAJE DE PRUEBA REPETIDO PARA FILTRO
2025-05-19 17:12:23 - juego - [DEBUG] - Procesando eventos Pygame...
2025-05-19 17:12:23 - juego - [DEBUG] - Iniciando ciclo de renderizado...
2025-05-19 17:12:23 - juego - [DEBUG] - Ciclo de renderizado completado (flip ejecutado).
2025-05-19 17:12:23 - juego - [DEBUG] - MENSAJE DE PRUEBA REPETIDO PARA FILTRO
2025-05-19 17:12:23 - juego - [DEBUG] - Procesando eventos Pygame...
2025-05-19 17:12:23 - juego - [DEBUG] - Iniciando ciclo de renderizado...
2025-05-19 17:12:23 - juego - [DEBUG] - Ciclo de renderizado completado (flip ejecutado).
2025-05-19 17:12:23 - juego - [DEBUG] - MENSAJE DE PRUEBA REPETIDO PARA FILTRO
2025-05-19 17:12:23 - juego - [DEBUG] - Procesando eventos Pygame...
2025-05-19 17:12:23 - juego - [DEBUG] - Iniciando ciclo de renderizado...
2025-05-19 17:12:23 - juego - [DEBUG] - Ciclo de renderizado completado (flip ejecutado).
2025-05-19 17:12:23 - juego - [DEBUG] - MENSAJE DE PRUEBA REPETIDO PARA FILTRO
2025-05-19 17:12:23 - juego - [DEBUG] - Procesando eventos Pygame...
2025-05-19 17:12:23 - juego - [DEBUG] - Iniciando ciclo de renderizado...
2025-05-19 17:12:23 - juego - [DEBUG] - Ciclo de renderizado completado (flip ejecutado).
2025-05-19 17:12:23 - juego - [DEBUG] - MENSAJE DE PRUEBA REPETIDO PARA FILTRO
2025-05-19 17:12:23 - juego - [DEBUG] - Procesando eventos Pygame...
2025-05-19 17:12:23 - juego - [DEBUG] - Iniciando ciclo de renderizado...
2025-05-19 17:12:23 - juego - [DEBUG] - Ciclo de renderizado completado (flip ejecutado).
2025-05-19 17:12:23 - juego - [DEBUG] - MENSAJE DE PRUEBA REPETIDO PARA FILTRO
2025-05-19 17:12:23 - juego - [DEBUG] - Procesando eventos Pygame...
2025-05-19 17:12:23 - juego - [DEBUG] - Iniciando ciclo de renderizado...
2025-05-19 17:12:23 - juego - [DEBUG] - Ciclo de renderizado completado (flip ejecutado).
2025-05-19 17:12:23 - juego - [DEBUG] - MENSAJE DE PRUEBA REPETIDO PARA FILTRO
2025-05-19 17:12:23 - juego - [DEBUG] - Procesando eventos Pygame...
2025-05-19 17:12:23 - juego - [DEBUG] - Iniciando ciclo de renderizado...
2025-05-19 17:12:23 - juego - [DEBUG] - Ciclo de renderizado completado (flip ejecutado).
2025-05-19 17:12:23 - juego - [DEBUG] - MENSAJE DE PRUEBA REPETIDO PARA FILTRO
2025-05-19 17:12:23 - juego - [DEBUG] - Procesando eventos Pygame...
2025-05-19 17:12:23 - juego - [DEBUG] - Iniciando ciclo de renderizado...
2025-05-19 17:12:23 - juego - [DEBUG] - Ciclo de renderizado completado (flip ejecutado).
2025-05-19 17:12:23 - juego - [DEBUG] - MENSAJE DE PRUEBA REPETIDO PARA FILTRO
2025-05-19 17:12:23 - juego - [DEBUG] - Procesando eventos Pygame...
2025-05-19 17:12:23 - juego - [DEBUG] - Iniciando ciclo de renderizado...
2025-05-19 17:12:23 - juego - [DEBUG] - Ciclo de renderizado completado (flip ejecutado).
2025-05-19 17:12:23 - juego - [DEBUG] - MENSAJE DE PRUEBA REPETIDO PARA FILTRO
2025-05-19 17:12:23 - juego - [DEBUG] - Procesando eventos Pygame...
2025-05-19 17:12:23 - juego - [DEBUG] - Iniciando ciclo de renderizado...
2025-05-19 17:12:23 - juego - [DEBUG] - Ciclo de renderizado completado (flip ejecutado).
2025-05-19 17:12:23 - juego - [DEBUG] - MENSAJE DE PRUEBA REPETIDO PARA FILTRO
2025-05-19 17:12:23 - juego - [DEBUG] - Procesando eventos Pygame...
2025-05-19 17:12:23 - juego - [DEBUG] - Iniciando ciclo de renderizado...
2025-05-19 17:12:23 - juego - [DEBUG] - Ciclo de renderizado completado (flip ejecutado).
2025-05-19 17:12:23 - juego - [DEBUG] - MENSAJE DE PRUEBA REPETIDO PARA FILTRO
2025-05-19 17:12:23 - juego - [DEBUG] - Procesando eventos Pygame...
2025-05-19 17:12:23 - juego - [DEBUG] - Iniciando ciclo de renderizado...
2025-05-19 17:12:23 - juego - [DEBUG] - Ciclo de renderizado completado (flip ejecutado).
2025-05-19 17:12:23 - juego - [DEBUG] - MENSAJE DE PRUEBA REPETIDO PARA FILTRO
2025-05-19 17:12:23 - juego - [DEBUG] - Procesando eventos Pygame...
2025-05-19 17:12:23 - juego - [DEBUG] - Iniciando ciclo de renderizado...
2025-05-19 17:12:23 - juego - [DEBUG] - Ciclo de renderizado completado (flip ejecutado).
2025-05-19 17:12:23 - juego - [DEBUG] - MENSAJE DE PRUEBA REPETIDO PARA FILTRO
2025-05-19 17:12:23 - juego - [DEBUG] - Procesando eventos Pygame...
2025-05-19 17:12:23 - juego - [DEBUG] - Iniciando ciclo de renderizado...
2025-05-19 17:12:23 - juego - [DEBUG] - Ciclo de renderizado completado (flip ejecutado).
2025-05-19 17:12:23 - juego - [DEBUG] - MENSAJE DE PRUEBA REPETIDO PARA FILTRO
2025-05-19 17:12:23 - juego - [DEBUG] - Procesando eventos Pygame...
2025-05-19 17:12:23 - juego - [DEBUG] - Iniciando ciclo de renderizado...
2025-05-19 17:12:23 - juego - [DEBUG] - Ciclo de renderizado completado (flip ejecutado).
2025-05-19 17:12:23 - juego - [DEBUG] - MENSAJE DE PRUEBA REPETIDO PARA FILTRO
2025-05-19 17:12:23 - juego - [DEBUG] - Procesando eventos Pygame...
2025-05-19 17:12:23 - juego - [DEBUG] - Iniciando ciclo de renderizado...
2025-05-19 17:12:23 - juego - [DEBUG] - Ciclo de renderizado completado (flip ejecutado).
2025-05-19 17:12:23 - juego - [DEBUG] - MENSAJE DE PRUEBA REPETIDO PARA FILTRO
2025-05-19 17:12:23 - juego - [DEBUG] - Procesando eventos Pygame...
2025-05-19 17:12:24 - juego - [DEBUG] - Iniciando ciclo de renderizado...
2025-05-19 17:12:24 - juego - [DEBUG] - Ciclo de renderizado completado (flip ejecutado).
2025-05-19 17:12:24 - juego - [DEBUG] - MENSAJE DE PRUEBA REPETIDO PARA FILTRO
2025-05-19 17:12:24 - juego - [DEBUG] - Procesando eventos Pygame...
2025-05-19 17:12:24 - juego - [DEBUG] - Iniciando ciclo de renderizado...
2025-05-19 17:12:24 - juego - [DEBUG] - Ciclo de renderizado completado (flip ejecutado).
2025-05-19 17:12:24 - juego - [DEBUG] - MENSAJE DE PRUEBA REPETIDO PARA FILTRO
2025-05-19 17:12:24 - juego - [DEBUG] - Procesando eventos Pygame...
2025-05-19 17:12:24 - juego - [DEBUG] - Iniciando ciclo de renderizado...
2025-05-19 17:12:24 - juego - [DEBUG] - Ciclo de renderizado completado (flip ejecutado).
2025-05-19 17:12:24 - juego - [DEBUG] - MENSAJE DE PRUEBA REPETIDO PARA FILTRO
2025-05-19 17:12:24 - juego - [DEBUG] - Procesando eventos Pygame...
2025-05-19 17:12:24 - juego - [DEBUG] - Iniciando ciclo de renderizado...
2025-05-19 17:12:24 - juego - [DEBUG] - Ciclo de renderizado completado (flip ejecutado).
2025-05-19 17:12:24 - juego - [DEBUG] - MENSAJE DE PRUEBA REPETIDO PARA FILTRO
2025-05-19 17:12:24 - juego - [DEBUG] - Procesando eventos Pygame...
2025-05-19 17:12:24 - juego - [DEBUG] - Iniciando ciclo de renderizado...
2025-05-19 17:12:24 - juego - [DEBUG] - MENSAJE DE PRUEBA REPETIDO PARA FILTRO
2025-05-19 17:12:24 - juego - [DEBUG] - Procesando eventos Pygame...
2025-05-19 17:12:24 - juego - [DEBUG] - Ciclo de renderizado completado (flip ejecutado).
2025-05-19 17:12:24 - juego - [DEBUG] - Iniciando ciclo de renderizado...
2025-05-19 17:12:24 - juego - [DEBUG] - MENSAJE DE PRUEBA REPETIDO PARA FILTRO
2025-05-19 17:12:24 - juego - [DEBUG] - Procesando eventos Pygame...
2025-05-19 17:12:24 - juego - [DEBUG] - Ciclo de renderizado completado (flip ejecutado).
2025-05-19 17:12:24 - juego - [DEBUG] - Iniciando ciclo de renderizado...
2025-05-19 17:12:24 - juego - [DEBUG] - MENSAJE DE PRUEBA REPETIDO PARA FILTRO
2025-05-19 17:12:24 - juego - [DEBUG] - Procesando eventos Pygame...
2025-05-19 17:12:24 - juego - [DEBUG] - Ciclo de renderizado completado (flip ejecutado).
2025-05-19 17:12:24 - juego - [DEBUG] - Iniciando ciclo de renderizado...
2025-05-19 17:12:24 - juego - [DEBUG] - Ciclo de renderizado completado (flip ejecutado).
2025-05-19 17:12:24 - juego - [DEBUG] - MENSAJE DE PRUEBA REPETIDO PARA FILTRO
2025-05-19 17:12:24 - juego - [DEBUG] - Procesando eventos Pygame...
2025-05-19 17:12:24 - juego - [DEBUG] - Iniciando ciclo de renderizado...
2025-05-19 17:12:24 - juego - [DEBUG] - Ciclo de renderizado completado (flip ejecutado).
2025-05-19 17:12:24 - juego - [DEBUG] - MENSAJE DE PRUEBA REPETIDO PARA FILTRO
2025-05-19 17:12:24 - juego - [DEBUG] - Procesando eventos Pygame...
2025-05-19 17:12:24 - juego - [DEBUG] - Iniciando ciclo de renderizado...
2025-05-19 17:12:24 - juego - [DEBUG] - Ciclo de renderizado completado (flip ejecutado).
2025-05-19 17:12:24 - juego - [DEBUG] - MENSAJE DE PRUEBA REPETIDO PARA FILTRO
2025-05-19 17:12:24 - juego - [DEBUG] - Procesando eventos Pygame...
2025-05-19 17:12:24 - juego - [DEBUG] - Iniciando ciclo de renderizado...
2025-05-19 17:12:24 - juego - [DEBUG] - Ciclo de renderizado completado (flip ejecutado).
2025-05-19 17:12:24 - juego - [DEBUG] - MENSAJE DE PRUEBA REPETIDO PARA FILTRO
2025-05-19 17:12:24 - juego - [DEBUG] - Procesando eventos Pygame...
2025-05-19 17:12:24 - juego - [DEBUG] - Iniciando ciclo de renderizado...
2025-05-19 17:12:24 - juego - [DEBUG] - Ciclo de renderizado completado (flip ejecutado).
2025-05-19 17:12:24 - juego - [DEBUG] - MENSAJE DE PRUEBA REPETIDO PARA FILTRO
2025-05-19 17:12:24 - juego - [DEBUG] - Procesando eventos Pygame...
2025-05-19 17:12:24 - juego - [DEBUG] - Iniciando ciclo de renderizado...
2025-05-19 17:12:24 - juego - [DEBUG] - Ciclo de renderizado completado (flip ejecutado).
2025-05-19 17:12:24 - juego - [DEBUG] - MENSAJE DE PRUEBA REPETIDO PARA FILTRO
2025-05-19 17:12:24 - juego - [DEBUG] - Procesando eventos Pygame...
2025-05-19 17:12:24 - juego - [DEBUG] - Solicitud de salir del juego procesada.
2025-05-19 17:12:24 - juego - [INFO] - Saliendo de Pygame y del sistema...
