2025-05-19 22:38:37 - collision_handler - [DEBUG] -         CH_DETALLE: Eje x, Pasada 1. ANTES de colliderect con [Enemigo_1].\n                  HB_Ent: TL=(403, 423), Size=(26, 20)\n                  HB_Obs ([Enemigo_1]): TL=(603, 203), Size=(26, 20)
2025-05-19 22:38:37 - collision_handler - [DEBUG] -     --- CH: Fin _resolver_solapamientos_estaticos_eje (x) --- HB_Ent_FINAL_FUNCION: (403, 423)
2025-05-19 22:38:37 - collision_handler - [DEBUG] -     --- CH: Inicio _resolver_solapamientos_estaticos_eje (y) --- Input: -2, HB_Ent_INICIAL_FUNCION: (403, 423), HB_Ent_Size: (26, 20)
2025-05-19 22:38:37 - collision_handler - [DEBUG] -       CH: Pasada 1 res. estática eje y. HB_Ent_Inicio_Pasada: (403, 423)
2025-05-19 22:38:37 - collision_handler - [DEBUG] -         CH_DETALLE: Eje y, Pasada 1. ANTES de colliderect con [Arbol_0].\n                  HB_Ent: TL=(403, 423), Size=(26, 20)\n                  HB_Obs ([Arbol_0]): TL=(305, 160), Size=(35, 25)
2025-05-19 22:38:37 - collision_handler - [DEBUG] -         CH_DETALLE: Eje y, Pasada 1. ANTES de colliderect con [Arbol_1].\n                  HB_Ent: TL=(403, 423), Size=(26, 20)\n                  HB_Obs ([Arbol_1]): TL=(505, 310), Size=(35, 25)
2025-05-19 22:38:37 - collision_handler - [DEBUG] -         CH_DETALLE: Eje y, Pasada 1. ANTES de colliderect con [Arbol_2].\n                  HB_Ent: TL=(403, 423), Size=(26, 20)\n                  HB_Obs ([Arbol_2]): TL=(105, 410), Size=(35, 25)
2025-05-19 22:38:37 - collision_handler - [DEBUG] -         CH_DETALLE: Eje y, Pasada 1. ANTES de colliderect con [Enemigo_1].\n                  HB_Ent: TL=(403, 423), Size=(26, 20)\n                  HB_Obs ([Enemigo_1]): TL=(603, 203), Size=(26, 20)
2025-05-19 22:38:37 - collision_handler - [DEBUG] -     --- CH: Fin _resolver_solapamientos_estaticos_eje (y) --- HB_Ent_FINAL_FUNCION: (403, 423)
2025-05-19 22:38:37 - collision_handler - [DEBUG] -   CH: Fase 1 - Fin. Posición segura HB: (403, 423)
2025-05-19 22:38:37 - collision_handler - [DEBUG] -     --- CH: Inicio _aplicar_movimiento_y_colision_eje_x --- dx: 0, HB_in: (403, 423)
2025-05-19 22:38:37 - collision_handler - [DEBUG] -     --- CH: Inicio _aplicar_movimiento_y_colision_eje_y --- dy: -2, HB_in: (403, 423)
2025-05-19 22:38:37 - collision_handler - [DEBUG] -       CH: Fase 2 (Y): dy_aplicado=-2.0000. HB.y original=423, HB.y post-int-trunc=421
2025-05-19 22:38:37 - collision_handler - [DEBUG] -     --- CH: Fin _aplicar_movimiento_y_colision_eje_y --- HB_out Y: 421.00
2025-05-19 22:38:37 - collision_handler - [DEBUG] -   CH: Fase 2 - Fin. Posición HB post-mov: (403, 421)
2025-05-19 22:38:37 - collision_handler - [DEBUG] -     --- CH: Inicio _verificar_y_revertir_colision_post_fase2 --- HB_in: (403, 421)
2025-05-19 22:38:37 - collision_handler - [DEBUG] -     --- CH: Fin _verificar_y_revertir_colision_post_fase2 --- HB_out: (403, 421), ReversionGlobal: False
2025-05-19 22:38:37 - collision_handler - [DEBUG] -   CH: Fase 3 - Fin. Hubo reversión: False. Posición HB final: (403, 421)
2025-05-19 22:38:37 - collision_handler - [DEBUG] - CH: Fin gestionar_movimiento_y_colision. HB_out: (403, 421), Rect_out: (400, 418)
2025-05-19 22:38:37 - collision_handler - [DEBUG] - CH: Inicio gestionar_movimiento_y_colision. dx=0.0000, dy=-2.0000. HB_in: (403, 421), Rect_in: (400, 418)
2025-05-19 22:38:37 - collision_handler - [DEBUG] -     --- CH: Inicio _resolver_solapamientos_estaticos_eje (x) --- Input: 0, HB_Ent_INICIAL_FUNCION: (403, 421), HB_Ent_Size: (26, 20)
2025-05-19 22:38:37 - collision_handler - [DEBUG] -       CH: Pasada 1 res. estática eje x. HB_Ent_Inicio_Pasada: (403, 421)
2025-05-19 22:38:37 - collision_handler - [DEBUG] -         CH_DETALLE: Eje x, Pasada 1. ANTES de colliderect con [Arbol_0].\n                  HB_Ent: TL=(403, 421), Size=(26, 20)\n                  HB_Obs ([Arbol_0]): TL=(305, 160), Size=(35, 25)
2025-05-19 22:38:37 - collision_handler - [DEBUG] -         CH_DETALLE: Eje x, Pasada 1. ANTES de colliderect con [Arbol_1].\n                  HB_Ent: TL=(403, 421), Size=(26, 20)\n                  HB_Obs ([Arbol_1]): TL=(505, 310), Size=(35, 25)
2025-05-19 22:38:37 - collision_handler - [DEBUG] -         CH_DETALLE: Eje x, Pasada 1. ANTES de colliderect con [Arbol_2].\n                  HB_Ent: TL=(403, 421), Size=(26, 20)\n                  HB_Obs ([Arbol_2]): TL=(105, 410), Size=(35, 25)
2025-05-19 22:38:37 - collision_handler - [DEBUG] -         CH_DETALLE: Eje x, Pasada 1. ANTES de colliderect con [Enemigo_1].\n                  HB_Ent: TL=(403, 421), Size=(26, 20)\n                  HB_Obs ([Enemigo_1]): TL=(603, 203), Size=(26, 20)
2025-05-19 22:38:37 - collision_handler - [DEBUG] -     --- CH: Fin _resolver_solapamientos_estaticos_eje (x) --- HB_Ent_FINAL_FUNCION: (403, 421)
2025-05-19 22:38:37 - collision_handler - [DEBUG] -     --- CH: Inicio _resolver_solapamientos_estaticos_eje (y) --- Input: -2, HB_Ent_INICIAL_FUNCION: (403, 421), HB_Ent_Size: (26, 20)
2025-05-19 22:38:37 - collision_handler - [DEBUG] -       CH: Pasada 1 res. estática eje y. HB_Ent_Inicio_Pasada: (403, 421)
2025-05-19 22:38:37 - collision_handler - [DEBUG] -         CH_DETALLE: Eje y, Pasada 1. ANTES de colliderect con [Arbol_0].\n                  HB_Ent: TL=(403, 421), Size=(26, 20)\n                  HB_Obs ([Arbol_0]): TL=(305, 160), Size=(35, 25)
2025-05-19 22:38:37 - collision_handler - [DEBUG] -         CH_DETALLE: Eje y, Pasada 1. ANTES de colliderect con [Arbol_1].\n                  HB_Ent: TL=(403, 421), Size=(26, 20)\n                  HB_Obs ([Arbol_1]): TL=(505, 310), Size=(35, 25)
2025-05-19 22:38:37 - collision_handler - [DEBUG] -         CH_DETALLE: Eje y, Pasada 1. ANTES de colliderect con [Arbol_2].\n                  HB_Ent: TL=(403, 421), Size=(26, 20)\n                  HB_Obs ([Arbol_2]): TL=(105, 410), Size=(35, 25)
2025-05-19 22:38:37 - collision_handler - [DEBUG] -         CH_DETALLE: Eje y, Pasada 1. ANTES de colliderect con [Enemigo_1].\n                  HB_Ent: TL=(403, 421), Size=(26, 20)\n                  HB_Obs ([Enemigo_1]): TL=(603, 203), Size=(26, 20)
2025-05-19 22:38:37 - collision_handler - [DEBUG] -     --- CH: Fin _resolver_solapamientos_estaticos_eje (y) --- HB_Ent_FINAL_FUNCION: (403, 421)
2025-05-19 22:38:37 - collision_handler - [DEBUG] -   CH: Fase 1 - Fin. Posición segura HB: (403, 421)
2025-05-19 22:38:37 - collision_handler - [DEBUG] -     --- CH: Inicio _aplicar_movimiento_y_colision_eje_x --- dx: 0, HB_in: (403, 421)
2025-05-19 22:38:37 - collision_handler - [DEBUG] -     --- CH: Fin _aplicar_movimiento_y_colision_eje_x --- HB_out X: 403.00
2025-05-19 22:38:37 - collision_handler - [DEBUG] -   CH: Fase 2 - Aplicando movimiento y colisión (Eje Y)...
2025-05-19 22:38:37 - collision_handler - [DEBUG] -     --- CH: Inicio _aplicar_movimiento_y_colision_eje_y --- dy: -2, HB_in: (403, 421)
2025-05-19 22:38:37 - collision_handler - [DEBUG] -       CH: Fase 2 (Y): dy_aplicado=-2.0000. HB.y original=421, HB.y post-int-trunc=419
2025-05-19 22:38:37 - collision_handler - [DEBUG] -     --- CH: Fin _aplicar_movimiento_y_colision_eje_y --- HB_out Y: 419.00
2025-05-19 22:38:37 - collision_handler - [DEBUG] -   CH: Fase 2 - Fin. Posición HB post-mov: (403, 419)
2025-05-19 22:38:37 - collision_handler - [DEBUG] -   CH: Fase 3 - Verificando y revirtiendo colisión post-Fase 2...
2025-05-19 22:38:37 - collision_handler - [DEBUG] -     --- CH: Inicio _verificar_y_revertir_colision_post_fase2 --- HB_in: (403, 419)
2025-05-19 22:38:37 - collision_handler - [DEBUG] -     --- CH: Fin _verificar_y_revertir_colision_post_fase2 --- HB_out: (403, 419), ReversionGlobal: False
2025-05-19 22:38:37 - collision_handler - [DEBUG] -   CH: Fase 3 - Fin. Hubo reversión: False. Posición HB final: (403, 419)
2025-05-19 22:38:37 - collision_handler - [DEBUG] - CH: Fin gestionar_movimiento_y_colision. HB_out: (403, 419), Rect_out: (400, 416)
