2025-05-19 17:11:49 - gestor_eventos - [DEBUG] - GestorEventos inicializado.
2025-05-19 17:11:49 - gestor_eventos - [DEBUG] - Procesando 13 eventos...
2025-05-19 17:11:49 - gestor_eventos - [DEBUG] - Evento: <Event(4352-AudioDeviceAdded {'which': 0, 'iscapture': 0})>
2025-05-19 17:11:49 - gestor_eventos - [DEBUG] - Evento: <Event(4352-AudioDeviceAdded {'which': 0, 'iscapture': 1})>
2025-05-19 17:11:49 - gestor_eventos - [DEBUG] - Evento: <Event(32774-WindowShown {'window': None})>
2025-05-19 17:11:49 - gestor_eventos - [DEBUG] - Evento: <Event(32768-ActiveEvent {'gain': 1, 'state': 2})>
2025-05-19 17:11:49 - gestor_eventos - [DEBUG] - Evento: <Event(32785-WindowFocusGained {'window': None})>
2025-05-19 17:11:49 - gestor_eventos - [DEBUG] - Evento: <Event(770-TextEditing {'text': '', 'start': 0, 'length': 0, 'window': None})>
2025-05-19 17:11:49 - gestor_eventos - [DEBUG] - Evento: <Event(32768-ActiveEvent {'gain': 1, 'state': 1})>
2025-05-19 17:11:49 - gestor_eventos - [DEBUG] - Evento: <Event(32783-WindowEnter {'window': None})>
2025-05-19 17:11:49 - gestor_eventos - [DEBUG] - Evento: <Event(1024-MouseMotion {'pos': (518, 393), 'rel': (0, 0), 'buttons': (0, 0, 0), 'touch': False, 'window': None})>
2025-05-19 17:11:49 - gestor_eventos - [DEBUG] - Evento: <Event(1024-MouseMotion {'pos': (517, 404), 'rel': (-1, 11), 'buttons': (0, 0, 0), 'touch': False, 'window': None})>
2025-05-19 17:11:49 - gestor_eventos - [DEBUG] - Evento: <Event(32770-VideoExpose {})>
2025-05-19 17:11:49 - gestor_eventos - [DEBUG] - Evento: <Event(32776-WindowExposed {'window': None})>
2025-05-19 17:11:49 - gestor_eventos - [DEBUG] - Evento: <Event(1024-MouseMotion {'pos': (515, 430), 'rel': (-2, 26), 'buttons': (0, 0, 0), 'touch': False, 'window': None})>
2025-05-19 17:11:49 - gestor_eventos - [DEBUG] - Procesando 1 eventos...
2025-05-19 17:11:49 - gestor_eventos - [DEBUG] - Evento: <Event(1024-MouseMotion {'pos': (514, 450), 'rel': (-1, 20), 'buttons': (0, 0, 0), 'touch': False, 'window': None})>
2025-05-19 17:11:49 - gestor_eventos - [DEBUG] - Evento: <Event(1024-MouseMotion {'pos': (513, 475), 'rel': (-1, 25), 'buttons': (0, 0, 0), 'touch': False, 'window': None})>
2025-05-19 17:11:49 - gestor_eventos - [DEBUG] - Evento: <Event(1024-MouseMotion {'pos': (513, 494), 'rel': (0, 19), 'buttons': (0, 0, 0), 'touch': False, 'window': None})>
2025-05-19 17:11:49 - gestor_eventos - [DEBUG] - Evento: <Event(1024-MouseMotion {'pos': (513, 512), 'rel': (0, 18), 'buttons': (0, 0, 0), 'touch': False, 'window': None})>
2025-05-19 17:11:49 - gestor_eventos - [DEBUG] - Procesando 1 eventos...
2025-05-19 17:11:49 - gestor_eventos - [DEBUG] - Evento: <Event(1024-MouseMotion {'pos': (513, 528), 'rel': (0, 16), 'buttons': (0, 0, 0), 'touch': False, 'window': None})>
2025-05-19 17:11:49 - gestor_eventos - [DEBUG] - Evento: <Event(1024-MouseMotion {'pos': (514, 541), 'rel': (1, 13), 'buttons': (0, 0, 0), 'touch': False, 'window': None})>
2025-05-19 17:11:49 - gestor_eventos - [DEBUG] - Evento: <Event(1024-MouseMotion {'pos': (515, 552), 'rel': (1, 11), 'buttons': (0, 0, 0), 'touch': False, 'window': None})>
2025-05-19 17:11:50 - gestor_eventos - [DEBUG] - Evento: <Event(1024-MouseMotion {'pos': (515, 559), 'rel': (0, 7), 'buttons': (0, 0, 0), 'touch': False, 'window': None})>
2025-05-19 17:11:50 - gestor_eventos - [DEBUG] - Procesando 1 eventos...
2025-05-19 17:11:50 - gestor_eventos - [DEBUG] - Evento: <Event(1024-MouseMotion {'pos': (515, 563), 'rel': (0, 4), 'buttons': (0, 0, 0), 'touch': False, 'window': None})>
2025-05-19 17:11:50 - gestor_eventos - [DEBUG] - Procesando 0 eventos...
2025-05-19 17:11:50 - gestor_eventos - [DEBUG] - Procesando 0 eventos...
2025-05-19 17:11:50 - gestor_eventos - [DEBUG] - Procesando 0 eventos...
2025-05-19 17:11:50 - gestor_eventos - [DEBUG] - Procesando 0 eventos...
2025-05-19 17:11:50 - gestor_eventos - [DEBUG] - Procesando 0 eventos...
2025-05-19 17:11:50 - gestor_eventos - [DEBUG] - Procesando 0 eventos...
2025-05-19 17:11:50 - gestor_eventos - [DEBUG] - Procesando 2 eventos...
2025-05-19 17:11:50 - gestor_eventos - [DEBUG] - Evento: <Event(768-KeyDown {'unicode': 'd', 'key': 100, 'mod': 4096, 'scancode': 7, 'window': None})>
2025-05-19 17:11:50 - gestor_eventos - [DEBUG] - GestorEventos: KEYDOWN d (100)
2025-05-19 17:11:50 - gestor_eventos - [DEBUG] - Evento: <Event(771-TextInput {'text': 'd', 'window': None})>
2025-05-19 17:11:50 - gestor_eventos - [DEBUG] - Procesando 0 eventos...
2025-05-19 17:11:50 - gestor_eventos - [DEBUG] - Procesando 0 eventos...
2025-05-19 17:11:50 - gestor_eventos - [DEBUG] - Procesando 0 eventos...
2025-05-19 17:11:50 - gestor_eventos - [DEBUG] - Procesando 2 eventos...
2025-05-19 17:11:50 - gestor_eventos - [DEBUG] - Evento: <Event(768-KeyDown {'unicode': 'w', 'key': 119, 'mod': 4096, 'scancode': 26, 'window': None})>
2025-05-19 17:11:50 - gestor_eventos - [DEBUG] - GestorEventos: KEYDOWN w (119)
2025-05-19 17:11:50 - gestor_eventos - [DEBUG] - Evento: <Event(771-TextInput {'text': 'w', 'window': None})>
2025-05-19 17:11:50 - gestor_eventos - [DEBUG] - Evento: <Event(768-KeyDown {'unicode': 'a', 'key': 97, 'mod': 4096, 'scancode': 4, 'window': None})>
2025-05-19 17:11:50 - gestor_eventos - [DEBUG] - GestorEventos: KEYDOWN a (97)
2025-05-19 17:11:50 - gestor_eventos - [DEBUG] - Evento: <Event(771-TextInput {'text': 'a', 'window': None})>
2025-05-19 17:11:50 - gestor_eventos - [DEBUG] - Procesando 0 eventos...
2025-05-19 17:11:50 - gestor_eventos - [DEBUG] - Procesando 1 eventos...
2025-05-19 17:11:50 - gestor_eventos - [DEBUG] - Evento: <Event(769-KeyUp {'unicode': 'd', 'key': 100, 'mod': 4096, 'scancode': 7, 'window': None})>
2025-05-19 17:11:50 - gestor_eventos - [DEBUG] - Procesando 0 eventos...
2025-05-19 17:11:50 - gestor_eventos - [DEBUG] - Procesando 1 eventos...
2025-05-19 17:11:50 - gestor_eventos - [DEBUG] - Evento: <Event(769-KeyUp {'unicode': 'w', 'key': 119, 'mod': 4096, 'scancode': 26, 'window': None})>
2025-05-19 17:11:50 - gestor_eventos - [DEBUG] - Procesando 0 eventos...
2025-05-19 17:11:50 - gestor_eventos - [DEBUG] - Procesando 2 eventos...
2025-05-19 17:11:50 - gestor_eventos - [DEBUG] - Evento: <Event(768-KeyDown {'unicode': 's', 'key': 115, 'mod': 4096, 'scancode': 22, 'window': None})>
2025-05-19 17:11:50 - gestor_eventos - [DEBUG] - GestorEventos: KEYDOWN s (115)
2025-05-19 17:11:50 - gestor_eventos - [DEBUG] - Evento: <Event(771-TextInput {'text': 's', 'window': None})>
2025-05-19 17:11:50 - gestor_eventos - [DEBUG] - Procesando 0 eventos...
2025-05-19 17:11:50 - gestor_eventos - [DEBUG] - Procesando 0 eventos...
2025-05-19 17:11:50 - gestor_eventos - [DEBUG] - Procesando 1 eventos...
2025-05-19 17:11:50 - gestor_eventos - [DEBUG] - Evento: <Event(769-KeyUp {'unicode': 'a', 'key': 97, 'mod': 4096, 'scancode': 4, 'window': None})>
2025-05-19 17:11:50 - gestor_eventos - [DEBUG] - Procesando 0 eventos...
2025-05-19 17:11:50 - gestor_eventos - [DEBUG] - Procesando 2 eventos...
2025-05-19 17:11:50 - gestor_eventos - [DEBUG] - Evento: <Event(768-KeyDown {'unicode': ' ', 'key': 32, 'mod': 4096, 'scancode': 44, 'window': None})>
2025-05-19 17:11:50 - gestor_eventos - [DEBUG] - GestorEventos: KEYDOWN space (32)
2025-05-19 17:11:50 - gestor_eventos - [DEBUG] - GestorEventos: K_SPACE (Atacar jugador) procesado.
2025-05-19 17:11:50 - gestor_eventos - [DEBUG] - Evento: <Event(771-TextInput {'text': ' ', 'window': None})>
2025-05-19 17:11:50 - gestor_eventos - [DEBUG] - Procesando 0 eventos...
2025-05-19 17:11:50 - gestor_eventos - [DEBUG] - Procesando 2 eventos...
2025-05-19 17:11:50 - gestor_eventos - [DEBUG] - Evento: <Event(768-KeyDown {'unicode': 'd', 'key': 100, 'mod': 4096, 'scancode': 7, 'window': None})>
2025-05-19 17:11:50 - gestor_eventos - [DEBUG] - GestorEventos: KEYDOWN d (100)
2025-05-19 17:11:50 - gestor_eventos - [DEBUG] - Evento: <Event(771-TextInput {'text': 'd', 'window': None})>
2025-05-19 17:11:51 - gestor_eventos - [DEBUG] - Procesando 0 eventos...
2025-05-19 17:11:51 - gestor_eventos - [DEBUG] - Procesando 2 eventos...
2025-05-19 17:11:51 - gestor_eventos - [DEBUG] - Evento: <Event(768-KeyDown {'unicode': 'a', 'key': 97, 'mod': 4096, 'scancode': 4, 'window': None})>
2025-05-19 17:11:51 - gestor_eventos - [DEBUG] - GestorEventos: KEYDOWN a (97)
2025-05-19 17:11:51 - gestor_eventos - [DEBUG] - Evento: <Event(771-TextInput {'text': 'a', 'window': None})>
2025-05-19 17:11:51 - gestor_eventos - [DEBUG] - Procesando 1 eventos...
2025-05-19 17:11:51 - gestor_eventos - [DEBUG] - Evento: <Event(769-KeyUp {'unicode': ' ', 'key': 32, 'mod': 4096, 'scancode': 44, 'window': None})>
2025-05-19 17:11:51 - gestor_eventos - [DEBUG] - Procesando 0 eventos...
2025-05-19 17:11:51 - gestor_eventos - [DEBUG] - Procesando 1 eventos...
2025-05-19 17:11:51 - gestor_eventos - [DEBUG] - Evento: <Event(769-KeyUp {'unicode': 'd', 'key': 100, 'mod': 4096, 'scancode': 7, 'window': None})>
2025-05-19 17:11:51 - gestor_eventos - [DEBUG] - Procesando 0 eventos...
2025-05-19 17:11:51 - gestor_eventos - [DEBUG] - Evento: <Event(769-KeyUp {'unicode': 's', 'key': 115, 'mod': 4096, 'scancode': 22, 'window': None})>
2025-05-19 17:11:51 - gestor_eventos - [DEBUG] - Procesando 0 eventos...
2025-05-19 17:11:51 - gestor_eventos - [DEBUG] - Procesando 2 eventos...
2025-05-19 17:11:51 - gestor_eventos - [DEBUG] - Evento: <Event(768-KeyDown {'unicode': 'w', 'key': 119, 'mod': 4096, 'scancode': 26, 'window': None})>
2025-05-19 17:11:51 - gestor_eventos - [DEBUG] - GestorEventos: KEYDOWN w (119)
2025-05-19 17:11:51 - gestor_eventos - [DEBUG] - Evento: <Event(771-TextInput {'text': 'w', 'window': None})>
2025-05-19 17:11:51 - gestor_eventos - [DEBUG] - Procesando 0 eventos...
2025-05-19 17:11:51 - gestor_eventos - [DEBUG] - Procesando 0 eventos...
2025-05-19 17:11:51 - gestor_eventos - [DEBUG] - Procesando 1 eventos...
2025-05-19 17:11:51 - gestor_eventos - [DEBUG] - Evento: <Event(769-KeyUp {'unicode': 'a', 'key': 97, 'mod': 4096, 'scancode': 4, 'window': None})>
2025-05-19 17:11:51 - gestor_eventos - [DEBUG] - Procesando 2 eventos...
2025-05-19 17:11:51 - gestor_eventos - [DEBUG] - Evento: <Event(768-KeyDown {'unicode': 'd', 'key': 100, 'mod': 4096, 'scancode': 7, 'window': None})>
2025-05-19 17:11:51 - gestor_eventos - [DEBUG] - GestorEventos: KEYDOWN d (100)
2025-05-19 17:11:51 - gestor_eventos - [DEBUG] - Evento: <Event(771-TextInput {'text': 'd', 'window': None})>
2025-05-19 17:11:51 - gestor_eventos - [DEBUG] - Procesando 0 eventos...
2025-05-19 17:11:51 - gestor_eventos - [DEBUG] - Procesando 2 eventos...
2025-05-19 17:11:51 - gestor_eventos - [DEBUG] - Evento: <Event(768-KeyDown {'unicode': ' ', 'key': 32, 'mod': 4096, 'scancode': 44, 'window': None})>
2025-05-19 17:11:51 - gestor_eventos - [DEBUG] - GestorEventos: KEYDOWN space (32)
2025-05-19 17:11:51 - gestor_eventos - [DEBUG] - GestorEventos: K_SPACE (Atacar jugador) procesado.
2025-05-19 17:11:51 - gestor_eventos - [DEBUG] - Evento: <Event(771-TextInput {'text': ' ', 'window': None})>
2025-05-19 17:11:51 - gestor_eventos - [DEBUG] - Procesando 3 eventos...
2025-05-19 17:11:51 - gestor_eventos - [DEBUG] - Evento: <Event(769-KeyUp {'unicode': 'w', 'key': 119, 'mod': 4096, 'scancode': 26, 'window': None})>
2025-05-19 17:11:51 - gestor_eventos - [DEBUG] - Evento: <Event(768-KeyDown {'unicode': 'a', 'key': 97, 'mod': 4096, 'scancode': 4, 'window': None})>
2025-05-19 17:11:51 - gestor_eventos - [DEBUG] - GestorEventos: KEYDOWN a (97)
2025-05-19 17:11:51 - gestor_eventos - [DEBUG] - Evento: <Event(771-TextInput {'text': 'a', 'window': None})>
2025-05-19 17:11:51 - gestor_eventos - [DEBUG] - Procesando 0 eventos...
2025-05-19 17:11:51 - gestor_eventos - [DEBUG] - Procesando 1 eventos...
2025-05-19 17:11:51 - gestor_eventos - [DEBUG] - Evento: <Event(769-KeyUp {'unicode': 'd', 'key': 100, 'mod': 4096, 'scancode': 7, 'window': None})>
2025-05-19 17:11:51 - gestor_eventos - [DEBUG] - Procesando 0 eventos...
2025-05-19 17:11:51 - gestor_eventos - [DEBUG] - Evento: <Event(769-KeyUp {'unicode': ' ', 'key': 32, 'mod': 4096, 'scancode': 44, 'window': None})>
2025-05-19 17:11:51 - gestor_eventos - [DEBUG] - Procesando 0 eventos...
2025-05-19 17:11:51 - gestor_eventos - [DEBUG] - Procesando 2 eventos...
2025-05-19 17:11:51 - gestor_eventos - [DEBUG] - Evento: <Event(768-KeyDown {'unicode': ' ', 'key': 32, 'mod': 4096, 'scancode': 44, 'window': None})>
2025-05-19 17:11:51 - gestor_eventos - [DEBUG] - GestorEventos: KEYDOWN space (32)
2025-05-19 17:11:51 - gestor_eventos - [DEBUG] - GestorEventos: K_SPACE (Atacar jugador) procesado.
2025-05-19 17:11:51 - gestor_eventos - [DEBUG] - Evento: <Event(771-TextInput {'text': ' ', 'window': None})>
2025-05-19 17:11:51 - gestor_eventos - [DEBUG] - Procesando 0 eventos...
2025-05-19 17:11:51 - gestor_eventos - [DEBUG] - Procesando 1 eventos...
2025-05-19 17:11:51 - gestor_eventos - [DEBUG] - Evento: <Event(769-KeyUp {'unicode': ' ', 'key': 32, 'mod': 4096, 'scancode': 44, 'window': None})>
2025-05-19 17:11:51 - gestor_eventos - [DEBUG] - Procesando 0 eventos...
2025-05-19 17:11:51 - gestor_eventos - [DEBUG] - Procesando 0 eventos...
2025-05-19 17:11:51 - gestor_eventos - [DEBUG] - Procesando 4 eventos...
2025-05-19 17:11:51 - gestor_eventos - [DEBUG] - Evento: <Event(768-KeyDown {'unicode': ' ', 'key': 32, 'mod': 4096, 'scancode': 44, 'window': None})>
2025-05-19 17:11:51 - gestor_eventos - [DEBUG] - GestorEventos: KEYDOWN space (32)
2025-05-19 17:11:51 - gestor_eventos - [DEBUG] - GestorEventos: K_SPACE (Atacar jugador) procesado.
2025-05-19 17:11:51 - gestor_eventos - [DEBUG] - Evento: <Event(771-TextInput {'text': ' ', 'window': None})>
2025-05-19 17:11:51 - gestor_eventos - [DEBUG] - Evento: <Event(768-KeyDown {'unicode': 'w', 'key': 119, 'mod': 4096, 'scancode': 26, 'window': None})>
2025-05-19 17:11:51 - gestor_eventos - [DEBUG] - GestorEventos: KEYDOWN w (119)
2025-05-19 17:11:51 - gestor_eventos - [DEBUG] - Evento: <Event(771-TextInput {'text': 'w', 'window': None})>
2025-05-19 17:11:51 - gestor_eventos - [DEBUG] - Procesando 0 eventos...
2025-05-19 17:11:52 - gestor_eventos - [DEBUG] - Procesando 1 eventos...
2025-05-19 17:11:52 - gestor_eventos - [DEBUG] - Evento: <Event(769-KeyUp {'unicode': ' ', 'key': 32, 'mod': 4096, 'scancode': 44, 'window': None})>
2025-05-19 17:11:52 - gestor_eventos - [DEBUG] - Procesando 0 eventos...
2025-05-19 17:11:52 - gestor_eventos - [DEBUG] - Procesando 2 eventos...
2025-05-19 17:11:52 - gestor_eventos - [DEBUG] - Evento: <Event(768-KeyDown {'unicode': ' ', 'key': 32, 'mod': 4096, 'scancode': 44, 'window': None})>
2025-05-19 17:11:52 - gestor_eventos - [DEBUG] - GestorEventos: KEYDOWN space (32)
2025-05-19 17:11:52 - gestor_eventos - [DEBUG] - GestorEventos: K_SPACE (Atacar jugador) procesado.
2025-05-19 17:11:52 - gestor_eventos - [DEBUG] - Evento: <Event(771-TextInput {'text': ' ', 'window': None})>
2025-05-19 17:11:52 - gestor_eventos - [DEBUG] - Evento: <Event(768-KeyDown {'unicode': 'd', 'key': 100, 'mod': 4096, 'scancode': 7, 'window': None})>
2025-05-19 17:11:52 - gestor_eventos - [DEBUG] - GestorEventos: KEYDOWN d (100)
2025-05-19 17:11:52 - gestor_eventos - [DEBUG] - Evento: <Event(771-TextInput {'text': 'd', 'window': None})>
2025-05-19 17:11:52 - gestor_eventos - [DEBUG] - Procesando 0 eventos...
2025-05-19 17:11:52 - gestor_eventos - [DEBUG] - Procesando 1 eventos...
2025-05-19 17:11:52 - gestor_eventos - [DEBUG] - Evento: <Event(769-KeyUp {'unicode': 'a', 'key': 97, 'mod': 4096, 'scancode': 4, 'window': None})>
2025-05-19 17:11:52 - gestor_eventos - [DEBUG] - Evento: <Event(769-KeyUp {'unicode': ' ', 'key': 32, 'mod': 4096, 'scancode': 44, 'window': None})>
2025-05-19 17:11:52 - gestor_eventos - [DEBUG] - Procesando 0 eventos...
2025-05-19 17:11:52 - gestor_eventos - [DEBUG] - Evento: <Event(769-KeyUp {'unicode': 'w', 'key': 119, 'mod': 4096, 'scancode': 26, 'window': None})>
2025-05-19 17:11:52 - gestor_eventos - [DEBUG] - Procesando 0 eventos...
2025-05-19 17:11:52 - gestor_eventos - [DEBUG] - Procesando 2 eventos...
2025-05-19 17:11:52 - gestor_eventos - [DEBUG] - Evento: <Event(768-KeyDown {'unicode': ' ', 'key': 32, 'mod': 4096, 'scancode': 44, 'window': None})>
2025-05-19 17:11:52 - gestor_eventos - [DEBUG] - GestorEventos: KEYDOWN space (32)
2025-05-19 17:11:52 - gestor_eventos - [DEBUG] - GestorEventos: K_SPACE (Atacar jugador) procesado.
2025-05-19 17:11:52 - gestor_eventos - [DEBUG] - Evento: <Event(771-TextInput {'text': ' ', 'window': None})>
2025-05-19 17:11:52 - gestor_eventos - [DEBUG] - Evento: <Event(768-KeyDown {'unicode': 'a', 'key': 97, 'mod': 4096, 'scancode': 4, 'window': None})>
2025-05-19 17:11:52 - gestor_eventos - [DEBUG] - GestorEventos: KEYDOWN a (97)
2025-05-19 17:11:52 - gestor_eventos - [DEBUG] - Evento: <Event(771-TextInput {'text': 'a', 'window': None})>
2025-05-19 17:11:52 - gestor_eventos - [DEBUG] - Procesando 0 eventos...
2025-05-19 17:11:52 - gestor_eventos - [DEBUG] - Procesando 1 eventos...
2025-05-19 17:11:52 - gestor_eventos - [DEBUG] - Evento: <Event(769-KeyUp {'unicode': ' ', 'key': 32, 'mod': 4096, 'scancode': 44, 'window': None})>
2025-05-19 17:11:52 - gestor_eventos - [DEBUG] - Procesando 0 eventos...
2025-05-19 17:11:52 - gestor_eventos - [DEBUG] - Evento: <Event(769-KeyUp {'unicode': 'd', 'key': 100, 'mod': 4096, 'scancode': 7, 'window': None})>
2025-05-19 17:11:52 - gestor_eventos - [DEBUG] - Procesando 0 eventos...
2025-05-19 17:11:52 - gestor_eventos - [DEBUG] - Procesando 2 eventos...
2025-05-19 17:11:52 - gestor_eventos - [DEBUG] - Evento: <Event(768-KeyDown {'unicode': ' ', 'key': 32, 'mod': 4096, 'scancode': 44, 'window': None})>
2025-05-19 17:11:52 - gestor_eventos - [DEBUG] - GestorEventos: KEYDOWN space (32)
2025-05-19 17:11:52 - gestor_eventos - [DEBUG] - GestorEventos: K_SPACE (Atacar jugador) procesado.
2025-05-19 17:11:52 - gestor_eventos - [DEBUG] - Evento: <Event(771-TextInput {'text': ' ', 'window': None})>
2025-05-19 17:11:52 - gestor_eventos - [DEBUG] - Procesando 0 eventos...
2025-05-19 17:11:52 - gestor_eventos - [DEBUG] - Procesando 1 eventos...
2025-05-19 17:11:52 - gestor_eventos - [DEBUG] - Evento: <Event(769-KeyUp {'unicode': ' ', 'key': 32, 'mod': 4096, 'scancode': 44, 'window': None})>
2025-05-19 17:11:52 - gestor_eventos - [DEBUG] - Procesando 0 eventos...
2025-05-19 17:11:52 - gestor_eventos - [DEBUG] - Procesando 2 eventos...
2025-05-19 17:11:52 - gestor_eventos - [DEBUG] - Evento: <Event(768-KeyDown {'unicode': ' ', 'key': 32, 'mod': 4096, 'scancode': 44, 'window': None})>
2025-05-19 17:11:52 - gestor_eventos - [DEBUG] - GestorEventos: KEYDOWN space (32)
2025-05-19 17:11:52 - gestor_eventos - [DEBUG] - GestorEventos: K_SPACE (Atacar jugador) procesado.
2025-05-19 17:11:52 - gestor_eventos - [DEBUG] - Evento: <Event(771-TextInput {'text': ' ', 'window': None})>
2025-05-19 17:11:52 - gestor_eventos - [DEBUG] - Procesando 0 eventos...
2025-05-19 17:11:52 - gestor_eventos - [DEBUG] - Procesando 1 eventos...
2025-05-19 17:11:52 - gestor_eventos - [DEBUG] - Evento: <Event(769-KeyUp {'unicode': ' ', 'key': 32, 'mod': 4096, 'scancode': 44, 'window': None})>
2025-05-19 17:11:52 - gestor_eventos - [DEBUG] - Procesando 0 eventos...
2025-05-19 17:11:52 - gestor_eventos - [DEBUG] - Procesando 0 eventos...
2025-05-19 17:11:52 - gestor_eventos - [DEBUG] - Procesando 2 eventos...
2025-05-19 17:11:52 - gestor_eventos - [DEBUG] - Evento: <Event(768-KeyDown {'unicode': ' ', 'key': 32, 'mod': 4096, 'scancode': 44, 'window': None})>
2025-05-19 17:11:52 - gestor_eventos - [DEBUG] - GestorEventos: KEYDOWN space (32)
2025-05-19 17:11:52 - gestor_eventos - [DEBUG] - GestorEventos: K_SPACE (Atacar jugador) procesado.
2025-05-19 17:11:52 - gestor_eventos - [DEBUG] - Evento: <Event(771-TextInput {'text': ' ', 'window': None})>
2025-05-19 17:11:52 - gestor_eventos - [DEBUG] - Procesando 0 eventos...
2025-05-19 17:11:52 - gestor_eventos - [DEBUG] - Procesando 1 eventos...
2025-05-19 17:11:52 - gestor_eventos - [DEBUG] - Evento: <Event(769-KeyUp {'unicode': ' ', 'key': 32, 'mod': 4096, 'scancode': 44, 'window': None})>
2025-05-19 17:11:52 - gestor_eventos - [DEBUG] - Evento: <Event(1024-MouseMotion {'pos': (514, 566), 'rel': (-1, 3), 'buttons': (0, 0, 0), 'touch': False, 'window': None})>
2025-05-19 17:11:52 - gestor_eventos - [DEBUG] - Evento: <Event(1024-MouseMotion {'pos': (512, 570), 'rel': (-2, 4), 'buttons': (0, 0, 0), 'touch': False, 'window': None})>
2025-05-19 17:11:53 - gestor_eventos - [DEBUG] - Procesando 2 eventos...
2025-05-19 17:11:53 - gestor_eventos - [DEBUG] - Evento: <Event(1024-MouseMotion {'pos': (508, 575), 'rel': (-4, 5), 'buttons': (0, 0, 0), 'touch': False, 'window': None})>
2025-05-19 17:11:53 - gestor_eventos - [DEBUG] - Evento: <Event(1024-MouseMotion {'pos': (508, 576), 'rel': (0, 1), 'buttons': (0, 0, 0), 'touch': False, 'window': None})>
2025-05-19 17:11:53 - gestor_eventos - [DEBUG] - Procesando 1 eventos...
2025-05-19 17:11:53 - gestor_eventos - [DEBUG] - Evento: <Event(1024-MouseMotion {'pos': (505, 580), 'rel': (-3, 4), 'buttons': (0, 0, 0), 'touch': False, 'window': None})>
2025-05-19 17:11:53 - gestor_eventos - [DEBUG] - Evento: <Event(1024-MouseMotion {'pos': (505, 581), 'rel': (0, 1), 'buttons': (0, 0, 0), 'touch': False, 'window': None})>
2025-05-19 17:11:53 - gestor_eventos - [DEBUG] - Evento: <Event(1024-MouseMotion {'pos': (504, 581), 'rel': (-1, 0), 'buttons': (0, 0, 0), 'touch': False, 'window': None})>
2025-05-19 17:11:53 - gestor_eventos - [DEBUG] - Procesando 0 eventos...
2025-05-19 17:11:53 - gestor_eventos - [DEBUG] - Procesando 0 eventos...
2025-05-19 17:11:53 - gestor_eventos - [DEBUG] - Procesando 0 eventos...
2025-05-19 17:11:53 - gestor_eventos - [DEBUG] - Procesando 2 eventos...
2025-05-19 17:11:53 - gestor_eventos - [DEBUG] - Evento: <Event(768-KeyDown {'unicode': ' ', 'key': 32, 'mod': 4096, 'scancode': 44, 'window': None})>
2025-05-19 17:11:53 - gestor_eventos - [DEBUG] - GestorEventos: KEYDOWN space (32)
2025-05-19 17:11:53 - gestor_eventos - [DEBUG] - GestorEventos: K_SPACE (Atacar jugador) procesado.
2025-05-19 17:11:53 - gestor_eventos - [DEBUG] - Evento: <Event(771-TextInput {'text': ' ', 'window': None})>
2025-05-19 17:11:53 - gestor_eventos - [DEBUG] - Procesando 0 eventos...
2025-05-19 17:11:53 - gestor_eventos - [DEBUG] - Procesando 1 eventos...
2025-05-19 17:11:53 - gestor_eventos - [DEBUG] - Evento: <Event(769-KeyUp {'unicode': ' ', 'key': 32, 'mod': 4096, 'scancode': 44, 'window': None})>
2025-05-19 17:11:53 - gestor_eventos - [DEBUG] - Procesando 0 eventos...
2025-05-19 17:11:53 - gestor_eventos - [DEBUG] - Procesando 0 eventos...
2025-05-19 17:11:53 - gestor_eventos - [DEBUG] - Procesando 0 eventos...
2025-05-19 17:11:53 - gestor_eventos - [DEBUG] - Procesando 0 eventos...
2025-05-19 17:11:53 - gestor_eventos - [DEBUG] - Procesando 0 eventos...
2025-05-19 17:11:53 - gestor_eventos - [DEBUG] - Procesando 0 eventos...
2025-05-19 17:11:53 - gestor_eventos - [DEBUG] - Procesando 1 eventos...
2025-05-19 17:11:53 - gestor_eventos - [DEBUG] - Evento: <Event(769-KeyUp {'unicode': 'a', 'key': 97, 'mod': 4096, 'scancode': 4, 'window': None})>
2025-05-19 17:11:53 - gestor_eventos - [DEBUG] - Procesando 0 eventos...
2025-05-19 17:11:53 - gestor_eventos - [DEBUG] - Procesando 2 eventos...
2025-05-19 17:11:53 - gestor_eventos - [DEBUG] - Evento: <Event(768-KeyDown {'unicode': ' ', 'key': 32, 'mod': 4096, 'scancode': 44, 'window': None})>
2025-05-19 17:11:53 - gestor_eventos - [DEBUG] - GestorEventos: KEYDOWN space (32)
2025-05-19 17:11:53 - gestor_eventos - [DEBUG] - GestorEventos: K_SPACE (Atacar jugador) procesado.
2025-05-19 17:11:53 - gestor_eventos - [DEBUG] - Evento: <Event(771-TextInput {'text': ' ', 'window': None})>
2025-05-19 17:11:53 - gestor_eventos - [DEBUG] - Procesando 0 eventos...
2025-05-19 17:11:53 - gestor_eventos - [DEBUG] - Procesando 0 eventos...
2025-05-19 17:11:53 - gestor_eventos - [DEBUG] - Procesando 0 eventos...
2025-05-19 17:11:53 - gestor_eventos - [DEBUG] - Procesando 0 eventos...
2025-05-19 17:11:53 - gestor_eventos - [DEBUG] - Procesando 0 eventos...
2025-05-19 17:11:54 - gestor_eventos - [DEBUG] - Procesando 0 eventos...
2025-05-19 17:11:54 - gestor_eventos - [DEBUG] - Procesando 0 eventos...
2025-05-19 17:11:54 - gestor_eventos - [DEBUG] - Procesando 0 eventos...
2025-05-19 17:11:54 - gestor_eventos - [DEBUG] - Procesando 1 eventos...
2025-05-19 17:11:54 - gestor_eventos - [DEBUG] - Evento: <Event(771-TextInput {'text': ' ', 'window': None})>
2025-05-19 17:11:54 - gestor_eventos - [DEBUG] - Procesando 0 eventos...
2025-05-19 17:11:54 - gestor_eventos - [DEBUG] - Procesando 1 eventos...
2025-05-19 17:11:54 - gestor_eventos - [DEBUG] - Evento: <Event(771-TextInput {'text': ' ', 'window': None})>
2025-05-19 17:11:54 - gestor_eventos - [DEBUG] - Procesando 0 eventos...
2025-05-19 17:11:54 - gestor_eventos - [DEBUG] - Procesando 1 eventos...
2025-05-19 17:11:54 - gestor_eventos - [DEBUG] - Evento: <Event(771-TextInput {'text': ' ', 'window': None})>
2025-05-19 17:11:54 - gestor_eventos - [DEBUG] - Evento: <Event(769-KeyUp {'unicode': ' ', 'key': 32, 'mod': 4096, 'scancode': 44, 'window': None})>
2025-05-19 17:11:54 - gestor_eventos - [DEBUG] - Procesando 0 eventos...
2025-05-19 17:11:54 - gestor_eventos - [DEBUG] - Procesando 2 eventos...
2025-05-19 17:11:54 - gestor_eventos - [DEBUG] - Evento: <Event(768-KeyDown {'unicode': ' ', 'key': 32, 'mod': 4096, 'scancode': 44, 'window': None})>
2025-05-19 17:11:54 - gestor_eventos - [DEBUG] - GestorEventos: KEYDOWN space (32)
2025-05-19 17:11:54 - gestor_eventos - [DEBUG] - GestorEventos: K_SPACE (Atacar jugador) procesado.
2025-05-19 17:11:54 - gestor_eventos - [DEBUG] - Evento: <Event(771-TextInput {'text': ' ', 'window': None})>
2025-05-19 17:11:54 - gestor_eventos - [DEBUG] - Procesando 0 eventos...
2025-05-19 17:11:54 - gestor_eventos - [DEBUG] - Procesando 0 eventos...
2025-05-19 17:11:54 - gestor_eventos - [DEBUG] - Procesando 0 eventos...
2025-05-19 17:11:54 - gestor_eventos - [DEBUG] - Procesando 0 eventos...
2025-05-19 17:11:54 - gestor_eventos - [DEBUG] - Procesando 0 eventos...
2025-05-19 17:11:54 - gestor_eventos - [DEBUG] - Procesando 0 eventos...
2025-05-19 17:11:54 - gestor_eventos - [DEBUG] - Procesando 0 eventos...
2025-05-19 17:11:54 - gestor_eventos - [DEBUG] - Procesando 0 eventos...
2025-05-19 17:11:54 - gestor_eventos - [DEBUG] - Procesando 0 eventos...
2025-05-19 17:11:54 - gestor_eventos - [DEBUG] - Procesando 1 eventos...
2025-05-19 17:11:54 - gestor_eventos - [DEBUG] - Evento: <Event(771-TextInput {'text': ' ', 'window': None})>
2025-05-19 17:11:55 - gestor_eventos - [DEBUG] - Procesando 0 eventos...
2025-05-19 17:11:55 - gestor_eventos - [DEBUG] - Procesando 1 eventos...
2025-05-19 17:11:55 - gestor_eventos - [DEBUG] - Evento: <Event(771-TextInput {'text': ' ', 'window': None})>
2025-05-19 17:11:55 - gestor_eventos - [DEBUG] - Procesando 0 eventos...
2025-05-19 17:11:55 - gestor_eventos - [DEBUG] - Procesando 1 eventos...
2025-05-19 17:11:55 - gestor_eventos - [DEBUG] - Evento: <Event(771-TextInput {'text': ' ', 'window': None})>
2025-05-19 17:11:55 - gestor_eventos - [DEBUG] - Procesando 0 eventos...
2025-05-19 17:11:55 - gestor_eventos - [DEBUG] - Procesando 1 eventos...
2025-05-19 17:11:55 - gestor_eventos - [DEBUG] - Evento: <Event(771-TextInput {'text': ' ', 'window': None})>
2025-05-19 17:11:55 - gestor_eventos - [DEBUG] - Procesando 0 eventos...
2025-05-19 17:11:55 - gestor_eventos - [DEBUG] - Procesando 1 eventos...
2025-05-19 17:11:55 - gestor_eventos - [DEBUG] - Evento: <Event(771-TextInput {'text': ' ', 'window': None})>
2025-05-19 17:11:55 - gestor_eventos - [DEBUG] - Procesando 0 eventos...
2025-05-19 17:11:55 - gestor_eventos - [DEBUG] - Procesando 1 eventos...
2025-05-19 17:11:55 - gestor_eventos - [DEBUG] - Evento: <Event(771-TextInput {'text': ' ', 'window': None})>
2025-05-19 17:11:55 - gestor_eventos - [DEBUG] - Procesando 0 eventos...
2025-05-19 17:11:55 - gestor_eventos - [DEBUG] - Procesando 1 eventos...
2025-05-19 17:11:55 - gestor_eventos - [DEBUG] - Evento: <Event(771-TextInput {'text': ' ', 'window': None})>
2025-05-19 17:11:55 - gestor_eventos - [DEBUG] - Evento: <Event(769-KeyUp {'unicode': ' ', 'key': 32, 'mod': 4096, 'scancode': 44, 'window': None})>
2025-05-19 17:11:55 - gestor_eventos - [DEBUG] - Procesando 0 eventos...
2025-05-19 17:11:55 - gestor_eventos - [DEBUG] - Procesando 0 eventos...
2025-05-19 17:11:55 - gestor_eventos - [DEBUG] - Procesando 2 eventos...
2025-05-19 17:11:55 - gestor_eventos - [DEBUG] - Evento: <Event(768-KeyDown {'unicode': ' ', 'key': 32, 'mod': 4096, 'scancode': 44, 'window': None})>
2025-05-19 17:11:55 - gestor_eventos - [DEBUG] - GestorEventos: KEYDOWN space (32)
2025-05-19 17:11:55 - gestor_eventos - [DEBUG] - GestorEventos: K_SPACE (Atacar jugador) procesado.
2025-05-19 17:11:55 - gestor_eventos - [DEBUG] - Evento: <Event(771-TextInput {'text': ' ', 'window': None})>
2025-05-19 17:11:55 - gestor_eventos - [DEBUG] - Procesando 0 eventos...
2025-05-19 17:11:55 - gestor_eventos - [DEBUG] - Procesando 0 eventos...
2025-05-19 17:11:55 - gestor_eventos - [DEBUG] - Procesando 0 eventos...
2025-05-19 17:11:55 - gestor_eventos - [DEBUG] - Procesando 0 eventos...
2025-05-19 17:11:55 - gestor_eventos - [DEBUG] - Procesando 0 eventos...
2025-05-19 17:11:55 - gestor_eventos - [DEBUG] - Procesando 0 eventos...
2025-05-19 17:11:55 - gestor_eventos - [DEBUG] - Procesando 0 eventos...
2025-05-19 17:11:56 - gestor_eventos - [DEBUG] - Procesando 0 eventos...
2025-05-19 17:11:56 - gestor_eventos - [DEBUG] - Procesando 1 eventos...
2025-05-19 17:11:56 - gestor_eventos - [DEBUG] - Evento: <Event(771-TextInput {'text': ' ', 'window': None})>
2025-05-19 17:11:56 - gestor_eventos - [DEBUG] - Procesando 0 eventos...
2025-05-19 17:11:56 - gestor_eventos - [DEBUG] - Procesando 1 eventos...
2025-05-19 17:11:56 - gestor_eventos - [DEBUG] - Evento: <Event(771-TextInput {'text': ' ', 'window': None})>
2025-05-19 17:11:56 - gestor_eventos - [DEBUG] - Evento: <Event(769-KeyUp {'unicode': ' ', 'key': 32, 'mod': 4096, 'scancode': 44, 'window': None})>
2025-05-19 17:11:56 - gestor_eventos - [DEBUG] - Procesando 0 eventos...
2025-05-19 17:11:56 - gestor_eventos - [DEBUG] - Procesando 0 eventos...
2025-05-19 17:11:56 - gestor_eventos - [DEBUG] - Procesando 2 eventos...
2025-05-19 17:11:56 - gestor_eventos - [DEBUG] - Evento: <Event(768-KeyDown {'unicode': ' ', 'key': 32, 'mod': 4096, 'scancode': 44, 'window': None})>
2025-05-19 17:11:56 - gestor_eventos - [DEBUG] - GestorEventos: KEYDOWN space (32)
2025-05-19 17:11:56 - gestor_eventos - [DEBUG] - GestorEventos: K_SPACE (Atacar jugador) procesado.
2025-05-19 17:11:56 - gestor_eventos - [DEBUG] - Evento: <Event(771-TextInput {'text': ' ', 'window': None})>
2025-05-19 17:11:56 - gestor_eventos - [DEBUG] - Procesando 0 eventos...
2025-05-19 17:11:56 - gestor_eventos - [DEBUG] - Procesando 1 eventos...
2025-05-19 17:11:56 - gestor_eventos - [DEBUG] - Evento: <Event(1024-MouseMotion {'pos': (503, 582), 'rel': (-1, 1), 'buttons': (0, 0, 0), 'touch': False, 'window': None})>
2025-05-19 17:11:56 - gestor_eventos - [DEBUG] - Evento: <Event(1024-MouseMotion {'pos': (501, 584), 'rel': (-2, 2), 'buttons': (0, 0, 0), 'touch': False, 'window': None})>
2025-05-19 17:11:56 - gestor_eventos - [DEBUG] - Evento: <Event(1024-MouseMotion {'pos': (500, 584), 'rel': (-1, 0), 'buttons': (0, 0, 0), 'touch': False, 'window': None})>
2025-05-19 17:11:56 - gestor_eventos - [DEBUG] - Procesando 0 eventos...
2025-05-19 17:11:56 - gestor_eventos - [DEBUG] - Procesando 0 eventos...
2025-05-19 17:11:56 - gestor_eventos - [DEBUG] - Procesando 0 eventos...
2025-05-19 17:11:56 - gestor_eventos - [DEBUG] - Procesando 1 eventos...
2025-05-19 17:11:56 - gestor_eventos - [DEBUG] - Evento: <Event(769-KeyUp {'unicode': ' ', 'key': 32, 'mod': 4096, 'scancode': 44, 'window': None})>
2025-05-19 17:11:56 - gestor_eventos - [DEBUG] - Procesando 0 eventos...
2025-05-19 17:11:56 - gestor_eventos - [DEBUG] - Procesando 0 eventos...
2025-05-19 17:11:56 - gestor_eventos - [DEBUG] - Procesando 0 eventos...
2025-05-19 17:11:56 - gestor_eventos - [DEBUG] - Procesando 0 eventos...
2025-05-19 17:11:56 - gestor_eventos - [DEBUG] - Procesando 0 eventos...
2025-05-19 17:11:56 - gestor_eventos - [DEBUG] - Procesando 0 eventos...
2025-05-19 17:11:56 - gestor_eventos - [DEBUG] - Procesando 1 eventos...
2025-05-19 17:11:56 - gestor_eventos - [DEBUG] - Evento: <Event(768-KeyDown {'unicode': '\x1b', 'key': 27, 'mod': 4096, 'scancode': 41, 'window': None})>
2025-05-19 17:11:56 - gestor_eventos - [DEBUG] - GestorEventos: KEYDOWN escape (27)
2025-05-19 17:11:56 - gestor_eventos - [INFO] - GestorEventos: Solicitud de SALIR recibida (ESCAPE).
