2025-05-19 17:11:49 - gestor_estado - [DEBUG] - GestorEstado inicializado.
2025-05-19 17:11:49 - gestor_estado - [DEBUG] -   GestorEstado: Actualizando 2 enemigos...
2025-05-19 17:11:49 - gestor_estado - [DEBUG] -   GestorEstado: Actualizando jugador...
2025-05-19 17:11:49 - gestor_estado - [DEBUG] -   GestorEstado: Actualizando 2 enemigos...
2025-05-19 17:11:49 - gestor_estado - [DEBUG] -   GestorEstado: Actualizando jugador...
2025-05-19 17:11:50 - gestor_estado - [DEBUG] -   GestorEstado: Actualizando 2 enemigos...
2025-05-19 17:11:50 - gestor_estado - [DEBUG] -   GestorEstado: Actualizando jugador...
2025-05-19 17:11:50 - gestor_estado - [DEBUG] -   GestorEstado: Actualizando 2 enemigos...
2025-05-19 17:11:50 - gestor_estado - [DEBUG] -   GestorEstado: Actualizando jugador...
2025-05-19 17:11:50 - gestor_estado - [DEBUG] -   GestorEstado: Actualizando 2 enemigos...
2025-05-19 17:11:50 - gestor_estado - [DEBUG] -   GestorEstado: Actualizando jugador...
2025-05-19 17:11:50 - gestor_estado - [DEBUG] -   GestorEstado: Actualizando 2 enemigos...
2025-05-19 17:11:50 - gestor_estado - [DEBUG] -   GestorEstado: Actualizando jugador...
2025-05-19 17:11:50 - gestor_estado - [DEBUG] -   GestorEstado: Actualizando 2 enemigos...
2025-05-19 17:11:50 - gestor_estado - [DEBUG] -   GestorEstado: Actualizando jugador...
2025-05-19 17:11:50 - gestor_estado - [DEBUG] -   GestorEstado: Actualizando 2 enemigos...
2025-05-19 17:11:50 - gestor_estado - [DEBUG] -   GestorEstado: Actualizando jugador...
2025-05-19 17:11:50 - gestor_estado - [DEBUG] -   GestorEstado: Actualizando 2 enemigos...
2025-05-19 17:11:50 - gestor_estado - [DEBUG] -   GestorEstado: Actualizando jugador...
2025-05-19 17:11:50 - gestor_estado - [DEBUG] -   GestorEstado: Actualizando 2 enemigos...
2025-05-19 17:11:50 - gestor_estado - [DEBUG] -   GestorEstado: Actualizando jugador...
2025-05-19 17:11:50 - gestor_estado - [DEBUG] -   GestorEstado: Actualizando 2 enemigos...
2025-05-19 17:11:50 - gestor_estado - [DEBUG] -   GestorEstado: Actualizando jugador...
2025-05-19 17:11:50 - gestor_estado - [DEBUG] -   GestorEstado: Actualizando 2 enemigos...
2025-05-19 17:11:50 - gestor_estado - [DEBUG] -   GestorEstado: Actualizando jugador...
2025-05-19 17:11:50 - gestor_estado - [DEBUG] -   GestorEstado: Actualizando 2 enemigos...
2025-05-19 17:11:50 - gestor_estado - [DEBUG] -   GestorEstado: Actualizando jugador...
2025-05-19 17:11:50 - gestor_estado - [DEBUG] -   GestorEstado: Actualizando 2 enemigos...
2025-05-19 17:11:50 - gestor_estado - [DEBUG] -   GestorEstado: Actualizando jugador...
2025-05-19 17:11:50 - gestor_estado - [DEBUG] -   GestorEstado: Actualizando 2 enemigos...
2025-05-19 17:11:50 - gestor_estado - [DEBUG] -   GestorEstado: Actualizando jugador...
2025-05-19 17:11:50 - gestor_estado - [DEBUG] -   GestorEstado: Actualizando 2 enemigos...
2025-05-19 17:11:50 - gestor_estado - [DEBUG] -   GestorEstado: Actualizando jugador...
2025-05-19 17:11:50 - gestor_estado - [DEBUG] -   GestorEstado: Actualizando 2 enemigos...
2025-05-19 17:11:50 - gestor_estado - [DEBUG] -   GestorEstado: Actualizando jugador...
2025-05-19 17:11:50 - gestor_estado - [DEBUG] -   GestorEstado: Actualizando 2 enemigos...
2025-05-19 17:11:50 - gestor_estado - [DEBUG] -   GestorEstado: Actualizando jugador...
2025-05-19 17:11:50 - gestor_estado - [DEBUG] -   GestorEstado: Actualizando 2 enemigos...
2025-05-19 17:11:50 - gestor_estado - [DEBUG] -   GestorEstado: Actualizando jugador...
2025-05-19 17:11:51 - gestor_estado - [DEBUG] -   GestorEstado: Actualizando 2 enemigos...
2025-05-19 17:11:51 - gestor_estado - [DEBUG] -   GestorEstado: Actualizando jugador...
2025-05-19 17:11:51 - gestor_estado - [DEBUG] -   GestorEstado: Actualizando 2 enemigos...
2025-05-19 17:11:51 - gestor_estado - [DEBUG] -   GestorEstado: Actualizando jugador...
2025-05-19 17:11:51 - gestor_estado - [DEBUG] -   GestorEstado: Actualizando 2 enemigos...
2025-05-19 17:11:51 - gestor_estado - [DEBUG] -   GestorEstado: Actualizando jugador...
2025-05-19 17:11:51 - gestor_estado - [DEBUG] -   GestorEstado: Actualizando 2 enemigos...
2025-05-19 17:11:51 - gestor_estado - [DEBUG] -   GestorEstado: Actualizando jugador...
2025-05-19 17:11:51 - gestor_estado - [DEBUG] -   GestorEstado: Actualizando 2 enemigos...
2025-05-19 17:11:51 - gestor_estado - [DEBUG] -   GestorEstado: Actualizando jugador...
2025-05-19 17:11:51 - gestor_estado - [DEBUG] -   GestorEstado: Actualizando 2 enemigos...
2025-05-19 17:11:51 - gestor_estado - [DEBUG] -   GestorEstado: Actualizando jugador...
2025-05-19 17:11:51 - gestor_estado - [DEBUG] -   GestorEstado: Actualizando 2 enemigos...
2025-05-19 17:11:51 - gestor_estado - [DEBUG] -   GestorEstado: Actualizando jugador...
2025-05-19 17:11:51 - gestor_estado - [DEBUG] -   GestorEstado: Actualizando 2 enemigos...
2025-05-19 17:11:51 - gestor_estado - [DEBUG] -   GestorEstado: Actualizando jugador...
2025-05-19 17:11:51 - gestor_estado - [DEBUG] -   GestorEstado: Actualizando 2 enemigos...
2025-05-19 17:11:51 - gestor_estado - [DEBUG] -   GestorEstado: Actualizando jugador...
2025-05-19 17:11:51 - gestor_estado - [DEBUG] -   GestorEstado: Actualizando 2 enemigos...
2025-05-19 17:11:51 - gestor_estado - [DEBUG] -   GestorEstado: Actualizando jugador...
2025-05-19 17:11:51 - gestor_estado - [DEBUG] -   GestorEstado: Actualizando 2 enemigos...
2025-05-19 17:11:51 - gestor_estado - [DEBUG] -   GestorEstado: Actualizando jugador...
2025-05-19 17:11:51 - gestor_estado - [DEBUG] -   GestorEstado: Actualizando 2 enemigos...
2025-05-19 17:11:51 - gestor_estado - [DEBUG] -   GestorEstado: Actualizando jugador...
2025-05-19 17:11:51 - gestor_estado - [DEBUG] -   GestorEstado: Actualizando 2 enemigos...
2025-05-19 17:11:51 - gestor_estado - [DEBUG] -   GestorEstado: Actualizando jugador...
2025-05-19 17:11:51 - gestor_estado - [DEBUG] -   GestorEstado: Actualizando 2 enemigos...
2025-05-19 17:11:51 - gestor_estado - [DEBUG] -   GestorEstado: Actualizando jugador...
2025-05-19 17:11:51 - gestor_estado - [DEBUG] -   GestorEstado: Actualizando 2 enemigos...
2025-05-19 17:11:51 - gestor_estado - [DEBUG] -   GestorEstado: Actualizando jugador...
2025-05-19 17:11:51 - gestor_estado - [DEBUG] -   GestorEstado: Actualizando 2 enemigos...
2025-05-19 17:11:51 - gestor_estado - [DEBUG] -   GestorEstado: Actualizando jugador...
2025-05-19 17:11:52 - gestor_estado - [DEBUG] -   GestorEstado: Actualizando 2 enemigos...
2025-05-19 17:11:52 - gestor_estado - [DEBUG] -   GestorEstado: Actualizando jugador...
2025-05-19 17:11:52 - gestor_estado - [DEBUG] -   GestorEstado: Actualizando 2 enemigos...
2025-05-19 17:11:52 - gestor_estado - [DEBUG] -   GestorEstado: Actualizando jugador...
2025-05-19 17:11:52 - gestor_estado - [DEBUG] -   GestorEstado: Actualizando 2 enemigos...
2025-05-19 17:11:52 - gestor_estado - [DEBUG] -   GestorEstado: Actualizando jugador...
2025-05-19 17:11:52 - gestor_estado - [DEBUG] -   GestorEstado: Actualizando 2 enemigos...
2025-05-19 17:11:52 - gestor_estado - [DEBUG] -   GestorEstado: Actualizando jugador...
2025-05-19 17:11:52 - gestor_estado - [DEBUG] -   GestorEstado: Actualizando 2 enemigos...
2025-05-19 17:11:52 - gestor_estado - [DEBUG] -   GestorEstado: Actualizando jugador...
2025-05-19 17:11:52 - gestor_estado - [DEBUG] -   GestorEstado: Actualizando 2 enemigos...
2025-05-19 17:11:52 - gestor_estado - [DEBUG] -   GestorEstado: Actualizando jugador...
2025-05-19 17:11:52 - gestor_estado - [DEBUG] -   GestorEstado: Actualizando 2 enemigos...
2025-05-19 17:11:52 - gestor_estado - [DEBUG] -   GestorEstado: Actualizando jugador...
2025-05-19 17:11:52 - gestor_estado - [DEBUG] -   GestorEstado: Actualizando 2 enemigos...
2025-05-19 17:11:52 - gestor_estado - [DEBUG] -   GestorEstado: Actualizando jugador...
2025-05-19 17:11:52 - gestor_estado - [DEBUG] -   GestorEstado: Actualizando 2 enemigos...
2025-05-19 17:11:52 - gestor_estado - [DEBUG] -   GestorEstado: Actualizando jugador...
2025-05-19 17:11:52 - gestor_estado - [DEBUG] -   GestorEstado: Actualizando 2 enemigos...
2025-05-19 17:11:52 - gestor_estado - [DEBUG] -   GestorEstado: Actualizando jugador...
2025-05-19 17:11:52 - gestor_estado - [DEBUG] -   GestorEstado: Actualizando 2 enemigos...
2025-05-19 17:11:52 - gestor_estado - [DEBUG] -   GestorEstado: Actualizando jugador...
2025-05-19 17:11:52 - gestor_estado - [DEBUG] -   GestorEstado: Actualizando jugador...
2025-05-19 17:11:52 - gestor_estado - [DEBUG] -   GestorEstado: Actualizando 2 enemigos...
2025-05-19 17:11:52 - gestor_estado - [DEBUG] -   GestorEstado: Actualizando jugador...
2025-05-19 17:11:52 - gestor_estado - [DEBUG] -   GestorEstado: Actualizando 2 enemigos...
2025-05-19 17:11:52 - gestor_estado - [DEBUG] -   GestorEstado: Actualizando jugador...
2025-05-19 17:11:52 - gestor_estado - [DEBUG] -   GestorEstado: Actualizando 2 enemigos...
2025-05-19 17:11:52 - gestor_estado - [DEBUG] -   GestorEstado: Actualizando 2 enemigos...
2025-05-19 17:11:52 - gestor_estado - [DEBUG] -   GestorEstado: Actualizando jugador...
2025-05-19 17:11:53 - gestor_estado - [DEBUG] -   GestorEstado: Actualizando 2 enemigos...
2025-05-19 17:11:53 - gestor_estado - [DEBUG] -   GestorEstado: Actualizando jugador...
2025-05-19 17:11:53 - gestor_estado - [DEBUG] -   GestorEstado: Actualizando 2 enemigos...
2025-05-19 17:11:53 - gestor_estado - [DEBUG] -   GestorEstado: Actualizando jugador...
2025-05-19 17:11:53 - gestor_estado - [DEBUG] -   GestorEstado: Actualizando 2 enemigos...
2025-05-19 17:11:53 - gestor_estado - [DEBUG] -   GestorEstado: Actualizando jugador...
2025-05-19 17:11:53 - gestor_estado - [DEBUG] -   GestorEstado: Actualizando 2 enemigos...
2025-05-19 17:11:53 - gestor_estado - [DEBUG] -   GestorEstado: Actualizando jugador...
2025-05-19 17:11:53 - gestor_estado - [DEBUG] -   GestorEstado: Actualizando 2 enemigos...
2025-05-19 17:11:53 - gestor_estado - [DEBUG] -   GestorEstado: Actualizando jugador...
2025-05-19 17:11:53 - gestor_estado - [DEBUG] -   GestorEstado: Actualizando 2 enemigos...
2025-05-19 17:11:53 - gestor_estado - [DEBUG] -   GestorEstado: Actualizando jugador...
2025-05-19 17:11:53 - gestor_estado - [DEBUG] -   GestorEstado: Actualizando jugador...
2025-05-19 17:11:53 - gestor_estado - [DEBUG] -   GestorEstado: Actualizando 2 enemigos...
2025-05-19 17:11:53 - gestor_estado - [DEBUG] -   GestorEstado: Actualizando jugador...
2025-05-19 17:11:53 - gestor_estado - [DEBUG] -   GestorEstado: Actualizando 2 enemigos...
2025-05-19 17:11:53 - gestor_estado - [DEBUG] -   GestorEstado: Actualizando jugador...
2025-05-19 17:11:53 - gestor_estado - [DEBUG] -   GestorEstado: Actualizando 2 enemigos...
2025-05-19 17:11:53 - gestor_estado - [DEBUG] -   GestorEstado: Actualizando jugador...
2025-05-19 17:11:53 - gestor_estado - [DEBUG] -   GestorEstado: Actualizando 2 enemigos...
2025-05-19 17:11:53 - gestor_estado - [DEBUG] -   GestorEstado: Actualizando jugador...
2025-05-19 17:11:53 - gestor_estado - [DEBUG] -   GestorEstado: Actualizando 2 enemigos...
2025-05-19 17:11:53 - gestor_estado - [DEBUG] -   GestorEstado: Jugador colisiona por contacto con: ['[Enemigo_1]']
2025-05-19 17:11:53 - gestor_estado - [DEBUG] -     GestorEstado: Jugador intentaría recibir 1 de daño por contacto de [Enemigo_1]. (DAÑO DESACTIVADO TEMPORALMENTE)
2025-05-19 17:11:53 - gestor_estado - [DEBUG] -   GestorEstado: Actualizando jugador...
2025-05-19 17:11:53 - gestor_estado - [DEBUG] -   GestorEstado: Actualizando 2 enemigos...
2025-05-19 17:11:53 - gestor_estado - [DEBUG] -   GestorEstado: Jugador colisiona por contacto con: ['[Enemigo_1]']
2025-05-19 17:11:53 - gestor_estado - [DEBUG] -     GestorEstado: Jugador intentaría recibir 1 de daño por contacto de [Enemigo_1]. (DAÑO DESACTIVADO TEMPORALMENTE)
2025-05-19 17:11:53 - gestor_estado - [DEBUG] -   GestorEstado: Actualizando jugador...
2025-05-19 17:11:53 - gestor_estado - [DEBUG] -   GestorEstado: Actualizando 2 enemigos...
2025-05-19 17:11:53 - gestor_estado - [DEBUG] -   GestorEstado: Jugador colisiona por contacto con: ['[Enemigo_1]']
2025-05-19 17:11:53 - gestor_estado - [DEBUG] -     GestorEstado: Jugador intentaría recibir 1 de daño por contacto de [Enemigo_1]. (DAÑO DESACTIVADO TEMPORALMENTE)
2025-05-19 17:11:53 - gestor_estado - [DEBUG] -   GestorEstado: Actualizando jugador...
2025-05-19 17:11:53 - gestor_estado - [DEBUG] -   GestorEstado: Actualizando 2 enemigos...
2025-05-19 17:11:53 - gestor_estado - [DEBUG] -   GestorEstado: Jugador colisiona por contacto con: ['[Enemigo_1]', '[Enemigo_2]']
2025-05-19 17:11:53 - gestor_estado - [DEBUG] -     GestorEstado: Jugador intentaría recibir 1 de daño por contacto de [Enemigo_2]. (DAÑO DESACTIVADO TEMPORALMENTE)
2025-05-19 17:11:53 - gestor_estado - [DEBUG] -     GestorEstado: Jugador intentaría recibir 1 de daño por contacto de [Enemigo_1]. (DAÑO DESACTIVADO TEMPORALMENTE)
2025-05-19 17:11:53 - gestor_estado - [DEBUG] -   GestorEstado: Actualizando jugador...
2025-05-19 17:11:53 - gestor_estado - [DEBUG] -   GestorEstado: Actualizando 2 enemigos...
2025-05-19 17:11:53 - gestor_estado - [DEBUG] -   GestorEstado: Jugador colisiona por contacto con: ['[Enemigo_1]', '[Enemigo_2]']
2025-05-19 17:11:53 - gestor_estado - [DEBUG] -     GestorEstado: Jugador intentaría recibir 1 de daño por contacto de [Enemigo_2]. (DAÑO DESACTIVADO TEMPORALMENTE)
2025-05-19 17:11:53 - gestor_estado - [DEBUG] -     GestorEstado: Jugador intentaría recibir 1 de daño por contacto de [Enemigo_1]. (DAÑO DESACTIVADO TEMPORALMENTE)
2025-05-19 17:11:53 - gestor_estado - [DEBUG] -   GestorEstado: Actualizando jugador...
2025-05-19 17:11:53 - gestor_estado - [DEBUG] -   GestorEstado: Actualizando 2 enemigos...
2025-05-19 17:11:53 - gestor_estado - [DEBUG] -   GestorEstado: Jugador colisiona por contacto con: ['[Enemigo_1]', '[Enemigo_2]']
2025-05-19 17:11:53 - gestor_estado - [DEBUG] -     GestorEstado: Jugador intentaría recibir 1 de daño por contacto de [Enemigo_2]. (DAÑO DESACTIVADO TEMPORALMENTE)
2025-05-19 17:11:53 - gestor_estado - [DEBUG] -     GestorEstado: Jugador intentaría recibir 1 de daño por contacto de [Enemigo_1]. (DAÑO DESACTIVADO TEMPORALMENTE)
2025-05-19 17:11:53 - gestor_estado - [DEBUG] -   GestorEstado: Actualizando jugador...
2025-05-19 17:11:54 - gestor_estado - [DEBUG] -   GestorEstado: Actualizando 2 enemigos...
2025-05-19 17:11:54 - gestor_estado - [DEBUG] -   GestorEstado: Jugador colisiona por contacto con: ['[Enemigo_1]', '[Enemigo_2]']
2025-05-19 17:11:54 - gestor_estado - [DEBUG] -     GestorEstado: Jugador intentaría recibir 1 de daño por contacto de [Enemigo_2]. (DAÑO DESACTIVADO TEMPORALMENTE)
2025-05-19 17:11:54 - gestor_estado - [DEBUG] -     GestorEstado: Jugador intentaría recibir 1 de daño por contacto de [Enemigo_1]. (DAÑO DESACTIVADO TEMPORALMENTE)
2025-05-19 17:11:54 - gestor_estado - [DEBUG] -   GestorEstado: Actualizando jugador...
2025-05-19 17:11:54 - gestor_estado - [DEBUG] -   GestorEstado: Actualizando 2 enemigos...
2025-05-19 17:11:54 - gestor_estado - [DEBUG] -   GestorEstado: Jugador colisiona por contacto con: ['[Enemigo_1]', '[Enemigo_2]']
2025-05-19 17:11:54 - gestor_estado - [DEBUG] -     GestorEstado: Jugador intentaría recibir 1 de daño por contacto de [Enemigo_2]. (DAÑO DESACTIVADO TEMPORALMENTE)
2025-05-19 17:11:54 - gestor_estado - [DEBUG] -     GestorEstado: Jugador intentaría recibir 1 de daño por contacto de [Enemigo_1]. (DAÑO DESACTIVADO TEMPORALMENTE)
2025-05-19 17:11:54 - gestor_estado - [DEBUG] -   GestorEstado: Actualizando jugador...
2025-05-19 17:11:54 - gestor_estado - [DEBUG] -   GestorEstado: Actualizando 2 enemigos...
2025-05-19 17:11:54 - gestor_estado - [DEBUG] -   GestorEstado: Jugador colisiona por contacto con: ['[Enemigo_1]', '[Enemigo_2]']
2025-05-19 17:11:54 - gestor_estado - [DEBUG] -     GestorEstado: Jugador intentaría recibir 1 de daño por contacto de [Enemigo_2]. (DAÑO DESACTIVADO TEMPORALMENTE)
2025-05-19 17:11:54 - gestor_estado - [DEBUG] -     GestorEstado: Jugador intentaría recibir 1 de daño por contacto de [Enemigo_1]. (DAÑO DESACTIVADO TEMPORALMENTE)
2025-05-19 17:11:54 - gestor_estado - [DEBUG] -   GestorEstado: Actualizando jugador...
2025-05-19 17:11:54 - gestor_estado - [DEBUG] -   GestorEstado: Actualizando 2 enemigos...
2025-05-19 17:11:54 - gestor_estado - [DEBUG] -   GestorEstado: Jugador colisiona por contacto con: ['[Enemigo_1]', '[Enemigo_2]']
2025-05-19 17:11:54 - gestor_estado - [DEBUG] -     GestorEstado: Jugador intentaría recibir 1 de daño por contacto de [Enemigo_2]. (DAÑO DESACTIVADO TEMPORALMENTE)
2025-05-19 17:11:54 - gestor_estado - [DEBUG] -     GestorEstado: Jugador intentaría recibir 1 de daño por contacto de [Enemigo_1]. (DAÑO DESACTIVADO TEMPORALMENTE)
2025-05-19 17:11:54 - gestor_estado - [DEBUG] -   GestorEstado: Actualizando jugador...
2025-05-19 17:11:54 - gestor_estado - [DEBUG] -   GestorEstado: Actualizando 2 enemigos...
2025-05-19 17:11:54 - gestor_estado - [DEBUG] -   GestorEstado: Jugador colisiona por contacto con: ['[Enemigo_1]', '[Enemigo_2]']
2025-05-19 17:11:54 - gestor_estado - [DEBUG] -     GestorEstado: Jugador intentaría recibir 1 de daño por contacto de [Enemigo_2]. (DAÑO DESACTIVADO TEMPORALMENTE)
2025-05-19 17:11:54 - gestor_estado - [DEBUG] -     GestorEstado: Jugador intentaría recibir 1 de daño por contacto de [Enemigo_1]. (DAÑO DESACTIVADO TEMPORALMENTE)
2025-05-19 17:11:54 - gestor_estado - [DEBUG] -   GestorEstado: Actualizando jugador...
2025-05-19 17:11:54 - gestor_estado - [DEBUG] -   GestorEstado: Actualizando 2 enemigos...
2025-05-19 17:11:54 - gestor_estado - [DEBUG] -   GestorEstado: Jugador colisiona por contacto con: ['[Enemigo_1]', '[Enemigo_2]']
2025-05-19 17:11:54 - gestor_estado - [DEBUG] -     GestorEstado: Jugador intentaría recibir 1 de daño por contacto de [Enemigo_2]. (DAÑO DESACTIVADO TEMPORALMENTE)
2025-05-19 17:11:54 - gestor_estado - [DEBUG] -     GestorEstado: Jugador intentaría recibir 1 de daño por contacto de [Enemigo_1]. (DAÑO DESACTIVADO TEMPORALMENTE)
2025-05-19 17:11:54 - gestor_estado - [DEBUG] -   GestorEstado: Actualizando jugador...
2025-05-19 17:11:54 - gestor_estado - [DEBUG] -   GestorEstado: Actualizando 2 enemigos...
2025-05-19 17:11:54 - gestor_estado - [DEBUG] -   GestorEstado: Jugador colisiona por contacto con: ['[Enemigo_1]', '[Enemigo_2]']
2025-05-19 17:11:54 - gestor_estado - [DEBUG] -     GestorEstado: Jugador intentaría recibir 1 de daño por contacto de [Enemigo_2]. (DAÑO DESACTIVADO TEMPORALMENTE)
2025-05-19 17:11:54 - gestor_estado - [DEBUG] -     GestorEstado: Jugador intentaría recibir 1 de daño por contacto de [Enemigo_1]. (DAÑO DESACTIVADO TEMPORALMENTE)
2025-05-19 17:11:54 - gestor_estado - [DEBUG] -   GestorEstado: Actualizando jugador...
2025-05-19 17:11:54 - gestor_estado - [DEBUG] -   GestorEstado: Actualizando 2 enemigos...
2025-05-19 17:11:54 - gestor_estado - [DEBUG] -   GestorEstado: Jugador colisiona por contacto con: ['[Enemigo_1]', '[Enemigo_2]']
2025-05-19 17:11:54 - gestor_estado - [DEBUG] -     GestorEstado: Jugador intentaría recibir 1 de daño por contacto de [Enemigo_1]. (DAÑO DESACTIVADO TEMPORALMENTE)
2025-05-19 17:11:54 - gestor_estado - [DEBUG] -     GestorEstado: Jugador intentaría recibir 1 de daño por contacto de [Enemigo_2]. (DAÑO DESACTIVADO TEMPORALMENTE)
2025-05-19 17:11:54 - gestor_estado - [DEBUG] -   GestorEstado: Actualizando jugador...
2025-05-19 17:11:54 - gestor_estado - [DEBUG] -   GestorEstado: Actualizando 2 enemigos...
2025-05-19 17:11:54 - gestor_estado - [DEBUG] -   GestorEstado: Jugador colisiona por contacto con: ['[Enemigo_1]', '[Enemigo_2]']
2025-05-19 17:11:54 - gestor_estado - [DEBUG] -     GestorEstado: Jugador intentaría recibir 1 de daño por contacto de [Enemigo_1]. (DAÑO DESACTIVADO TEMPORALMENTE)
2025-05-19 17:11:54 - gestor_estado - [DEBUG] -     GestorEstado: Jugador intentaría recibir 1 de daño por contacto de [Enemigo_2]. (DAÑO DESACTIVADO TEMPORALMENTE)
2025-05-19 17:11:54 - gestor_estado - [DEBUG] -   GestorEstado: Actualizando jugador...
2025-05-19 17:11:54 - gestor_estado - [DEBUG] -   GestorEstado: Actualizando 2 enemigos...
2025-05-19 17:11:54 - gestor_estado - [DEBUG] -   GestorEstado: Jugador colisiona por contacto con: ['[Enemigo_1]', '[Enemigo_2]']
2025-05-19 17:11:54 - gestor_estado - [DEBUG] -     GestorEstado: Jugador intentaría recibir 1 de daño por contacto de [Enemigo_1]. (DAÑO DESACTIVADO TEMPORALMENTE)
2025-05-19 17:11:54 - gestor_estado - [DEBUG] -     GestorEstado: Jugador intentaría recibir 1 de daño por contacto de [Enemigo_2]. (DAÑO DESACTIVADO TEMPORALMENTE)
2025-05-19 17:11:54 - gestor_estado - [DEBUG] -   GestorEstado: Actualizando jugador...
2025-05-19 17:11:54 - gestor_estado - [DEBUG] -   GestorEstado: Actualizando 2 enemigos...
2025-05-19 17:11:54 - gestor_estado - [DEBUG] -   GestorEstado: Jugador colisiona por contacto con: ['[Enemigo_1]', '[Enemigo_2]']
2025-05-19 17:11:54 - gestor_estado - [DEBUG] -     GestorEstado: Jugador intentaría recibir 1 de daño por contacto de [Enemigo_1]. (DAÑO DESACTIVADO TEMPORALMENTE)
2025-05-19 17:11:54 - gestor_estado - [DEBUG] -     GestorEstado: Jugador intentaría recibir 1 de daño por contacto de [Enemigo_2]. (DAÑO DESACTIVADO TEMPORALMENTE)
2025-05-19 17:11:54 - gestor_estado - [DEBUG] -   GestorEstado: Actualizando jugador...
2025-05-19 17:11:54 - gestor_estado - [DEBUG] -   GestorEstado: Actualizando 2 enemigos...
2025-05-19 17:11:54 - gestor_estado - [DEBUG] -   GestorEstado: Jugador colisiona por contacto con: ['[Enemigo_1]', '[Enemigo_2]']
2025-05-19 17:11:54 - gestor_estado - [DEBUG] -     GestorEstado: Jugador intentaría recibir 1 de daño por contacto de [Enemigo_1]. (DAÑO DESACTIVADO TEMPORALMENTE)
2025-05-19 17:11:54 - gestor_estado - [DEBUG] -     GestorEstado: Jugador intentaría recibir 1 de daño por contacto de [Enemigo_2]. (DAÑO DESACTIVADO TEMPORALMENTE)
2025-05-19 17:11:54 - gestor_estado - [DEBUG] -   GestorEstado: Actualizando jugador...
2025-05-19 17:11:54 - gestor_estado - [DEBUG] -   GestorEstado: Actualizando 2 enemigos...
2025-05-19 17:11:54 - gestor_estado - [DEBUG] -   GestorEstado: Jugador colisiona por contacto con: ['[Enemigo_1]', '[Enemigo_2]']
2025-05-19 17:11:54 - gestor_estado - [DEBUG] -     GestorEstado: Jugador intentaría recibir 1 de daño por contacto de [Enemigo_1]. (DAÑO DESACTIVADO TEMPORALMENTE)
2025-05-19 17:11:54 - gestor_estado - [DEBUG] -     GestorEstado: Jugador intentaría recibir 1 de daño por contacto de [Enemigo_2]. (DAÑO DESACTIVADO TEMPORALMENTE)
2025-05-19 17:11:54 - gestor_estado - [DEBUG] -   GestorEstado: Actualizando jugador...
2025-05-19 17:11:54 - gestor_estado - [DEBUG] -   GestorEstado: Actualizando 2 enemigos...
2025-05-19 17:11:54 - gestor_estado - [DEBUG] -   GestorEstado: Jugador colisiona por contacto con: ['[Enemigo_1]', '[Enemigo_2]']
2025-05-19 17:11:54 - gestor_estado - [DEBUG] -     GestorEstado: Jugador intentaría recibir 1 de daño por contacto de [Enemigo_1]. (DAÑO DESACTIVADO TEMPORALMENTE)
2025-05-19 17:11:54 - gestor_estado - [DEBUG] -     GestorEstado: Jugador intentaría recibir 1 de daño por contacto de [Enemigo_2]. (DAÑO DESACTIVADO TEMPORALMENTE)
2025-05-19 17:11:54 - gestor_estado - [DEBUG] -   GestorEstado: Actualizando jugador...
2025-05-19 17:11:54 - gestor_estado - [DEBUG] -   GestorEstado: Actualizando 2 enemigos...
2025-05-19 17:11:54 - gestor_estado - [DEBUG] -   GestorEstado: Jugador colisiona por contacto con: ['[Enemigo_1]', '[Enemigo_2]']
2025-05-19 17:11:54 - gestor_estado - [DEBUG] -     GestorEstado: Jugador intentaría recibir 1 de daño por contacto de [Enemigo_1]. (DAÑO DESACTIVADO TEMPORALMENTE)
2025-05-19 17:11:54 - gestor_estado - [DEBUG] -     GestorEstado: Jugador intentaría recibir 1 de daño por contacto de [Enemigo_2]. (DAÑO DESACTIVADO TEMPORALMENTE)
2025-05-19 17:11:54 - gestor_estado - [DEBUG] -   GestorEstado: Actualizando jugador...
2025-05-19 17:11:54 - gestor_estado - [DEBUG] -   GestorEstado: Actualizando 2 enemigos...
2025-05-19 17:11:54 - gestor_estado - [DEBUG] -   GestorEstado: Jugador colisiona por contacto con: ['[Enemigo_1]', '[Enemigo_2]']
2025-05-19 17:11:54 - gestor_estado - [DEBUG] -     GestorEstado: Jugador intentaría recibir 1 de daño por contacto de [Enemigo_1]. (DAÑO DESACTIVADO TEMPORALMENTE)
2025-05-19 17:11:54 - gestor_estado - [DEBUG] -     GestorEstado: Jugador intentaría recibir 1 de daño por contacto de [Enemigo_2]. (DAÑO DESACTIVADO TEMPORALMENTE)
2025-05-19 17:11:54 - gestor_estado - [DEBUG] -   GestorEstado: Actualizando jugador...
2025-05-19 17:11:55 - gestor_estado - [DEBUG] -   GestorEstado: Actualizando 2 enemigos...
2025-05-19 17:11:55 - gestor_estado - [DEBUG] -   GestorEstado: Jugador colisiona por contacto con: ['[Enemigo_1]', '[Enemigo_2]']
2025-05-19 17:11:55 - gestor_estado - [DEBUG] -     GestorEstado: Jugador intentaría recibir 1 de daño por contacto de [Enemigo_1]. (DAÑO DESACTIVADO TEMPORALMENTE)
2025-05-19 17:11:55 - gestor_estado - [DEBUG] -     GestorEstado: Jugador intentaría recibir 1 de daño por contacto de [Enemigo_2]. (DAÑO DESACTIVADO TEMPORALMENTE)
2025-05-19 17:11:55 - gestor_estado - [DEBUG] -   GestorEstado: Actualizando jugador...
2025-05-19 17:11:55 - gestor_estado - [DEBUG] -   GestorEstado: Actualizando 2 enemigos...
2025-05-19 17:11:55 - gestor_estado - [DEBUG] -   GestorEstado: Actualizando jugador...
2025-05-19 17:11:55 - gestor_estado - [DEBUG] -   GestorEstado: Jugador colisiona por contacto con: ['[Enemigo_1]', '[Enemigo_2]']
2025-05-19 17:11:55 - gestor_estado - [DEBUG] -     GestorEstado: Jugador intentaría recibir 1 de daño por contacto de [Enemigo_1]. (DAÑO DESACTIVADO TEMPORALMENTE)
2025-05-19 17:11:55 - gestor_estado - [DEBUG] -     GestorEstado: Jugador intentaría recibir 1 de daño por contacto de [Enemigo_2]. (DAÑO DESACTIVADO TEMPORALMENTE)
2025-05-19 17:11:55 - gestor_estado - [DEBUG] -   GestorEstado: Actualizando 2 enemigos...
2025-05-19 17:11:55 - gestor_estado - [DEBUG] -   GestorEstado: Actualizando jugador...
2025-05-19 17:11:55 - gestor_estado - [DEBUG] -   GestorEstado: Jugador colisiona por contacto con: ['[Enemigo_1]', '[Enemigo_2]']
2025-05-19 17:11:55 - gestor_estado - [DEBUG] -     GestorEstado: Jugador intentaría recibir 1 de daño por contacto de [Enemigo_1]. (DAÑO DESACTIVADO TEMPORALMENTE)
2025-05-19 17:11:55 - gestor_estado - [DEBUG] -     GestorEstado: Jugador intentaría recibir 1 de daño por contacto de [Enemigo_2]. (DAÑO DESACTIVADO TEMPORALMENTE)
2025-05-19 17:11:55 - gestor_estado - [DEBUG] -   GestorEstado: Actualizando 2 enemigos...
2025-05-19 17:11:55 - gestor_estado - [DEBUG] -   GestorEstado: Actualizando jugador...
2025-05-19 17:11:55 - gestor_estado - [DEBUG] -   GestorEstado: Jugador colisiona por contacto con: ['[Enemigo_1]', '[Enemigo_2]']
2025-05-19 17:11:55 - gestor_estado - [DEBUG] -     GestorEstado: Jugador intentaría recibir 1 de daño por contacto de [Enemigo_1]. (DAÑO DESACTIVADO TEMPORALMENTE)
2025-05-19 17:11:55 - gestor_estado - [DEBUG] -     GestorEstado: Jugador intentaría recibir 1 de daño por contacto de [Enemigo_2]. (DAÑO DESACTIVADO TEMPORALMENTE)
2025-05-19 17:11:55 - gestor_estado - [DEBUG] -   GestorEstado: Actualizando 2 enemigos...
2025-05-19 17:11:55 - gestor_estado - [DEBUG] -   GestorEstado: Actualizando jugador...
2025-05-19 17:11:55 - gestor_estado - [DEBUG] -   GestorEstado: Jugador colisiona por contacto con: ['[Enemigo_1]', '[Enemigo_2]']
2025-05-19 17:11:55 - gestor_estado - [DEBUG] -     GestorEstado: Jugador intentaría recibir 1 de daño por contacto de [Enemigo_1]. (DAÑO DESACTIVADO TEMPORALMENTE)
2025-05-19 17:11:55 - gestor_estado - [DEBUG] -     GestorEstado: Jugador intentaría recibir 1 de daño por contacto de [Enemigo_2]. (DAÑO DESACTIVADO TEMPORALMENTE)
2025-05-19 17:11:55 - gestor_estado - [DEBUG] -   GestorEstado: Actualizando 2 enemigos...
2025-05-19 17:11:55 - gestor_estado - [DEBUG] -   GestorEstado: Actualizando jugador...
2025-05-19 17:11:55 - gestor_estado - [DEBUG] -   GestorEstado: Jugador colisiona por contacto con: ['[Enemigo_1]', '[Enemigo_2]']
2025-05-19 17:11:55 - gestor_estado - [DEBUG] -     GestorEstado: Jugador intentaría recibir 1 de daño por contacto de [Enemigo_1]. (DAÑO DESACTIVADO TEMPORALMENTE)
2025-05-19 17:11:55 - gestor_estado - [DEBUG] -     GestorEstado: Jugador intentaría recibir 1 de daño por contacto de [Enemigo_2]. (DAÑO DESACTIVADO TEMPORALMENTE)
2025-05-19 17:11:55 - gestor_estado - [DEBUG] -   GestorEstado: Actualizando 2 enemigos...
2025-05-19 17:11:55 - gestor_estado - [DEBUG] -   GestorEstado: Actualizando jugador...
2025-05-19 17:11:55 - gestor_estado - [DEBUG] -   GestorEstado: Jugador colisiona por contacto con: ['[Enemigo_1]', '[Enemigo_2]']
2025-05-19 17:11:55 - gestor_estado - [DEBUG] -     GestorEstado: Jugador intentaría recibir 1 de daño por contacto de [Enemigo_1]. (DAÑO DESACTIVADO TEMPORALMENTE)
2025-05-19 17:11:55 - gestor_estado - [DEBUG] -     GestorEstado: Jugador intentaría recibir 1 de daño por contacto de [Enemigo_2]. (DAÑO DESACTIVADO TEMPORALMENTE)
2025-05-19 17:11:55 - gestor_estado - [DEBUG] -   GestorEstado: Actualizando 2 enemigos...
2025-05-19 17:11:55 - gestor_estado - [DEBUG] -   GestorEstado: Actualizando jugador...
2025-05-19 17:11:55 - gestor_estado - [DEBUG] -   GestorEstado: Jugador colisiona por contacto con: ['[Enemigo_1]', '[Enemigo_2]']
2025-05-19 17:11:55 - gestor_estado - [DEBUG] -     GestorEstado: Jugador intentaría recibir 1 de daño por contacto de [Enemigo_1]. (DAÑO DESACTIVADO TEMPORALMENTE)
2025-05-19 17:11:55 - gestor_estado - [DEBUG] -     GestorEstado: Jugador intentaría recibir 1 de daño por contacto de [Enemigo_2]. (DAÑO DESACTIVADO TEMPORALMENTE)
2025-05-19 17:11:55 - gestor_estado - [DEBUG] -   GestorEstado: Actualizando 2 enemigos...
2025-05-19 17:11:55 - gestor_estado - [DEBUG] -   GestorEstado: Actualizando jugador...
2025-05-19 17:11:55 - gestor_estado - [DEBUG] -   GestorEstado: Jugador colisiona por contacto con: ['[Enemigo_1]', '[Enemigo_2]']
2025-05-19 17:11:55 - gestor_estado - [DEBUG] -     GestorEstado: Jugador intentaría recibir 1 de daño por contacto de [Enemigo_1]. (DAÑO DESACTIVADO TEMPORALMENTE)
2025-05-19 17:11:55 - gestor_estado - [DEBUG] -     GestorEstado: Jugador intentaría recibir 1 de daño por contacto de [Enemigo_2]. (DAÑO DESACTIVADO TEMPORALMENTE)
2025-05-19 17:11:55 - gestor_estado - [DEBUG] -   GestorEstado: Actualizando 2 enemigos...
2025-05-19 17:11:55 - gestor_estado - [DEBUG] -   GestorEstado: Actualizando jugador...
2025-05-19 17:11:55 - gestor_estado - [DEBUG] -   GestorEstado: Jugador colisiona por contacto con: ['[Enemigo_1]', '[Enemigo_2]']
2025-05-19 17:11:55 - gestor_estado - [DEBUG] -     GestorEstado: Jugador intentaría recibir 1 de daño por contacto de [Enemigo_1]. (DAÑO DESACTIVADO TEMPORALMENTE)
2025-05-19 17:11:55 - gestor_estado - [DEBUG] -     GestorEstado: Jugador intentaría recibir 1 de daño por contacto de [Enemigo_2]. (DAÑO DESACTIVADO TEMPORALMENTE)
2025-05-19 17:11:55 - gestor_estado - [DEBUG] -   GestorEstado: Actualizando 2 enemigos...
2025-05-19 17:11:55 - gestor_estado - [DEBUG] -   GestorEstado: Actualizando jugador...
2025-05-19 17:11:55 - gestor_estado - [DEBUG] -   GestorEstado: Jugador colisiona por contacto con: ['[Enemigo_1]', '[Enemigo_2]']
2025-05-19 17:11:55 - gestor_estado - [DEBUG] -     GestorEstado: Jugador intentaría recibir 1 de daño por contacto de [Enemigo_1]. (DAÑO DESACTIVADO TEMPORALMENTE)
2025-05-19 17:11:55 - gestor_estado - [DEBUG] -     GestorEstado: Jugador intentaría recibir 1 de daño por contacto de [Enemigo_2]. (DAÑO DESACTIVADO TEMPORALMENTE)
2025-05-19 17:11:55 - gestor_estado - [DEBUG] -   GestorEstado: Actualizando 2 enemigos...
2025-05-19 17:11:55 - gestor_estado - [DEBUG] -   GestorEstado: Actualizando jugador...
2025-05-19 17:11:55 - gestor_estado - [DEBUG] -   GestorEstado: Jugador colisiona por contacto con: ['[Enemigo_1]', '[Enemigo_2]']
2025-05-19 17:11:55 - gestor_estado - [DEBUG] -     GestorEstado: Jugador intentaría recibir 1 de daño por contacto de [Enemigo_1]. (DAÑO DESACTIVADO TEMPORALMENTE)
2025-05-19 17:11:55 - gestor_estado - [DEBUG] -     GestorEstado: Jugador intentaría recibir 1 de daño por contacto de [Enemigo_2]. (DAÑO DESACTIVADO TEMPORALMENTE)
2025-05-19 17:11:55 - gestor_estado - [DEBUG] -   GestorEstado: Actualizando 2 enemigos...
2025-05-19 17:11:55 - gestor_estado - [DEBUG] -   GestorEstado: Actualizando jugador...
2025-05-19 17:11:55 - gestor_estado - [DEBUG] -   GestorEstado: Jugador colisiona por contacto con: ['[Enemigo_1]', '[Enemigo_2]']
2025-05-19 17:11:55 - gestor_estado - [DEBUG] -     GestorEstado: Jugador intentaría recibir 1 de daño por contacto de [Enemigo_1]. (DAÑO DESACTIVADO TEMPORALMENTE)
2025-05-19 17:11:55 - gestor_estado - [DEBUG] -     GestorEstado: Jugador intentaría recibir 1 de daño por contacto de [Enemigo_2]. (DAÑO DESACTIVADO TEMPORALMENTE)
2025-05-19 17:11:55 - gestor_estado - [DEBUG] -   GestorEstado: Actualizando 2 enemigos...
2025-05-19 17:11:55 - gestor_estado - [DEBUG] -   GestorEstado: Actualizando jugador...
2025-05-19 17:11:55 - gestor_estado - [DEBUG] -   GestorEstado: Jugador colisiona por contacto con: ['[Enemigo_1]', '[Enemigo_2]']
2025-05-19 17:11:55 - gestor_estado - [DEBUG] -     GestorEstado: Jugador intentaría recibir 1 de daño por contacto de [Enemigo_1]. (DAÑO DESACTIVADO TEMPORALMENTE)
2025-05-19 17:11:55 - gestor_estado - [DEBUG] -     GestorEstado: Jugador intentaría recibir 1 de daño por contacto de [Enemigo_2]. (DAÑO DESACTIVADO TEMPORALMENTE)
2025-05-19 17:11:55 - gestor_estado - [DEBUG] -   GestorEstado: Actualizando 2 enemigos...
2025-05-19 17:11:55 - gestor_estado - [DEBUG] -   GestorEstado: Actualizando jugador...
2025-05-19 17:11:55 - gestor_estado - [DEBUG] -   GestorEstado: Jugador colisiona por contacto con: ['[Enemigo_1]', '[Enemigo_2]']
2025-05-19 17:11:55 - gestor_estado - [DEBUG] -     GestorEstado: Jugador intentaría recibir 1 de daño por contacto de [Enemigo_1]. (DAÑO DESACTIVADO TEMPORALMENTE)
2025-05-19 17:11:55 - gestor_estado - [DEBUG] -     GestorEstado: Jugador intentaría recibir 1 de daño por contacto de [Enemigo_2]. (DAÑO DESACTIVADO TEMPORALMENTE)
2025-05-19 17:11:55 - gestor_estado - [DEBUG] -   GestorEstado: Actualizando 2 enemigos...
2025-05-19 17:11:55 - gestor_estado - [DEBUG] -   GestorEstado: Actualizando jugador...
2025-05-19 17:11:55 - gestor_estado - [DEBUG] -   GestorEstado: Jugador colisiona por contacto con: ['[Enemigo_1]', '[Enemigo_2]']
2025-05-19 17:11:55 - gestor_estado - [DEBUG] -     GestorEstado: Jugador intentaría recibir 1 de daño por contacto de [Enemigo_1]. (DAÑO DESACTIVADO TEMPORALMENTE)
2025-05-19 17:11:55 - gestor_estado - [DEBUG] -     GestorEstado: Jugador intentaría recibir 1 de daño por contacto de [Enemigo_2]. (DAÑO DESACTIVADO TEMPORALMENTE)
2025-05-19 17:11:56 - gestor_estado - [DEBUG] -   GestorEstado: Actualizando 2 enemigos...
2025-05-19 17:11:56 - gestor_estado - [DEBUG] -   GestorEstado: Actualizando jugador...
2025-05-19 17:11:56 - gestor_estado - [DEBUG] -   GestorEstado: Jugador colisiona por contacto con: ['[Enemigo_1]', '[Enemigo_2]']
2025-05-19 17:11:56 - gestor_estado - [DEBUG] -     GestorEstado: Jugador intentaría recibir 1 de daño por contacto de [Enemigo_1]. (DAÑO DESACTIVADO TEMPORALMENTE)
2025-05-19 17:11:56 - gestor_estado - [DEBUG] -     GestorEstado: Jugador intentaría recibir 1 de daño por contacto de [Enemigo_2]. (DAÑO DESACTIVADO TEMPORALMENTE)
2025-05-19 17:11:56 - gestor_estado - [DEBUG] -   GestorEstado: Actualizando 2 enemigos...
2025-05-19 17:11:56 - gestor_estado - [DEBUG] -   GestorEstado: Actualizando jugador...
2025-05-19 17:11:56 - gestor_estado - [DEBUG] -   GestorEstado: Jugador colisiona por contacto con: ['[Enemigo_1]', '[Enemigo_2]']
2025-05-19 17:11:56 - gestor_estado - [DEBUG] -     GestorEstado: Jugador intentaría recibir 1 de daño por contacto de [Enemigo_1]. (DAÑO DESACTIVADO TEMPORALMENTE)
2025-05-19 17:11:56 - gestor_estado - [DEBUG] -     GestorEstado: Jugador intentaría recibir 1 de daño por contacto de [Enemigo_2]. (DAÑO DESACTIVADO TEMPORALMENTE)
2025-05-19 17:11:56 - gestor_estado - [DEBUG] -   GestorEstado: Actualizando 2 enemigos...
2025-05-19 17:11:56 - gestor_estado - [DEBUG] -   GestorEstado: Actualizando jugador...
2025-05-19 17:11:56 - gestor_estado - [DEBUG] -   GestorEstado: Jugador colisiona por contacto con: ['[Enemigo_1]', '[Enemigo_2]']
2025-05-19 17:11:56 - gestor_estado - [DEBUG] -     GestorEstado: Jugador intentaría recibir 1 de daño por contacto de [Enemigo_1]. (DAÑO DESACTIVADO TEMPORALMENTE)
2025-05-19 17:11:56 - gestor_estado - [DEBUG] -     GestorEstado: Jugador intentaría recibir 1 de daño por contacto de [Enemigo_2]. (DAÑO DESACTIVADO TEMPORALMENTE)
2025-05-19 17:11:56 - gestor_estado - [DEBUG] -   GestorEstado: Actualizando 2 enemigos...
2025-05-19 17:11:56 - gestor_estado - [DEBUG] -   GestorEstado: Actualizando jugador...
2025-05-19 17:11:56 - gestor_estado - [DEBUG] -   GestorEstado: Jugador colisiona por contacto con: ['[Enemigo_1]', '[Enemigo_2]']
2025-05-19 17:11:56 - gestor_estado - [DEBUG] -     GestorEstado: Jugador intentaría recibir 1 de daño por contacto de [Enemigo_1]. (DAÑO DESACTIVADO TEMPORALMENTE)
2025-05-19 17:11:56 - gestor_estado - [DEBUG] -     GestorEstado: Jugador intentaría recibir 1 de daño por contacto de [Enemigo_2]. (DAÑO DESACTIVADO TEMPORALMENTE)
2025-05-19 17:11:56 - gestor_estado - [DEBUG] -   GestorEstado: Actualizando 2 enemigos...
2025-05-19 17:11:56 - gestor_estado - [DEBUG] -   GestorEstado: Actualizando jugador...
2025-05-19 17:11:56 - gestor_estado - [DEBUG] -   GestorEstado: Jugador colisiona por contacto con: ['[Enemigo_1]', '[Enemigo_2]']
2025-05-19 17:11:56 - gestor_estado - [DEBUG] -     GestorEstado: Jugador intentaría recibir 1 de daño por contacto de [Enemigo_1]. (DAÑO DESACTIVADO TEMPORALMENTE)
2025-05-19 17:11:56 - gestor_estado - [DEBUG] -     GestorEstado: Jugador intentaría recibir 1 de daño por contacto de [Enemigo_2]. (DAÑO DESACTIVADO TEMPORALMENTE)
2025-05-19 17:11:56 - gestor_estado - [DEBUG] -   GestorEstado: Actualizando 2 enemigos...
2025-05-19 17:11:56 - gestor_estado - [DEBUG] -   GestorEstado: Actualizando jugador...
2025-05-19 17:11:56 - gestor_estado - [DEBUG] -   GestorEstado: Jugador colisiona por contacto con: ['[Enemigo_1]', '[Enemigo_2]']
2025-05-19 17:11:56 - gestor_estado - [DEBUG] -     GestorEstado: Jugador intentaría recibir 1 de daño por contacto de [Enemigo_1]. (DAÑO DESACTIVADO TEMPORALMENTE)
2025-05-19 17:11:56 - gestor_estado - [DEBUG] -     GestorEstado: Jugador intentaría recibir 1 de daño por contacto de [Enemigo_2]. (DAÑO DESACTIVADO TEMPORALMENTE)
2025-05-19 17:11:56 - gestor_estado - [DEBUG] -   GestorEstado: Actualizando 2 enemigos...
2025-05-19 17:11:56 - gestor_estado - [DEBUG] -   GestorEstado: Actualizando jugador...
2025-05-19 17:11:56 - gestor_estado - [DEBUG] -   GestorEstado: Jugador colisiona por contacto con: ['[Enemigo_1]', '[Enemigo_2]']
2025-05-19 17:11:56 - gestor_estado - [DEBUG] -     GestorEstado: Jugador intentaría recibir 1 de daño por contacto de [Enemigo_1]. (DAÑO DESACTIVADO TEMPORALMENTE)
2025-05-19 17:11:56 - gestor_estado - [DEBUG] -     GestorEstado: Jugador intentaría recibir 1 de daño por contacto de [Enemigo_2]. (DAÑO DESACTIVADO TEMPORALMENTE)
2025-05-19 17:11:56 - gestor_estado - [DEBUG] -   GestorEstado: Actualizando 2 enemigos...
2025-05-19 17:11:56 - gestor_estado - [DEBUG] -   GestorEstado: Actualizando jugador...
2025-05-19 17:11:56 - gestor_estado - [DEBUG] -   GestorEstado: Jugador colisiona por contacto con: ['[Enemigo_1]', '[Enemigo_2]']
2025-05-19 17:11:56 - gestor_estado - [DEBUG] -     GestorEstado: Jugador intentaría recibir 1 de daño por contacto de [Enemigo_1]. (DAÑO DESACTIVADO TEMPORALMENTE)
2025-05-19 17:11:56 - gestor_estado - [DEBUG] -     GestorEstado: Jugador intentaría recibir 1 de daño por contacto de [Enemigo_2]. (DAÑO DESACTIVADO TEMPORALMENTE)
2025-05-19 17:11:56 - gestor_estado - [DEBUG] -   GestorEstado: Actualizando 2 enemigos...
2025-05-19 17:11:56 - gestor_estado - [DEBUG] -   GestorEstado: Actualizando jugador...
2025-05-19 17:11:56 - gestor_estado - [DEBUG] -   GestorEstado: Jugador colisiona por contacto con: ['[Enemigo_1]', '[Enemigo_2]']
2025-05-19 17:11:56 - gestor_estado - [DEBUG] -     GestorEstado: Jugador intentaría recibir 1 de daño por contacto de [Enemigo_1]. (DAÑO DESACTIVADO TEMPORALMENTE)
2025-05-19 17:11:56 - gestor_estado - [DEBUG] -     GestorEstado: Jugador intentaría recibir 1 de daño por contacto de [Enemigo_2]. (DAÑO DESACTIVADO TEMPORALMENTE)
2025-05-19 17:11:56 - gestor_estado - [DEBUG] -   GestorEstado: Actualizando 2 enemigos...
2025-05-19 17:11:56 - gestor_estado - [DEBUG] -   GestorEstado: Actualizando jugador...
2025-05-19 17:11:56 - gestor_estado - [DEBUG] -   GestorEstado: Jugador colisiona por contacto con: ['[Enemigo_1]', '[Enemigo_2]']
2025-05-19 17:11:56 - gestor_estado - [DEBUG] -     GestorEstado: Jugador intentaría recibir 1 de daño por contacto de [Enemigo_1]. (DAÑO DESACTIVADO TEMPORALMENTE)
2025-05-19 17:11:56 - gestor_estado - [DEBUG] -     GestorEstado: Jugador intentaría recibir 1 de daño por contacto de [Enemigo_2]. (DAÑO DESACTIVADO TEMPORALMENTE)
2025-05-19 17:11:56 - gestor_estado - [DEBUG] -   GestorEstado: Actualizando 2 enemigos...
2025-05-19 17:11:56 - gestor_estado - [DEBUG] -   GestorEstado: Actualizando jugador...
2025-05-19 17:11:56 - gestor_estado - [DEBUG] -   GestorEstado: Jugador colisiona por contacto con: ['[Enemigo_1]', '[Enemigo_2]']
2025-05-19 17:11:56 - gestor_estado - [DEBUG] -     GestorEstado: Jugador intentaría recibir 1 de daño por contacto de [Enemigo_1]. (DAÑO DESACTIVADO TEMPORALMENTE)
2025-05-19 17:11:56 - gestor_estado - [DEBUG] -     GestorEstado: Jugador intentaría recibir 1 de daño por contacto de [Enemigo_2]. (DAÑO DESACTIVADO TEMPORALMENTE)
2025-05-19 17:11:56 - gestor_estado - [DEBUG] -   GestorEstado: Actualizando 2 enemigos...
2025-05-19 17:11:56 - gestor_estado - [DEBUG] -   GestorEstado: Actualizando jugador...
2025-05-19 17:11:56 - gestor_estado - [DEBUG] -   GestorEstado: Jugador colisiona por contacto con: ['[Enemigo_1]', '[Enemigo_2]']
2025-05-19 17:11:56 - gestor_estado - [DEBUG] -     GestorEstado: Jugador intentaría recibir 1 de daño por contacto de [Enemigo_1]. (DAÑO DESACTIVADO TEMPORALMENTE)
2025-05-19 17:11:56 - gestor_estado - [DEBUG] -     GestorEstado: Jugador intentaría recibir 1 de daño por contacto de [Enemigo_2]. (DAÑO DESACTIVADO TEMPORALMENTE)
2025-05-19 17:11:56 - gestor_estado - [DEBUG] -   GestorEstado: Actualizando 2 enemigos...
2025-05-19 17:11:56 - gestor_estado - [DEBUG] -   GestorEstado: Actualizando jugador...
2025-05-19 17:11:56 - gestor_estado - [DEBUG] -   GestorEstado: Jugador colisiona por contacto con: ['[Enemigo_1]', '[Enemigo_2]']
2025-05-19 17:11:56 - gestor_estado - [DEBUG] -     GestorEstado: Jugador intentaría recibir 1 de daño por contacto de [Enemigo_1]. (DAÑO DESACTIVADO TEMPORALMENTE)
2025-05-19 17:11:56 - gestor_estado - [DEBUG] -     GestorEstado: Jugador intentaría recibir 1 de daño por contacto de [Enemigo_2]. (DAÑO DESACTIVADO TEMPORALMENTE)
2025-05-19 17:11:56 - gestor_estado - [DEBUG] -   GestorEstado: Actualizando 2 enemigos...
2025-05-19 17:11:56 - gestor_estado - [DEBUG] -   GestorEstado: Actualizando jugador...
2025-05-19 17:11:56 - gestor_estado - [DEBUG] -   GestorEstado: Jugador colisiona por contacto con: ['[Enemigo_1]', '[Enemigo_2]']
2025-05-19 17:11:56 - gestor_estado - [DEBUG] -     GestorEstado: Jugador intentaría recibir 1 de daño por contacto de [Enemigo_1]. (DAÑO DESACTIVADO TEMPORALMENTE)
2025-05-19 17:11:56 - gestor_estado - [DEBUG] -     GestorEstado: Jugador intentaría recibir 1 de daño por contacto de [Enemigo_2]. (DAÑO DESACTIVADO TEMPORALMENTE)
2025-05-19 17:11:56 - gestor_estado - [DEBUG] -   GestorEstado: Actualizando 2 enemigos...
2025-05-19 17:11:56 - gestor_estado - [DEBUG] -   GestorEstado: Actualizando jugador...
2025-05-19 17:11:56 - gestor_estado - [DEBUG] -   GestorEstado: Jugador colisiona por contacto con: ['[Enemigo_1]', '[Enemigo_2]']
2025-05-19 17:11:56 - gestor_estado - [DEBUG] -     GestorEstado: Jugador intentaría recibir 1 de daño por contacto de [Enemigo_1]. (DAÑO DESACTIVADO TEMPORALMENTE)
2025-05-19 17:11:56 - gestor_estado - [DEBUG] -     GestorEstado: Jugador intentaría recibir 1 de daño por contacto de [Enemigo_2]. (DAÑO DESACTIVADO TEMPORALMENTE)
