2025-05-19 22:34:22 - enemigo - [DEBUG] - [Enemigo_2] --- Inicio Update IA --- Delta: 0.0160s. Pos ANTES: HB (403, 421), Rect (400, 418), Flot (403.00, 421.00)
2025-05-19 22:34:22 - enemigo - [DEBUG] - [Enemigo_2] Target (centro (416, 317)), Dist: 114.00. Mi Centro HB: (416, 431)
2025-05-19 22:34:22 - enemigo - [DEBUG] - [Enemigo_2] Pos flotante (post-IA y delta): (403.0000, 419.8800)
2025-05-19 22:34:22 - enemigo - [DEBUG] - [Enemigo_2] Solicita movimiento a CH (deltas enteros): dx_int=0, dy_int=-2. HB Actual: (403, 421) (Flotantes totales: dx=0.0000, dy=-1.1200)
2025-05-19 22:34:22 - enemigo - [DEBUG] - [Enemigo_2] Inicia _mover_y_colisionar_con_obstaculos. dx_int=0, dy_int=-2. HB Actual: (403, 421)
2025-05-19 22:34:22 - enemigo - [DEBUG] - [Enemigo_2] Hitbox recentrado (enemigo): (416, 429) (Rect center: (416, 429))
2025-05-19 22:34:22 - enemigo - [DEBUG] - [Enemigo_2] _mover_y_colisionar: HB Antes CH: (403,421), HB Despues CH y Sinc: (403,419), Rect: (400, 416), PosFlotante: (403.00,419.00)
2025-05-19 22:34:22 - enemigo - [DEBUG] - [Enemigo_2] Posición DESPUÉS de mov/col: HB (403, 419), Rect (400, 416), Flot (403.00, 419.00)
2025-05-19 22:34:22 - enemigo - [DEBUG] - [Enemigo_2] --- Inicio Update IA --- Delta: 0.0160s. Pos ANTES: HB (403, 419), Rect (400, 416), Flot (403.00, 419.00)
2025-05-19 22:34:22 - enemigo - [DEBUG] - [Enemigo_2] Target (centro (416, 317)), Dist: 112.00. Mi Centro HB: (416, 429)
2025-05-19 22:34:22 - enemigo - [DEBUG] - [Enemigo_2] Pos flotante (post-IA y delta): (403.0000, 417.8800)
2025-05-19 22:34:22 - enemigo - [DEBUG] - [Enemigo_2] Solicita movimiento a CH (deltas enteros): dx_int=0, dy_int=-2. HB Actual: (403, 419) (Flotantes totales: dx=0.0000, dy=-1.1200)
2025-05-19 22:34:22 - enemigo - [DEBUG] - [Enemigo_2] Inicia _mover_y_colisionar_con_obstaculos. dx_int=0, dy_int=-2. HB Actual: (403, 419)
2025-05-19 22:34:22 - enemigo - [DEBUG] - [Enemigo_2] Hitbox recentrado (enemigo): (416, 427) (Rect center: (416, 427))
2025-05-19 22:34:22 - enemigo - [DEBUG] - [Enemigo_2] _mover_y_colisionar: HB Antes CH: (403,419), HB Despues CH y Sinc: (403,417), Rect: (400, 414), PosFlotante: (403.00,417.00)
2025-05-19 22:34:22 - enemigo - [DEBUG] - [Enemigo_2] Posición DESPUÉS de mov/col: HB (403, 417), Rect (400, 414), Flot (403.00, 417.00)
2025-05-19 22:34:22 - enemigo - [DEBUG] - [Enemigo_1] --- Inicio Update IA --- Delta: 0.0170s. Pos ANTES: HB (603, 203), Rect (600, 200), Flot (603.00, 203.00)
2025-05-19 22:34:22 - enemigo - [DEBUG] - [Enemigo_1] Target (centro (416, 317)), Dist: 225.42. Mi Centro HB: (616, 213)
2025-05-19 22:34:22 - enemigo - [DEBUG] - [Enemigo_1] FUERA DE RANGO AGRO/DEMASIADO CERCA. No se calcula mov.
2025-05-19 22:34:22 - enemigo - [DEBUG] - [Enemigo_1] Pos flotante (post-IA y delta): (603.0000, 203.0000)
2025-05-19 22:34:22 - enemigo - [DEBUG] - [Enemigo_1] Sin mov. entero para CH. HB: (603, 203), PosFlotante re-sincronizada a (603.00,203.00)
2025-05-19 22:34:22 - enemigo - [DEBUG] - [Enemigo_2] --- Inicio Update IA --- Delta: 0.0170s. Pos ANTES: HB (403, 417), Rect (400, 414), Flot (403.00, 417.00)
2025-05-19 22:34:22 - enemigo - [DEBUG] - [Enemigo_2] Target (centro (416, 317)), Dist: 110.00. Mi Centro HB: (416, 427)
2025-05-19 22:34:22 - enemigo - [DEBUG] - [Enemigo_2] EN RANGO AGRO. Input IA (vel): (0.00, -70.00)
2025-05-19 22:34:22 - enemigo - [DEBUG] - [Enemigo_2] Pos flotante (post-IA y delta): (403.0000, 415.8100)
2025-05-19 22:34:22 - enemigo - [DEBUG] - [Enemigo_2] Solicita movimiento a CH (deltas enteros): dx_int=0, dy_int=-2. HB Actual: (403, 417) (Flotantes totales: dx=0.0000, dy=-1.1900)
2025-05-19 22:34:22 - enemigo - [DEBUG] - [Enemigo_2] Inicia _mover_y_colisionar_con_obstaculos. dx_int=0, dy_int=-2. HB Actual: (403, 417)
2025-05-19 22:34:22 - enemigo - [DEBUG] - [Enemigo_2] Hitbox recentrado (enemigo): (416, 425) (Rect center: (416, 425))
2025-05-19 22:34:22 - enemigo - [DEBUG] - [Enemigo_2] _mover_y_colisionar: HB Antes CH: (403,417), HB Despues CH y Sinc: (403,415), Rect: (400, 412), PosFlotante: (403.00,415.00)
2025-05-19 22:34:22 - enemigo - [DEBUG] - [Enemigo_2] Posición DESPUÉS de mov/col: HB (403, 415), Rect (400, 412), Flot (403.00, 415.00)
2025-05-19 22:34:22 - enemigo - [DEBUG] - [Enemigo_1] --- Inicio Update IA --- Delta: 0.0160s. Pos ANTES: HB (603, 203), Rect (600, 200), Flot (603.00, 203.00)
2025-05-19 22:34:22 - enemigo - [DEBUG] - [Enemigo_2] --- Inicio Update IA --- Delta: 0.0160s. Pos ANTES: HB (403, 415), Rect (400, 412), Flot (403.00, 415.00)
2025-05-19 22:34:22 - enemigo - [DEBUG] - [Enemigo_2] Target (centro (416, 317)), Dist: 108.00. Mi Centro HB: (416, 425)
2025-05-19 22:34:22 - enemigo - [DEBUG] - [Enemigo_2] Pos flotante (post-IA y delta): (403.0000, 413.8800)
2025-05-19 22:34:22 - enemigo - [DEBUG] - [Enemigo_2] Solicita movimiento a CH (deltas enteros): dx_int=0, dy_int=-2. HB Actual: (403, 415) (Flotantes totales: dx=0.0000, dy=-1.1200)
2025-05-19 22:34:22 - enemigo - [DEBUG] - [Enemigo_2] Inicia _mover_y_colisionar_con_obstaculos. dx_int=0, dy_int=-2. HB Actual: (403, 415)
2025-05-19 22:34:22 - enemigo - [DEBUG] - [Enemigo_2] Hitbox recentrado (enemigo): (416, 423) (Rect center: (416, 423))
2025-05-19 22:34:22 - enemigo - [DEBUG] - [Enemigo_2] _mover_y_colisionar: HB Antes CH: (403,415), HB Despues CH y Sinc: (403,413), Rect: (400, 410), PosFlotante: (403.00,413.00)
2025-05-19 22:34:22 - enemigo - [DEBUG] - [Enemigo_2] Posición DESPUÉS de mov/col: HB (403, 413), Rect (400, 410), Flot (403.00, 413.00)
2025-05-19 22:34:22 - enemigo - [DEBUG] - [Enemigo_2] --- Inicio Update IA --- Delta: 0.0160s. Pos ANTES: HB (403, 413), Rect (400, 410), Flot (403.00, 413.00)
2025-05-19 22:34:22 - enemigo - [DEBUG] - [Enemigo_2] Target (centro (416, 317)), Dist: 106.00. Mi Centro HB: (416, 423)
2025-05-19 22:34:22 - enemigo - [DEBUG] - [Enemigo_2] Pos flotante (post-IA y delta): (403.0000, 411.8800)
2025-05-19 22:34:22 - enemigo - [DEBUG] - [Enemigo_2] Solicita movimiento a CH (deltas enteros): dx_int=0, dy_int=-2. HB Actual: (403, 413) (Flotantes totales: dx=0.0000, dy=-1.1200)
2025-05-19 22:34:22 - enemigo - [DEBUG] - [Enemigo_2] Inicia _mover_y_colisionar_con_obstaculos. dx_int=0, dy_int=-2. HB Actual: (403, 413)
2025-05-19 22:34:22 - enemigo - [DEBUG] - [Enemigo_2] Hitbox recentrado (enemigo): (416, 421) (Rect center: (416, 421))
2025-05-19 22:34:22 - enemigo - [DEBUG] - [Enemigo_2] _mover_y_colisionar: HB Antes CH: (403,413), HB Despues CH y Sinc: (403,411), Rect: (400, 408), PosFlotante: (403.00,411.00)
2025-05-19 22:34:22 - enemigo - [DEBUG] - [Enemigo_2] Posición DESPUÉS de mov/col: HB (403, 411), Rect (400, 408), Flot (403.00, 411.00)
2025-05-19 22:34:22 - enemigo - [DEBUG] - [Enemigo_2] --- Inicio Update IA --- Delta: 0.0170s. Pos ANTES: HB (403, 411), Rect (400, 408), Flot (403.00, 411.00)
2025-05-19 22:34:22 - enemigo - [DEBUG] - [Enemigo_2] Target (centro (416, 317)), Dist: 104.00. Mi Centro HB: (416, 421)
2025-05-19 22:34:22 - enemigo - [DEBUG] - [Enemigo_2] Pos flotante (post-IA y delta): (403.0000, 409.8100)
2025-05-19 22:34:22 - enemigo - [DEBUG] - [Enemigo_2] Solicita movimiento a CH (deltas enteros): dx_int=0, dy_int=-2. HB Actual: (403, 411) (Flotantes totales: dx=0.0000, dy=-1.1900)
2025-05-19 22:34:22 - enemigo - [DEBUG] - [Enemigo_2] Inicia _mover_y_colisionar_con_obstaculos. dx_int=0, dy_int=-2. HB Actual: (403, 411)
2025-05-19 22:34:22 - enemigo - [DEBUG] - [Enemigo_2] Hitbox recentrado (enemigo): (416, 419) (Rect center: (416, 419))
2025-05-19 22:34:22 - enemigo - [DEBUG] - [Enemigo_2] _mover_y_colisionar: HB Antes CH: (403,411), HB Despues CH y Sinc: (403,409), Rect: (400, 406), PosFlotante: (403.00,409.00)
2025-05-19 22:34:22 - enemigo - [DEBUG] - [Enemigo_2] Posición DESPUÉS de mov/col: HB (403, 409), Rect (400, 406), Flot (403.00, 409.00)
2025-05-19 22:34:22 - enemigo - [DEBUG] - [Enemigo_1] Target (centro (416, 317)), Dist: 225.42. Mi Centro HB: (616, 213)
2025-05-19 22:34:22 - enemigo - [DEBUG] - [Enemigo_1] FUERA DE RANGO AGRO/DEMASIADO CERCA. No se calcula mov.
2025-05-19 22:34:22 - enemigo - [DEBUG] - [Enemigo_1] Pos flotante (post-IA y delta): (603.0000, 203.0000)
2025-05-19 22:34:22 - enemigo - [DEBUG] - [Enemigo_1] Sin mov. entero para CH. HB: (603, 203), PosFlotante re-sincronizada a (603.00,203.00)
2025-05-19 22:34:22 - enemigo - [DEBUG] - [Enemigo_2] --- Inicio Update IA --- Delta: 0.0160s. Pos ANTES: HB (403, 409), Rect (400, 406), Flot (403.00, 409.00)
2025-05-19 22:34:22 - enemigo - [DEBUG] - [Enemigo_2] Target (centro (416, 317)), Dist: 102.00. Mi Centro HB: (416, 419)
2025-05-19 22:34:22 - enemigo - [DEBUG] - [Enemigo_2] EN RANGO AGRO. Input IA (vel): (0.00, -70.00)
2025-05-19 22:34:22 - enemigo - [DEBUG] - [Enemigo_2] Pos flotante (post-IA y delta): (403.0000, 407.8800)
2025-05-19 22:34:22 - enemigo - [DEBUG] - [Enemigo_2] Solicita movimiento a CH (deltas enteros): dx_int=0, dy_int=-2. HB Actual: (403, 409) (Flotantes totales: dx=0.0000, dy=-1.1200)
2025-05-19 22:34:22 - enemigo - [DEBUG] - [Enemigo_2] Inicia _mover_y_colisionar_con_obstaculos. dx_int=0, dy_int=-2. HB Actual: (403, 409)
2025-05-19 22:34:22 - enemigo - [DEBUG] - [Enemigo_2] Hitbox recentrado (enemigo): (416, 417) (Rect center: (416, 417))
2025-05-19 22:34:22 - enemigo - [DEBUG] - [Enemigo_2] _mover_y_colisionar: HB Antes CH: (403,409), HB Despues CH y Sinc: (403,407), Rect: (400, 404), PosFlotante: (403.00,407.00)
2025-05-19 22:34:22 - enemigo - [DEBUG] - [Enemigo_2] Posición DESPUÉS de mov/col: HB (403, 407), Rect (400, 404), Flot (403.00, 407.00)
2025-05-19 22:34:22 - enemigo - [DEBUG] - [Enemigo_1] --- Inicio Update IA --- Delta: 0.0170s. Pos ANTES: HB (603, 203), Rect (600, 200), Flot (603.00, 203.00)
2025-05-19 22:34:22 - enemigo - [DEBUG] - [Enemigo_2] --- Inicio Update IA --- Delta: 0.0170s. Pos ANTES: HB (403, 407), Rect (400, 404), Flot (403.00, 407.00)
2025-05-19 22:34:22 - enemigo - [DEBUG] - [Enemigo_2] Target (centro (416, 317)), Dist: 100.00. Mi Centro HB: (416, 417)
2025-05-19 22:34:22 - enemigo - [DEBUG] - [Enemigo_2] Pos flotante (post-IA y delta): (403.0000, 405.8100)
2025-05-19 22:34:22 - enemigo - [DEBUG] - [Enemigo_2] Solicita movimiento a CH (deltas enteros): dx_int=0, dy_int=-2. HB Actual: (403, 407) (Flotantes totales: dx=0.0000, dy=-1.1900)
2025-05-19 22:34:22 - enemigo - [DEBUG] - [Enemigo_2] Inicia _mover_y_colisionar_con_obstaculos. dx_int=0, dy_int=-2. HB Actual: (403, 407)
2025-05-19 22:34:22 - enemigo - [DEBUG] - [Enemigo_2] Hitbox recentrado (enemigo): (416, 415) (Rect center: (416, 415))
2025-05-19 22:34:22 - enemigo - [DEBUG] - [Enemigo_2] _mover_y_colisionar: HB Antes CH: (403,407), HB Despues CH y Sinc: (403,405), Rect: (400, 402), PosFlotante: (403.00,405.00)
2025-05-19 22:34:22 - enemigo - [DEBUG] - [Enemigo_2] Posición DESPUÉS de mov/col: HB (403, 405), Rect (400, 402), Flot (403.00, 405.00)
