2025-05-19 17:07:49 - gestor_estado - [DEBUG] - GestorEstado inicializado.
2025-05-19 17:07:49 - gestor_estado - [DEBUG] -   GestorEstado: Actualizando 2 enemigos...
2025-05-19 17:07:49 - gestor_estado - [DEBUG] -   GestorEstado: Actualizando jugador...
2025-05-19 17:07:49 - gestor_estado - [DEBUG] -   GestorEstado: Actualizando 2 enemigos...
2025-05-19 17:07:49 - gestor_estado - [DEBUG] -   GestorEstado: Actualizando jugador...
2025-05-19 17:07:49 - gestor_estado - [DEBUG] -   GestorEstado: Actualizando 2 enemigos...
2025-05-19 17:07:49 - gestor_estado - [DEBUG] -   GestorEstado: Actualizando jugador...
2025-05-19 17:07:49 - gestor_estado - [DEBUG] -   GestorEstado: Actualizando 2 enemigos...
2025-05-19 17:07:49 - gestor_estado - [DEBUG] -   GestorEstado: Actualizando jugador...
2025-05-19 17:07:49 - gestor_estado - [DEBUG] -   GestorEstado: Actualizando 2 enemigos...
2025-05-19 17:07:49 - gestor_estado - [DEBUG] -   GestorEstado: Actualizando jugador...
2025-05-19 17:07:49 - gestor_estado - [DEBUG] -   GestorEstado: Actualizando 2 enemigos...
2025-05-19 17:07:49 - gestor_estado - [DEBUG] -   GestorEstado: Actualizando jugador...
2025-05-19 17:07:49 - gestor_estado - [DEBUG] -   GestorEstado: Actualizando 2 enemigos...
2025-05-19 17:07:49 - gestor_estado - [DEBUG] -   GestorEstado: Actualizando jugador...
2025-05-19 17:07:49 - gestor_estado - [DEBUG] -   GestorEstado: Actualizando 2 enemigos...
2025-05-19 17:07:49 - gestor_estado - [DEBUG] -   GestorEstado: Actualizando jugador...
2025-05-19 17:07:49 - gestor_estado - [DEBUG] -   GestorEstado: Actualizando 2 enemigos...
2025-05-19 17:07:49 - gestor_estado - [DEBUG] -   GestorEstado: Actualizando jugador...
2025-05-19 17:07:49 - gestor_estado - [DEBUG] -   GestorEstado: Actualizando 2 enemigos...
2025-05-19 17:07:49 - gestor_estado - [DEBUG] -   GestorEstado: Actualizando jugador...
2025-05-19 17:07:49 - gestor_estado - [DEBUG] -   GestorEstado: Actualizando 2 enemigos...
2025-05-19 17:07:49 - gestor_estado - [DEBUG] -   GestorEstado: Actualizando jugador...
2025-05-19 17:07:49 - gestor_estado - [DEBUG] -   GestorEstado: Actualizando 2 enemigos...
2025-05-19 17:07:49 - gestor_estado - [DEBUG] -   GestorEstado: Actualizando jugador...
2025-05-19 17:07:49 - gestor_estado - [DEBUG] -   GestorEstado: Actualizando 2 enemigos...
2025-05-19 17:07:49 - gestor_estado - [DEBUG] -   GestorEstado: Actualizando jugador...
2025-05-19 17:07:49 - gestor_estado - [DEBUG] -   GestorEstado: Actualizando 2 enemigos...
2025-05-19 17:07:49 - gestor_estado - [DEBUG] -   GestorEstado: Actualizando jugador...
2025-05-19 17:07:49 - gestor_estado - [DEBUG] -   GestorEstado: Actualizando 2 enemigos...
2025-05-19 17:07:49 - gestor_estado - [DEBUG] -   GestorEstado: Actualizando jugador...
2025-05-19 17:07:50 - gestor_estado - [DEBUG] -   GestorEstado: Actualizando 2 enemigos...
2025-05-19 17:07:50 - gestor_estado - [DEBUG] -   GestorEstado: Actualizando jugador...
2025-05-19 17:07:50 - gestor_estado - [DEBUG] -   GestorEstado: Actualizando 2 enemigos...
2025-05-19 17:07:50 - gestor_estado - [DEBUG] -   GestorEstado: Actualizando jugador...
2025-05-19 17:07:50 - gestor_estado - [DEBUG] -   GestorEstado: Actualizando 2 enemigos...
2025-05-19 17:07:50 - gestor_estado - [DEBUG] -   GestorEstado: Actualizando jugador...
2025-05-19 17:07:50 - gestor_estado - [DEBUG] -   GestorEstado: Actualizando 2 enemigos...
2025-05-19 17:07:50 - gestor_estado - [DEBUG] -   GestorEstado: Actualizando jugador...
2025-05-19 17:07:50 - gestor_estado - [DEBUG] -   GestorEstado: Actualizando 2 enemigos...
2025-05-19 17:07:50 - gestor_estado - [DEBUG] -   GestorEstado: Actualizando jugador...
2025-05-19 17:07:50 - gestor_estado - [DEBUG] -   GestorEstado: Actualizando 2 enemigos...
2025-05-19 17:07:50 - gestor_estado - [DEBUG] -   GestorEstado: Actualizando jugador...
2025-05-19 17:07:50 - gestor_estado - [DEBUG] -   GestorEstado: Actualizando 2 enemigos...
2025-05-19 17:07:50 - gestor_estado - [DEBUG] -   GestorEstado: Actualizando jugador...
2025-05-19 17:07:50 - gestor_estado - [DEBUG] -   GestorEstado: Actualizando 2 enemigos...
2025-05-19 17:07:50 - gestor_estado - [DEBUG] -   GestorEstado: Actualizando jugador...
2025-05-19 17:07:50 - gestor_estado - [DEBUG] -   GestorEstado: Actualizando 2 enemigos...
2025-05-19 17:07:50 - gestor_estado - [DEBUG] -   GestorEstado: Actualizando jugador...
2025-05-19 17:07:50 - gestor_estado - [DEBUG] -   GestorEstado: Actualizando 2 enemigos...
2025-05-19 17:07:50 - gestor_estado - [DEBUG] -   GestorEstado: Actualizando jugador...
2025-05-19 17:07:50 - gestor_estado - [DEBUG] -   GestorEstado: Actualizando 2 enemigos...
2025-05-19 17:07:50 - gestor_estado - [DEBUG] -   GestorEstado: Actualizando jugador...
2025-05-19 17:07:50 - gestor_estado - [DEBUG] -   GestorEstado: Actualizando jugador...
2025-05-19 17:07:50 - gestor_estado - [DEBUG] -   GestorEstado: Actualizando 2 enemigos...
2025-05-19 17:07:50 - gestor_estado - [DEBUG] -   GestorEstado: Actualizando jugador...
2025-05-19 17:07:50 - gestor_estado - [DEBUG] -   GestorEstado: Actualizando 2 enemigos...
2025-05-19 17:07:50 - gestor_estado - [DEBUG] -   GestorEstado: Actualizando jugador...
2025-05-19 17:07:50 - gestor_estado - [DEBUG] -   GestorEstado: Actualizando 2 enemigos...
2025-05-19 17:07:50 - gestor_estado - [DEBUG] -   GestorEstado: Actualizando jugador...
2025-05-19 17:07:50 - gestor_estado - [DEBUG] -   GestorEstado: Actualizando 2 enemigos...
2025-05-19 17:07:50 - gestor_estado - [DEBUG] -   GestorEstado: Actualizando jugador...
2025-05-19 17:07:50 - gestor_estado - [DEBUG] -   GestorEstado: Actualizando 2 enemigos...
2025-05-19 17:07:50 - gestor_estado - [DEBUG] -   GestorEstado: Actualizando jugador...
2025-05-19 17:07:51 - gestor_estado - [DEBUG] -   GestorEstado: Actualizando 2 enemigos...
2025-05-19 17:07:51 - gestor_estado - [DEBUG] -   GestorEstado: Actualizando jugador...
2025-05-19 17:07:51 - gestor_estado - [DEBUG] -   GestorEstado: Actualizando 2 enemigos...
2025-05-19 17:07:51 - gestor_estado - [DEBUG] -   GestorEstado: Actualizando jugador...
2025-05-19 17:07:51 - gestor_estado - [DEBUG] -   GestorEstado: Actualizando 2 enemigos...
2025-05-19 17:07:51 - gestor_estado - [DEBUG] -   GestorEstado: Actualizando jugador...
2025-05-19 17:07:51 - gestor_estado - [DEBUG] -   GestorEstado: Actualizando 2 enemigos...
2025-05-19 17:07:51 - gestor_estado - [DEBUG] -   GestorEstado: Actualizando jugador...
2025-05-19 17:07:51 - gestor_estado - [DEBUG] -   GestorEstado: Actualizando 2 enemigos...
2025-05-19 17:07:51 - gestor_estado - [DEBUG] -   GestorEstado: Actualizando jugador...
2025-05-19 17:07:51 - gestor_estado - [DEBUG] -   GestorEstado: Actualizando 2 enemigos...
2025-05-19 17:07:51 - gestor_estado - [DEBUG] -   GestorEstado: Actualizando jugador...
2025-05-19 17:07:51 - gestor_estado - [DEBUG] -   GestorEstado: Actualizando 2 enemigos...
2025-05-19 17:07:51 - gestor_estado - [DEBUG] -   GestorEstado: Actualizando jugador...
2025-05-19 17:07:51 - gestor_estado - [DEBUG] -   GestorEstado: Actualizando 2 enemigos...
2025-05-19 17:07:51 - gestor_estado - [DEBUG] -   GestorEstado: Actualizando jugador...
2025-05-19 17:07:51 - gestor_estado - [DEBUG] -   GestorEstado: Actualizando 2 enemigos...
2025-05-19 17:07:51 - gestor_estado - [DEBUG] -   GestorEstado: Actualizando jugador...
2025-05-19 17:07:51 - gestor_estado - [DEBUG] -   GestorEstado: Actualizando 2 enemigos...
2025-05-19 17:07:51 - gestor_estado - [DEBUG] -   GestorEstado: Actualizando jugador...
2025-05-19 17:07:51 - gestor_estado - [DEBUG] -   GestorEstado: Actualizando 2 enemigos...
2025-05-19 17:07:51 - gestor_estado - [DEBUG] -   GestorEstado: Actualizando jugador...
2025-05-19 17:07:51 - gestor_estado - [DEBUG] -   GestorEstado: Actualizando 2 enemigos...
2025-05-19 17:07:51 - gestor_estado - [DEBUG] -   GestorEstado: Actualizando jugador...
2025-05-19 17:07:51 - gestor_estado - [DEBUG] -   GestorEstado: Actualizando 2 enemigos...
2025-05-19 17:07:51 - gestor_estado - [DEBUG] -   GestorEstado: Actualizando jugador...
2025-05-19 17:07:51 - gestor_estado - [DEBUG] -   GestorEstado: Actualizando 2 enemigos...
2025-05-19 17:07:51 - gestor_estado - [DEBUG] -   GestorEstado: Actualizando jugador...
2025-05-19 17:07:51 - gestor_estado - [DEBUG] -   GestorEstado: Actualizando 2 enemigos...
2025-05-19 17:07:51 - gestor_estado - [DEBUG] -   GestorEstado: Actualizando jugador...
2025-05-19 17:07:51 - gestor_estado - [DEBUG] -   GestorEstado: Actualizando jugador...
2025-05-19 17:07:51 - gestor_estado - [DEBUG] -   GestorEstado: Actualizando 2 enemigos...
2025-05-19 17:07:52 - gestor_estado - [DEBUG] -   GestorEstado: Actualizando jugador...
2025-05-19 17:07:52 - gestor_estado - [DEBUG] -   GestorEstado: Actualizando 2 enemigos...
2025-05-19 17:07:52 - gestor_estado - [DEBUG] -   GestorEstado: Actualizando jugador...
2025-05-19 17:07:52 - gestor_estado - [DEBUG] -   GestorEstado: Actualizando 2 enemigos...
2025-05-19 17:07:52 - gestor_estado - [DEBUG] -   GestorEstado: Actualizando jugador...
2025-05-19 17:07:52 - gestor_estado - [DEBUG] -   GestorEstado: Actualizando 2 enemigos...
2025-05-19 17:07:52 - gestor_estado - [DEBUG] -   GestorEstado: Actualizando jugador...
2025-05-19 17:07:52 - gestor_estado - [DEBUG] -   GestorEstado: Actualizando 2 enemigos...
2025-05-19 17:07:52 - gestor_estado - [DEBUG] -   GestorEstado: Actualizando jugador...
2025-05-19 17:07:52 - gestor_estado - [DEBUG] -   GestorEstado: Actualizando 2 enemigos...
2025-05-19 17:07:52 - gestor_estado - [DEBUG] -   GestorEstado: Actualizando jugador...
2025-05-19 17:07:52 - gestor_estado - [DEBUG] -   GestorEstado: Actualizando 2 enemigos...
2025-05-19 17:07:52 - gestor_estado - [DEBUG] -   GestorEstado: Actualizando jugador...
2025-05-19 17:07:52 - gestor_estado - [DEBUG] -   GestorEstado: Actualizando 2 enemigos...
2025-05-19 17:07:52 - gestor_estado - [DEBUG] -   GestorEstado: Actualizando jugador...
2025-05-19 17:07:52 - gestor_estado - [DEBUG] -   GestorEstado: Actualizando 2 enemigos...
2025-05-19 17:07:52 - gestor_estado - [DEBUG] -   GestorEstado: Actualizando jugador...
2025-05-19 17:07:52 - gestor_estado - [DEBUG] -   GestorEstado: Actualizando 2 enemigos...
2025-05-19 17:07:52 - gestor_estado - [DEBUG] -   GestorEstado: Actualizando jugador...
2025-05-19 17:07:52 - gestor_estado - [DEBUG] -   GestorEstado: Actualizando 2 enemigos...
2025-05-19 17:07:52 - gestor_estado - [DEBUG] -   GestorEstado: Actualizando jugador...
2025-05-19 17:07:52 - gestor_estado - [DEBUG] -   GestorEstado: Actualizando 2 enemigos...
2025-05-19 17:07:52 - gestor_estado - [DEBUG] -   GestorEstado: Actualizando jugador...
2025-05-19 17:07:52 - gestor_estado - [DEBUG] -   GestorEstado: Actualizando 2 enemigos...
2025-05-19 17:07:52 - gestor_estado - [DEBUG] -   GestorEstado: Actualizando jugador...
2025-05-19 17:07:52 - gestor_estado - [DEBUG] -   GestorEstado: Actualizando 2 enemigos...
2025-05-19 17:07:52 - gestor_estado - [DEBUG] -   GestorEstado: Actualizando jugador...
2025-05-19 17:07:52 - gestor_estado - [DEBUG] -   GestorEstado: Actualizando 2 enemigos...
2025-05-19 17:07:52 - gestor_estado - [DEBUG] -   GestorEstado: Actualizando jugador...
2025-05-19 17:07:52 - gestor_estado - [DEBUG] -   GestorEstado: Actualizando 2 enemigos...
2025-05-19 17:07:52 - gestor_estado - [DEBUG] -   GestorEstado: Actualizando jugador...
2025-05-19 17:07:52 - gestor_estado - [DEBUG] -   GestorEstado: Actualizando 2 enemigos...
2025-05-19 17:07:52 - gestor_estado - [DEBUG] -   GestorEstado: Actualizando 2 enemigos...
2025-05-19 17:07:52 - gestor_estado - [DEBUG] -   GestorEstado: Actualizando jugador...
2025-05-19 17:07:53 - gestor_estado - [DEBUG] -   GestorEstado: Actualizando jugador...
2025-05-19 17:07:53 - gestor_estado - [DEBUG] -   GestorEstado: Actualizando 2 enemigos...
2025-05-19 17:07:53 - gestor_estado - [DEBUG] -   GestorEstado: Actualizando jugador...
2025-05-19 17:07:53 - gestor_estado - [DEBUG] -   GestorEstado: Actualizando 2 enemigos...
2025-05-19 17:07:53 - gestor_estado - [DEBUG] -   GestorEstado: Actualizando jugador...
2025-05-19 17:07:53 - gestor_estado - [DEBUG] -   GestorEstado: Actualizando 2 enemigos...
2025-05-19 17:07:53 - gestor_estado - [DEBUG] -   GestorEstado: Actualizando 2 enemigos...
2025-05-19 17:07:53 - gestor_estado - [DEBUG] -   GestorEstado: Actualizando jugador...
2025-05-19 17:07:53 - gestor_estado - [DEBUG] -   GestorEstado: Actualizando 2 enemigos...
2025-05-19 17:07:53 - gestor_estado - [DEBUG] -   GestorEstado: Actualizando jugador...
2025-05-19 17:07:53 - gestor_estado - [DEBUG] -   GestorEstado: Actualizando 2 enemigos...
2025-05-19 17:07:53 - gestor_estado - [DEBUG] -   GestorEstado: Actualizando jugador...
2025-05-19 17:07:53 - gestor_estado - [DEBUG] -   GestorEstado: Actualizando 2 enemigos...
2025-05-19 17:07:53 - gestor_estado - [DEBUG] -   GestorEstado: Actualizando jugador...
2025-05-19 17:07:53 - gestor_estado - [DEBUG] -   GestorEstado: Actualizando 2 enemigos...
2025-05-19 17:07:53 - gestor_estado - [DEBUG] -   GestorEstado: Actualizando jugador...
2025-05-19 17:07:53 - gestor_estado - [DEBUG] -   GestorEstado: Actualizando 2 enemigos...
2025-05-19 17:07:53 - gestor_estado - [DEBUG] -   GestorEstado: Actualizando jugador...
2025-05-19 17:07:53 - gestor_estado - [DEBUG] -   GestorEstado: Actualizando 2 enemigos...
2025-05-19 17:07:53 - gestor_estado - [DEBUG] -   GestorEstado: Actualizando jugador...
2025-05-19 17:07:53 - gestor_estado - [DEBUG] -   GestorEstado: Actualizando 2 enemigos...
2025-05-19 17:07:53 - gestor_estado - [DEBUG] -   GestorEstado: Actualizando jugador...
2025-05-19 17:07:53 - gestor_estado - [DEBUG] -   GestorEstado: Actualizando 2 enemigos...
2025-05-19 17:07:53 - gestor_estado - [DEBUG] -   GestorEstado: Actualizando jugador...
2025-05-19 17:07:53 - gestor_estado - [DEBUG] -   GestorEstado: Actualizando 2 enemigos...
2025-05-19 17:07:53 - gestor_estado - [DEBUG] -   GestorEstado: Actualizando jugador...
2025-05-19 17:07:53 - gestor_estado - [DEBUG] -   GestorEstado: Actualizando 2 enemigos...
2025-05-19 17:07:53 - gestor_estado - [DEBUG] -   GestorEstado: Actualizando jugador...
2025-05-19 17:07:53 - gestor_estado - [DEBUG] -   GestorEstado: Actualizando 2 enemigos...
2025-05-19 17:07:53 - gestor_estado - [DEBUG] -   GestorEstado: Actualizando jugador...
2025-05-19 17:07:53 - gestor_estado - [DEBUG] -   GestorEstado: Actualizando 2 enemigos...
2025-05-19 17:07:53 - gestor_estado - [DEBUG] -   GestorEstado: Actualizando jugador...
2025-05-19 17:07:53 - gestor_estado - [DEBUG] -   GestorEstado: Actualizando 2 enemigos...
2025-05-19 17:07:53 - gestor_estado - [DEBUG] -   GestorEstado: Actualizando jugador...
2025-05-19 17:07:54 - gestor_estado - [DEBUG] -   GestorEstado: Actualizando 2 enemigos...
2025-05-19 17:07:54 - gestor_estado - [DEBUG] -   GestorEstado: Actualizando jugador...
2025-05-19 17:07:54 - gestor_estado - [DEBUG] -   GestorEstado: Actualizando 2 enemigos...
2025-05-19 17:07:54 - gestor_estado - [DEBUG] -   GestorEstado: Actualizando jugador...
2025-05-19 17:07:54 - gestor_estado - [DEBUG] -   GestorEstado: Actualizando 2 enemigos...
2025-05-19 17:07:54 - gestor_estado - [DEBUG] -   GestorEstado: Actualizando jugador...
2025-05-19 17:07:54 - gestor_estado - [DEBUG] -   GestorEstado: Actualizando 2 enemigos...
2025-05-19 17:07:54 - gestor_estado - [DEBUG] -   GestorEstado: Actualizando jugador...
2025-05-19 17:07:54 - gestor_estado - [DEBUG] -   GestorEstado: Actualizando 2 enemigos...
2025-05-19 17:07:54 - gestor_estado - [DEBUG] -   GestorEstado: Actualizando jugador...
2025-05-19 17:07:54 - gestor_estado - [DEBUG] -   GestorEstado: Actualizando 2 enemigos...
2025-05-19 17:07:54 - gestor_estado - [DEBUG] -   GestorEstado: Actualizando jugador...
2025-05-19 17:07:54 - gestor_estado - [DEBUG] -   GestorEstado: Actualizando 2 enemigos...
2025-05-19 17:07:54 - gestor_estado - [DEBUG] -   GestorEstado: Actualizando jugador...
2025-05-19 17:07:54 - gestor_estado - [DEBUG] -   GestorEstado: Actualizando jugador...
2025-05-19 17:07:54 - gestor_estado - [DEBUG] -   GestorEstado: Actualizando 2 enemigos...
2025-05-19 17:07:54 - gestor_estado - [DEBUG] -   GestorEstado: Actualizando 2 enemigos...
2025-05-19 17:07:54 - gestor_estado - [DEBUG] -   GestorEstado: Actualizando jugador...
2025-05-19 17:07:54 - gestor_estado - [DEBUG] -   GestorEstado: Actualizando 2 enemigos...
2025-05-19 17:07:54 - gestor_estado - [DEBUG] -   GestorEstado: Actualizando jugador...
2025-05-19 17:07:54 - gestor_estado - [DEBUG] -   GestorEstado: Actualizando 2 enemigos...
2025-05-19 17:07:54 - gestor_estado - [DEBUG] -   GestorEstado: Actualizando jugador...
2025-05-19 17:07:54 - gestor_estado - [DEBUG] -   GestorEstado: Actualizando 2 enemigos...
2025-05-19 17:07:54 - gestor_estado - [DEBUG] -   GestorEstado: Actualizando jugador...
2025-05-19 17:07:54 - gestor_estado - [DEBUG] -   GestorEstado: Actualizando 2 enemigos...
2025-05-19 17:07:54 - gestor_estado - [DEBUG] -   GestorEstado: Actualizando jugador...
2025-05-19 17:07:54 - gestor_estado - [DEBUG] -   GestorEstado: Actualizando 2 enemigos...
2025-05-19 17:07:54 - gestor_estado - [DEBUG] -   GestorEstado: Actualizando jugador...
2025-05-19 17:07:54 - gestor_estado - [DEBUG] -   GestorEstado: Actualizando 2 enemigos...
2025-05-19 17:07:54 - gestor_estado - [DEBUG] -   GestorEstado: Actualizando jugador...
2025-05-19 17:07:54 - gestor_estado - [DEBUG] -   GestorEstado: Actualizando 2 enemigos...
2025-05-19 17:07:54 - gestor_estado - [DEBUG] -   GestorEstado: Actualizando jugador...
2025-05-19 17:07:54 - gestor_estado - [DEBUG] -   GestorEstado: Actualizando 2 enemigos...
2025-05-19 17:07:55 - gestor_estado - [DEBUG] -   GestorEstado: Actualizando jugador...
2025-05-19 17:07:55 - gestor_estado - [DEBUG] -   GestorEstado: Actualizando 2 enemigos...
2025-05-19 17:07:55 - gestor_estado - [DEBUG] -   GestorEstado: Actualizando jugador...
2025-05-19 17:07:55 - gestor_estado - [DEBUG] -   GestorEstado: Actualizando 2 enemigos...
2025-05-19 17:07:55 - gestor_estado - [DEBUG] -   GestorEstado: Actualizando jugador...
2025-05-19 17:07:55 - gestor_estado - [DEBUG] -   GestorEstado: Actualizando 2 enemigos...
2025-05-19 17:07:55 - gestor_estado - [DEBUG] -   GestorEstado: Actualizando jugador...
2025-05-19 17:07:55 - gestor_estado - [DEBUG] -   GestorEstado: Actualizando 2 enemigos...
2025-05-19 17:07:55 - gestor_estado - [DEBUG] -   GestorEstado: Actualizando jugador...
2025-05-19 17:07:55 - gestor_estado - [DEBUG] -   GestorEstado: Actualizando 2 enemigos...
2025-05-19 17:07:55 - gestor_estado - [DEBUG] -   GestorEstado: Actualizando jugador...
2025-05-19 17:07:55 - gestor_estado - [DEBUG] -   GestorEstado: Actualizando 2 enemigos...
2025-05-19 17:07:55 - gestor_estado - [DEBUG] -   GestorEstado: Actualizando jugador...
2025-05-19 17:07:55 - gestor_estado - [DEBUG] -   GestorEstado: Actualizando 2 enemigos...
2025-05-19 17:07:55 - gestor_estado - [DEBUG] -   GestorEstado: Actualizando jugador...
2025-05-19 17:07:55 - gestor_estado - [DEBUG] -   GestorEstado: Actualizando 2 enemigos...
2025-05-19 17:07:55 - gestor_estado - [DEBUG] -   GestorEstado: Actualizando jugador...
2025-05-19 17:07:55 - gestor_estado - [DEBUG] -   GestorEstado: Actualizando 2 enemigos...
2025-05-19 17:07:55 - gestor_estado - [DEBUG] -   GestorEstado: Actualizando jugador...
2025-05-19 17:07:55 - gestor_estado - [DEBUG] -   GestorEstado: Actualizando 2 enemigos...
2025-05-19 17:07:55 - gestor_estado - [DEBUG] -   GestorEstado: Actualizando jugador...
2025-05-19 17:07:55 - gestor_estado - [DEBUG] -   GestorEstado: Actualizando 2 enemigos...
2025-05-19 17:07:55 - gestor_estado - [DEBUG] -   GestorEstado: Actualizando jugador...
2025-05-19 17:07:55 - gestor_estado - [DEBUG] -   GestorEstado: Actualizando 2 enemigos...
2025-05-19 17:07:55 - gestor_estado - [DEBUG] -   GestorEstado: Actualizando jugador...
2025-05-19 17:07:55 - gestor_estado - [DEBUG] -   GestorEstado: Actualizando 2 enemigos...
2025-05-19 17:07:55 - gestor_estado - [DEBUG] -   GestorEstado: Actualizando jugador...
2025-05-19 17:07:55 - gestor_estado - [DEBUG] -   GestorEstado: Actualizando 2 enemigos...
2025-05-19 17:07:55 - gestor_estado - [DEBUG] -   GestorEstado: Actualizando jugador...
2025-05-19 17:07:55 - gestor_estado - [DEBUG] -   GestorEstado: Actualizando 2 enemigos...
2025-05-19 17:07:55 - gestor_estado - [DEBUG] -   GestorEstado: Actualizando jugador...
2025-05-19 17:07:55 - gestor_estado - [DEBUG] -   GestorEstado: Actualizando 2 enemigos...
2025-05-19 17:07:55 - gestor_estado - [DEBUG] -   GestorEstado: Actualizando jugador...
2025-05-19 17:07:56 - gestor_estado - [DEBUG] -   GestorEstado: Actualizando 2 enemigos...
2025-05-19 17:07:56 - gestor_estado - [DEBUG] -   GestorEstado: Actualizando jugador...
2025-05-19 17:07:56 - gestor_estado - [DEBUG] -   GestorEstado: Actualizando 2 enemigos...
2025-05-19 17:07:56 - gestor_estado - [DEBUG] -   GestorEstado: Actualizando jugador...
2025-05-19 17:07:56 - gestor_estado - [DEBUG] -   GestorEstado: Actualizando 2 enemigos...
2025-05-19 17:07:56 - gestor_estado - [DEBUG] -   GestorEstado: Actualizando jugador...
2025-05-19 17:07:56 - gestor_estado - [DEBUG] -   GestorEstado: Actualizando 2 enemigos...
2025-05-19 17:07:56 - gestor_estado - [DEBUG] -   GestorEstado: Actualizando jugador...
2025-05-19 17:07:56 - gestor_estado - [DEBUG] -   GestorEstado: Actualizando 2 enemigos...
2025-05-19 17:07:56 - gestor_estado - [DEBUG] -   GestorEstado: Actualizando jugador...
2025-05-19 17:07:56 - gestor_estado - [DEBUG] -   GestorEstado: Actualizando 2 enemigos...
2025-05-19 17:07:56 - gestor_estado - [DEBUG] -   GestorEstado: Actualizando jugador...
2025-05-19 17:07:56 - gestor_estado - [DEBUG] -   GestorEstado: Actualizando 2 enemigos...
2025-05-19 17:07:56 - gestor_estado - [DEBUG] -   GestorEstado: Actualizando jugador...
2025-05-19 17:07:56 - gestor_estado - [DEBUG] -   GestorEstado: Actualizando 2 enemigos...
2025-05-19 17:07:56 - gestor_estado - [DEBUG] -   GestorEstado: Actualizando jugador...
2025-05-19 17:07:56 - gestor_estado - [DEBUG] -   GestorEstado: Actualizando 2 enemigos...
2025-05-19 17:07:56 - gestor_estado - [DEBUG] -   GestorEstado: Actualizando jugador...
2025-05-19 17:07:56 - gestor_estado - [DEBUG] -   GestorEstado: Actualizando 2 enemigos...
2025-05-19 17:07:56 - gestor_estado - [DEBUG] -   GestorEstado: Actualizando jugador...
2025-05-19 17:07:56 - gestor_estado - [DEBUG] -   GestorEstado: Actualizando 2 enemigos...
2025-05-19 17:07:56 - gestor_estado - [DEBUG] -   GestorEstado: Actualizando jugador...
2025-05-19 17:07:56 - gestor_estado - [DEBUG] -   GestorEstado: Actualizando 2 enemigos...
2025-05-19 17:07:56 - gestor_estado - [DEBUG] -   GestorEstado: Actualizando jugador...
2025-05-19 17:07:56 - gestor_estado - [DEBUG] -   GestorEstado: Actualizando 2 enemigos...
2025-05-19 17:07:56 - gestor_estado - [DEBUG] -   GestorEstado: Actualizando jugador...
2025-05-19 17:07:56 - gestor_estado - [DEBUG] -   GestorEstado: Actualizando 2 enemigos...
2025-05-19 17:07:56 - gestor_estado - [DEBUG] -   GestorEstado: Actualizando jugador...
2025-05-19 17:07:56 - gestor_estado - [DEBUG] -   GestorEstado: Actualizando 2 enemigos...
2025-05-19 17:07:56 - gestor_estado - [DEBUG] -   GestorEstado: Actualizando jugador...
2025-05-19 17:07:56 - gestor_estado - [DEBUG] -   GestorEstado: Actualizando 2 enemigos...
2025-05-19 17:07:56 - gestor_estado - [DEBUG] -   GestorEstado: Actualizando jugador...
2025-05-19 17:07:56 - gestor_estado - [DEBUG] -   GestorEstado: Actualizando 2 enemigos...
2025-05-19 17:07:57 - gestor_estado - [DEBUG] -   GestorEstado: Actualizando jugador...
2025-05-19 17:07:57 - gestor_estado - [DEBUG] -   GestorEstado: Actualizando 2 enemigos...
2025-05-19 17:07:57 - gestor_estado - [DEBUG] -   GestorEstado: Jugador colisiona por contacto con: ['[Enemigo_1]']
2025-05-19 17:07:57 - gestor_estado - [DEBUG] -     GestorEstado: Jugador intentaría recibir 1 de daño por contacto de [Enemigo_1]. (DAÑO DESACTIVADO TEMPORALMENTE)
2025-05-19 17:07:57 - gestor_estado - [DEBUG] -   GestorEstado: Actualizando 2 enemigos...
2025-05-19 17:07:57 - gestor_estado - [DEBUG] -   GestorEstado: Actualizando jugador...
