2025-05-19 17:07:49 - gestor_eventos - [DEBUG] - GestorEventos inicializado.
2025-05-19 17:07:49 - gestor_eventos - [DEBUG] - Procesando 5 eventos...
2025-05-19 17:07:49 - gestor_eventos - [DEBUG] - Evento: <Event(4352-AudioDeviceAdded {'which': 0, 'iscapture': 0})>
2025-05-19 17:07:49 - gestor_eventos - [DEBUG] - Evento: <Event(4352-AudioDeviceAdded {'which': 0, 'iscapture': 1})>
2025-05-19 17:07:49 - gestor_eventos - [DEBUG] - Evento: <Event(32774-WindowShown {'window': None})>
2025-05-19 17:07:49 - gestor_eventos - [DEBUG] - Evento: <Event(32770-VideoExpose {})>
2025-05-19 17:07:49 - gestor_eventos - [DEBUG] - Evento: <Event(32776-WindowExposed {'window': None})>
2025-05-19 17:07:49 - gestor_eventos - [DEBUG] - Procesando 0 eventos...
2025-05-19 17:07:49 - gestor_eventos - [DEBUG] - Procesando 0 eventos...
2025-05-19 17:07:49 - gestor_eventos - [DEBUG] - Procesando 0 eventos...
2025-05-19 17:07:49 - gestor_eventos - [DEBUG] - Procesando 0 eventos...
2025-05-19 17:07:49 - gestor_eventos - [DEBUG] - Procesando 0 eventos...
2025-05-19 17:07:49 - gestor_eventos - [DEBUG] - Procesando 0 eventos...
2025-05-19 17:07:49 - gestor_eventos - [DEBUG] - Procesando 0 eventos...
2025-05-19 17:07:49 - gestor_eventos - [DEBUG] - Procesando 0 eventos...
2025-05-19 17:07:49 - gestor_eventos - [DEBUG] - Procesando 0 eventos...
2025-05-19 17:07:49 - gestor_eventos - [DEBUG] - Procesando 0 eventos...
2025-05-19 17:07:49 - gestor_eventos - [DEBUG] - Procesando 0 eventos...
2025-05-19 17:07:49 - gestor_eventos - [DEBUG] - Procesando 0 eventos...
2025-05-19 17:07:49 - gestor_eventos - [DEBUG] - Procesando 0 eventos...
2025-05-19 17:07:49 - gestor_eventos - [DEBUG] - Procesando 0 eventos...
2025-05-19 17:07:49 - gestor_eventos - [DEBUG] - Procesando 0 eventos...
2025-05-19 17:07:50 - gestor_eventos - [DEBUG] - Procesando 0 eventos...
2025-05-19 17:07:50 - gestor_eventos - [DEBUG] - Procesando 0 eventos...
2025-05-19 17:07:50 - gestor_eventos - [DEBUG] - Procesando 0 eventos...
2025-05-19 17:07:50 - gestor_eventos - [DEBUG] - Procesando 0 eventos...
2025-05-19 17:07:50 - gestor_eventos - [DEBUG] - Procesando 0 eventos...
2025-05-19 17:07:50 - gestor_eventos - [DEBUG] - Procesando 0 eventos...
2025-05-19 17:07:50 - gestor_eventos - [DEBUG] - Procesando 0 eventos...
2025-05-19 17:07:50 - gestor_eventos - [DEBUG] - Procesando 0 eventos...
2025-05-19 17:07:50 - gestor_eventos - [DEBUG] - Procesando 0 eventos...
2025-05-19 17:07:50 - gestor_eventos - [DEBUG] - Procesando 0 eventos...
2025-05-19 17:07:50 - gestor_eventos - [DEBUG] - Procesando 0 eventos...
2025-05-19 17:07:50 - gestor_eventos - [DEBUG] - Procesando 0 eventos...
2025-05-19 17:07:50 - gestor_eventos - [DEBUG] - Procesando 0 eventos...
2025-05-19 17:07:50 - gestor_eventos - [DEBUG] - Procesando 0 eventos...
2025-05-19 17:07:50 - gestor_eventos - [DEBUG] - Procesando 0 eventos...
2025-05-19 17:07:50 - gestor_eventos - [DEBUG] - Procesando 0 eventos...
2025-05-19 17:07:51 - gestor_eventos - [DEBUG] - Procesando 0 eventos...
2025-05-19 17:07:51 - gestor_eventos - [DEBUG] - Procesando 0 eventos...
2025-05-19 17:07:51 - gestor_eventos - [DEBUG] - Procesando 0 eventos...
2025-05-19 17:07:51 - gestor_eventos - [DEBUG] - Procesando 3 eventos...
2025-05-19 17:07:51 - gestor_eventos - [DEBUG] - Evento: <Event(32768-ActiveEvent {'gain': 1, 'state': 1})>
2025-05-19 17:07:51 - gestor_eventos - [DEBUG] - Evento: <Event(32783-WindowEnter {'window': None})>
2025-05-19 17:07:51 - gestor_eventos - [DEBUG] - Evento: <Event(1024-MouseMotion {'pos': (430, 588), 'rel': (0, 0), 'buttons': (0, 0, 0), 'touch': False, 'window': None})>
2025-05-19 17:07:51 - gestor_eventos - [DEBUG] - Procesando 1 eventos...
2025-05-19 17:07:51 - gestor_eventos - [DEBUG] - Evento: <Event(1024-MouseMotion {'pos': (468, 577), 'rel': (38, -11), 'buttons': (0, 0, 0), 'touch': False, 'window': None})>
2025-05-19 17:07:51 - gestor_eventos - [DEBUG] - Evento: <Event(1024-MouseMotion {'pos': (491, 569), 'rel': (23, -8), 'buttons': (0, 0, 0), 'touch': False, 'window': None})>
2025-05-19 17:07:51 - gestor_eventos - [DEBUG] - Evento: <Event(1024-MouseMotion {'pos': (505, 566), 'rel': (14, -3), 'buttons': (0, 0, 0), 'touch': False, 'window': None})>
2025-05-19 17:07:51 - gestor_eventos - [DEBUG] - Evento: <Event(1024-MouseMotion {'pos': (515, 563), 'rel': (10, -3), 'buttons': (0, 0, 0), 'touch': False, 'window': None})>
2025-05-19 17:07:51 - gestor_eventos - [DEBUG] - Procesando 1 eventos...
2025-05-19 17:07:51 - gestor_eventos - [DEBUG] - Evento: <Event(1024-MouseMotion {'pos': (522, 562), 'rel': (7, -1), 'buttons': (0, 0, 0), 'touch': False, 'window': None})>
2025-05-19 17:07:51 - gestor_eventos - [DEBUG] - Evento: <Event(1024-MouseMotion {'pos': (523, 560), 'rel': (1, -2), 'buttons': (0, 0, 0), 'touch': False, 'window': None})>
2025-05-19 17:07:51 - gestor_eventos - [DEBUG] - Evento: <Event(1024-MouseMotion {'pos': (514, 552), 'rel': (-9, -8), 'buttons': (0, 0, 0), 'touch': False, 'window': None})>
2025-05-19 17:07:51 - gestor_eventos - [DEBUG] - Evento: <Event(1024-MouseMotion {'pos': (496, 534), 'rel': (-18, -18), 'buttons': (0, 0, 0), 'touch': False, 'window': None})>
2025-05-19 17:07:51 - gestor_eventos - [DEBUG] - Procesando 1 eventos...
2025-05-19 17:07:51 - gestor_eventos - [DEBUG] - Evento: <Event(1024-MouseMotion {'pos': (477, 513), 'rel': (-19, -21), 'buttons': (0, 0, 0), 'touch': False, 'window': None})>
2025-05-19 17:07:51 - gestor_eventos - [DEBUG] - Evento: <Event(1024-MouseMotion {'pos': (465, 501), 'rel': (-12, -12), 'buttons': (0, 0, 0), 'touch': False, 'window': None})>
2025-05-19 17:07:51 - gestor_eventos - [DEBUG] - Evento: <Event(1024-MouseMotion {'pos': (456, 492), 'rel': (-9, -9), 'buttons': (0, 0, 0), 'touch': False, 'window': None})>
2025-05-19 17:07:51 - gestor_eventos - [DEBUG] - Procesando 1 eventos...
2025-05-19 17:07:51 - gestor_eventos - [DEBUG] - Evento: <Event(1024-MouseMotion {'pos': (451, 485), 'rel': (-5, -7), 'buttons': (0, 0, 0), 'touch': False, 'window': None})>
2025-05-19 17:07:51 - gestor_eventos - [DEBUG] - Evento: <Event(1024-MouseMotion {'pos': (448, 477), 'rel': (-3, -8), 'buttons': (0, 0, 0), 'touch': False, 'window': None})>
2025-05-19 17:07:51 - gestor_eventos - [DEBUG] - Evento: <Event(1024-MouseMotion {'pos': (447, 467), 'rel': (-1, -10), 'buttons': (0, 0, 0), 'touch': False, 'window': None})>
2025-05-19 17:07:51 - gestor_eventos - [DEBUG] - Evento: <Event(1024-MouseMotion {'pos': (447, 458), 'rel': (0, -9), 'buttons': (0, 0, 0), 'touch': False, 'window': None})>
2025-05-19 17:07:51 - gestor_eventos - [DEBUG] - Procesando 1 eventos...
2025-05-19 17:07:51 - gestor_eventos - [DEBUG] - Evento: <Event(1024-MouseMotion {'pos': (451, 451), 'rel': (4, -7), 'buttons': (0, 0, 0), 'touch': False, 'window': None})>
2025-05-19 17:07:51 - gestor_eventos - [DEBUG] - Evento: <Event(1024-MouseMotion {'pos': (454, 443), 'rel': (3, -8), 'buttons': (0, 0, 0), 'touch': False, 'window': None})>
2025-05-19 17:07:51 - gestor_eventos - [DEBUG] - Evento: <Event(1024-MouseMotion {'pos': (456, 434), 'rel': (2, -9), 'buttons': (0, 0, 0), 'touch': False, 'window': None})>
2025-05-19 17:07:51 - gestor_eventos - [DEBUG] - Evento: <Event(1024-MouseMotion {'pos': (456, 425), 'rel': (0, -9), 'buttons': (0, 0, 0), 'touch': False, 'window': None})>
2025-05-19 17:07:51 - gestor_eventos - [DEBUG] - Procesando 1 eventos...
2025-05-19 17:07:51 - gestor_eventos - [DEBUG] - Evento: <Event(1024-MouseMotion {'pos': (455, 413), 'rel': (-1, -12), 'buttons': (0, 0, 0), 'touch': False, 'window': None})>
2025-05-19 17:07:51 - gestor_eventos - [DEBUG] - Evento: <Event(1024-MouseMotion {'pos': (454, 400), 'rel': (-1, -13), 'buttons': (0, 0, 0), 'touch': False, 'window': None})>
2025-05-19 17:07:51 - gestor_eventos - [DEBUG] - Procesando 9 eventos...
2025-05-19 17:07:51 - gestor_eventos - [DEBUG] - Evento: <Event(32768-ActiveEvent {'gain': 1, 'state': 2})>
2025-05-19 17:07:51 - gestor_eventos - [DEBUG] - Evento: <Event(32785-WindowFocusGained {'window': None})>
2025-05-19 17:07:51 - gestor_eventos - [DEBUG] - Evento: <Event(770-TextEditing {'text': '', 'start': 0, 'length': 0, 'window': None})>
2025-05-19 17:07:51 - gestor_eventos - [DEBUG] - Evento: <Event(1024-MouseMotion {'pos': (454, 388), 'rel': (0, -12), 'buttons': (0, 0, 0), 'touch': False, 'window': None})>
2025-05-19 17:07:51 - gestor_eventos - [DEBUG] - Evento: <Event(1024-MouseMotion {'pos': (454, 393), 'rel': (0, 5), 'buttons': (0, 0, 0), 'touch': False, 'window': None})>
2025-05-19 17:07:51 - gestor_eventos - [DEBUG] - Evento: <Event(1024-MouseMotion {'pos': (454, 390), 'rel': (0, -3), 'buttons': (0, 0, 0), 'touch': False, 'window': None})>
2025-05-19 17:07:51 - gestor_eventos - [DEBUG] - Evento: <Event(1024-MouseMotion {'pos': (454, 387), 'rel': (0, -3), 'buttons': (0, 0, 0), 'touch': False, 'window': None})>
2025-05-19 17:07:51 - gestor_eventos - [DEBUG] - Evento: <Event(32770-VideoExpose {})>
2025-05-19 17:07:51 - gestor_eventos - [DEBUG] - Evento: <Event(32776-WindowExposed {'window': None})>
2025-05-19 17:07:51 - gestor_eventos - [DEBUG] - Procesando 0 eventos...
2025-05-19 17:07:51 - gestor_eventos - [DEBUG] - Procesando 1 eventos...
2025-05-19 17:07:51 - gestor_eventos - [DEBUG] - Evento: <Event(1024-MouseMotion {'pos': (454, 386), 'rel': (0, -1), 'buttons': (0, 0, 0), 'touch': False, 'window': None})>
2025-05-19 17:07:51 - gestor_eventos - [DEBUG] - Procesando 0 eventos...
2025-05-19 17:07:51 - gestor_eventos - [DEBUG] - Procesando 0 eventos...
2025-05-19 17:07:51 - gestor_eventos - [DEBUG] - Procesando 0 eventos...
2025-05-19 17:07:51 - gestor_eventos - [DEBUG] - Procesando 1 eventos...
2025-05-19 17:07:51 - gestor_eventos - [DEBUG] - Evento: <Event(1024-MouseMotion {'pos': (455, 385), 'rel': (1, -1), 'buttons': (0, 0, 0), 'touch': False, 'window': None})>
2025-05-19 17:07:51 - gestor_eventos - [DEBUG] - Procesando 0 eventos...
2025-05-19 17:07:51 - gestor_eventos - [DEBUG] - Evento: <Event(1024-MouseMotion {'pos': (458, 380), 'rel': (3, -5), 'buttons': (0, 0, 0), 'touch': False, 'window': None})>
2025-05-19 17:07:51 - gestor_eventos - [DEBUG] - Evento: <Event(1024-MouseMotion {'pos': (462, 373), 'rel': (4, -7), 'buttons': (0, 0, 0), 'touch': False, 'window': None})>
2025-05-19 17:07:51 - gestor_eventos - [DEBUG] - Procesando 1 eventos...
2025-05-19 17:07:51 - gestor_eventos - [DEBUG] - Evento: <Event(1024-MouseMotion {'pos': (464, 368), 'rel': (2, -5), 'buttons': (0, 0, 0), 'touch': False, 'window': None})>
2025-05-19 17:07:51 - gestor_eventos - [DEBUG] - Evento: <Event(1024-MouseMotion {'pos': (466, 366), 'rel': (2, -2), 'buttons': (0, 0, 0), 'touch': False, 'window': None})>
2025-05-19 17:07:51 - gestor_eventos - [DEBUG] - Evento: <Event(1024-MouseMotion {'pos': (468, 366), 'rel': (2, 0), 'buttons': (0, 0, 0), 'touch': False, 'window': None})>
2025-05-19 17:07:51 - gestor_eventos - [DEBUG] - Procesando 3 eventos...
2025-05-19 17:07:51 - gestor_eventos - [DEBUG] - Evento: <Event(1024-MouseMotion {'pos': (469, 366), 'rel': (1, 0), 'buttons': (0, 0, 0), 'touch': False, 'window': None})>
2025-05-19 17:07:51 - gestor_eventos - [DEBUG] - Evento: <Event(768-KeyDown {'unicode': 'd', 'key': 100, 'mod': 4096, 'scancode': 7, 'window': None})>
2025-05-19 17:07:51 - gestor_eventos - [DEBUG] - GestorEventos: KEYDOWN d (100)
2025-05-19 17:07:51 - gestor_eventos - [DEBUG] - Evento: <Event(771-TextInput {'text': 'd', 'window': None})>
2025-05-19 17:07:51 - gestor_eventos - [DEBUG] - Procesando 1 eventos...
2025-05-19 17:07:51 - gestor_eventos - [DEBUG] - Evento: <Event(1024-MouseMotion {'pos': (471, 366), 'rel': (2, 0), 'buttons': (0, 0, 0), 'touch': False, 'window': None})>
2025-05-19 17:07:51 - gestor_eventos - [DEBUG] - Procesando 2 eventos...
2025-05-19 17:07:51 - gestor_eventos - [DEBUG] - Evento: <Event(1024-MouseMotion {'pos': (475, 367), 'rel': (4, 1), 'buttons': (0, 0, 0), 'touch': False, 'window': None})>
2025-05-19 17:07:51 - gestor_eventos - [DEBUG] - Evento: <Event(1024-MouseMotion {'pos': (476, 367), 'rel': (1, 0), 'buttons': (0, 0, 0), 'touch': False, 'window': None})>
2025-05-19 17:07:51 - gestor_eventos - [DEBUG] - Evento: <Event(1024-MouseMotion {'pos': (479, 369), 'rel': (3, 2), 'buttons': (0, 0, 0), 'touch': False, 'window': None})>
2025-05-19 17:07:51 - gestor_eventos - [DEBUG] - Evento: <Event(1024-MouseMotion {'pos': (482, 370), 'rel': (3, 1), 'buttons': (0, 0, 0), 'touch': False, 'window': None})>
2025-05-19 17:07:51 - gestor_eventos - [DEBUG] - Procesando 1 eventos...
2025-05-19 17:07:51 - gestor_eventos - [DEBUG] - Evento: <Event(1024-MouseMotion {'pos': (483, 370), 'rel': (1, 0), 'buttons': (0, 0, 0), 'touch': False, 'window': None})>
2025-05-19 17:07:52 - gestor_eventos - [DEBUG] - Procesando 0 eventos...
2025-05-19 17:07:52 - gestor_eventos - [DEBUG] - Procesando 2 eventos...
2025-05-19 17:07:52 - gestor_eventos - [DEBUG] - Evento: <Event(768-KeyDown {'unicode': 'w', 'key': 119, 'mod': 4096, 'scancode': 26, 'window': None})>
2025-05-19 17:07:52 - gestor_eventos - [DEBUG] - GestorEventos: KEYDOWN w (119)
2025-05-19 17:07:52 - gestor_eventos - [DEBUG] - Evento: <Event(771-TextInput {'text': 'w', 'window': None})>
2025-05-19 17:07:52 - gestor_eventos - [DEBUG] - Procesando 0 eventos...
2025-05-19 17:07:52 - gestor_eventos - [DEBUG] - Procesando 0 eventos...
2025-05-19 17:07:52 - gestor_eventos - [DEBUG] - Procesando 2 eventos...
2025-05-19 17:07:52 - gestor_eventos - [DEBUG] - Evento: <Event(768-KeyDown {'unicode': 'a', 'key': 97, 'mod': 4096, 'scancode': 4, 'window': None})>
2025-05-19 17:07:52 - gestor_eventos - [DEBUG] - GestorEventos: KEYDOWN a (97)
2025-05-19 17:07:52 - gestor_eventos - [DEBUG] - Evento: <Event(771-TextInput {'text': 'a', 'window': None})>
2025-05-19 17:07:52 - gestor_eventos - [DEBUG] - Procesando 0 eventos...
2025-05-19 17:07:52 - gestor_eventos - [DEBUG] - Procesando 0 eventos...
2025-05-19 17:07:52 - gestor_eventos - [DEBUG] - Procesando 1 eventos...
2025-05-19 17:07:52 - gestor_eventos - [DEBUG] - Evento: <Event(769-KeyUp {'unicode': 'w', 'key': 119, 'mod': 4096, 'scancode': 26, 'window': None})>
2025-05-19 17:07:52 - gestor_eventos - [DEBUG] - Procesando 0 eventos...
2025-05-19 17:07:52 - gestor_eventos - [DEBUG] - Procesando 2 eventos...
2025-05-19 17:07:52 - gestor_eventos - [DEBUG] - Evento: <Event(768-KeyDown {'unicode': 's', 'key': 115, 'mod': 4096, 'scancode': 22, 'window': None})>
2025-05-19 17:07:52 - gestor_eventos - [DEBUG] - GestorEventos: KEYDOWN s (115)
2025-05-19 17:07:52 - gestor_eventos - [DEBUG] - Evento: <Event(771-TextInput {'text': 's', 'window': None})>
2025-05-19 17:07:52 - gestor_eventos - [DEBUG] - Procesando 0 eventos...
2025-05-19 17:07:52 - gestor_eventos - [DEBUG] - Procesando 1 eventos...
2025-05-19 17:07:52 - gestor_eventos - [DEBUG] - Evento: <Event(769-KeyUp {'unicode': 'd', 'key': 100, 'mod': 4096, 'scancode': 7, 'window': None})>
2025-05-19 17:07:52 - gestor_eventos - [DEBUG] - Procesando 0 eventos...
2025-05-19 17:07:52 - gestor_eventos - [DEBUG] - Procesando 2 eventos...
2025-05-19 17:07:52 - gestor_eventos - [DEBUG] - Evento: <Event(768-KeyDown {'unicode': ' ', 'key': 32, 'mod': 4096, 'scancode': 44, 'window': None})>
2025-05-19 17:07:52 - gestor_eventos - [DEBUG] - GestorEventos: KEYDOWN space (32)
2025-05-19 17:07:52 - gestor_eventos - [DEBUG] - GestorEventos: K_SPACE (Atacar jugador) procesado.
2025-05-19 17:07:52 - gestor_eventos - [DEBUG] - Evento: <Event(771-TextInput {'text': ' ', 'window': None})>
2025-05-19 17:07:52 - gestor_eventos - [DEBUG] - Evento: <Event(768-KeyDown {'unicode': 'd', 'key': 100, 'mod': 4096, 'scancode': 7, 'window': None})>
2025-05-19 17:07:52 - gestor_eventos - [DEBUG] - GestorEventos: KEYDOWN d (100)
2025-05-19 17:07:52 - gestor_eventos - [DEBUG] - Evento: <Event(771-TextInput {'text': 'd', 'window': None})>
2025-05-19 17:07:52 - gestor_eventos - [DEBUG] - Procesando 0 eventos...
2025-05-19 17:07:52 - gestor_eventos - [DEBUG] - Procesando 2 eventos...
2025-05-19 17:07:52 - gestor_eventos - [DEBUG] - Evento: <Event(769-KeyUp {'unicode': 's', 'key': 115, 'mod': 4096, 'scancode': 22, 'window': None})>
2025-05-19 17:07:52 - gestor_eventos - [DEBUG] - Evento: <Event(769-KeyUp {'unicode': ' ', 'key': 32, 'mod': 4096, 'scancode': 44, 'window': None})>
2025-05-19 17:07:52 - gestor_eventos - [DEBUG] - Procesando 0 eventos...
2025-05-19 17:07:52 - gestor_eventos - [DEBUG] - Procesando 1 eventos...
2025-05-19 17:07:52 - gestor_eventos - [DEBUG] - Evento: <Event(769-KeyUp {'unicode': 'd', 'key': 100, 'mod': 4096, 'scancode': 7, 'window': None})>
2025-05-19 17:07:52 - gestor_eventos - [DEBUG] - Procesando 0 eventos...
2025-05-19 17:07:52 - gestor_eventos - [DEBUG] - Evento: <Event(1024-MouseMotion {'pos': (484, 370), 'rel': (1, 0), 'buttons': (0, 0, 0), 'touch': False, 'window': None})>
2025-05-19 17:07:52 - gestor_eventos - [DEBUG] - Procesando 2 eventos...
2025-05-19 17:07:52 - gestor_eventos - [DEBUG] - Evento: <Event(768-KeyDown {'unicode': ' ', 'key': 32, 'mod': 4096, 'scancode': 44, 'window': None})>
2025-05-19 17:07:52 - gestor_eventos - [DEBUG] - GestorEventos: KEYDOWN space (32)
2025-05-19 17:07:52 - gestor_eventos - [DEBUG] - GestorEventos: K_SPACE (Atacar jugador) procesado.
2025-05-19 17:07:52 - gestor_eventos - [DEBUG] - Evento: <Event(771-TextInput {'text': ' ', 'window': None})>
2025-05-19 17:07:52 - gestor_eventos - [DEBUG] - Procesando 1 eventos...
2025-05-19 17:07:52 - gestor_eventos - [DEBUG] - Evento: <Event(1024-MouseMotion {'pos': (486, 370), 'rel': (2, 0), 'buttons': (0, 0, 0), 'touch': False, 'window': None})>
2025-05-19 17:07:52 - gestor_eventos - [DEBUG] - Procesando 4 eventos...
2025-05-19 17:07:52 - gestor_eventos - [DEBUG] - Evento: <Event(1024-MouseMotion {'pos': (488, 370), 'rel': (2, 0), 'buttons': (0, 0, 0), 'touch': False, 'window': None})>
2025-05-19 17:07:52 - gestor_eventos - [DEBUG] - Evento: <Event(768-KeyDown {'unicode': 'w', 'key': 119, 'mod': 4096, 'scancode': 26, 'window': None})>
2025-05-19 17:07:52 - gestor_eventos - [DEBUG] - GestorEventos: KEYDOWN w (119)
2025-05-19 17:07:52 - gestor_eventos - [DEBUG] - Evento: <Event(771-TextInput {'text': 'w', 'window': None})>
2025-05-19 17:07:52 - gestor_eventos - [DEBUG] - Evento: <Event(1024-MouseMotion {'pos': (489, 370), 'rel': (1, 0), 'buttons': (0, 0, 0), 'touch': False, 'window': None})>
2025-05-19 17:07:52 - gestor_eventos - [DEBUG] - Procesando 2 eventos...
2025-05-19 17:07:52 - gestor_eventos - [DEBUG] - Evento: <Event(1024-MouseMotion {'pos': (492, 370), 'rel': (3, 0), 'buttons': (0, 0, 0), 'touch': False, 'window': None})>
2025-05-19 17:07:52 - gestor_eventos - [DEBUG] - Evento: <Event(1024-MouseMotion {'pos': (493, 370), 'rel': (1, 0), 'buttons': (0, 0, 0), 'touch': False, 'window': None})>
2025-05-19 17:07:52 - gestor_eventos - [DEBUG] - Procesando 1 eventos...
2025-05-19 17:07:52 - gestor_eventos - [DEBUG] - Evento: <Event(1024-MouseMotion {'pos': (496, 369), 'rel': (3, -1), 'buttons': (0, 0, 0), 'touch': False, 'window': None})>
2025-05-19 17:07:52 - gestor_eventos - [DEBUG] - Evento: <Event(1024-MouseMotion {'pos': (498, 369), 'rel': (2, 0), 'buttons': (0, 0, 0), 'touch': False, 'window': None})>
2025-05-19 17:07:52 - gestor_eventos - [DEBUG] - Procesando 2 eventos...
2025-05-19 17:07:52 - gestor_eventos - [DEBUG] - Evento: <Event(1024-MouseMotion {'pos': (500, 369), 'rel': (2, 0), 'buttons': (0, 0, 0), 'touch': False, 'window': None})>
2025-05-19 17:07:52 - gestor_eventos - [DEBUG] - Evento: <Event(769-KeyUp {'unicode': ' ', 'key': 32, 'mod': 4096, 'scancode': 44, 'window': None})>
2025-05-19 17:07:52 - gestor_eventos - [DEBUG] - Procesando 1 eventos...
2025-05-19 17:07:52 - gestor_eventos - [DEBUG] - Evento: <Event(1024-MouseMotion {'pos': (501, 369), 'rel': (1, 0), 'buttons': (0, 0, 0), 'touch': False, 'window': None})>
2025-05-19 17:07:52 - gestor_eventos - [DEBUG] - Evento: <Event(1024-MouseMotion {'pos': (502, 369), 'rel': (1, 0), 'buttons': (0, 0, 0), 'touch': False, 'window': None})>
2025-05-19 17:07:52 - gestor_eventos - [DEBUG] - Evento: <Event(1024-MouseMotion {'pos': (503, 369), 'rel': (1, 0), 'buttons': (0, 0, 0), 'touch': False, 'window': None})>
2025-05-19 17:07:52 - gestor_eventos - [DEBUG] - Procesando 0 eventos...
2025-05-19 17:07:52 - gestor_eventos - [DEBUG] - Procesando 2 eventos...
2025-05-19 17:07:52 - gestor_eventos - [DEBUG] - Evento: <Event(768-KeyDown {'unicode': ' ', 'key': 32, 'mod': 4096, 'scancode': 44, 'window': None})>
2025-05-19 17:07:52 - gestor_eventos - [DEBUG] - GestorEventos: KEYDOWN space (32)
2025-05-19 17:07:52 - gestor_eventos - [DEBUG] - GestorEventos: K_SPACE (Atacar jugador) procesado.
2025-05-19 17:07:52 - gestor_eventos - [DEBUG] - Evento: <Event(771-TextInput {'text': ' ', 'window': None})>
2025-05-19 17:07:52 - gestor_eventos - [DEBUG] - Procesando 1 eventos...
2025-05-19 17:07:52 - gestor_eventos - [DEBUG] - Evento: <Event(769-KeyUp {'unicode': 'w', 'key': 119, 'mod': 4096, 'scancode': 26, 'window': None})>
2025-05-19 17:07:52 - gestor_eventos - [DEBUG] - Procesando 0 eventos...
2025-05-19 17:07:53 - gestor_eventos - [DEBUG] - Procesando 0 eventos...
2025-05-19 17:07:53 - gestor_eventos - [DEBUG] - Procesando 2 eventos...
2025-05-19 17:07:53 - gestor_eventos - [DEBUG] - Evento: <Event(768-KeyDown {'unicode': 'd', 'key': 100, 'mod': 4096, 'scancode': 7, 'window': None})>
2025-05-19 17:07:53 - gestor_eventos - [DEBUG] - GestorEventos: KEYDOWN d (100)
2025-05-19 17:07:53 - gestor_eventos - [DEBUG] - Evento: <Event(771-TextInput {'text': 'd', 'window': None})>
2025-05-19 17:07:53 - gestor_eventos - [DEBUG] - Procesando 0 eventos...
2025-05-19 17:07:53 - gestor_eventos - [DEBUG] - Procesando 3 eventos...
2025-05-19 17:07:53 - gestor_eventos - [DEBUG] - Evento: <Event(768-KeyDown {'unicode': 's', 'key': 115, 'mod': 4096, 'scancode': 22, 'window': None})>
2025-05-19 17:07:53 - gestor_eventos - [DEBUG] - GestorEventos: KEYDOWN s (115)
2025-05-19 17:07:53 - gestor_eventos - [DEBUG] - Evento: <Event(771-TextInput {'text': 's', 'window': None})>
2025-05-19 17:07:53 - gestor_eventos - [DEBUG] - Evento: <Event(769-KeyUp {'unicode': ' ', 'key': 32, 'mod': 4096, 'scancode': 44, 'window': None})>
2025-05-19 17:07:53 - gestor_eventos - [DEBUG] - Procesando 1 eventos...
2025-05-19 17:07:53 - gestor_eventos - [DEBUG] - Evento: <Event(769-KeyUp {'unicode': 'a', 'key': 97, 'mod': 4096, 'scancode': 4, 'window': None})>
2025-05-19 17:07:53 - gestor_eventos - [DEBUG] - Procesando 0 eventos...
2025-05-19 17:07:53 - gestor_eventos - [DEBUG] - Procesando 2 eventos...
2025-05-19 17:07:53 - gestor_eventos - [DEBUG] - Evento: <Event(768-KeyDown {'unicode': ' ', 'key': 32, 'mod': 4096, 'scancode': 44, 'window': None})>
2025-05-19 17:07:53 - gestor_eventos - [DEBUG] - GestorEventos: KEYDOWN space (32)
2025-05-19 17:07:53 - gestor_eventos - [DEBUG] - GestorEventos: K_SPACE (Atacar jugador) procesado.
2025-05-19 17:07:53 - gestor_eventos - [DEBUG] - Evento: <Event(771-TextInput {'text': ' ', 'window': None})>
2025-05-19 17:07:53 - gestor_eventos - [DEBUG] - Evento: <Event(768-KeyDown {'unicode': 'a', 'key': 97, 'mod': 4096, 'scancode': 4, 'window': None})>
2025-05-19 17:07:53 - gestor_eventos - [DEBUG] - GestorEventos: KEYDOWN a (97)
2025-05-19 17:07:53 - gestor_eventos - [DEBUG] - Evento: <Event(771-TextInput {'text': 'a', 'window': None})>
2025-05-19 17:07:53 - gestor_eventos - [DEBUG] - Procesando 0 eventos...
2025-05-19 17:07:53 - gestor_eventos - [DEBUG] - Procesando 2 eventos...
2025-05-19 17:07:53 - gestor_eventos - [DEBUG] - Evento: <Event(769-KeyUp {'unicode': 's', 'key': 115, 'mod': 4096, 'scancode': 22, 'window': None})>
2025-05-19 17:07:53 - gestor_eventos - [DEBUG] - Evento: <Event(769-KeyUp {'unicode': 'd', 'key': 100, 'mod': 4096, 'scancode': 7, 'window': None})>
2025-05-19 17:07:53 - gestor_eventos - [DEBUG] - Procesando 0 eventos...
2025-05-19 17:07:53 - gestor_eventos - [DEBUG] - Procesando 1 eventos...
2025-05-19 17:07:53 - gestor_eventos - [DEBUG] - Evento: <Event(769-KeyUp {'unicode': ' ', 'key': 32, 'mod': 4096, 'scancode': 44, 'window': None})>
2025-05-19 17:07:53 - gestor_eventos - [DEBUG] - Procesando 0 eventos...
2025-05-19 17:07:53 - gestor_eventos - [DEBUG] - Procesando 2 eventos...
2025-05-19 17:07:53 - gestor_eventos - [DEBUG] - Evento: <Event(768-KeyDown {'unicode': ' ', 'key': 32, 'mod': 4096, 'scancode': 44, 'window': None})>
2025-05-19 17:07:53 - gestor_eventos - [DEBUG] - GestorEventos: KEYDOWN space (32)
2025-05-19 17:07:53 - gestor_eventos - [DEBUG] - GestorEventos: K_SPACE (Atacar jugador) procesado.
2025-05-19 17:07:53 - gestor_eventos - [DEBUG] - Evento: <Event(771-TextInput {'text': ' ', 'window': None})>
2025-05-19 17:07:53 - gestor_eventos - [DEBUG] - Procesando 0 eventos...
2025-05-19 17:07:53 - gestor_eventos - [DEBUG] - Procesando 0 eventos...
2025-05-19 17:07:53 - gestor_eventos - [DEBUG] - Procesando 1 eventos...
2025-05-19 17:07:53 - gestor_eventos - [DEBUG] - Evento: <Event(769-KeyUp {'unicode': ' ', 'key': 32, 'mod': 4096, 'scancode': 44, 'window': None})>
2025-05-19 17:07:53 - gestor_eventos - [DEBUG] - Procesando 2 eventos...
2025-05-19 17:07:53 - gestor_eventos - [DEBUG] - Evento: <Event(768-KeyDown {'unicode': 'w', 'key': 119, 'mod': 4096, 'scancode': 26, 'window': None})>
2025-05-19 17:07:53 - gestor_eventos - [DEBUG] - GestorEventos: KEYDOWN w (119)
2025-05-19 17:07:53 - gestor_eventos - [DEBUG] - Evento: <Event(771-TextInput {'text': 'w', 'window': None})>
2025-05-19 17:07:53 - gestor_eventos - [DEBUG] - Procesando 0 eventos...
2025-05-19 17:07:53 - gestor_eventos - [DEBUG] - Evento: <Event(768-KeyDown {'unicode': ' ', 'key': 32, 'mod': 4096, 'scancode': 44, 'window': None})>
2025-05-19 17:07:53 - gestor_eventos - [DEBUG] - GestorEventos: KEYDOWN space (32)
2025-05-19 17:07:53 - gestor_eventos - [DEBUG] - GestorEventos: K_SPACE (Atacar jugador) procesado.
2025-05-19 17:07:53 - gestor_eventos - [DEBUG] - Evento: <Event(771-TextInput {'text': ' ', 'window': None})>
2025-05-19 17:07:53 - gestor_eventos - [DEBUG] - Procesando 0 eventos...
2025-05-19 17:07:53 - gestor_eventos - [DEBUG] - Procesando 2 eventos...
2025-05-19 17:07:53 - gestor_eventos - [DEBUG] - Evento: <Event(768-KeyDown {'unicode': 'd', 'key': 100, 'mod': 4096, 'scancode': 7, 'window': None})>
2025-05-19 17:07:53 - gestor_eventos - [DEBUG] - GestorEventos: KEYDOWN d (100)
2025-05-19 17:07:53 - gestor_eventos - [DEBUG] - Evento: <Event(771-TextInput {'text': 'd', 'window': None})>
2025-05-19 17:07:53 - gestor_eventos - [DEBUG] - Evento: <Event(769-KeyUp {'unicode': 'a', 'key': 97, 'mod': 4096, 'scancode': 4, 'window': None})>
2025-05-19 17:07:53 - gestor_eventos - [DEBUG] - Evento: <Event(769-KeyUp {'unicode': ' ', 'key': 32, 'mod': 4096, 'scancode': 44, 'window': None})>
2025-05-19 17:07:53 - gestor_eventos - [DEBUG] - Procesando 0 eventos...
2025-05-19 17:07:53 - gestor_eventos - [DEBUG] - Procesando 0 eventos...
2025-05-19 17:07:53 - gestor_eventos - [DEBUG] - Procesando 2 eventos...
2025-05-19 17:07:53 - gestor_eventos - [DEBUG] - Evento: <Event(768-KeyDown {'unicode': ' ', 'key': 32, 'mod': 4096, 'scancode': 44, 'window': None})>
2025-05-19 17:07:53 - gestor_eventos - [DEBUG] - GestorEventos: KEYDOWN space (32)
2025-05-19 17:07:53 - gestor_eventos - [DEBUG] - GestorEventos: K_SPACE (Atacar jugador) procesado.
2025-05-19 17:07:53 - gestor_eventos - [DEBUG] - Evento: <Event(771-TextInput {'text': ' ', 'window': None})>
2025-05-19 17:07:53 - gestor_eventos - [DEBUG] - Procesando 3 eventos...
2025-05-19 17:07:53 - gestor_eventos - [DEBUG] - Evento: <Event(768-KeyDown {'unicode': 'a', 'key': 97, 'mod': 4096, 'scancode': 4, 'window': None})>
2025-05-19 17:07:53 - gestor_eventos - [DEBUG] - GestorEventos: KEYDOWN a (97)
2025-05-19 17:07:53 - gestor_eventos - [DEBUG] - Evento: <Event(771-TextInput {'text': 'a', 'window': None})>
2025-05-19 17:07:53 - gestor_eventos - [DEBUG] - Evento: <Event(769-KeyUp {'unicode': 'd', 'key': 100, 'mod': 4096, 'scancode': 7, 'window': None})>
2025-05-19 17:07:53 - gestor_eventos - [DEBUG] - Procesando 1 eventos...
2025-05-19 17:07:53 - gestor_eventos - [DEBUG] - Evento: <Event(769-KeyUp {'unicode': 'w', 'key': 119, 'mod': 4096, 'scancode': 26, 'window': None})>
2025-05-19 17:07:53 - gestor_eventos - [DEBUG] - Procesando 0 eventos...
2025-05-19 17:07:53 - gestor_eventos - [DEBUG] - Procesando 1 eventos...
2025-05-19 17:07:53 - gestor_eventos - [DEBUG] - Evento: <Event(769-KeyUp {'unicode': ' ', 'key': 32, 'mod': 4096, 'scancode': 44, 'window': None})>
2025-05-19 17:07:53 - gestor_eventos - [DEBUG] - Procesando 0 eventos...
2025-05-19 17:07:53 - gestor_eventos - [DEBUG] - Procesando 0 eventos...
2025-05-19 17:07:53 - gestor_eventos - [DEBUG] - Procesando 2 eventos...
2025-05-19 17:07:53 - gestor_eventos - [DEBUG] - Evento: <Event(768-KeyDown {'unicode': ' ', 'key': 32, 'mod': 4096, 'scancode': 44, 'window': None})>
2025-05-19 17:07:53 - gestor_eventos - [DEBUG] - GestorEventos: KEYDOWN space (32)
2025-05-19 17:07:53 - gestor_eventos - [DEBUG] - GestorEventos: K_SPACE (Atacar jugador) procesado.
2025-05-19 17:07:53 - gestor_eventos - [DEBUG] - Evento: <Event(771-TextInput {'text': ' ', 'window': None})>
2025-05-19 17:07:53 - gestor_eventos - [DEBUG] - Procesando 0 eventos...
2025-05-19 17:07:54 - gestor_eventos - [DEBUG] - Procesando 0 eventos...
2025-05-19 17:07:54 - gestor_eventos - [DEBUG] - Procesando 1 eventos...
2025-05-19 17:07:54 - gestor_eventos - [DEBUG] - Evento: <Event(769-KeyUp {'unicode': ' ', 'key': 32, 'mod': 4096, 'scancode': 44, 'window': None})>
2025-05-19 17:07:54 - gestor_eventos - [DEBUG] - Procesando 1 eventos...
2025-05-19 17:07:54 - gestor_eventos - [DEBUG] - Evento: <Event(1024-MouseMotion {'pos': (504, 369), 'rel': (1, 0), 'buttons': (0, 0, 0), 'touch': False, 'window': None})>
2025-05-19 17:07:54 - gestor_eventos - [DEBUG] - Procesando 0 eventos...
2025-05-19 17:07:54 - gestor_eventos - [DEBUG] - Procesando 3 eventos...
2025-05-19 17:07:54 - gestor_eventos - [DEBUG] - Evento: <Event(768-KeyDown {'unicode': ' ', 'key': 32, 'mod': 4096, 'scancode': 44, 'window': None})>
2025-05-19 17:07:54 - gestor_eventos - [DEBUG] - GestorEventos: KEYDOWN space (32)
2025-05-19 17:07:54 - gestor_eventos - [DEBUG] - GestorEventos: K_SPACE (Atacar jugador) procesado.
2025-05-19 17:07:54 - gestor_eventos - [DEBUG] - Evento: <Event(771-TextInput {'text': ' ', 'window': None})>
2025-05-19 17:07:54 - gestor_eventos - [DEBUG] - Evento: <Event(1024-MouseMotion {'pos': (505, 369), 'rel': (1, 0), 'buttons': (0, 0, 0), 'touch': False, 'window': None})>
2025-05-19 17:07:54 - gestor_eventos - [DEBUG] - Procesando 1 eventos...
2025-05-19 17:07:54 - gestor_eventos - [DEBUG] - Evento: <Event(1024-MouseMotion {'pos': (506, 369), 'rel': (1, 0), 'buttons': (0, 0, 0), 'touch': False, 'window': None})>
2025-05-19 17:07:54 - gestor_eventos - [DEBUG] - Evento: <Event(1024-MouseMotion {'pos': (507, 369), 'rel': (1, 0), 'buttons': (0, 0, 0), 'touch': False, 'window': None})>
2025-05-19 17:07:54 - gestor_eventos - [DEBUG] - Procesando 0 eventos...
2025-05-19 17:07:54 - gestor_eventos - [DEBUG] - Evento: <Event(1024-MouseMotion {'pos': (508, 369), 'rel': (1, 0), 'buttons': (0, 0, 0), 'touch': False, 'window': None})>
2025-05-19 17:07:54 - gestor_eventos - [DEBUG] - Procesando 1 eventos...
2025-05-19 17:07:54 - gestor_eventos - [DEBUG] - Evento: <Event(769-KeyUp {'unicode': ' ', 'key': 32, 'mod': 4096, 'scancode': 44, 'window': None})>
2025-05-19 17:07:54 - gestor_eventos - [DEBUG] - Evento: <Event(1024-MouseMotion {'pos': (509, 369), 'rel': (1, 0), 'buttons': (0, 0, 0), 'touch': False, 'window': None})>
2025-05-19 17:07:54 - gestor_eventos - [DEBUG] - Evento: <Event(1024-MouseMotion {'pos': (510, 370), 'rel': (1, 1), 'buttons': (0, 0, 0), 'touch': False, 'window': None})>
2025-05-19 17:07:54 - gestor_eventos - [DEBUG] - Evento: <Event(1024-MouseMotion {'pos': (511, 370), 'rel': (1, 0), 'buttons': (0, 0, 0), 'touch': False, 'window': None})>
2025-05-19 17:07:54 - gestor_eventos - [DEBUG] - Procesando 1 eventos...
2025-05-19 17:07:54 - gestor_eventos - [DEBUG] - Evento: <Event(1024-MouseMotion {'pos': (512, 370), 'rel': (1, 0), 'buttons': (0, 0, 0), 'touch': False, 'window': None})>
2025-05-19 17:07:54 - gestor_eventos - [DEBUG] - Evento: <Event(1024-MouseMotion {'pos': (513, 370), 'rel': (1, 0), 'buttons': (0, 0, 0), 'touch': False, 'window': None})>
2025-05-19 17:07:54 - gestor_eventos - [DEBUG] - Procesando 2 eventos...
2025-05-19 17:07:54 - gestor_eventos - [DEBUG] - Evento: <Event(768-KeyDown {'unicode': ' ', 'key': 32, 'mod': 4096, 'scancode': 44, 'window': None})>
2025-05-19 17:07:54 - gestor_eventos - [DEBUG] - GestorEventos: KEYDOWN space (32)
2025-05-19 17:07:54 - gestor_eventos - [DEBUG] - GestorEventos: K_SPACE (Atacar jugador) procesado.
2025-05-19 17:07:54 - gestor_eventos - [DEBUG] - Evento: <Event(771-TextInput {'text': ' ', 'window': None})>
2025-05-19 17:07:54 - gestor_eventos - [DEBUG] - Procesando 1 eventos...
2025-05-19 17:07:54 - gestor_eventos - [DEBUG] - Evento: <Event(1024-MouseMotion {'pos': (514, 370), 'rel': (1, 0), 'buttons': (0, 0, 0), 'touch': False, 'window': None})>
2025-05-19 17:07:54 - gestor_eventos - [DEBUG] - Evento: <Event(1024-MouseMotion {'pos': (515, 370), 'rel': (1, 0), 'buttons': (0, 0, 0), 'touch': False, 'window': None})>
2025-05-19 17:07:54 - gestor_eventos - [DEBUG] - Evento: <Event(1024-MouseMotion {'pos': (516, 370), 'rel': (1, 0), 'buttons': (0, 0, 0), 'touch': False, 'window': None})>
2025-05-19 17:07:54 - gestor_eventos - [DEBUG] - Evento: <Event(1024-MouseMotion {'pos': (517, 370), 'rel': (1, 0), 'buttons': (0, 0, 0), 'touch': False, 'window': None})>
2025-05-19 17:07:54 - gestor_eventos - [DEBUG] - Procesando 2 eventos...
2025-05-19 17:07:54 - gestor_eventos - [DEBUG] - Evento: <Event(769-KeyUp {'unicode': ' ', 'key': 32, 'mod': 4096, 'scancode': 44, 'window': None})>
2025-05-19 17:07:54 - gestor_eventos - [DEBUG] - Evento: <Event(1024-MouseMotion {'pos': (518, 370), 'rel': (1, 0), 'buttons': (0, 0, 0), 'touch': False, 'window': None})>
2025-05-19 17:07:54 - gestor_eventos - [DEBUG] - Procesando 0 eventos...
2025-05-19 17:07:54 - gestor_eventos - [DEBUG] - Procesando 1 eventos...
2025-05-19 17:07:54 - gestor_eventos - [DEBUG] - Evento: <Event(1024-MouseMotion {'pos': (519, 370), 'rel': (1, 0), 'buttons': (0, 0, 0), 'touch': False, 'window': None})>
2025-05-19 17:07:54 - gestor_eventos - [DEBUG] - Evento: <Event(1024-MouseMotion {'pos': (520, 370), 'rel': (1, 0), 'buttons': (0, 0, 0), 'touch': False, 'window': None})>
2025-05-19 17:07:54 - gestor_eventos - [DEBUG] - Evento: <Event(1024-MouseMotion {'pos': (521, 370), 'rel': (1, 0), 'buttons': (0, 0, 0), 'touch': False, 'window': None})>
2025-05-19 17:07:54 - gestor_eventos - [DEBUG] - Procesando 3 eventos...
2025-05-19 17:07:54 - gestor_eventos - [DEBUG] - Evento: <Event(768-KeyDown {'unicode': ' ', 'key': 32, 'mod': 4096, 'scancode': 44, 'window': None})>
2025-05-19 17:07:54 - gestor_eventos - [DEBUG] - GestorEventos: KEYDOWN space (32)
2025-05-19 17:07:54 - gestor_eventos - [DEBUG] - GestorEventos: K_SPACE (Atacar jugador) procesado.
2025-05-19 17:07:54 - gestor_eventos - [DEBUG] - Evento: <Event(771-TextInput {'text': ' ', 'window': None})>
2025-05-19 17:07:54 - gestor_eventos - [DEBUG] - Evento: <Event(1024-MouseMotion {'pos': (522, 370), 'rel': (1, 0), 'buttons': (0, 0, 0), 'touch': False, 'window': None})>
2025-05-19 17:07:54 - gestor_eventos - [DEBUG] - Procesando 1 eventos...
2025-05-19 17:07:54 - gestor_eventos - [DEBUG] - Evento: <Event(1024-MouseMotion {'pos': (523, 370), 'rel': (1, 0), 'buttons': (0, 0, 0), 'touch': False, 'window': None})>
2025-05-19 17:07:54 - gestor_eventos - [DEBUG] - Procesando 0 eventos...
2025-05-19 17:07:54 - gestor_eventos - [DEBUG] - Evento: <Event(1024-MouseMotion {'pos': (524, 370), 'rel': (1, 0), 'buttons': (0, 0, 0), 'touch': False, 'window': None})>
2025-05-19 17:07:54 - gestor_eventos - [DEBUG] - Procesando 1 eventos...
2025-05-19 17:07:54 - gestor_eventos - [DEBUG] - Evento: <Event(769-KeyUp {'unicode': ' ', 'key': 32, 'mod': 4096, 'scancode': 44, 'window': None})>
2025-05-19 17:07:54 - gestor_eventos - [DEBUG] - Procesando 0 eventos...
2025-05-19 17:07:54 - gestor_eventos - [DEBUG] - Evento: <Event(1024-MouseMotion {'pos': (525, 370), 'rel': (1, 0), 'buttons': (0, 0, 0), 'touch': False, 'window': None})>
2025-05-19 17:07:54 - gestor_eventos - [DEBUG] - Procesando 1 eventos...
2025-05-19 17:07:54 - gestor_eventos - [DEBUG] - Evento: <Event(1024-MouseMotion {'pos': (526, 370), 'rel': (1, 0), 'buttons': (0, 0, 0), 'touch': False, 'window': None})>
2025-05-19 17:07:54 - gestor_eventos - [DEBUG] - Procesando 4 eventos...
2025-05-19 17:07:54 - gestor_eventos - [DEBUG] - Evento: <Event(768-KeyDown {'unicode': 's', 'key': 115, 'mod': 4096, 'scancode': 22, 'window': None})>
2025-05-19 17:07:54 - gestor_eventos - [DEBUG] - GestorEventos: KEYDOWN s (115)
2025-05-19 17:07:54 - gestor_eventos - [DEBUG] - Evento: <Event(771-TextInput {'text': 's', 'window': None})>
2025-05-19 17:07:54 - gestor_eventos - [DEBUG] - Evento: <Event(768-KeyDown {'unicode': ' ', 'key': 32, 'mod': 4096, 'scancode': 44, 'window': None})>
2025-05-19 17:07:54 - gestor_eventos - [DEBUG] - GestorEventos: KEYDOWN space (32)
2025-05-19 17:07:54 - gestor_eventos - [DEBUG] - GestorEventos: K_SPACE (Atacar jugador) procesado.
2025-05-19 17:07:54 - gestor_eventos - [DEBUG] - Evento: <Event(771-TextInput {'text': ' ', 'window': None})>
2025-05-19 17:07:54 - gestor_eventos - [DEBUG] - Procesando 0 eventos...
2025-05-19 17:07:54 - gestor_eventos - [DEBUG] - Procesando 1 eventos...
2025-05-19 17:07:54 - gestor_eventos - [DEBUG] - Evento: <Event(1024-MouseMotion {'pos': (527, 370), 'rel': (1, 0), 'buttons': (0, 0, 0), 'touch': False, 'window': None})>
2025-05-19 17:07:54 - gestor_eventos - [DEBUG] - Procesando 0 eventos...
2025-05-19 17:07:54 - gestor_eventos - [DEBUG] - Evento: <Event(769-KeyUp {'unicode': ' ', 'key': 32, 'mod': 4096, 'scancode': 44, 'window': None})>
2025-05-19 17:07:54 - gestor_eventos - [DEBUG] - Procesando 1 eventos...
2025-05-19 17:07:54 - gestor_eventos - [DEBUG] - Evento: <Event(1024-MouseMotion {'pos': (528, 370), 'rel': (1, 0), 'buttons': (0, 0, 0), 'touch': False, 'window': None})>
2025-05-19 17:07:54 - gestor_eventos - [DEBUG] - Evento: <Event(1024-MouseMotion {'pos': (528, 369), 'rel': (0, -1), 'buttons': (0, 0, 0), 'touch': False, 'window': None})>
2025-05-19 17:07:54 - gestor_eventos - [DEBUG] - Evento: <Event(1024-MouseMotion {'pos': (529, 369), 'rel': (1, 0), 'buttons': (0, 0, 0), 'touch': False, 'window': None})>
2025-05-19 17:07:54 - gestor_eventos - [DEBUG] - Procesando 1 eventos...
2025-05-19 17:07:54 - gestor_eventos - [DEBUG] - Evento: <Event(1024-MouseMotion {'pos': (530, 369), 'rel': (1, 0), 'buttons': (0, 0, 0), 'touch': False, 'window': None})>
2025-05-19 17:07:54 - gestor_eventos - [DEBUG] - Procesando 0 eventos...
2025-05-19 17:07:54 - gestor_eventos - [DEBUG] - Procesando 2 eventos...
2025-05-19 17:07:54 - gestor_eventos - [DEBUG] - Evento: <Event(768-KeyDown {'unicode': ' ', 'key': 32, 'mod': 4096, 'scancode': 44, 'window': None})>
2025-05-19 17:07:54 - gestor_eventos - [DEBUG] - GestorEventos: KEYDOWN space (32)
2025-05-19 17:07:54 - gestor_eventos - [DEBUG] - GestorEventos: K_SPACE (Atacar jugador) procesado.
2025-05-19 17:07:54 - gestor_eventos - [DEBUG] - Evento: <Event(771-TextInput {'text': ' ', 'window': None})>
2025-05-19 17:07:54 - gestor_eventos - [DEBUG] - Procesando 1 eventos...
2025-05-19 17:07:54 - gestor_eventos - [DEBUG] - Evento: <Event(1024-MouseMotion {'pos': (531, 369), 'rel': (1, 0), 'buttons': (0, 0, 0), 'touch': False, 'window': None})>
2025-05-19 17:07:54 - gestor_eventos - [DEBUG] - Evento: <Event(769-KeyUp {'unicode': 's', 'key': 115, 'mod': 4096, 'scancode': 22, 'window': None})>
2025-05-19 17:07:54 - gestor_eventos - [DEBUG] - Procesando 0 eventos...
2025-05-19 17:07:55 - gestor_eventos - [DEBUG] - Procesando 2 eventos...
2025-05-19 17:07:55 - gestor_eventos - [DEBUG] - Evento: <Event(768-KeyDown {'unicode': 'w', 'key': 119, 'mod': 4096, 'scancode': 26, 'window': None})>
2025-05-19 17:07:55 - gestor_eventos - [DEBUG] - GestorEventos: KEYDOWN w (119)
2025-05-19 17:07:55 - gestor_eventos - [DEBUG] - Evento: <Event(771-TextInput {'text': 'w', 'window': None})>
2025-05-19 17:07:55 - gestor_eventos - [DEBUG] - Procesando 1 eventos...
2025-05-19 17:07:55 - gestor_eventos - [DEBUG] - Evento: <Event(769-KeyUp {'unicode': ' ', 'key': 32, 'mod': 4096, 'scancode': 44, 'window': None})>
2025-05-19 17:07:55 - gestor_eventos - [DEBUG] - Procesando 0 eventos...
2025-05-19 17:07:55 - gestor_eventos - [DEBUG] - Evento: <Event(1024-MouseMotion {'pos': (531, 368), 'rel': (0, -1), 'buttons': (0, 0, 0), 'touch': False, 'window': None})>
2025-05-19 17:07:55 - gestor_eventos - [DEBUG] - Procesando 0 eventos...
2025-05-19 17:07:55 - gestor_eventos - [DEBUG] - Procesando 1 eventos...
2025-05-19 17:07:55 - gestor_eventos - [DEBUG] - Evento: <Event(769-KeyUp {'unicode': 'a', 'key': 97, 'mod': 4096, 'scancode': 4, 'window': None})>
2025-05-19 17:07:55 - gestor_eventos - [DEBUG] - Procesando 2 eventos...
2025-05-19 17:07:55 - gestor_eventos - [DEBUG] - Evento: <Event(768-KeyDown {'unicode': ' ', 'key': 32, 'mod': 4096, 'scancode': 44, 'window': None})>
2025-05-19 17:07:55 - gestor_eventos - [DEBUG] - GestorEventos: KEYDOWN space (32)
2025-05-19 17:07:55 - gestor_eventos - [DEBUG] - GestorEventos: K_SPACE (Atacar jugador) procesado.
2025-05-19 17:07:55 - gestor_eventos - [DEBUG] - Evento: <Event(771-TextInput {'text': ' ', 'window': None})>
2025-05-19 17:07:55 - gestor_eventos - [DEBUG] - Procesando 3 eventos...
2025-05-19 17:07:55 - gestor_eventos - [DEBUG] - Evento: <Event(1024-MouseMotion {'pos': (532, 368), 'rel': (1, 0), 'buttons': (0, 0, 0), 'touch': False, 'window': None})>
2025-05-19 17:07:55 - gestor_eventos - [DEBUG] - Evento: <Event(768-KeyDown {'unicode': 'd', 'key': 100, 'mod': 4096, 'scancode': 7, 'window': None})>
2025-05-19 17:07:55 - gestor_eventos - [DEBUG] - GestorEventos: KEYDOWN d (100)
2025-05-19 17:07:55 - gestor_eventos - [DEBUG] - Evento: <Event(771-TextInput {'text': 'd', 'window': None})>
2025-05-19 17:07:55 - gestor_eventos - [DEBUG] - Procesando 0 eventos...
2025-05-19 17:07:55 - gestor_eventos - [DEBUG] - Procesando 1 eventos...
2025-05-19 17:07:55 - gestor_eventos - [DEBUG] - Evento: <Event(1024-MouseMotion {'pos': (533, 368), 'rel': (1, 0), 'buttons': (0, 0, 0), 'touch': False, 'window': None})>
2025-05-19 17:07:55 - gestor_eventos - [DEBUG] - Procesando 2 eventos...
2025-05-19 17:07:55 - gestor_eventos - [DEBUG] - Evento: <Event(1024-MouseMotion {'pos': (533, 367), 'rel': (0, -1), 'buttons': (0, 0, 0), 'touch': False, 'window': None})>
2025-05-19 17:07:55 - gestor_eventos - [DEBUG] - Evento: <Event(769-KeyUp {'unicode': 'w', 'key': 119, 'mod': 4096, 'scancode': 26, 'window': None})>
2025-05-19 17:07:55 - gestor_eventos - [DEBUG] - Procesando 0 eventos...
2025-05-19 17:07:55 - gestor_eventos - [DEBUG] - Procesando 1 eventos...
2025-05-19 17:07:55 - gestor_eventos - [DEBUG] - Evento: <Event(769-KeyUp {'unicode': ' ', 'key': 32, 'mod': 4096, 'scancode': 44, 'window': None})>
2025-05-19 17:07:55 - gestor_eventos - [DEBUG] - Procesando 3 eventos...
2025-05-19 17:07:55 - gestor_eventos - [DEBUG] - Evento: <Event(768-KeyDown {'unicode': 's', 'key': 115, 'mod': 4096, 'scancode': 22, 'window': None})>
2025-05-19 17:07:55 - gestor_eventos - [DEBUG] - GestorEventos: KEYDOWN s (115)
2025-05-19 17:07:55 - gestor_eventos - [DEBUG] - Evento: <Event(771-TextInput {'text': 's', 'window': None})>
2025-05-19 17:07:55 - gestor_eventos - [DEBUG] - Evento: <Event(1024-MouseMotion {'pos': (534, 367), 'rel': (1, 0), 'buttons': (0, 0, 0), 'touch': False, 'window': None})>
2025-05-19 17:07:55 - gestor_eventos - [DEBUG] - Evento: <Event(1024-MouseMotion {'pos': (535, 367), 'rel': (1, 0), 'buttons': (0, 0, 0), 'touch': False, 'window': None})>
2025-05-19 17:07:55 - gestor_eventos - [DEBUG] - Evento: <Event(1024-MouseMotion {'pos': (535, 366), 'rel': (0, -1), 'buttons': (0, 0, 0), 'touch': False, 'window': None})>
2025-05-19 17:07:55 - gestor_eventos - [DEBUG] - Procesando 1 eventos...
2025-05-19 17:07:55 - gestor_eventos - [DEBUG] - Evento: <Event(1024-MouseMotion {'pos': (536, 366), 'rel': (1, 0), 'buttons': (0, 0, 0), 'touch': False, 'window': None})>
2025-05-19 17:07:55 - gestor_eventos - [DEBUG] - Procesando 3 eventos...
2025-05-19 17:07:55 - gestor_eventos - [DEBUG] - Evento: <Event(768-KeyDown {'unicode': 'a', 'key': 97, 'mod': 4096, 'scancode': 4, 'window': None})>
2025-05-19 17:07:55 - gestor_eventos - [DEBUG] - GestorEventos: KEYDOWN a (97)
2025-05-19 17:07:55 - gestor_eventos - [DEBUG] - Evento: <Event(771-TextInput {'text': 'a', 'window': None})>
2025-05-19 17:07:55 - gestor_eventos - [DEBUG] - Evento: <Event(1024-MouseMotion {'pos': (537, 366), 'rel': (1, 0), 'buttons': (0, 0, 0), 'touch': False, 'window': None})>
2025-05-19 17:07:55 - gestor_eventos - [DEBUG] - Evento: <Event(1024-MouseMotion {'pos': (537, 365), 'rel': (0, -1), 'buttons': (0, 0, 0), 'touch': False, 'window': None})>
2025-05-19 17:07:55 - gestor_eventos - [DEBUG] - Procesando 0 eventos...
2025-05-19 17:07:55 - gestor_eventos - [DEBUG] - Procesando 3 eventos...
2025-05-19 17:07:55 - gestor_eventos - [DEBUG] - Evento: <Event(768-KeyDown {'unicode': ' ', 'key': 32, 'mod': 4096, 'scancode': 44, 'window': None})>
2025-05-19 17:07:55 - gestor_eventos - [DEBUG] - GestorEventos: KEYDOWN space (32)
2025-05-19 17:07:55 - gestor_eventos - [DEBUG] - GestorEventos: K_SPACE (Atacar jugador) procesado.
2025-05-19 17:07:55 - gestor_eventos - [DEBUG] - Evento: <Event(771-TextInput {'text': ' ', 'window': None})>
2025-05-19 17:07:55 - gestor_eventos - [DEBUG] - Evento: <Event(769-KeyUp {'unicode': 'd', 'key': 100, 'mod': 4096, 'scancode': 7, 'window': None})>
2025-05-19 17:07:55 - gestor_eventos - [DEBUG] - Procesando 1 eventos...
2025-05-19 17:07:55 - gestor_eventos - [DEBUG] - Evento: <Event(769-KeyUp {'unicode': 's', 'key': 115, 'mod': 4096, 'scancode': 22, 'window': None})>
2025-05-19 17:07:55 - gestor_eventos - [DEBUG] - Procesando 0 eventos...
2025-05-19 17:07:55 - gestor_eventos - [DEBUG] - Procesando 1 eventos...
2025-05-19 17:07:55 - gestor_eventos - [DEBUG] - Evento: <Event(1024-MouseMotion {'pos': (538, 365), 'rel': (1, 0), 'buttons': (0, 0, 0), 'touch': False, 'window': None})>
2025-05-19 17:07:55 - gestor_eventos - [DEBUG] - Evento: <Event(769-KeyUp {'unicode': ' ', 'key': 32, 'mod': 4096, 'scancode': 44, 'window': None})>
2025-05-19 17:07:55 - gestor_eventos - [DEBUG] - Procesando 0 eventos...
2025-05-19 17:07:55 - gestor_eventos - [DEBUG] - Procesando 0 eventos...
2025-05-19 17:07:55 - gestor_eventos - [DEBUG] - Procesando 2 eventos...
2025-05-19 17:07:55 - gestor_eventos - [DEBUG] - Evento: <Event(768-KeyDown {'unicode': ' ', 'key': 32, 'mod': 4096, 'scancode': 44, 'window': None})>
2025-05-19 17:07:55 - gestor_eventos - [DEBUG] - GestorEventos: KEYDOWN space (32)
2025-05-19 17:07:55 - gestor_eventos - [DEBUG] - GestorEventos: K_SPACE (Atacar jugador) procesado.
2025-05-19 17:07:55 - gestor_eventos - [DEBUG] - Evento: <Event(771-TextInput {'text': ' ', 'window': None})>
2025-05-19 17:07:55 - gestor_eventos - [DEBUG] - Procesando 0 eventos...
2025-05-19 17:07:55 - gestor_eventos - [DEBUG] - Procesando 1 eventos...
2025-05-19 17:07:55 - gestor_eventos - [DEBUG] - Evento: <Event(769-KeyUp {'unicode': ' ', 'key': 32, 'mod': 4096, 'scancode': 44, 'window': None})>
2025-05-19 17:07:55 - gestor_eventos - [DEBUG] - Procesando 2 eventos...
2025-05-19 17:07:55 - gestor_eventos - [DEBUG] - Evento: <Event(768-KeyDown {'unicode': 'w', 'key': 119, 'mod': 4096, 'scancode': 26, 'window': None})>
2025-05-19 17:07:55 - gestor_eventos - [DEBUG] - GestorEventos: KEYDOWN w (119)
2025-05-19 17:07:55 - gestor_eventos - [DEBUG] - Evento: <Event(771-TextInput {'text': 'w', 'window': None})>
2025-05-19 17:07:55 - gestor_eventos - [DEBUG] - Procesando 0 eventos...
2025-05-19 17:07:55 - gestor_eventos - [DEBUG] - Procesando 0 eventos...
2025-05-19 17:07:55 - gestor_eventos - [DEBUG] - Procesando 2 eventos...
2025-05-19 17:07:55 - gestor_eventos - [DEBUG] - Evento: <Event(768-KeyDown {'unicode': 'd', 'key': 100, 'mod': 4096, 'scancode': 7, 'window': None})>
2025-05-19 17:07:55 - gestor_eventos - [DEBUG] - GestorEventos: KEYDOWN d (100)
2025-05-19 17:07:55 - gestor_eventos - [DEBUG] - Evento: <Event(771-TextInput {'text': 'd', 'window': None})>
2025-05-19 17:07:55 - gestor_eventos - [DEBUG] - Procesando 3 eventos...
2025-05-19 17:07:55 - gestor_eventos - [DEBUG] - Evento: <Event(768-KeyDown {'unicode': ' ', 'key': 32, 'mod': 4096, 'scancode': 44, 'window': None})>
2025-05-19 17:07:55 - gestor_eventos - [DEBUG] - GestorEventos: KEYDOWN space (32)
2025-05-19 17:07:55 - gestor_eventos - [DEBUG] - GestorEventos: K_SPACE (Atacar jugador) procesado.
2025-05-19 17:07:55 - gestor_eventos - [DEBUG] - Evento: <Event(771-TextInput {'text': ' ', 'window': None})>
2025-05-19 17:07:55 - gestor_eventos - [DEBUG] - Evento: <Event(769-KeyUp {'unicode': 'a', 'key': 97, 'mod': 4096, 'scancode': 4, 'window': None})>
2025-05-19 17:07:55 - gestor_eventos - [DEBUG] - Procesando 1 eventos...
2025-05-19 17:07:55 - gestor_eventos - [DEBUG] - Evento: <Event(769-KeyUp {'unicode': 'w', 'key': 119, 'mod': 4096, 'scancode': 26, 'window': None})>
2025-05-19 17:07:55 - gestor_eventos - [DEBUG] - Procesando 0 eventos...
2025-05-19 17:07:55 - gestor_eventos - [DEBUG] - Procesando 3 eventos...
2025-05-19 17:07:55 - gestor_eventos - [DEBUG] - Evento: <Event(768-KeyDown {'unicode': 'a', 'key': 97, 'mod': 4096, 'scancode': 4, 'window': None})>
2025-05-19 17:07:55 - gestor_eventos - [DEBUG] - GestorEventos: KEYDOWN a (97)
2025-05-19 17:07:55 - gestor_eventos - [DEBUG] - Evento: <Event(771-TextInput {'text': 'a', 'window': None})>
2025-05-19 17:07:55 - gestor_eventos - [DEBUG] - Evento: <Event(769-KeyUp {'unicode': ' ', 'key': 32, 'mod': 4096, 'scancode': 44, 'window': None})>
2025-05-19 17:07:55 - gestor_eventos - [DEBUG] - Procesando 0 eventos...
2025-05-19 17:07:55 - gestor_eventos - [DEBUG] - Procesando 1 eventos...
2025-05-19 17:07:55 - gestor_eventos - [DEBUG] - Evento: <Event(769-KeyUp {'unicode': 'd', 'key': 100, 'mod': 4096, 'scancode': 7, 'window': None})>
2025-05-19 17:07:55 - gestor_eventos - [DEBUG] - Evento: <Event(1024-MouseMotion {'pos': (539, 365), 'rel': (1, 0), 'buttons': (0, 0, 0), 'touch': False, 'window': None})>
2025-05-19 17:07:56 - gestor_eventos - [DEBUG] - Procesando 1 eventos...
2025-05-19 17:07:56 - gestor_eventos - [DEBUG] - Evento: <Event(1024-MouseMotion {'pos': (540, 364), 'rel': (1, -1), 'buttons': (0, 0, 0), 'touch': False, 'window': None})>
2025-05-19 17:07:56 - gestor_eventos - [DEBUG] - Procesando 2 eventos...
2025-05-19 17:07:56 - gestor_eventos - [DEBUG] - Evento: <Event(768-KeyDown {'unicode': ' ', 'key': 32, 'mod': 4096, 'scancode': 44, 'window': None})>
2025-05-19 17:07:56 - gestor_eventos - [DEBUG] - GestorEventos: KEYDOWN space (32)
2025-05-19 17:07:56 - gestor_eventos - [DEBUG] - GestorEventos: K_SPACE (Atacar jugador) procesado.
2025-05-19 17:07:56 - gestor_eventos - [DEBUG] - Evento: <Event(771-TextInput {'text': ' ', 'window': None})>
2025-05-19 17:07:56 - gestor_eventos - [DEBUG] - Evento: <Event(1024-MouseMotion {'pos': (541, 364), 'rel': (1, 0), 'buttons': (0, 0, 0), 'touch': False, 'window': None})>
2025-05-19 17:07:56 - gestor_eventos - [DEBUG] - Procesando 0 eventos...
2025-05-19 17:07:56 - gestor_eventos - [DEBUG] - Procesando 2 eventos...
2025-05-19 17:07:56 - gestor_eventos - [DEBUG] - Evento: <Event(768-KeyDown {'unicode': 'w', 'key': 119, 'mod': 4096, 'scancode': 26, 'window': None})>
2025-05-19 17:07:56 - gestor_eventos - [DEBUG] - GestorEventos: KEYDOWN w (119)
2025-05-19 17:07:56 - gestor_eventos - [DEBUG] - Evento: <Event(771-TextInput {'text': 'w', 'window': None})>
2025-05-19 17:07:56 - gestor_eventos - [DEBUG] - Procesando 1 eventos...
2025-05-19 17:07:56 - gestor_eventos - [DEBUG] - Evento: <Event(1024-MouseMotion {'pos': (542, 363), 'rel': (1, -1), 'buttons': (0, 0, 0), 'touch': False, 'window': None})>
2025-05-19 17:07:56 - gestor_eventos - [DEBUG] - Evento: <Event(769-KeyUp {'unicode': ' ', 'key': 32, 'mod': 4096, 'scancode': 44, 'window': None})>
2025-05-19 17:07:56 - gestor_eventos - [DEBUG] - Procesando 0 eventos...
2025-05-19 17:07:56 - gestor_eventos - [DEBUG] - Procesando 0 eventos...
2025-05-19 17:07:56 - gestor_eventos - [DEBUG] - Procesando 2 eventos...
2025-05-19 17:07:56 - gestor_eventos - [DEBUG] - Evento: <Event(768-KeyDown {'unicode': ' ', 'key': 32, 'mod': 4096, 'scancode': 44, 'window': None})>
2025-05-19 17:07:56 - gestor_eventos - [DEBUG] - GestorEventos: KEYDOWN space (32)
2025-05-19 17:07:56 - gestor_eventos - [DEBUG] - GestorEventos: K_SPACE (Atacar jugador) procesado.
2025-05-19 17:07:56 - gestor_eventos - [DEBUG] - Evento: <Event(771-TextInput {'text': ' ', 'window': None})>
2025-05-19 17:07:56 - gestor_eventos - [DEBUG] - Procesando 1 eventos...
2025-05-19 17:07:56 - gestor_eventos - [DEBUG] - Evento: <Event(769-KeyUp {'unicode': 'w', 'key': 119, 'mod': 4096, 'scancode': 26, 'window': None})>
2025-05-19 17:07:56 - gestor_eventos - [DEBUG] - Evento: <Event(768-KeyDown {'unicode': 'w', 'key': 119, 'mod': 4096, 'scancode': 26, 'window': None})>
2025-05-19 17:07:56 - gestor_eventos - [DEBUG] - GestorEventos: KEYDOWN w (119)
2025-05-19 17:07:56 - gestor_eventos - [DEBUG] - Evento: <Event(771-TextInput {'text': 'w', 'window': None})>
2025-05-19 17:07:56 - gestor_eventos - [DEBUG] - Procesando 0 eventos...
2025-05-19 17:07:56 - gestor_eventos - [DEBUG] - Procesando 1 eventos...
2025-05-19 17:07:56 - gestor_eventos - [DEBUG] - Evento: <Event(769-KeyUp {'unicode': ' ', 'key': 32, 'mod': 4096, 'scancode': 44, 'window': None})>
2025-05-19 17:07:56 - gestor_eventos - [DEBUG] - Procesando 0 eventos...
2025-05-19 17:07:56 - gestor_eventos - [DEBUG] - Procesando 1 eventos...
2025-05-19 17:07:56 - gestor_eventos - [DEBUG] - Evento: <Event(769-KeyUp {'unicode': 'w', 'key': 119, 'mod': 4096, 'scancode': 26, 'window': None})>
2025-05-19 17:07:56 - gestor_eventos - [DEBUG] - Evento: <Event(1024-MouseMotion {'pos': (542, 362), 'rel': (0, -1), 'buttons': (0, 0, 0), 'touch': False, 'window': None})>
2025-05-19 17:07:56 - gestor_eventos - [DEBUG] - Procesando 2 eventos...
2025-05-19 17:07:56 - gestor_eventos - [DEBUG] - Evento: <Event(768-KeyDown {'unicode': ' ', 'key': 32, 'mod': 4096, 'scancode': 44, 'window': None})>
2025-05-19 17:07:56 - gestor_eventos - [DEBUG] - GestorEventos: KEYDOWN space (32)
2025-05-19 17:07:56 - gestor_eventos - [DEBUG] - GestorEventos: K_SPACE (Atacar jugador) procesado.
2025-05-19 17:07:56 - gestor_eventos - [DEBUG] - Evento: <Event(771-TextInput {'text': ' ', 'window': None})>
2025-05-19 17:07:56 - gestor_eventos - [DEBUG] - Evento: <Event(1024-MouseMotion {'pos': (543, 362), 'rel': (1, 0), 'buttons': (0, 0, 0), 'touch': False, 'window': None})>
2025-05-19 17:07:56 - gestor_eventos - [DEBUG] - Procesando 0 eventos...
2025-05-19 17:07:56 - gestor_eventos - [DEBUG] - Procesando 2 eventos...
2025-05-19 17:07:56 - gestor_eventos - [DEBUG] - Evento: <Event(768-KeyDown {'unicode': 's', 'key': 115, 'mod': 4096, 'scancode': 22, 'window': None})>
2025-05-19 17:07:56 - gestor_eventos - [DEBUG] - GestorEventos: KEYDOWN s (115)
2025-05-19 17:07:56 - gestor_eventos - [DEBUG] - Evento: <Event(771-TextInput {'text': 's', 'window': None})>
2025-05-19 17:07:56 - gestor_eventos - [DEBUG] - Evento: <Event(769-KeyUp {'unicode': ' ', 'key': 32, 'mod': 4096, 'scancode': 44, 'window': None})>
2025-05-19 17:07:56 - gestor_eventos - [DEBUG] - Evento: <Event(1024-MouseMotion {'pos': (544, 362), 'rel': (1, 0), 'buttons': (0, 0, 0), 'touch': False, 'window': None})>
2025-05-19 17:07:56 - gestor_eventos - [DEBUG] - Procesando 1 eventos...
2025-05-19 17:07:56 - gestor_eventos - [DEBUG] - Evento: <Event(1024-MouseMotion {'pos': (544, 361), 'rel': (0, -1), 'buttons': (0, 0, 0), 'touch': False, 'window': None})>
2025-05-19 17:07:56 - gestor_eventos - [DEBUG] - Procesando 0 eventos...
2025-05-19 17:07:56 - gestor_eventos - [DEBUG] - Evento: <Event(769-KeyUp {'unicode': 'a', 'key': 97, 'mod': 4096, 'scancode': 4, 'window': None})>
2025-05-19 17:07:56 - gestor_eventos - [DEBUG] - Procesando 2 eventos...
2025-05-19 17:07:56 - gestor_eventos - [DEBUG] - Evento: <Event(768-KeyDown {'unicode': 'd', 'key': 100, 'mod': 4096, 'scancode': 7, 'window': None})>
2025-05-19 17:07:56 - gestor_eventos - [DEBUG] - GestorEventos: KEYDOWN d (100)
2025-05-19 17:07:56 - gestor_eventos - [DEBUG] - Evento: <Event(771-TextInput {'text': 'd', 'window': None})>
2025-05-19 17:07:56 - gestor_eventos - [DEBUG] - Evento: <Event(768-KeyDown {'unicode': ' ', 'key': 32, 'mod': 4096, 'scancode': 44, 'window': None})>
2025-05-19 17:07:56 - gestor_eventos - [DEBUG] - GestorEventos: KEYDOWN space (32)
2025-05-19 17:07:56 - gestor_eventos - [DEBUG] - GestorEventos: K_SPACE (Atacar jugador) procesado.
2025-05-19 17:07:56 - gestor_eventos - [DEBUG] - Evento: <Event(771-TextInput {'text': ' ', 'window': None})>
2025-05-19 17:07:56 - gestor_eventos - [DEBUG] - Procesando 0 eventos...
2025-05-19 17:07:56 - gestor_eventos - [DEBUG] - Procesando 2 eventos...
2025-05-19 17:07:56 - gestor_eventos - [DEBUG] - Evento: <Event(768-KeyDown {'unicode': 'a', 'key': 97, 'mod': 4096, 'scancode': 4, 'window': None})>
2025-05-19 17:07:56 - gestor_eventos - [DEBUG] - GestorEventos: KEYDOWN a (97)
2025-05-19 17:07:56 - gestor_eventos - [DEBUG] - Evento: <Event(771-TextInput {'text': 'a', 'window': None})>
2025-05-19 17:07:56 - gestor_eventos - [DEBUG] - Procesando 0 eventos...
2025-05-19 17:07:56 - gestor_eventos - [DEBUG] - Procesando 1 eventos...
2025-05-19 17:07:56 - gestor_eventos - [DEBUG] - Evento: <Event(769-KeyUp {'unicode': ' ', 'key': 32, 'mod': 4096, 'scancode': 44, 'window': None})>
2025-05-19 17:07:56 - gestor_eventos - [DEBUG] - Procesando 0 eventos...
2025-05-19 17:07:56 - gestor_eventos - [DEBUG] - Procesando 3 eventos...
2025-05-19 17:07:56 - gestor_eventos - [DEBUG] - Evento: <Event(769-KeyUp {'unicode': 's', 'key': 115, 'mod': 4096, 'scancode': 22, 'window': None})>
2025-05-19 17:07:56 - gestor_eventos - [DEBUG] - Evento: <Event(768-KeyDown {'unicode': ' ', 'key': 32, 'mod': 4096, 'scancode': 44, 'window': None})>
2025-05-19 17:07:56 - gestor_eventos - [DEBUG] - GestorEventos: KEYDOWN space (32)
2025-05-19 17:07:56 - gestor_eventos - [DEBUG] - GestorEventos: K_SPACE (Atacar jugador) procesado.
2025-05-19 17:07:56 - gestor_eventos - [DEBUG] - Evento: <Event(771-TextInput {'text': ' ', 'window': None})>
2025-05-19 17:07:56 - gestor_eventos - [DEBUG] - Procesando 1 eventos...
2025-05-19 17:07:56 - gestor_eventos - [DEBUG] - Evento: <Event(769-KeyUp {'unicode': 'a', 'key': 97, 'mod': 4096, 'scancode': 4, 'window': None})>
2025-05-19 17:07:56 - gestor_eventos - [DEBUG] - Procesando 0 eventos...
2025-05-19 17:07:56 - gestor_eventos - [DEBUG] - Procesando 2 eventos...
2025-05-19 17:07:56 - gestor_eventos - [DEBUG] - Evento: <Event(768-KeyDown {'unicode': 'a', 'key': 97, 'mod': 4096, 'scancode': 4, 'window': None})>
2025-05-19 17:07:56 - gestor_eventos - [DEBUG] - GestorEventos: KEYDOWN a (97)
2025-05-19 17:07:56 - gestor_eventos - [DEBUG] - Evento: <Event(771-TextInput {'text': 'a', 'window': None})>
2025-05-19 17:07:56 - gestor_eventos - [DEBUG] - Procesando 1 eventos...
2025-05-19 17:07:56 - gestor_eventos - [DEBUG] - Evento: <Event(769-KeyUp {'unicode': ' ', 'key': 32, 'mod': 4096, 'scancode': 44, 'window': None})>
2025-05-19 17:07:56 - gestor_eventos - [DEBUG] - Procesando 0 eventos...
2025-05-19 17:07:56 - gestor_eventos - [DEBUG] - Evento: <Event(769-KeyUp {'unicode': 'd', 'key': 100, 'mod': 4096, 'scancode': 7, 'window': None})>
2025-05-19 17:07:56 - gestor_eventos - [DEBUG] - Procesando 1 eventos...
2025-05-19 17:07:56 - gestor_eventos - [DEBUG] - Evento: <Event(769-KeyUp {'unicode': 'a', 'key': 97, 'mod': 4096, 'scancode': 4, 'window': None})>
2025-05-19 17:07:57 - gestor_eventos - [DEBUG] - Procesando 0 eventos...
2025-05-19 17:07:57 - gestor_eventos - [DEBUG] - Procesando 1 eventos...
2025-05-19 17:07:57 - gestor_eventos - [DEBUG] - Evento: <Event(1024-MouseMotion {'pos': (545, 361), 'rel': (1, 0), 'buttons': (0, 0, 0), 'touch': False, 'window': None})>
2025-05-19 17:07:57 - gestor_eventos - [DEBUG] - Evento: <Event(1024-MouseMotion {'pos': (546, 360), 'rel': (1, -1), 'buttons': (0, 0, 0), 'touch': False, 'window': None})>
2025-05-19 17:07:57 - gestor_eventos - [DEBUG] - Procesando 2 eventos...
2025-05-19 17:07:57 - gestor_eventos - [DEBUG] - Evento: <Event(1024-MouseMotion {'pos': (548, 360), 'rel': (2, 0), 'buttons': (0, 0, 0), 'touch': False, 'window': None})>
2025-05-19 17:07:57 - gestor_eventos - [DEBUG] - Evento: <Event(768-KeyDown {'unicode': '\x1b', 'key': 27, 'mod': 4096, 'scancode': 41, 'window': None})>
2025-05-19 17:07:57 - gestor_eventos - [DEBUG] - GestorEventos: KEYDOWN escape (27)
2025-05-19 17:07:57 - gestor_eventos - [INFO] - GestorEventos: Solicitud de SALIR recibida (ESCAPE).
