2025-05-19 21:26:05 - enemigo - [DEBUG] - [Enemigo_2] _mover_y_colisionar: HB Antes CH: (403,465), HB Despues CH y Sinc: (403,463), Rect: (400, 460), PosFlotante: (403.00,463.00)
2025-05-19 21:26:05 - enemigo - [DEBUG] - [Enemigo_2] Posición DESPUÉS de mov/col: HB (403, 463), Rect (400, 460), Flot (403.00, 463.00)
2025-05-19 21:26:05 - enemigo - [DEBUG] - [Enemigo_2] --- Inicio Update IA --- Delta: 0.0170s. Pos ANTES: HB (403, 463), Rect (400, 460), Flot (403.00, 463.00)
2025-05-19 21:26:05 - enemigo - [DEBUG] - [Enemigo_2] Target (centro (416, 317)), Dist: 156.00. Mi Centro HB: (416, 473)
2025-05-19 21:26:05 - enemigo - [DEBUG] - [Enemigo_2] Pos flotante (post-IA y delta): (403.0000, 461.8100)
2025-05-19 21:26:05 - enemigo - [DEBUG] - [Enemigo_2] Solicita movimiento a CH (deltas enteros): dx_int=0, dy_int=-2. HB Actual: (403, 463) (Flotantes totales: dx=0.0000, dy=-1.1900)
2025-05-19 21:26:05 - enemigo - [DEBUG] - [Enemigo_2] Inicia _mover_y_colisionar_con_obstaculos. dx_int=0, dy_int=-2. HB Actual: (403, 463)
2025-05-19 21:26:05 - enemigo - [DEBUG] - [Enemigo_2] Hitbox recentrado (enemigo): (416, 471) (Rect center: (416, 471))
2025-05-19 21:26:05 - enemigo - [DEBUG] - [Enemigo_2] _mover_y_colisionar: HB Antes CH: (403,463), HB Despues CH y Sinc: (403,461), Rect: (400, 458), PosFlotante: (403.00,461.00)
2025-05-19 21:26:05 - enemigo - [DEBUG] - [Enemigo_2] Posición DESPUÉS de mov/col: HB (403, 461), Rect (400, 458), Flot (403.00, 461.00)
2025-05-19 21:26:05 - enemigo - [DEBUG] - [Enemigo_2] --- Inicio Update IA --- Delta: 0.0160s. Pos ANTES: HB (403, 461), Rect (400, 458), Flot (403.00, 461.00)
2025-05-19 21:26:05 - enemigo - [DEBUG] - [Enemigo_2] Target (centro (416, 317)), Dist: 154.00. Mi Centro HB: (416, 471)
2025-05-19 21:26:05 - enemigo - [DEBUG] - [Enemigo_2] Pos flotante (post-IA y delta): (403.0000, 459.8800)
2025-05-19 21:26:05 - enemigo - [DEBUG] - [Enemigo_2] Solicita movimiento a CH (deltas enteros): dx_int=0, dy_int=-2. HB Actual: (403, 461) (Flotantes totales: dx=0.0000, dy=-1.1200)
2025-05-19 21:26:05 - enemigo - [DEBUG] - [Enemigo_2] Inicia _mover_y_colisionar_con_obstaculos. dx_int=0, dy_int=-2. HB Actual: (403, 461)
2025-05-19 21:26:05 - enemigo - [DEBUG] - [Enemigo_2] Hitbox recentrado (enemigo): (416, 469) (Rect center: (416, 469))
2025-05-19 21:26:05 - enemigo - [DEBUG] - [Enemigo_2] _mover_y_colisionar: HB Antes CH: (403,461), HB Despues CH y Sinc: (403,459), Rect: (400, 456), PosFlotante: (403.00,459.00)
2025-05-19 21:26:05 - enemigo - [DEBUG] - [Enemigo_2] Posición DESPUÉS de mov/col: HB (403, 459), Rect (400, 456), Flot (403.00, 459.00)
2025-05-19 21:26:05 - enemigo - [DEBUG] - [Enemigo_1] --- Inicio Update IA --- Delta: 0.0170s. Pos ANTES: HB (603, 203), Rect (600, 200), Flot (603.00, 203.00)
2025-05-19 21:26:05 - enemigo - [DEBUG] - [Enemigo_2] --- Inicio Update IA --- Delta: 0.0170s. Pos ANTES: HB (403, 459), Rect (400, 456), Flot (403.00, 459.00)
2025-05-19 21:26:05 - enemigo - [DEBUG] - [Enemigo_2] Target (centro (416, 317)), Dist: 152.00. Mi Centro HB: (416, 469)
2025-05-19 21:26:05 - enemigo - [DEBUG] - [Enemigo_2] Pos flotante (post-IA y delta): (403.0000, 457.8100)
2025-05-19 21:26:05 - enemigo - [DEBUG] - [Enemigo_2] Solicita movimiento a CH (deltas enteros): dx_int=0, dy_int=-2. HB Actual: (403, 459) (Flotantes totales: dx=0.0000, dy=-1.1900)
2025-05-19 21:26:05 - enemigo - [DEBUG] - [Enemigo_2] Inicia _mover_y_colisionar_con_obstaculos. dx_int=0, dy_int=-2. HB Actual: (403, 459)
2025-05-19 21:26:05 - enemigo - [DEBUG] - [Enemigo_2] Hitbox recentrado (enemigo): (416, 467) (Rect center: (416, 467))
2025-05-19 21:26:05 - enemigo - [DEBUG] - [Enemigo_2] _mover_y_colisionar: HB Antes CH: (403,459), HB Despues CH y Sinc: (403,457), Rect: (400, 454), PosFlotante: (403.00,457.00)
2025-05-19 21:26:05 - enemigo - [DEBUG] - [Enemigo_2] Posición DESPUÉS de mov/col: HB (403, 457), Rect (400, 454), Flot (403.00, 457.00)
2025-05-19 21:26:05 - enemigo - [DEBUG] - [Enemigo_1] --- Inicio Update IA --- Delta: 0.0160s. Pos ANTES: HB (603, 203), Rect (600, 200), Flot (603.00, 203.00)
2025-05-19 21:26:05 - enemigo - [DEBUG] - [Enemigo_1] Target (centro (416, 317)), Dist: 225.42. Mi Centro HB: (616, 213)
2025-05-19 21:26:05 - enemigo - [DEBUG] - [Enemigo_1] FUERA DE RANGO AGRO/DEMASIADO CERCA. No se calcula mov.
2025-05-19 21:26:05 - enemigo - [DEBUG] - [Enemigo_1] Pos flotante (post-IA y delta): (603.0000, 203.0000)
2025-05-19 21:26:05 - enemigo - [DEBUG] - [Enemigo_1] Sin mov. entero para CH. HB: (603, 203), PosFlotante re-sincronizada a (603.00,203.00)
2025-05-19 21:26:05 - enemigo - [DEBUG] - [Enemigo_2] --- Inicio Update IA --- Delta: 0.0160s. Pos ANTES: HB (403, 457), Rect (400, 454), Flot (403.00, 457.00)
2025-05-19 21:26:05 - enemigo - [DEBUG] - [Enemigo_2] Target (centro (416, 317)), Dist: 150.00. Mi Centro HB: (416, 467)
2025-05-19 21:26:05 - enemigo - [DEBUG] - [Enemigo_2] EN RANGO AGRO. Input IA (vel): (0.00, -70.00)
2025-05-19 21:26:05 - enemigo - [DEBUG] - [Enemigo_2] Pos flotante (post-IA y delta): (403.0000, 455.8800)
2025-05-19 21:26:05 - enemigo - [DEBUG] - [Enemigo_2] Solicita movimiento a CH (deltas enteros): dx_int=0, dy_int=-2. HB Actual: (403, 457) (Flotantes totales: dx=0.0000, dy=-1.1200)
2025-05-19 21:26:05 - enemigo - [DEBUG] - [Enemigo_2] Inicia _mover_y_colisionar_con_obstaculos. dx_int=0, dy_int=-2. HB Actual: (403, 457)
2025-05-19 21:26:05 - enemigo - [DEBUG] - [Enemigo_2] Hitbox recentrado (enemigo): (416, 465) (Rect center: (416, 465))
2025-05-19 21:26:05 - enemigo - [DEBUG] - [Enemigo_2] _mover_y_colisionar: HB Antes CH: (403,457), HB Despues CH y Sinc: (403,455), Rect: (400, 452), PosFlotante: (403.00,455.00)
2025-05-19 21:26:05 - enemigo - [DEBUG] - [Enemigo_2] Posición DESPUÉS de mov/col: HB (403, 455), Rect (400, 452), Flot (403.00, 455.00)
