2025-05-19 22:40:52 - camara - [INFO] - Camara2D inicializada: Mundo(2400x1800), PantallaFisica(800x600)
2025-05-19 22:40:52 - camara - [DEBUG] -   Camara2D init: camera_rect inicial: <rect(0, 0, 800, 600)>
2025-05-19 22:40:52 - camara - [DEBUG] - Cam2D Update: Objetivo centro: (416, 316), Zoom: 2.30
2025-05-19 22:40:52 - camara - [DEBUG] -   Cam2D Update: VistaMundo calculada: 347.83x260.87
2025-05-19 22:40:52 - camara - [DEBUG] -   Cam2D Update: Offset final (242.09, 185.57). Camera_rect final: <rect(242, 185, 348, 261)>
2025-05-19 22:40:52 - camara - [DEBUG] - Cam2D Update: Objetivo centro: (416, 316), Zoom: 2.30
2025-05-19 22:40:52 - camara - [DEBUG] -   Cam2D Update: VistaMundo calculada: 347.83x260.87
2025-05-19 22:40:52 - camara - [DEBUG] -   Cam2D Update: Offset final (242.09, 185.57). Camera_rect final: <rect(242, 185, 348, 261)>
2025-05-19 22:40:52 - camara - [DEBUG] - Cam2D Update: Objetivo centro: (416, 316), Zoom: 2.30
2025-05-19 22:40:52 - camara - [DEBUG] -   Cam2D Update: VistaMundo calculada: 347.83x260.87
2025-05-19 22:40:52 - camara - [DEBUG] -   Cam2D Update: Offset final (242.09, 185.57). Camera_rect final: <rect(242, 185, 348, 261)>
2025-05-19 22:40:52 - camara - [DEBUG] - Cam2D Update: Objetivo centro: (416, 316), Zoom: 2.30
2025-05-19 22:40:52 - camara - [DEBUG] -   Cam2D Update: VistaMundo calculada: 347.83x260.87
2025-05-19 22:40:52 - camara - [DEBUG] -   Cam2D Update: Offset final (242.09, 185.57). Camera_rect final: <rect(242, 185, 348, 261)>
2025-05-19 22:40:52 - camara - [DEBUG] - Cam2D Update: Objetivo centro: (416, 316), Zoom: 2.30
2025-05-19 22:40:52 - camara - [DEBUG] -   Cam2D Update: VistaMundo calculada: 347.83x260.87
2025-05-19 22:40:52 - camara - [DEBUG] -   Cam2D Update: Offset final (242.09, 185.57). Camera_rect final: <rect(242, 185, 348, 261)>
2025-05-19 22:40:52 - camara - [DEBUG] - Cam2D Update: Objetivo centro: (416, 316), Zoom: 2.30
2025-05-19 22:40:52 - camara - [DEBUG] -   Cam2D Update: VistaMundo calculada: 347.83x260.87
2025-05-19 22:40:52 - camara - [DEBUG] -   Cam2D Update: Offset final (242.09, 185.57). Camera_rect final: <rect(242, 185, 348, 261)>
2025-05-19 22:40:52 - camara - [DEBUG] - Cam2D Update: Objetivo centro: (416, 316), Zoom: 2.30
2025-05-19 22:40:52 - camara - [DEBUG] -   Cam2D Update: VistaMundo calculada: 347.83x260.87
2025-05-19 22:40:52 - camara - [DEBUG] -   Cam2D Update: Offset final (242.09, 185.57). Camera_rect final: <rect(242, 185, 348, 261)>
2025-05-19 22:40:52 - camara - [DEBUG] - Cam2D Update: Objetivo centro: (416, 316), Zoom: 2.30
2025-05-19 22:40:52 - camara - [DEBUG] -   Cam2D Update: VistaMundo calculada: 347.83x260.87
2025-05-19 22:40:52 - camara - [DEBUG] -   Cam2D Update: Offset final (242.09, 185.57). Camera_rect final: <rect(242, 185, 348, 261)>
2025-05-19 22:40:52 - camara - [DEBUG] - Cam2D Update: Objetivo centro: (416, 316), Zoom: 2.30
2025-05-19 22:40:52 - camara - [DEBUG] -   Cam2D Update: VistaMundo calculada: 347.83x260.87
2025-05-19 22:40:52 - camara - [DEBUG] -   Cam2D Update: Offset final (242.09, 185.57). Camera_rect final: <rect(242, 185, 348, 261)>
2025-05-19 22:40:52 - camara - [DEBUG] - Cam2D Update: Objetivo centro: (416, 316), Zoom: 2.30
2025-05-19 22:40:52 - camara - [DEBUG] -   Cam2D Update: VistaMundo calculada: 347.83x260.87
2025-05-19 22:40:52 - camara - [DEBUG] -   Cam2D Update: Offset final (242.09, 185.57). Camera_rect final: <rect(242, 185, 348, 261)>
2025-05-19 22:40:52 - camara - [DEBUG] - Cam2D Update: Objetivo centro: (416, 316), Zoom: 2.30
2025-05-19 22:40:52 - camara - [DEBUG] -   Cam2D Update: VistaMundo calculada: 347.83x260.87
2025-05-19 22:40:52 - camara - [DEBUG] -   Cam2D Update: Offset final (242.09, 185.57). Camera_rect final: <rect(242, 185, 348, 261)>
2025-05-19 22:40:52 - camara - [DEBUG] - Cam2D Update: Objetivo centro: (416, 316), Zoom: 2.30
2025-05-19 22:40:52 - camara - [DEBUG] -   Cam2D Update: VistaMundo calculada: 347.83x260.87
2025-05-19 22:40:52 - camara - [DEBUG] -   Cam2D Update: Offset final (242.09, 185.57). Camera_rect final: <rect(242, 185, 348, 261)>
2025-05-19 22:40:53 - camara - [DEBUG] - Cam2D Update: Objetivo centro: (416, 316), Zoom: 2.30
2025-05-19 22:40:53 - camara - [DEBUG] -   Cam2D Update: VistaMundo calculada: 347.83x260.87
2025-05-19 22:40:53 - camara - [DEBUG] -   Cam2D Update: Offset final (242.09, 185.57). Camera_rect final: <rect(242, 185, 348, 261)>
2025-05-19 22:40:53 - camara - [DEBUG] - Cam2D Update: Objetivo centro: (416, 316), Zoom: 2.30
2025-05-19 22:40:53 - camara - [DEBUG] -   Cam2D Update: VistaMundo calculada: 347.83x260.87
2025-05-19 22:40:53 - camara - [DEBUG] -   Cam2D Update: Offset final (242.09, 185.57). Camera_rect final: <rect(242, 185, 348, 261)>
2025-05-19 22:40:53 - camara - [DEBUG] - Cam2D Update: Objetivo centro: (416, 316), Zoom: 2.30
2025-05-19 22:40:53 - camara - [DEBUG] -   Cam2D Update: VistaMundo calculada: 347.83x260.87
2025-05-19 22:40:53 - camara - [DEBUG] -   Cam2D Update: Offset final (242.09, 185.57). Camera_rect final: <rect(242, 185, 348, 261)>
2025-05-19 22:40:53 - camara - [DEBUG] - Cam2D Update: Objetivo centro: (416, 316), Zoom: 2.30
2025-05-19 22:40:53 - camara - [DEBUG] -   Cam2D Update: VistaMundo calculada: 347.83x260.87
2025-05-19 22:40:53 - camara - [DEBUG] -   Cam2D Update: Offset final (242.09, 185.57). Camera_rect final: <rect(242, 185, 348, 261)>
2025-05-19 22:40:53 - camara - [DEBUG] - Cam2D Update: Objetivo centro: (416, 316), Zoom: 2.30
2025-05-19 22:40:53 - camara - [DEBUG] -   Cam2D Update: VistaMundo calculada: 347.83x260.87
2025-05-19 22:40:53 - camara - [DEBUG] -   Cam2D Update: Offset final (242.09, 185.57). Camera_rect final: <rect(242, 185, 348, 261)>
2025-05-19 22:40:53 - camara - [DEBUG] - Cam2D Update: Objetivo centro: (416, 316), Zoom: 2.30
2025-05-19 22:40:53 - camara - [DEBUG] -   Cam2D Update: VistaMundo calculada: 347.83x260.87
2025-05-19 22:40:53 - camara - [DEBUG] -   Cam2D Update: Offset final (242.09, 185.57). Camera_rect final: <rect(242, 185, 348, 261)>
2025-05-19 22:40:53 - camara - [DEBUG] - Cam2D Update: Objetivo centro: (416, 316), Zoom: 2.30
2025-05-19 22:40:53 - camara - [DEBUG] -   Cam2D Update: VistaMundo calculada: 347.83x260.87
2025-05-19 22:40:53 - camara - [DEBUG] -   Cam2D Update: Offset final (242.09, 185.57). Camera_rect final: <rect(242, 185, 348, 261)>
2025-05-19 22:40:53 - camara - [DEBUG] - Cam2D Update: Objetivo centro: (416, 316), Zoom: 2.30
2025-05-19 22:40:53 - camara - [DEBUG] -   Cam2D Update: VistaMundo calculada: 347.83x260.87
2025-05-19 22:40:53 - camara - [DEBUG] -   Cam2D Update: Offset final (242.09, 185.57). Camera_rect final: <rect(242, 185, 348, 261)>
2025-05-19 22:40:53 - camara - [DEBUG] - Cam2D Update: Objetivo centro: (416, 316), Zoom: 2.30
2025-05-19 22:40:53 - camara - [DEBUG] -   Cam2D Update: VistaMundo calculada: 347.83x260.87
2025-05-19 22:40:53 - camara - [DEBUG] -   Cam2D Update: Offset final (242.09, 185.57). Camera_rect final: <rect(242, 185, 348, 261)>
2025-05-19 22:40:53 - camara - [DEBUG] - Cam2D Update: Objetivo centro: (416, 316), Zoom: 2.30
2025-05-19 22:40:53 - camara - [DEBUG] -   Cam2D Update: VistaMundo calculada: 347.83x260.87
2025-05-19 22:40:53 - camara - [DEBUG] -   Cam2D Update: Offset final (242.09, 185.57). Camera_rect final: <rect(242, 185, 348, 261)>
2025-05-19 22:40:53 - camara - [DEBUG] - Cam2D Update: Objetivo centro: (416, 316), Zoom: 2.30
2025-05-19 22:40:53 - camara - [DEBUG] -   Cam2D Update: VistaMundo calculada: 347.83x260.87
2025-05-19 22:40:53 - camara - [DEBUG] -   Cam2D Update: Offset final (242.09, 185.57). Camera_rect final: <rect(242, 185, 348, 261)>
2025-05-19 22:40:53 - camara - [DEBUG] - Cam2D Update: Objetivo centro: (416, 316), Zoom: 2.30
2025-05-19 22:40:53 - camara - [DEBUG] -   Cam2D Update: VistaMundo calculada: 347.83x260.87
2025-05-19 22:40:53 - camara - [DEBUG] -   Cam2D Update: Offset final (242.09, 185.57). Camera_rect final: <rect(242, 185, 348, 261)>
2025-05-19 22:40:53 - camara - [DEBUG] - Cam2D Update: Objetivo centro: (416, 316), Zoom: 2.30
2025-05-19 22:40:53 - camara - [DEBUG] -   Cam2D Update: VistaMundo calculada: 347.83x260.87
2025-05-19 22:40:53 - camara - [DEBUG] -   Cam2D Update: Offset final (242.09, 185.57). Camera_rect final: <rect(242, 185, 348, 261)>
2025-05-19 22:40:53 - camara - [DEBUG] - Cam2D Update: Objetivo centro: (416, 316), Zoom: 2.30
2025-05-19 22:40:53 - camara - [DEBUG] -   Cam2D Update: VistaMundo calculada: 347.83x260.87
2025-05-19 22:40:53 - camara - [DEBUG] -   Cam2D Update: Offset final (242.09, 185.57). Camera_rect final: <rect(242, 185, 348, 261)>
2025-05-19 22:40:53 - camara - [DEBUG] - Cam2D Update: Objetivo centro: (416, 316), Zoom: 2.30
2025-05-19 22:40:53 - camara - [DEBUG] -   Cam2D Update: VistaMundo calculada: 347.83x260.87
2025-05-19 22:40:53 - camara - [DEBUG] -   Cam2D Update: Offset final (242.09, 185.57). Camera_rect final: <rect(242, 185, 348, 261)>
2025-05-19 22:40:53 - camara - [DEBUG] - Cam2D Update: Objetivo centro: (416, 316), Zoom: 2.30
2025-05-19 22:40:53 - camara - [DEBUG] -   Cam2D Update: VistaMundo calculada: 347.83x260.87
2025-05-19 22:40:53 - camara - [DEBUG] -   Cam2D Update: Offset final (242.09, 185.57). Camera_rect final: <rect(242, 185, 348, 261)>
2025-05-19 22:40:54 - camara - [DEBUG] - Cam2D Update: Objetivo centro: (416, 316), Zoom: 2.30
2025-05-19 22:40:54 - camara - [DEBUG] -   Cam2D Update: VistaMundo calculada: 347.83x260.87
2025-05-19 22:40:54 - camara - [DEBUG] -   Cam2D Update: Offset final (242.09, 185.57). Camera_rect final: <rect(242, 185, 348, 261)>
2025-05-19 22:40:54 - camara - [DEBUG] - Cam2D Update: Objetivo centro: (416, 316), Zoom: 2.30
2025-05-19 22:40:54 - camara - [DEBUG] -   Cam2D Update: VistaMundo calculada: 347.83x260.87
2025-05-19 22:40:54 - camara - [DEBUG] -   Cam2D Update: Offset final (242.09, 185.57). Camera_rect final: <rect(242, 185, 348, 261)>
2025-05-19 22:40:54 - camara - [DEBUG] - Cam2D Update: Objetivo centro: (416, 316), Zoom: 2.30
2025-05-19 22:40:54 - camara - [DEBUG] -   Cam2D Update: VistaMundo calculada: 347.83x260.87
2025-05-19 22:40:54 - camara - [DEBUG] -   Cam2D Update: Offset final (242.09, 185.57). Camera_rect final: <rect(242, 185, 348, 261)>
2025-05-19 22:40:54 - camara - [DEBUG] - Cam2D Update: Objetivo centro: (416, 316), Zoom: 2.30
2025-05-19 22:40:54 - camara - [DEBUG] -   Cam2D Update: VistaMundo calculada: 347.83x260.87
2025-05-19 22:40:54 - camara - [DEBUG] -   Cam2D Update: Offset final (242.09, 185.57). Camera_rect final: <rect(242, 185, 348, 261)>
2025-05-19 22:40:54 - camara - [DEBUG] - Cam2D Update: Objetivo centro: (416, 316), Zoom: 2.30
2025-05-19 22:40:54 - camara - [DEBUG] -   Cam2D Update: VistaMundo calculada: 347.83x260.87
2025-05-19 22:40:54 - camara - [DEBUG] -   Cam2D Update: Offset final (242.09, 185.57). Camera_rect final: <rect(242, 185, 348, 261)>
2025-05-19 22:40:54 - camara - [DEBUG] - Cam2D Update: Objetivo centro: (416, 316), Zoom: 2.30
2025-05-19 22:40:54 - camara - [DEBUG] -   Cam2D Update: VistaMundo calculada: 347.83x260.87
2025-05-19 22:40:54 - camara - [DEBUG] -   Cam2D Update: Offset final (242.09, 185.57). Camera_rect final: <rect(242, 185, 348, 261)>
2025-05-19 22:40:54 - camara - [DEBUG] - Cam2D Update: Objetivo centro: (416, 316), Zoom: 2.30
2025-05-19 22:40:54 - camara - [DEBUG] -   Cam2D Update: VistaMundo calculada: 347.83x260.87
2025-05-19 22:40:54 - camara - [DEBUG] -   Cam2D Update: Offset final (242.09, 185.57). Camera_rect final: <rect(242, 185, 348, 261)>
2025-05-19 22:40:54 - camara - [DEBUG] - Cam2D Update: Objetivo centro: (416, 316), Zoom: 2.30
2025-05-19 22:40:54 - camara - [DEBUG] -   Cam2D Update: VistaMundo calculada: 347.83x260.87
2025-05-19 22:40:54 - camara - [DEBUG] -   Cam2D Update: Offset final (242.09, 185.57). Camera_rect final: <rect(242, 185, 348, 261)>
2025-05-19 22:40:54 - camara - [DEBUG] - Cam2D Update: Objetivo centro: (416, 316), Zoom: 2.30
2025-05-19 22:40:54 - camara - [DEBUG] -   Cam2D Update: VistaMundo calculada: 347.83x260.87
2025-05-19 22:40:54 - camara - [DEBUG] -   Cam2D Update: Offset final (242.09, 185.57). Camera_rect final: <rect(242, 185, 348, 261)>
2025-05-19 22:40:54 - camara - [DEBUG] - Cam2D Update: Objetivo centro: (416, 316), Zoom: 2.30
2025-05-19 22:40:54 - camara - [DEBUG] -   Cam2D Update: VistaMundo calculada: 347.83x260.87
2025-05-19 22:40:54 - camara - [DEBUG] -   Cam2D Update: Offset final (242.09, 185.57). Camera_rect final: <rect(242, 185, 348, 261)>
2025-05-19 22:40:54 - camara - [DEBUG] - Cam2D Update: Objetivo centro: (416, 316), Zoom: 2.30
2025-05-19 22:40:54 - camara - [DEBUG] -   Cam2D Update: VistaMundo calculada: 347.83x260.87
2025-05-19 22:40:54 - camara - [DEBUG] -   Cam2D Update: Offset final (242.09, 185.57). Camera_rect final: <rect(242, 185, 348, 261)>
2025-05-19 22:40:54 - camara - [DEBUG] - Cam2D Update: Objetivo centro: (416, 316), Zoom: 2.30
2025-05-19 22:40:54 - camara - [DEBUG] -   Cam2D Update: VistaMundo calculada: 347.83x260.87
2025-05-19 22:40:54 - camara - [DEBUG] -   Cam2D Update: Offset final (242.09, 185.57). Camera_rect final: <rect(242, 185, 348, 261)>
2025-05-19 22:40:54 - camara - [DEBUG] - Cam2D Update: Objetivo centro: (416, 316), Zoom: 2.30
2025-05-19 22:40:54 - camara - [DEBUG] -   Cam2D Update: VistaMundo calculada: 347.83x260.87
2025-05-19 22:40:54 - camara - [DEBUG] -   Cam2D Update: Offset final (242.09, 185.57). Camera_rect final: <rect(242, 185, 348, 261)>
2025-05-19 22:40:54 - camara - [DEBUG] - Cam2D Update: Objetivo centro: (416, 316), Zoom: 2.30
2025-05-19 22:40:54 - camara - [DEBUG] -   Cam2D Update: VistaMundo calculada: 347.83x260.87
2025-05-19 22:40:54 - camara - [DEBUG] -   Cam2D Update: Offset final (242.09, 185.57). Camera_rect final: <rect(242, 185, 348, 261)>
2025-05-19 22:40:54 - camara - [DEBUG] - Cam2D Update: Objetivo centro: (416, 316), Zoom: 2.30
2025-05-19 22:40:54 - camara - [DEBUG] -   Cam2D Update: VistaMundo calculada: 347.83x260.87
2025-05-19 22:40:54 - camara - [DEBUG] -   Cam2D Update: Offset final (242.09, 185.57). Camera_rect final: <rect(242, 185, 348, 261)>
2025-05-19 22:40:54 - camara - [DEBUG] - Cam2D Update: Objetivo centro: (416, 316), Zoom: 2.30
2025-05-19 22:40:54 - camara - [DEBUG] -   Cam2D Update: VistaMundo calculada: 347.83x260.87
2025-05-19 22:40:54 - camara - [DEBUG] -   Cam2D Update: Offset final (242.09, 185.57). Camera_rect final: <rect(242, 185, 348, 261)>
2025-05-19 22:40:55 - camara - [DEBUG] - Cam2D Update: Objetivo centro: (416, 316), Zoom: 2.30
2025-05-19 22:40:55 - camara - [DEBUG] -   Cam2D Update: VistaMundo calculada: 347.83x260.87
2025-05-19 22:40:55 - camara - [DEBUG] -   Cam2D Update: Offset final (242.09, 185.57). Camera_rect final: <rect(242, 185, 348, 261)>
2025-05-19 22:40:55 - camara - [DEBUG] - Cam2D Update: Objetivo centro: (416, 316), Zoom: 2.30
2025-05-19 22:40:55 - camara - [DEBUG] -   Cam2D Update: VistaMundo calculada: 347.83x260.87
2025-05-19 22:40:55 - camara - [DEBUG] -   Cam2D Update: Offset final (242.09, 185.57). Camera_rect final: <rect(242, 185, 348, 261)>
2025-05-19 22:40:55 - camara - [DEBUG] - Cam2D Update: Objetivo centro: (416, 316), Zoom: 2.30
2025-05-19 22:40:55 - camara - [DEBUG] -   Cam2D Update: VistaMundo calculada: 347.83x260.87
2025-05-19 22:40:55 - camara - [DEBUG] -   Cam2D Update: Offset final (242.09, 185.57). Camera_rect final: <rect(242, 185, 348, 261)>
2025-05-19 22:40:55 - camara - [DEBUG] - Cam2D Update: Objetivo centro: (416, 316), Zoom: 2.30
2025-05-19 22:40:55 - camara - [DEBUG] -   Cam2D Update: VistaMundo calculada: 347.83x260.87
2025-05-19 22:40:55 - camara - [DEBUG] -   Cam2D Update: Offset final (242.09, 185.57). Camera_rect final: <rect(242, 185, 348, 261)>
2025-05-19 22:40:55 - camara - [DEBUG] - Cam2D Update: Objetivo centro: (416, 316), Zoom: 2.30
2025-05-19 22:40:55 - camara - [DEBUG] -   Cam2D Update: VistaMundo calculada: 347.83x260.87
2025-05-19 22:40:55 - camara - [DEBUG] -   Cam2D Update: Offset final (242.09, 185.57). Camera_rect final: <rect(242, 185, 348, 261)>
2025-05-19 22:40:55 - camara - [DEBUG] - Cam2D Update: Objetivo centro: (416, 316), Zoom: 2.30
2025-05-19 22:40:55 - camara - [DEBUG] -   Cam2D Update: VistaMundo calculada: 347.83x260.87
2025-05-19 22:40:55 - camara - [DEBUG] -   Cam2D Update: Offset final (242.09, 185.57). Camera_rect final: <rect(242, 185, 348, 261)>
2025-05-19 22:40:55 - camara - [DEBUG] - Cam2D Update: Objetivo centro: (416, 316), Zoom: 2.30
2025-05-19 22:40:55 - camara - [DEBUG] -   Cam2D Update: VistaMundo calculada: 347.83x260.87
2025-05-19 22:40:55 - camara - [DEBUG] -   Cam2D Update: Offset final (242.09, 185.57). Camera_rect final: <rect(242, 185, 348, 261)>
2025-05-19 22:40:55 - camara - [DEBUG] - Cam2D Update: Objetivo centro: (416, 316), Zoom: 2.30
2025-05-19 22:40:55 - camara - [DEBUG] -   Cam2D Update: VistaMundo calculada: 347.83x260.87
2025-05-19 22:40:55 - camara - [DEBUG] -   Cam2D Update: Offset final (242.09, 185.57). Camera_rect final: <rect(242, 185, 348, 261)>
2025-05-19 22:40:55 - camara - [DEBUG] - Cam2D Update: Objetivo centro: (416, 316), Zoom: 2.30
2025-05-19 22:40:55 - camara - [DEBUG] -   Cam2D Update: VistaMundo calculada: 347.83x260.87
2025-05-19 22:40:55 - camara - [DEBUG] -   Cam2D Update: Offset final (242.09, 185.57). Camera_rect final: <rect(242, 185, 348, 261)>
2025-05-19 22:40:55 - camara - [DEBUG] - Cam2D Update: Objetivo centro: (416, 316), Zoom: 2.30
2025-05-19 22:40:55 - camara - [DEBUG] -   Cam2D Update: VistaMundo calculada: 347.83x260.87
2025-05-19 22:40:55 - camara - [DEBUG] -   Cam2D Update: Offset final (242.09, 185.57). Camera_rect final: <rect(242, 185, 348, 261)>
2025-05-19 22:40:55 - camara - [DEBUG] - Cam2D Update: Objetivo centro: (416, 316), Zoom: 2.30
2025-05-19 22:40:55 - camara - [DEBUG] -   Cam2D Update: VistaMundo calculada: 347.83x260.87
2025-05-19 22:40:55 - camara - [DEBUG] -   Cam2D Update: Offset final (242.09, 185.57). Camera_rect final: <rect(242, 185, 348, 261)>
2025-05-19 22:40:55 - camara - [DEBUG] - Cam2D Update: Objetivo centro: (416, 316), Zoom: 2.30
2025-05-19 22:40:55 - camara - [DEBUG] -   Cam2D Update: VistaMundo calculada: 347.83x260.87
2025-05-19 22:40:55 - camara - [DEBUG] -   Cam2D Update: Offset final (242.09, 185.57). Camera_rect final: <rect(242, 185, 348, 261)>
2025-05-19 22:40:55 - camara - [DEBUG] - Cam2D Update: Objetivo centro: (416, 316), Zoom: 2.30
2025-05-19 22:40:55 - camara - [DEBUG] -   Cam2D Update: VistaMundo calculada: 347.83x260.87
2025-05-19 22:40:55 - camara - [DEBUG] -   Cam2D Update: Offset final (242.09, 185.57). Camera_rect final: <rect(242, 185, 348, 261)>
2025-05-19 22:40:55 - camara - [DEBUG] - Cam2D Update: Objetivo centro: (416, 316), Zoom: 2.30
2025-05-19 22:40:55 - camara - [DEBUG] -   Cam2D Update: VistaMundo calculada: 347.83x260.87
2025-05-19 22:40:55 - camara - [DEBUG] -   Cam2D Update: Offset final (242.09, 185.57). Camera_rect final: <rect(242, 185, 348, 261)>
2025-05-19 22:40:55 - camara - [DEBUG] - Cam2D Update: Objetivo centro: (416, 316), Zoom: 2.30
2025-05-19 22:40:55 - camara - [DEBUG] -   Cam2D Update: VistaMundo calculada: 347.83x260.87
2025-05-19 22:40:55 - camara - [DEBUG] -   Cam2D Update: Offset final (242.09, 185.57). Camera_rect final: <rect(242, 185, 348, 261)>
2025-05-19 22:40:55 - camara - [DEBUG] - Cam2D Update: Objetivo centro: (416, 316), Zoom: 2.30
2025-05-19 22:40:55 - camara - [DEBUG] -   Cam2D Update: VistaMundo calculada: 347.83x260.87
2025-05-19 22:40:55 - camara - [DEBUG] -   Cam2D Update: Offset final (242.09, 185.57). Camera_rect final: <rect(242, 185, 348, 261)>
2025-05-19 22:40:55 - camara - [DEBUG] - Cam2D Update: Objetivo centro: (416, 316), Zoom: 2.30
2025-05-19 22:40:55 - camara - [DEBUG] -   Cam2D Update: VistaMundo calculada: 347.83x260.87
2025-05-19 22:40:55 - camara - [DEBUG] -   Cam2D Update: Offset final (242.09, 185.57). Camera_rect final: <rect(242, 185, 348, 261)>
2025-05-19 22:40:56 - camara - [DEBUG] - Cam2D Update: Objetivo centro: (416, 316), Zoom: 2.30
2025-05-19 22:40:56 - camara - [DEBUG] -   Cam2D Update: VistaMundo calculada: 347.83x260.87
2025-05-19 22:40:56 - camara - [DEBUG] -   Cam2D Update: Offset final (242.09, 185.57). Camera_rect final: <rect(242, 185, 348, 261)>
2025-05-19 22:40:56 - camara - [DEBUG] - Cam2D Update: Objetivo centro: (416, 316), Zoom: 2.30
2025-05-19 22:40:56 - camara - [DEBUG] -   Cam2D Update: VistaMundo calculada: 347.83x260.87
2025-05-19 22:40:56 - camara - [DEBUG] -   Cam2D Update: Offset final (242.09, 185.57). Camera_rect final: <rect(242, 185, 348, 261)>
2025-05-19 22:40:56 - camara - [DEBUG] - Cam2D Update: Objetivo centro: (416, 316), Zoom: 2.30
2025-05-19 22:40:56 - camara - [DEBUG] -   Cam2D Update: VistaMundo calculada: 347.83x260.87
2025-05-19 22:40:56 - camara - [DEBUG] -   Cam2D Update: Offset final (242.09, 185.57). Camera_rect final: <rect(242, 185, 348, 261)>
2025-05-19 22:40:56 - camara - [DEBUG] - Cam2D Update: Objetivo centro: (416, 316), Zoom: 2.30
2025-05-19 22:40:56 - camara - [DEBUG] -   Cam2D Update: VistaMundo calculada: 347.83x260.87
2025-05-19 22:40:56 - camara - [DEBUG] -   Cam2D Update: Offset final (242.09, 185.57). Camera_rect final: <rect(242, 185, 348, 261)>
2025-05-19 22:40:56 - camara - [DEBUG] - Cam2D Update: Objetivo centro: (416, 316), Zoom: 2.30
2025-05-19 22:40:56 - camara - [DEBUG] -   Cam2D Update: VistaMundo calculada: 347.83x260.87
2025-05-19 22:40:56 - camara - [DEBUG] -   Cam2D Update: Offset final (242.09, 185.57). Camera_rect final: <rect(242, 185, 348, 261)>
2025-05-19 22:40:56 - camara - [DEBUG] - Cam2D Update: Objetivo centro: (416, 316), Zoom: 2.30
2025-05-19 22:40:56 - camara - [DEBUG] -   Cam2D Update: VistaMundo calculada: 347.83x260.87
2025-05-19 22:40:56 - camara - [DEBUG] -   Cam2D Update: Offset final (242.09, 185.57). Camera_rect final: <rect(242, 185, 348, 261)>
2025-05-19 22:40:56 - camara - [DEBUG] - Cam2D Update: Objetivo centro: (416, 316), Zoom: 2.30
2025-05-19 22:40:56 - camara - [DEBUG] -   Cam2D Update: VistaMundo calculada: 347.83x260.87
2025-05-19 22:40:56 - camara - [DEBUG] -   Cam2D Update: Offset final (242.09, 185.57). Camera_rect final: <rect(242, 185, 348, 261)>
2025-05-19 22:40:56 - camara - [DEBUG] - Cam2D Update: Objetivo centro: (416, 316), Zoom: 2.30
2025-05-19 22:40:56 - camara - [DEBUG] -   Cam2D Update: VistaMundo calculada: 347.83x260.87
2025-05-19 22:40:56 - camara - [DEBUG] -   Cam2D Update: Offset final (242.09, 185.57). Camera_rect final: <rect(242, 185, 348, 261)>
2025-05-19 22:40:56 - camara - [DEBUG] - Cam2D Update: Objetivo centro: (416, 316), Zoom: 2.30
2025-05-19 22:40:56 - camara - [DEBUG] -   Cam2D Update: VistaMundo calculada: 347.83x260.87
2025-05-19 22:40:56 - camara - [DEBUG] -   Cam2D Update: Offset final (242.09, 185.57). Camera_rect final: <rect(242, 185, 348, 261)>
2025-05-19 22:40:56 - camara - [DEBUG] - Cam2D Update: Objetivo centro: (416, 316), Zoom: 2.30
2025-05-19 22:40:56 - camara - [DEBUG] -   Cam2D Update: VistaMundo calculada: 347.83x260.87
2025-05-19 22:40:56 - camara - [DEBUG] -   Cam2D Update: Offset final (242.09, 185.57). Camera_rect final: <rect(242, 185, 348, 261)>
2025-05-19 22:40:56 - camara - [DEBUG] - Cam2D Update: Objetivo centro: (416, 316), Zoom: 2.30
2025-05-19 22:40:56 - camara - [DEBUG] -   Cam2D Update: VistaMundo calculada: 347.83x260.87
2025-05-19 22:40:56 - camara - [DEBUG] -   Cam2D Update: Offset final (242.09, 185.57). Camera_rect final: <rect(242, 185, 348, 261)>
2025-05-19 22:40:56 - camara - [DEBUG] - Cam2D Update: Objetivo centro: (416, 316), Zoom: 2.30
2025-05-19 22:40:56 - camara - [DEBUG] -   Cam2D Update: VistaMundo calculada: 347.83x260.87
2025-05-19 22:40:56 - camara - [DEBUG] -   Cam2D Update: Offset final (242.09, 185.57). Camera_rect final: <rect(242, 185, 348, 261)>
2025-05-19 22:40:56 - camara - [DEBUG] - Cam2D Update: Objetivo centro: (416, 316), Zoom: 2.30
2025-05-19 22:40:56 - camara - [DEBUG] -   Cam2D Update: VistaMundo calculada: 347.83x260.87
2025-05-19 22:40:56 - camara - [DEBUG] -   Cam2D Update: Offset final (242.09, 185.57). Camera_rect final: <rect(242, 185, 348, 261)>
2025-05-19 22:40:56 - camara - [DEBUG] - Cam2D Update: Objetivo centro: (416, 316), Zoom: 2.30
2025-05-19 22:40:56 - camara - [DEBUG] -   Cam2D Update: VistaMundo calculada: 347.83x260.87
2025-05-19 22:40:56 - camara - [DEBUG] -   Cam2D Update: Offset final (242.09, 185.57). Camera_rect final: <rect(242, 185, 348, 261)>
2025-05-19 22:40:56 - camara - [DEBUG] - Cam2D Update: Objetivo centro: (416, 316), Zoom: 2.30
2025-05-19 22:40:56 - camara - [DEBUG] -   Cam2D Update: VistaMundo calculada: 347.83x260.87
2025-05-19 22:40:56 - camara - [DEBUG] -   Cam2D Update: Offset final (242.09, 185.57). Camera_rect final: <rect(242, 185, 348, 261)>
2025-05-19 22:40:56 - camara - [DEBUG] - Cam2D Update: Objetivo centro: (416, 316), Zoom: 2.30
2025-05-19 22:40:56 - camara - [DEBUG] -   Cam2D Update: VistaMundo calculada: 347.83x260.87
2025-05-19 22:40:56 - camara - [DEBUG] -   Cam2D Update: Offset final (242.09, 185.57). Camera_rect final: <rect(242, 185, 348, 261)>
2025-05-19 22:40:56 - camara - [DEBUG] - Cam2D Update: Objetivo centro: (416, 316), Zoom: 2.30
2025-05-19 22:40:56 - camara - [DEBUG] -   Cam2D Update: VistaMundo calculada: 347.83x260.87
2025-05-19 22:40:56 - camara - [DEBUG] -   Cam2D Update: Offset final (242.09, 185.57). Camera_rect final: <rect(242, 185, 348, 261)>
