2025-05-19 16:56:56 - gestor_eventos - [DEBUG] - GestorEventos inicializado.
2025-05-19 16:56:56 - gestor_eventos - [DEBUG] - Procesando 12 eventos...
2025-05-19 16:56:56 - gestor_eventos - [DEBUG] - Evento: <Event(4352-AudioDeviceAdded {'which': 0, 'iscapture': 0})>
2025-05-19 16:56:56 - gestor_eventos - [DEBUG] - Evento: <Event(4352-AudioDeviceAdded {'which': 0, 'iscapture': 1})>
2025-05-19 16:56:56 - gestor_eventos - [DEBUG] - Evento: <Event(32774-WindowShown {'window': None})>
2025-05-19 16:56:56 - gestor_eventos - [DEBUG] - Evento: <Event(32768-ActiveEvent {'gain': 1, 'state': 2})>
2025-05-19 16:56:56 - gestor_eventos - [DEBUG] - Evento: <Event(32785-WindowFocusGained {'window': None})>
2025-05-19 16:56:56 - gestor_eventos - [DEBUG] - Evento: <Event(770-TextEditing {'text': '', 'start': 0, 'length': 0, 'window': None})>
2025-05-19 16:56:56 - gestor_eventos - [DEBUG] - Evento: <Event(32768-ActiveEvent {'gain': 1, 'state': 1})>
2025-05-19 16:56:56 - gestor_eventos - [DEBUG] - Evento: <Event(32783-WindowEnter {'window': None})>
2025-05-19 16:56:56 - gestor_eventos - [DEBUG] - Evento: <Event(1024-MouseMotion {'pos': (783, 313), 'rel': (0, 0), 'buttons': (0, 0, 0), 'touch': False, 'window': None})>
2025-05-19 16:56:56 - gestor_eventos - [DEBUG] - Evento: <Event(32770-VideoExpose {})>
2025-05-19 16:56:56 - gestor_eventos - [DEBUG] - Evento: <Event(32776-WindowExposed {'window': None})>
2025-05-19 16:56:56 - gestor_eventos - [DEBUG] - Evento: <Event(1024-MouseMotion {'pos': (782, 313), 'rel': (-1, 0), 'buttons': (0, 0, 0), 'touch': False, 'window': None})>
2025-05-19 16:56:56 - gestor_eventos - [DEBUG] - Procesando 0 eventos...
2025-05-19 16:56:56 - gestor_eventos - [DEBUG] - Procesando 0 eventos...
2025-05-19 16:56:56 - gestor_eventos - [DEBUG] - Procesando 0 eventos...
2025-05-19 16:56:56 - gestor_eventos - [DEBUG] - Procesando 0 eventos...
2025-05-19 16:56:56 - gestor_eventos - [DEBUG] - Procesando 0 eventos...
2025-05-19 16:56:57 - gestor_eventos - [DEBUG] - Procesando 0 eventos...
2025-05-19 16:56:57 - gestor_eventos - [DEBUG] - Procesando 0 eventos...
2025-05-19 16:56:57 - gestor_eventos - [DEBUG] - Procesando 0 eventos...
2025-05-19 16:56:57 - gestor_eventos - [DEBUG] - Procesando 0 eventos...
2025-05-19 16:56:57 - gestor_eventos - [DEBUG] - Procesando 0 eventos...
2025-05-19 16:56:57 - gestor_eventos - [DEBUG] - Procesando 0 eventos...
2025-05-19 16:56:57 - gestor_eventos - [DEBUG] - Procesando 1 eventos...
2025-05-19 16:56:57 - gestor_eventos - [DEBUG] - Evento: <Event(1024-MouseMotion {'pos': (777, 312), 'rel': (-5, -1), 'buttons': (0, 0, 0), 'touch': False, 'window': None})>
2025-05-19 16:56:57 - gestor_eventos - [DEBUG] - Evento: <Event(1024-MouseMotion {'pos': (770, 310), 'rel': (-7, -2), 'buttons': (0, 0, 0), 'touch': False, 'window': None})>
2025-05-19 16:56:57 - gestor_eventos - [DEBUG] - Evento: <Event(1024-MouseMotion {'pos': (761, 309), 'rel': (-9, -1), 'buttons': (0, 0, 0), 'touch': False, 'window': None})>
2025-05-19 16:56:57 - gestor_eventos - [DEBUG] - Procesando 1 eventos...
2025-05-19 16:56:57 - gestor_eventos - [DEBUG] - Evento: <Event(1024-MouseMotion {'pos': (753, 307), 'rel': (-8, -2), 'buttons': (0, 0, 0), 'touch': False, 'window': None})>
2025-05-19 16:56:57 - gestor_eventos - [DEBUG] - Evento: <Event(1024-MouseMotion {'pos': (743, 306), 'rel': (-10, -1), 'buttons': (0, 0, 0), 'touch': False, 'window': None})>
2025-05-19 16:56:57 - gestor_eventos - [DEBUG] - Evento: <Event(1024-MouseMotion {'pos': (736, 304), 'rel': (-7, -2), 'buttons': (0, 0, 0), 'touch': False, 'window': None})>
2025-05-19 16:56:57 - gestor_eventos - [DEBUG] - Procesando 4 eventos...
2025-05-19 16:56:57 - gestor_eventos - [DEBUG] - Evento: <Event(1024-MouseMotion {'pos': (731, 304), 'rel': (-5, 0), 'buttons': (0, 0, 0), 'touch': False, 'window': None})>
2025-05-19 16:56:57 - gestor_eventos - [DEBUG] - Evento: <Event(768-KeyDown {'unicode': 's', 'key': 115, 'mod': 4096, 'scancode': 22, 'window': None})>
2025-05-19 16:56:57 - gestor_eventos - [DEBUG] - GestorEventos: KEYDOWN s (115)
2025-05-19 16:56:57 - gestor_eventos - [DEBUG] - Evento: <Event(771-TextInput {'text': 's', 'window': None})>
2025-05-19 16:56:57 - gestor_eventos - [DEBUG] - Evento: <Event(1024-MouseMotion {'pos': (729, 303), 'rel': (-2, -1), 'buttons': (0, 0, 0), 'touch': False, 'window': None})>
2025-05-19 16:56:57 - gestor_eventos - [DEBUG] - Procesando 1 eventos...
2025-05-19 16:56:57 - gestor_eventos - [DEBUG] - Evento: <Event(1024-MouseMotion {'pos': (722, 302), 'rel': (-7, -1), 'buttons': (0, 0, 0), 'touch': False, 'window': None})>
2025-05-19 16:56:57 - gestor_eventos - [DEBUG] - Evento: <Event(1024-MouseMotion {'pos': (719, 302), 'rel': (-3, 0), 'buttons': (0, 0, 0), 'touch': False, 'window': None})>
2025-05-19 16:56:57 - gestor_eventos - [DEBUG] - Evento: <Event(1024-MouseMotion {'pos': (718, 302), 'rel': (-1, 0), 'buttons': (0, 0, 0), 'touch': False, 'window': None})>
2025-05-19 16:56:57 - gestor_eventos - [DEBUG] - Evento: <Event(768-KeyDown {'unicode': 'd', 'key': 100, 'mod': 4096, 'scancode': 7, 'window': None})>
2025-05-19 16:56:57 - gestor_eventos - [DEBUG] - GestorEventos: KEYDOWN d (100)
2025-05-19 16:56:57 - gestor_eventos - [DEBUG] - Evento: <Event(771-TextInput {'text': 'd', 'window': None})>
2025-05-19 16:56:57 - gestor_eventos - [DEBUG] - Evento: <Event(1024-MouseMotion {'pos': (717, 302), 'rel': (-1, 0), 'buttons': (0, 0, 0), 'touch': False, 'window': None})>
2025-05-19 16:56:57 - gestor_eventos - [DEBUG] - Evento: <Event(1024-MouseMotion {'pos': (716, 302), 'rel': (-1, 0), 'buttons': (0, 0, 0), 'touch': False, 'window': None})>
2025-05-19 16:56:57 - gestor_eventos - [DEBUG] - Procesando 0 eventos...
2025-05-19 16:56:57 - gestor_eventos - [DEBUG] - Procesando 1 eventos...
2025-05-19 16:56:57 - gestor_eventos - [DEBUG] - Evento: <Event(769-KeyUp {'unicode': 's', 'key': 115, 'mod': 4096, 'scancode': 22, 'window': None})>
2025-05-19 16:56:57 - gestor_eventos - [DEBUG] - Procesando 0 eventos...
2025-05-19 16:56:57 - gestor_eventos - [DEBUG] - Procesando 2 eventos...
2025-05-19 16:56:57 - gestor_eventos - [DEBUG] - Evento: <Event(768-KeyDown {'unicode': ' ', 'key': 32, 'mod': 4096, 'scancode': 44, 'window': None})>
2025-05-19 16:56:57 - gestor_eventos - [DEBUG] - GestorEventos: KEYDOWN space (32)
2025-05-19 16:56:57 - gestor_eventos - [DEBUG] - GestorEventos: K_SPACE (Atacar jugador) procesado.
2025-05-19 16:56:57 - gestor_eventos - [DEBUG] - Evento: <Event(771-TextInput {'text': ' ', 'window': None})>
2025-05-19 16:56:57 - gestor_eventos - [DEBUG] - Procesando 1 eventos...
2025-05-19 16:56:57 - gestor_eventos - [DEBUG] - Evento: <Event(1024-MouseMotion {'pos': (715, 302), 'rel': (-1, 0), 'buttons': (0, 0, 0), 'touch': False, 'window': None})>
2025-05-19 16:56:57 - gestor_eventos - [DEBUG] - Procesando 0 eventos...
2025-05-19 16:56:57 - gestor_eventos - [DEBUG] - Evento: <Event(768-KeyDown {'unicode': 'a', 'key': 97, 'mod': 4096, 'scancode': 4, 'window': None})>
2025-05-19 16:56:57 - gestor_eventos - [DEBUG] - GestorEventos: KEYDOWN a (97)
2025-05-19 16:56:57 - gestor_eventos - [DEBUG] - Evento: <Event(771-TextInput {'text': 'a', 'window': None})>
2025-05-19 16:56:57 - gestor_eventos - [DEBUG] - Procesando 0 eventos...
2025-05-19 16:56:57 - gestor_eventos - [DEBUG] - Procesando 0 eventos...
2025-05-19 16:56:57 - gestor_eventos - [DEBUG] - Procesando 0 eventos...
2025-05-19 16:56:57 - gestor_eventos - [DEBUG] - Procesando 1 eventos...
2025-05-19 16:56:57 - gestor_eventos - [DEBUG] - Evento: <Event(769-KeyUp {'unicode': ' ', 'key': 32, 'mod': 4096, 'scancode': 44, 'window': None})>
2025-05-19 16:56:57 - gestor_eventos - [DEBUG] - Procesando 0 eventos...
2025-05-19 16:56:57 - gestor_eventos - [DEBUG] - Procesando 0 eventos...
2025-05-19 16:56:58 - gestor_eventos - [DEBUG] - Procesando 0 eventos...
2025-05-19 16:56:58 - gestor_eventos - [DEBUG] - Procesando 2 eventos...
2025-05-19 16:56:58 - gestor_eventos - [DEBUG] - Evento: <Event(768-KeyDown {'unicode': 's', 'key': 115, 'mod': 4096, 'scancode': 22, 'window': None})>
2025-05-19 16:56:58 - gestor_eventos - [DEBUG] - GestorEventos: KEYDOWN s (115)
2025-05-19 16:56:58 - gestor_eventos - [DEBUG] - Evento: <Event(771-TextInput {'text': 's', 'window': None})>
2025-05-19 16:56:58 - gestor_eventos - [DEBUG] - Procesando 0 eventos...
2025-05-19 16:56:58 - gestor_eventos - [DEBUG] - Procesando 2 eventos...
2025-05-19 16:56:58 - gestor_eventos - [DEBUG] - Evento: <Event(768-KeyDown {'unicode': ' ', 'key': 32, 'mod': 4096, 'scancode': 44, 'window': None})>
2025-05-19 16:56:58 - gestor_eventos - [DEBUG] - GestorEventos: KEYDOWN space (32)
2025-05-19 16:56:58 - gestor_eventos - [DEBUG] - GestorEventos: K_SPACE (Atacar jugador) procesado.
2025-05-19 16:56:58 - gestor_eventos - [DEBUG] - Evento: <Event(771-TextInput {'text': ' ', 'window': None})>
2025-05-19 16:56:58 - gestor_eventos - [DEBUG] - Procesando 0 eventos...
2025-05-19 16:56:58 - gestor_eventos - [DEBUG] - Procesando 0 eventos...
2025-05-19 16:56:58 - gestor_eventos - [DEBUG] - Procesando 0 eventos...
2025-05-19 16:56:58 - gestor_eventos - [DEBUG] - Procesando 1 eventos...
2025-05-19 16:56:58 - gestor_eventos - [DEBUG] - Evento: <Event(769-KeyUp {'unicode': 's', 'key': 115, 'mod': 4096, 'scancode': 22, 'window': None})>
2025-05-19 16:56:58 - gestor_eventos - [DEBUG] - Evento: <Event(769-KeyUp {'unicode': ' ', 'key': 32, 'mod': 4096, 'scancode': 44, 'window': None})>
2025-05-19 16:56:58 - gestor_eventos - [DEBUG] - Evento: <Event(769-KeyUp {'unicode': 'd', 'key': 100, 'mod': 4096, 'scancode': 7, 'window': None})>
2025-05-19 16:56:58 - gestor_eventos - [DEBUG] - Procesando 0 eventos...
2025-05-19 16:56:58 - gestor_eventos - [DEBUG] - Procesando 0 eventos...
2025-05-19 16:56:58 - gestor_eventos - [DEBUG] - Procesando 0 eventos...
2025-05-19 16:56:58 - gestor_eventos - [DEBUG] - Procesando 0 eventos...
2025-05-19 16:56:58 - gestor_eventos - [DEBUG] - Procesando 2 eventos...
2025-05-19 16:56:58 - gestor_eventos - [DEBUG] - Evento: <Event(768-KeyDown {'unicode': 'w', 'key': 119, 'mod': 4096, 'scancode': 26, 'window': None})>
2025-05-19 16:56:58 - gestor_eventos - [DEBUG] - GestorEventos: KEYDOWN w (119)
2025-05-19 16:56:58 - gestor_eventos - [DEBUG] - Evento: <Event(771-TextInput {'text': 'w', 'window': None})>
2025-05-19 16:56:58 - gestor_eventos - [DEBUG] - Evento: <Event(768-KeyDown {'unicode': 'd', 'key': 100, 'mod': 4096, 'scancode': 7, 'window': None})>
2025-05-19 16:56:58 - gestor_eventos - [DEBUG] - GestorEventos: KEYDOWN d (100)
2025-05-19 16:56:58 - gestor_eventos - [DEBUG] - Evento: <Event(771-TextInput {'text': 'd', 'window': None})>
2025-05-19 16:56:58 - gestor_eventos - [DEBUG] - Procesando 0 eventos...
2025-05-19 16:56:58 - gestor_eventos - [DEBUG] - Procesando 2 eventos...
2025-05-19 16:56:58 - gestor_eventos - [DEBUG] - Evento: <Event(768-KeyDown {'unicode': ' ', 'key': 32, 'mod': 4096, 'scancode': 44, 'window': None})>
2025-05-19 16:56:58 - gestor_eventos - [DEBUG] - GestorEventos: KEYDOWN space (32)
2025-05-19 16:56:58 - gestor_eventos - [DEBUG] - GestorEventos: K_SPACE (Atacar jugador) procesado.
2025-05-19 16:56:58 - gestor_eventos - [DEBUG] - Evento: <Event(771-TextInput {'text': ' ', 'window': None})>
2025-05-19 16:56:58 - gestor_eventos - [DEBUG] - Procesando 1 eventos...
2025-05-19 16:56:58 - gestor_eventos - [DEBUG] - Evento: <Event(769-KeyUp {'unicode': 'a', 'key': 97, 'mod': 4096, 'scancode': 4, 'window': None})>
2025-05-19 16:56:58 - gestor_eventos - [DEBUG] - Procesando 0 eventos...
2025-05-19 16:56:58 - gestor_eventos - [DEBUG] - Procesando 0 eventos...
2025-05-19 16:56:58 - gestor_eventos - [DEBUG] - Procesando 1 eventos...
2025-05-19 16:56:58 - gestor_eventos - [DEBUG] - Evento: <Event(769-KeyUp {'unicode': 'w', 'key': 119, 'mod': 4096, 'scancode': 26, 'window': None})>
2025-05-19 16:56:58 - gestor_eventos - [DEBUG] - Procesando 1 eventos...
2025-05-19 16:56:58 - gestor_eventos - [DEBUG] - Evento: <Event(769-KeyUp {'unicode': ' ', 'key': 32, 'mod': 4096, 'scancode': 44, 'window': None})>
2025-05-19 16:56:58 - gestor_eventos - [DEBUG] - Procesando 2 eventos...
2025-05-19 16:56:58 - gestor_eventos - [DEBUG] - Evento: <Event(768-KeyDown {'unicode': 'a', 'key': 97, 'mod': 4096, 'scancode': 4, 'window': None})>
2025-05-19 16:56:58 - gestor_eventos - [DEBUG] - GestorEventos: KEYDOWN a (97)
2025-05-19 16:56:58 - gestor_eventos - [DEBUG] - Evento: <Event(771-TextInput {'text': 'a', 'window': None})>
2025-05-19 16:56:58 - gestor_eventos - [DEBUG] - Procesando 0 eventos...
2025-05-19 16:56:58 - gestor_eventos - [DEBUG] - Procesando 0 eventos...
2025-05-19 16:56:58 - gestor_eventos - [DEBUG] - Procesando 1 eventos...
2025-05-19 16:56:58 - gestor_eventos - [DEBUG] - Evento: <Event(769-KeyUp {'unicode': 'd', 'key': 100, 'mod': 4096, 'scancode': 7, 'window': None})>
2025-05-19 16:56:59 - gestor_eventos - [DEBUG] - Procesando 0 eventos...
2025-05-19 16:56:59 - gestor_eventos - [DEBUG] - Procesando 0 eventos...
2025-05-19 16:56:59 - gestor_eventos - [DEBUG] - Procesando 0 eventos...
2025-05-19 16:56:59 - gestor_eventos - [DEBUG] - Procesando 0 eventos...
2025-05-19 16:56:59 - gestor_eventos - [DEBUG] - Procesando 0 eventos...
2025-05-19 16:56:59 - gestor_eventos - [DEBUG] - Procesando 2 eventos...
2025-05-19 16:56:59 - gestor_eventos - [DEBUG] - Evento: <Event(768-KeyDown {'unicode': ' ', 'key': 32, 'mod': 4096, 'scancode': 44, 'window': None})>
2025-05-19 16:56:59 - gestor_eventos - [DEBUG] - GestorEventos: KEYDOWN space (32)
2025-05-19 16:56:59 - gestor_eventos - [DEBUG] - GestorEventos: K_SPACE (Atacar jugador) procesado.
2025-05-19 16:56:59 - gestor_eventos - [DEBUG] - Evento: <Event(771-TextInput {'text': ' ', 'window': None})>
2025-05-19 16:56:59 - gestor_eventos - [DEBUG] - Procesando 0 eventos...
2025-05-19 16:56:59 - gestor_eventos - [DEBUG] - Procesando 0 eventos...
2025-05-19 16:56:59 - gestor_eventos - [DEBUG] - Procesando 1 eventos...
2025-05-19 16:56:59 - gestor_eventos - [DEBUG] - Evento: <Event(769-KeyUp {'unicode': ' ', 'key': 32, 'mod': 4096, 'scancode': 44, 'window': None})>
2025-05-19 16:56:59 - gestor_eventos - [DEBUG] - Procesando 0 eventos...
2025-05-19 16:56:59 - gestor_eventos - [DEBUG] - Procesando 0 eventos...
2025-05-19 16:56:59 - gestor_eventos - [DEBUG] - Procesando 2 eventos...
2025-05-19 16:56:59 - gestor_eventos - [DEBUG] - Evento: <Event(768-KeyDown {'unicode': ' ', 'key': 32, 'mod': 4096, 'scancode': 44, 'window': None})>
2025-05-19 16:56:59 - gestor_eventos - [DEBUG] - GestorEventos: KEYDOWN space (32)
2025-05-19 16:56:59 - gestor_eventos - [DEBUG] - GestorEventos: K_SPACE (Atacar jugador) procesado.
2025-05-19 16:56:59 - gestor_eventos - [DEBUG] - Evento: <Event(771-TextInput {'text': ' ', 'window': None})>
2025-05-19 16:56:59 - gestor_eventos - [DEBUG] - Procesando 0 eventos...
2025-05-19 16:56:59 - gestor_eventos - [DEBUG] - Procesando 0 eventos...
2025-05-19 16:56:59 - gestor_eventos - [DEBUG] - Procesando 1 eventos...
2025-05-19 16:56:59 - gestor_eventos - [DEBUG] - Evento: <Event(769-KeyUp {'unicode': ' ', 'key': 32, 'mod': 4096, 'scancode': 44, 'window': None})>
2025-05-19 16:56:59 - gestor_eventos - [DEBUG] - Procesando 0 eventos...
2025-05-19 16:56:59 - gestor_eventos - [DEBUG] - Procesando 2 eventos...
2025-05-19 16:56:59 - gestor_eventos - [DEBUG] - Evento: <Event(768-KeyDown {'unicode': ' ', 'key': 32, 'mod': 4096, 'scancode': 44, 'window': None})>
2025-05-19 16:56:59 - gestor_eventos - [DEBUG] - GestorEventos: KEYDOWN space (32)
2025-05-19 16:56:59 - gestor_eventos - [DEBUG] - GestorEventos: K_SPACE (Atacar jugador) procesado.
2025-05-19 16:56:59 - gestor_eventos - [DEBUG] - Evento: <Event(771-TextInput {'text': ' ', 'window': None})>
2025-05-19 16:56:59 - gestor_eventos - [DEBUG] - Procesando 0 eventos...
2025-05-19 16:56:59 - gestor_eventos - [DEBUG] - Procesando 0 eventos...
2025-05-19 16:56:59 - gestor_eventos - [DEBUG] - Procesando 1 eventos...
2025-05-19 16:56:59 - gestor_eventos - [DEBUG] - Evento: <Event(769-KeyUp {'unicode': ' ', 'key': 32, 'mod': 4096, 'scancode': 44, 'window': None})>
2025-05-19 16:56:59 - gestor_eventos - [DEBUG] - Procesando 0 eventos...
2025-05-19 16:56:59 - gestor_eventos - [DEBUG] - Procesando 0 eventos...
2025-05-19 16:56:59 - gestor_eventos - [DEBUG] - Procesando 2 eventos...
2025-05-19 16:56:59 - gestor_eventos - [DEBUG] - Evento: <Event(768-KeyDown {'unicode': ' ', 'key': 32, 'mod': 4096, 'scancode': 44, 'window': None})>
2025-05-19 16:56:59 - gestor_eventos - [DEBUG] - GestorEventos: KEYDOWN space (32)
2025-05-19 16:56:59 - gestor_eventos - [DEBUG] - GestorEventos: K_SPACE (Atacar jugador) procesado.
2025-05-19 16:56:59 - gestor_eventos - [DEBUG] - Evento: <Event(771-TextInput {'text': ' ', 'window': None})>
2025-05-19 16:57:00 - gestor_eventos - [DEBUG] - Procesando 0 eventos...
2025-05-19 16:57:00 - gestor_eventos - [DEBUG] - Procesando 1 eventos...
2025-05-19 16:57:00 - gestor_eventos - [DEBUG] - Evento: <Event(769-KeyUp {'unicode': ' ', 'key': 32, 'mod': 4096, 'scancode': 44, 'window': None})>
2025-05-19 16:57:00 - gestor_eventos - [DEBUG] - Procesando 0 eventos...
2025-05-19 16:57:00 - gestor_eventos - [DEBUG] - Procesando 0 eventos...
2025-05-19 16:57:00 - gestor_eventos - [DEBUG] - Procesando 2 eventos...
2025-05-19 16:57:00 - gestor_eventos - [DEBUG] - Evento: <Event(768-KeyDown {'unicode': 'w', 'key': 119, 'mod': 4096, 'scancode': 26, 'window': None})>
2025-05-19 16:57:00 - gestor_eventos - [DEBUG] - GestorEventos: KEYDOWN w (119)
2025-05-19 16:57:00 - gestor_eventos - [DEBUG] - Evento: <Event(771-TextInput {'text': 'w', 'window': None})>
2025-05-19 16:57:00 - gestor_eventos - [DEBUG] - Procesando 0 eventos...
2025-05-19 16:57:00 - gestor_eventos - [DEBUG] - Procesando 0 eventos...
2025-05-19 16:57:00 - gestor_eventos - [DEBUG] - Procesando 0 eventos...
2025-05-19 16:57:00 - gestor_eventos - [DEBUG] - Procesando 2 eventos...
2025-05-19 16:57:00 - gestor_eventos - [DEBUG] - Evento: <Event(768-KeyDown {'unicode': ' ', 'key': 32, 'mod': 4096, 'scancode': 44, 'window': None})>
2025-05-19 16:57:00 - gestor_eventos - [DEBUG] - GestorEventos: KEYDOWN space (32)
2025-05-19 16:57:00 - gestor_eventos - [DEBUG] - GestorEventos: K_SPACE (Atacar jugador) procesado.
2025-05-19 16:57:00 - gestor_eventos - [DEBUG] - Evento: <Event(771-TextInput {'text': ' ', 'window': None})>
2025-05-19 16:57:00 - gestor_eventos - [DEBUG] - Procesando 0 eventos...
2025-05-19 16:57:00 - gestor_eventos - [DEBUG] - Procesando 0 eventos...
2025-05-19 16:57:00 - gestor_eventos - [DEBUG] - Procesando 1 eventos...
2025-05-19 16:57:00 - gestor_eventos - [DEBUG] - Evento: <Event(769-KeyUp {'unicode': ' ', 'key': 32, 'mod': 4096, 'scancode': 44, 'window': None})>
2025-05-19 16:57:00 - gestor_eventos - [DEBUG] - Procesando 0 eventos...
2025-05-19 16:57:00 - gestor_eventos - [DEBUG] - Procesando 0 eventos...
2025-05-19 16:57:00 - gestor_eventos - [DEBUG] - Procesando 0 eventos...
2025-05-19 16:57:00 - gestor_eventos - [DEBUG] - Procesando 0 eventos...
2025-05-19 16:57:00 - gestor_eventos - [DEBUG] - Procesando 2 eventos...
2025-05-19 16:57:00 - gestor_eventos - [DEBUG] - Evento: <Event(768-KeyDown {'unicode': ' ', 'key': 32, 'mod': 4096, 'scancode': 44, 'window': None})>
2025-05-19 16:57:00 - gestor_eventos - [DEBUG] - GestorEventos: KEYDOWN space (32)
2025-05-19 16:57:00 - gestor_eventos - [DEBUG] - GestorEventos: K_SPACE (Atacar jugador) procesado.
2025-05-19 16:57:00 - gestor_eventos - [DEBUG] - Evento: <Event(771-TextInput {'text': ' ', 'window': None})>
2025-05-19 16:57:00 - gestor_eventos - [DEBUG] - Procesando 0 eventos...
2025-05-19 16:57:00 - gestor_eventos - [DEBUG] - Procesando 1 eventos...
2025-05-19 16:57:00 - gestor_eventos - [DEBUG] - Evento: <Event(769-KeyUp {'unicode': 'w', 'key': 119, 'mod': 4096, 'scancode': 26, 'window': None})>
2025-05-19 16:57:00 - gestor_eventos - [DEBUG] - Procesando 0 eventos...
2025-05-19 16:57:00 - gestor_eventos - [DEBUG] - Procesando 2 eventos...
2025-05-19 16:57:00 - gestor_eventos - [DEBUG] - Evento: <Event(768-KeyDown {'unicode': 's', 'key': 115, 'mod': 4096, 'scancode': 22, 'window': None})>
2025-05-19 16:57:00 - gestor_eventos - [DEBUG] - GestorEventos: KEYDOWN s (115)
2025-05-19 16:57:00 - gestor_eventos - [DEBUG] - Evento: <Event(771-TextInput {'text': 's', 'window': None})>
2025-05-19 16:57:00 - gestor_eventos - [DEBUG] - Procesando 0 eventos...
2025-05-19 16:57:00 - gestor_eventos - [DEBUG] - Procesando 1 eventos...
2025-05-19 16:57:00 - gestor_eventos - [DEBUG] - Evento: <Event(769-KeyUp {'unicode': ' ', 'key': 32, 'mod': 4096, 'scancode': 44, 'window': None})>
2025-05-19 16:57:00 - gestor_eventos - [DEBUG] - Evento: <Event(769-KeyUp {'unicode': 'a', 'key': 97, 'mod': 4096, 'scancode': 4, 'window': None})>
2025-05-19 16:57:00 - gestor_eventos - [DEBUG] - Procesando 2 eventos...
2025-05-19 16:57:00 - gestor_eventos - [DEBUG] - Evento: <Event(768-KeyDown {'unicode': 'd', 'key': 100, 'mod': 4096, 'scancode': 7, 'window': None})>
2025-05-19 16:57:00 - gestor_eventos - [DEBUG] - GestorEventos: KEYDOWN d (100)
2025-05-19 16:57:00 - gestor_eventos - [DEBUG] - Evento: <Event(771-TextInput {'text': 'd', 'window': None})>
2025-05-19 16:57:00 - gestor_eventos - [DEBUG] - Procesando 0 eventos...
2025-05-19 16:57:01 - gestor_eventos - [DEBUG] - Procesando 0 eventos...
2025-05-19 16:57:01 - gestor_eventos - [DEBUG] - Procesando 0 eventos...
2025-05-19 16:57:01 - gestor_eventos - [DEBUG] - Procesando 2 eventos...
2025-05-19 16:57:01 - gestor_eventos - [DEBUG] - Evento: <Event(768-KeyDown {'unicode': ' ', 'key': 32, 'mod': 4096, 'scancode': 44, 'window': None})>
2025-05-19 16:57:01 - gestor_eventos - [DEBUG] - GestorEventos: KEYDOWN space (32)
2025-05-19 16:57:01 - gestor_eventos - [DEBUG] - GestorEventos: K_SPACE (Atacar jugador) procesado.
2025-05-19 16:57:01 - gestor_eventos - [DEBUG] - Evento: <Event(771-TextInput {'text': ' ', 'window': None})>
2025-05-19 16:57:01 - gestor_eventos - [DEBUG] - Procesando 0 eventos...
2025-05-19 16:57:01 - gestor_eventos - [DEBUG] - Procesando 0 eventos...
2025-05-19 16:57:01 - gestor_eventos - [DEBUG] - Procesando 1 eventos...
2025-05-19 16:57:01 - gestor_eventos - [DEBUG] - Evento: <Event(769-KeyUp {'unicode': ' ', 'key': 32, 'mod': 4096, 'scancode': 44, 'window': None})>
2025-05-19 16:57:01 - gestor_eventos - [DEBUG] - Procesando 2 eventos...
2025-05-19 16:57:01 - gestor_eventos - [DEBUG] - Evento: <Event(768-KeyDown {'unicode': 'a', 'key': 97, 'mod': 4096, 'scancode': 4, 'window': None})>
2025-05-19 16:57:01 - gestor_eventos - [DEBUG] - GestorEventos: KEYDOWN a (97)
2025-05-19 16:57:01 - gestor_eventos - [DEBUG] - Evento: <Event(771-TextInput {'text': 'a', 'window': None})>
2025-05-19 16:57:01 - gestor_eventos - [DEBUG] - Procesando 0 eventos...
2025-05-19 16:57:01 - gestor_eventos - [DEBUG] - Procesando 2 eventos...
2025-05-19 16:57:01 - gestor_eventos - [DEBUG] - Evento: <Event(768-KeyDown {'unicode': ' ', 'key': 32, 'mod': 4096, 'scancode': 44, 'window': None})>
2025-05-19 16:57:01 - gestor_eventos - [DEBUG] - GestorEventos: KEYDOWN space (32)
2025-05-19 16:57:01 - gestor_eventos - [DEBUG] - GestorEventos: K_SPACE (Atacar jugador) procesado.
2025-05-19 16:57:01 - gestor_eventos - [DEBUG] - Evento: <Event(771-TextInput {'text': ' ', 'window': None})>
2025-05-19 16:57:01 - gestor_eventos - [DEBUG] - Procesando 0 eventos...
2025-05-19 16:57:01 - gestor_eventos - [DEBUG] - Procesando 0 eventos...
2025-05-19 16:57:01 - gestor_eventos - [DEBUG] - Procesando 1 eventos...
2025-05-19 16:57:01 - gestor_eventos - [DEBUG] - Evento: <Event(769-KeyUp {'unicode': ' ', 'key': 32, 'mod': 4096, 'scancode': 44, 'window': None})>
2025-05-19 16:57:01 - gestor_eventos - [DEBUG] - Procesando 0 eventos...
2025-05-19 16:57:01 - gestor_eventos - [DEBUG] - Evento: <Event(769-KeyUp {'unicode': 's', 'key': 115, 'mod': 4096, 'scancode': 22, 'window': None})>
2025-05-19 16:57:01 - gestor_eventos - [DEBUG] - Evento: <Event(769-KeyUp {'unicode': 'a', 'key': 97, 'mod': 4096, 'scancode': 4, 'window': None})>
2025-05-19 16:57:01 - gestor_eventos - [DEBUG] - Procesando 0 eventos...
2025-05-19 16:57:01 - gestor_eventos - [DEBUG] - Procesando 0 eventos...
2025-05-19 16:57:01 - gestor_eventos - [DEBUG] - Procesando 2 eventos...
2025-05-19 16:57:01 - gestor_eventos - [DEBUG] - Evento: <Event(768-KeyDown {'unicode': 'w', 'key': 119, 'mod': 4096, 'scancode': 26, 'window': None})>
2025-05-19 16:57:01 - gestor_eventos - [DEBUG] - GestorEventos: KEYDOWN w (119)
2025-05-19 16:57:01 - gestor_eventos - [DEBUG] - Evento: <Event(771-TextInput {'text': 'w', 'window': None})>
2025-05-19 16:57:01 - gestor_eventos - [DEBUG] - Procesando 1 eventos...
2025-05-19 16:57:01 - gestor_eventos - [DEBUG] - Evento: <Event(769-KeyUp {'unicode': 'd', 'key': 100, 'mod': 4096, 'scancode': 7, 'window': None})>
2025-05-19 16:57:01 - gestor_eventos - [DEBUG] - Procesando 2 eventos...
2025-05-19 16:57:01 - gestor_eventos - [DEBUG] - Evento: <Event(768-KeyDown {'unicode': 'a', 'key': 97, 'mod': 4096, 'scancode': 4, 'window': None})>
2025-05-19 16:57:01 - gestor_eventos - [DEBUG] - GestorEventos: KEYDOWN a (97)
2025-05-19 16:57:01 - gestor_eventos - [DEBUG] - Evento: <Event(771-TextInput {'text': 'a', 'window': None})>
2025-05-19 16:57:01 - gestor_eventos - [DEBUG] - Procesando 0 eventos...
2025-05-19 16:57:01 - gestor_eventos - [DEBUG] - Procesando 1 eventos...
2025-05-19 16:57:01 - gestor_eventos - [DEBUG] - Evento: <Event(769-KeyUp {'unicode': 'w', 'key': 119, 'mod': 4096, 'scancode': 26, 'window': None})>
2025-05-19 16:57:01 - gestor_eventos - [DEBUG] - Procesando 0 eventos...
2025-05-19 16:57:01 - gestor_eventos - [DEBUG] - Procesando 0 eventos...
2025-05-19 16:57:01 - gestor_eventos - [DEBUG] - Procesando 2 eventos...
2025-05-19 16:57:01 - gestor_eventos - [DEBUG] - Evento: <Event(768-KeyDown {'unicode': ' ', 'key': 32, 'mod': 4096, 'scancode': 44, 'window': None})>
2025-05-19 16:57:01 - gestor_eventos - [DEBUG] - GestorEventos: KEYDOWN space (32)
2025-05-19 16:57:01 - gestor_eventos - [DEBUG] - GestorEventos: K_SPACE (Atacar jugador) procesado.
2025-05-19 16:57:01 - gestor_eventos - [DEBUG] - Evento: <Event(771-TextInput {'text': ' ', 'window': None})>
2025-05-19 16:57:01 - gestor_eventos - [DEBUG] - Procesando 0 eventos...
2025-05-19 16:57:01 - gestor_eventos - [DEBUG] - Procesando 0 eventos...
2025-05-19 16:57:01 - gestor_eventos - [DEBUG] - Procesando 1 eventos...
2025-05-19 16:57:01 - gestor_eventos - [DEBUG] - Evento: <Event(769-KeyUp {'unicode': ' ', 'key': 32, 'mod': 4096, 'scancode': 44, 'window': None})>
2025-05-19 16:57:02 - gestor_eventos - [DEBUG] - Procesando 0 eventos...
2025-05-19 16:57:02 - gestor_eventos - [DEBUG] - Procesando 0 eventos...
2025-05-19 16:57:02 - gestor_eventos - [DEBUG] - Procesando 2 eventos...
2025-05-19 16:57:02 - gestor_eventos - [DEBUG] - Evento: <Event(768-KeyDown {'unicode': ' ', 'key': 32, 'mod': 4096, 'scancode': 44, 'window': None})>
2025-05-19 16:57:02 - gestor_eventos - [DEBUG] - GestorEventos: KEYDOWN space (32)
2025-05-19 16:57:02 - gestor_eventos - [DEBUG] - GestorEventos: K_SPACE (Atacar jugador) procesado.
2025-05-19 16:57:02 - gestor_eventos - [DEBUG] - Evento: <Event(771-TextInput {'text': ' ', 'window': None})>
2025-05-19 16:57:02 - gestor_eventos - [DEBUG] - Procesando 0 eventos...
2025-05-19 16:57:02 - gestor_eventos - [DEBUG] - Procesando 1 eventos...
2025-05-19 16:57:02 - gestor_eventos - [DEBUG] - Evento: <Event(769-KeyUp {'unicode': ' ', 'key': 32, 'mod': 4096, 'scancode': 44, 'window': None})>
2025-05-19 16:57:02 - gestor_eventos - [DEBUG] - Procesando 0 eventos...
2025-05-19 16:57:02 - gestor_eventos - [DEBUG] - Procesando 0 eventos...
2025-05-19 16:57:02 - gestor_eventos - [DEBUG] - Procesando 2 eventos...
2025-05-19 16:57:02 - gestor_eventos - [DEBUG] - Evento: <Event(768-KeyDown {'unicode': ' ', 'key': 32, 'mod': 4096, 'scancode': 44, 'window': None})>
2025-05-19 16:57:02 - gestor_eventos - [DEBUG] - GestorEventos: KEYDOWN space (32)
2025-05-19 16:57:02 - gestor_eventos - [DEBUG] - GestorEventos: K_SPACE (Atacar jugador) procesado.
2025-05-19 16:57:02 - gestor_eventos - [DEBUG] - Evento: <Event(771-TextInput {'text': ' ', 'window': None})>
2025-05-19 16:57:02 - gestor_eventos - [DEBUG] - Procesando 0 eventos...
2025-05-19 16:57:02 - gestor_eventos - [DEBUG] - Procesando 2 eventos...
2025-05-19 16:57:02 - gestor_eventos - [DEBUG] - Evento: <Event(768-KeyDown {'unicode': 'w', 'key': 119, 'mod': 4096, 'scancode': 26, 'window': None})>
2025-05-19 16:57:02 - gestor_eventos - [DEBUG] - GestorEventos: KEYDOWN w (119)
2025-05-19 16:57:02 - gestor_eventos - [DEBUG] - Evento: <Event(771-TextInput {'text': 'w', 'window': None})>
2025-05-19 16:57:02 - gestor_eventos - [DEBUG] - Procesando 0 eventos...
2025-05-19 16:57:02 - gestor_eventos - [DEBUG] - Procesando 1 eventos...
2025-05-19 16:57:02 - gestor_eventos - [DEBUG] - Evento: <Event(769-KeyUp {'unicode': ' ', 'key': 32, 'mod': 4096, 'scancode': 44, 'window': None})>
2025-05-19 16:57:02 - gestor_eventos - [DEBUG] - Evento: <Event(769-KeyUp {'unicode': 'a', 'key': 97, 'mod': 4096, 'scancode': 4, 'window': None})>
2025-05-19 16:57:02 - gestor_eventos - [DEBUG] - Procesando 0 eventos...
2025-05-19 16:57:02 - gestor_eventos - [DEBUG] - Procesando 0 eventos...
2025-05-19 16:57:02 - gestor_eventos - [DEBUG] - Procesando 0 eventos...
2025-05-19 16:57:02 - gestor_eventos - [DEBUG] - Procesando 2 eventos...
2025-05-19 16:57:02 - gestor_eventos - [DEBUG] - Evento: <Event(768-KeyDown {'unicode': 'a', 'key': 97, 'mod': 4096, 'scancode': 4, 'window': None})>
2025-05-19 16:57:02 - gestor_eventos - [DEBUG] - GestorEventos: KEYDOWN a (97)
2025-05-19 16:57:02 - gestor_eventos - [DEBUG] - Evento: <Event(771-TextInput {'text': 'a', 'window': None})>
2025-05-19 16:57:02 - gestor_eventos - [DEBUG] - Procesando 0 eventos...
2025-05-19 16:57:02 - gestor_eventos - [DEBUG] - Procesando 1 eventos...
2025-05-19 16:57:02 - gestor_eventos - [DEBUG] - Evento: <Event(769-KeyUp {'unicode': 'w', 'key': 119, 'mod': 4096, 'scancode': 26, 'window': None})>
2025-05-19 16:57:02 - gestor_eventos - [DEBUG] - Procesando 0 eventos...
2025-05-19 16:57:02 - gestor_eventos - [DEBUG] - Procesando 2 eventos...
2025-05-19 16:57:02 - gestor_eventos - [DEBUG] - Evento: <Event(768-KeyDown {'unicode': ' ', 'key': 32, 'mod': 4096, 'scancode': 44, 'window': None})>
2025-05-19 16:57:02 - gestor_eventos - [DEBUG] - GestorEventos: KEYDOWN space (32)
2025-05-19 16:57:02 - gestor_eventos - [DEBUG] - GestorEventos: K_SPACE (Atacar jugador) procesado.
2025-05-19 16:57:02 - gestor_eventos - [DEBUG] - Evento: <Event(771-TextInput {'text': ' ', 'window': None})>
2025-05-19 16:57:02 - gestor_eventos - [DEBUG] - Procesando 0 eventos...
2025-05-19 16:57:02 - gestor_eventos - [DEBUG] - Procesando 2 eventos...
2025-05-19 16:57:02 - gestor_eventos - [DEBUG] - Evento: <Event(768-KeyDown {'unicode': 's', 'key': 115, 'mod': 4096, 'scancode': 22, 'window': None})>
2025-05-19 16:57:02 - gestor_eventos - [DEBUG] - GestorEventos: KEYDOWN s (115)
2025-05-19 16:57:02 - gestor_eventos - [DEBUG] - Evento: <Event(771-TextInput {'text': 's', 'window': None})>
2025-05-19 16:57:02 - gestor_eventos - [DEBUG] - Procesando 1 eventos...
2025-05-19 16:57:02 - gestor_eventos - [DEBUG] - Evento: <Event(769-KeyUp {'unicode': 'a', 'key': 97, 'mod': 4096, 'scancode': 4, 'window': None})>
2025-05-19 16:57:02 - gestor_eventos - [DEBUG] - Procesando 0 eventos...
2025-05-19 16:57:02 - gestor_eventos - [DEBUG] - Procesando 0 eventos...
2025-05-19 16:57:02 - gestor_eventos - [DEBUG] - Procesando 2 eventos...
2025-05-19 16:57:02 - gestor_eventos - [DEBUG] - Evento: <Event(768-KeyDown {'unicode': 'd', 'key': 100, 'mod': 4096, 'scancode': 7, 'window': None})>
2025-05-19 16:57:02 - gestor_eventos - [DEBUG] - GestorEventos: KEYDOWN d (100)
2025-05-19 16:57:02 - gestor_eventos - [DEBUG] - Evento: <Event(771-TextInput {'text': 'd', 'window': None})>
2025-05-19 16:57:02 - gestor_eventos - [DEBUG] - Procesando 0 eventos...
2025-05-19 16:57:03 - gestor_eventos - [DEBUG] - Procesando 0 eventos...
2025-05-19 16:57:03 - gestor_eventos - [DEBUG] - Procesando 1 eventos...
2025-05-19 16:57:03 - gestor_eventos - [DEBUG] - Evento: <Event(769-KeyUp {'unicode': ' ', 'key': 32, 'mod': 4096, 'scancode': 44, 'window': None})>
2025-05-19 16:57:03 - gestor_eventos - [DEBUG] - Procesando 0 eventos...
2025-05-19 16:57:03 - gestor_eventos - [DEBUG] - Procesando 0 eventos...
2025-05-19 16:57:03 - gestor_eventos - [DEBUG] - Procesando 2 eventos...
2025-05-19 16:57:03 - gestor_eventos - [DEBUG] - Evento: <Event(768-KeyDown {'unicode': ' ', 'key': 32, 'mod': 4096, 'scancode': 44, 'window': None})>
2025-05-19 16:57:03 - gestor_eventos - [DEBUG] - GestorEventos: KEYDOWN space (32)
2025-05-19 16:57:03 - gestor_eventos - [DEBUG] - GestorEventos: K_SPACE (Atacar jugador) procesado.
2025-05-19 16:57:03 - gestor_eventos - [DEBUG] - Evento: <Event(771-TextInput {'text': ' ', 'window': None})>
2025-05-19 16:57:03 - gestor_eventos - [DEBUG] - Procesando 1 eventos...
2025-05-19 16:57:03 - gestor_eventos - [DEBUG] - Evento: <Event(769-KeyUp {'unicode': 's', 'key': 115, 'mod': 4096, 'scancode': 22, 'window': None})>
2025-05-19 16:57:03 - gestor_eventos - [DEBUG] - Procesando 0 eventos...
2025-05-19 16:57:03 - gestor_eventos - [DEBUG] - Procesando 0 eventos...
2025-05-19 16:57:03 - gestor_eventos - [DEBUG] - Procesando 1 eventos...
2025-05-19 16:57:03 - gestor_eventos - [DEBUG] - Evento: <Event(769-KeyUp {'unicode': ' ', 'key': 32, 'mod': 4096, 'scancode': 44, 'window': None})>
2025-05-19 16:57:03 - gestor_eventos - [DEBUG] - Procesando 2 eventos...
2025-05-19 16:57:03 - gestor_eventos - [DEBUG] - Evento: <Event(768-KeyDown {'unicode': 'w', 'key': 119, 'mod': 4096, 'scancode': 26, 'window': None})>
2025-05-19 16:57:03 - gestor_eventos - [DEBUG] - GestorEventos: KEYDOWN w (119)
2025-05-19 16:57:03 - gestor_eventos - [DEBUG] - Evento: <Event(771-TextInput {'text': 'w', 'window': None})>
2025-05-19 16:57:03 - gestor_eventos - [DEBUG] - Procesando 0 eventos...
2025-05-19 16:57:03 - gestor_eventos - [DEBUG] - Procesando 2 eventos...
2025-05-19 16:57:03 - gestor_eventos - [DEBUG] - Evento: <Event(768-KeyDown {'unicode': 'a', 'key': 97, 'mod': 4096, 'scancode': 4, 'window': None})>
2025-05-19 16:57:03 - gestor_eventos - [DEBUG] - GestorEventos: KEYDOWN a (97)
2025-05-19 16:57:03 - gestor_eventos - [DEBUG] - Evento: <Event(771-TextInput {'text': 'a', 'window': None})>
2025-05-19 16:57:03 - gestor_eventos - [DEBUG] - Evento: <Event(768-KeyDown {'unicode': ' ', 'key': 32, 'mod': 4096, 'scancode': 44, 'window': None})>
2025-05-19 16:57:03 - gestor_eventos - [DEBUG] - GestorEventos: KEYDOWN space (32)
2025-05-19 16:57:03 - gestor_eventos - [DEBUG] - GestorEventos: K_SPACE (Atacar jugador) procesado.
2025-05-19 16:57:03 - gestor_eventos - [DEBUG] - Evento: <Event(771-TextInput {'text': ' ', 'window': None})>
2025-05-19 16:57:03 - gestor_eventos - [DEBUG] - Procesando 0 eventos...
2025-05-19 16:57:03 - gestor_eventos - [DEBUG] - Procesando 1 eventos...
2025-05-19 16:57:03 - gestor_eventos - [DEBUG] - Evento: <Event(769-KeyUp {'unicode': 'd', 'key': 100, 'mod': 4096, 'scancode': 7, 'window': None})>
2025-05-19 16:57:03 - gestor_eventos - [DEBUG] - Evento: <Event(769-KeyUp {'unicode': 'w', 'key': 119, 'mod': 4096, 'scancode': 26, 'window': None})>
2025-05-19 16:57:03 - gestor_eventos - [DEBUG] - Procesando 0 eventos...
2025-05-19 16:57:03 - gestor_eventos - [DEBUG] - Procesando 1 eventos...
2025-05-19 16:57:03 - gestor_eventos - [DEBUG] - Evento: <Event(769-KeyUp {'unicode': ' ', 'key': 32, 'mod': 4096, 'scancode': 44, 'window': None})>
2025-05-19 16:57:03 - gestor_eventos - [DEBUG] - Procesando 0 eventos...
2025-05-19 16:57:03 - gestor_eventos - [DEBUG] - Procesando 2 eventos...
2025-05-19 16:57:03 - gestor_eventos - [DEBUG] - Evento: <Event(768-KeyDown {'unicode': ' ', 'key': 32, 'mod': 4096, 'scancode': 44, 'window': None})>
2025-05-19 16:57:03 - gestor_eventos - [DEBUG] - GestorEventos: KEYDOWN space (32)
2025-05-19 16:57:03 - gestor_eventos - [DEBUG] - GestorEventos: K_SPACE (Atacar jugador) procesado.
2025-05-19 16:57:03 - gestor_eventos - [DEBUG] - Evento: <Event(771-TextInput {'text': ' ', 'window': None})>
2025-05-19 16:57:03 - gestor_eventos - [DEBUG] - Procesando 0 eventos...
2025-05-19 16:57:03 - gestor_eventos - [DEBUG] - Procesando 1 eventos...
2025-05-19 16:57:03 - gestor_eventos - [DEBUG] - Evento: <Event(1024-MouseMotion {'pos': (714, 302), 'rel': (-1, 0), 'buttons': (0, 0, 0), 'touch': False, 'window': None})>
2025-05-19 16:57:03 - gestor_eventos - [DEBUG] - Procesando 0 eventos...
2025-05-19 16:57:03 - gestor_eventos - [DEBUG] - Procesando 1 eventos...
2025-05-19 16:57:03 - gestor_eventos - [DEBUG] - Evento: <Event(769-KeyUp {'unicode': ' ', 'key': 32, 'mod': 4096, 'scancode': 44, 'window': None})>
2025-05-19 16:57:03 - gestor_eventos - [DEBUG] - Procesando 0 eventos...
2025-05-19 16:57:03 - gestor_eventos - [DEBUG] - Procesando 2 eventos...
2025-05-19 16:57:03 - gestor_eventos - [DEBUG] - Evento: <Event(768-KeyDown {'unicode': ' ', 'key': 32, 'mod': 4096, 'scancode': 44, 'window': None})>
2025-05-19 16:57:03 - gestor_eventos - [DEBUG] - GestorEventos: KEYDOWN space (32)
2025-05-19 16:57:03 - gestor_eventos - [DEBUG] - GestorEventos: K_SPACE (Atacar jugador) procesado.
2025-05-19 16:57:03 - gestor_eventos - [DEBUG] - Evento: <Event(771-TextInput {'text': ' ', 'window': None})>
2025-05-19 16:57:03 - gestor_eventos - [DEBUG] - Procesando 0 eventos...
2025-05-19 16:57:03 - gestor_eventos - [DEBUG] - Procesando 0 eventos...
2025-05-19 16:57:03 - gestor_eventos - [DEBUG] - Procesando 2 eventos...
2025-05-19 16:57:03 - gestor_eventos - [DEBUG] - Evento: <Event(768-KeyDown {'unicode': 's', 'key': 115, 'mod': 4096, 'scancode': 22, 'window': None})>
2025-05-19 16:57:03 - gestor_eventos - [DEBUG] - GestorEventos: KEYDOWN s (115)
2025-05-19 16:57:03 - gestor_eventos - [DEBUG] - Evento: <Event(771-TextInput {'text': 's', 'window': None})>
2025-05-19 16:57:03 - gestor_eventos - [DEBUG] - Procesando 1 eventos...
2025-05-19 16:57:03 - gestor_eventos - [DEBUG] - Evento: <Event(769-KeyUp {'unicode': ' ', 'key': 32, 'mod': 4096, 'scancode': 44, 'window': None})>
2025-05-19 16:57:03 - gestor_eventos - [DEBUG] - Procesando 0 eventos...
2025-05-19 16:57:04 - gestor_eventos - [DEBUG] - Procesando 2 eventos...
2025-05-19 16:57:04 - gestor_eventos - [DEBUG] - Evento: <Event(768-KeyDown {'unicode': ' ', 'key': 32, 'mod': 4096, 'scancode': 44, 'window': None})>
2025-05-19 16:57:04 - gestor_eventos - [DEBUG] - GestorEventos: KEYDOWN space (32)
2025-05-19 16:57:04 - gestor_eventos - [DEBUG] - GestorEventos: K_SPACE (Atacar jugador) procesado.
2025-05-19 16:57:04 - gestor_eventos - [DEBUG] - Evento: <Event(771-TextInput {'text': ' ', 'window': None})>
2025-05-19 16:57:04 - gestor_eventos - [DEBUG] - Procesando 0 eventos...
2025-05-19 16:57:04 - gestor_eventos - [DEBUG] - Procesando 1 eventos...
2025-05-19 16:57:04 - gestor_eventos - [DEBUG] - Evento: <Event(1024-MouseMotion {'pos': (713, 302), 'rel': (-1, 0), 'buttons': (0, 0, 0), 'touch': False, 'window': None})>
2025-05-19 16:57:04 - gestor_eventos - [DEBUG] - Procesando 0 eventos...
2025-05-19 16:57:04 - gestor_eventos - [DEBUG] - Procesando 3 eventos...
2025-05-19 16:57:04 - gestor_eventos - [DEBUG] - Evento: <Event(768-KeyDown {'unicode': 'd', 'key': 100, 'mod': 4096, 'scancode': 7, 'window': None})>
2025-05-19 16:57:04 - gestor_eventos - [DEBUG] - GestorEventos: KEYDOWN d (100)
2025-05-19 16:57:04 - gestor_eventos - [DEBUG] - Evento: <Event(771-TextInput {'text': 'd', 'window': None})>
2025-05-19 16:57:04 - gestor_eventos - [DEBUG] - Evento: <Event(769-KeyUp {'unicode': ' ', 'key': 32, 'mod': 4096, 'scancode': 44, 'window': None})>
2025-05-19 16:57:04 - gestor_eventos - [DEBUG] - Procesando 0 eventos...
2025-05-19 16:57:04 - gestor_eventos - [DEBUG] - Procesando 1 eventos...
2025-05-19 16:57:04 - gestor_eventos - [DEBUG] - Evento: <Event(769-KeyUp {'unicode': 'd', 'key': 100, 'mod': 4096, 'scancode': 7, 'window': None})>
2025-05-19 16:57:04 - gestor_eventos - [DEBUG] - Procesando 0 eventos...
2025-05-19 16:57:04 - gestor_eventos - [DEBUG] - Procesando 0 eventos...
2025-05-19 16:57:04 - gestor_eventos - [DEBUG] - Procesando 2 eventos...
2025-05-19 16:57:04 - gestor_eventos - [DEBUG] - Evento: <Event(768-KeyDown {'unicode': ' ', 'key': 32, 'mod': 4096, 'scancode': 44, 'window': None})>
2025-05-19 16:57:04 - gestor_eventos - [DEBUG] - GestorEventos: KEYDOWN space (32)
2025-05-19 16:57:04 - gestor_eventos - [DEBUG] - GestorEventos: K_SPACE (Atacar jugador) procesado.
2025-05-19 16:57:04 - gestor_eventos - [DEBUG] - Evento: <Event(771-TextInput {'text': ' ', 'window': None})>
2025-05-19 16:57:04 - gestor_eventos - [DEBUG] - Procesando 0 eventos...
2025-05-19 16:57:04 - gestor_eventos - [DEBUG] - Procesando 1 eventos...
2025-05-19 16:57:04 - gestor_eventos - [DEBUG] - Evento: <Event(769-KeyUp {'unicode': 'a', 'key': 97, 'mod': 4096, 'scancode': 4, 'window': None})>
2025-05-19 16:57:04 - gestor_eventos - [DEBUG] - Evento: <Event(769-KeyUp {'unicode': ' ', 'key': 32, 'mod': 4096, 'scancode': 44, 'window': None})>
2025-05-19 16:57:04 - gestor_eventos - [DEBUG] - Procesando 0 eventos...
2025-05-19 16:57:04 - gestor_eventos - [DEBUG] - Procesando 2 eventos...
2025-05-19 16:57:04 - gestor_eventos - [DEBUG] - Evento: <Event(768-KeyDown {'unicode': 'a', 'key': 97, 'mod': 4096, 'scancode': 4, 'window': None})>
2025-05-19 16:57:04 - gestor_eventos - [DEBUG] - GestorEventos: KEYDOWN a (97)
2025-05-19 16:57:04 - gestor_eventos - [DEBUG] - Evento: <Event(771-TextInput {'text': 'a', 'window': None})>
2025-05-19 16:57:04 - gestor_eventos - [DEBUG] - Procesando 0 eventos...
2025-05-19 16:57:04 - gestor_eventos - [DEBUG] - Procesando 1 eventos...
2025-05-19 16:57:04 - gestor_eventos - [DEBUG] - Evento: <Event(769-KeyUp {'unicode': 's', 'key': 115, 'mod': 4096, 'scancode': 22, 'window': None})>
2025-05-19 16:57:04 - gestor_eventos - [DEBUG] - Procesando 0 eventos...
2025-05-19 16:57:04 - gestor_eventos - [DEBUG] - Procesando 0 eventos...
2025-05-19 16:57:04 - gestor_eventos - [DEBUG] - Procesando 1 eventos...
2025-05-19 16:57:04 - gestor_eventos - [DEBUG] - Evento: <Event(768-KeyDown {'unicode': '', 'key': 1073741906, 'mod': 4096, 'scancode': 82, 'window': None})>
2025-05-19 16:57:04 - gestor_eventos - [DEBUG] - GestorEventos: KEYDOWN up (1073741906)
2025-05-19 16:57:04 - gestor_eventos - [DEBUG] - Procesando 2 eventos...
2025-05-19 16:57:04 - gestor_eventos - [DEBUG] - Evento: <Event(768-KeyDown {'unicode': 'w', 'key': 119, 'mod': 4096, 'scancode': 26, 'window': None})>
2025-05-19 16:57:04 - gestor_eventos - [DEBUG] - GestorEventos: KEYDOWN w (119)
2025-05-19 16:57:04 - gestor_eventos - [DEBUG] - Evento: <Event(771-TextInput {'text': 'w', 'window': None})>
2025-05-19 16:57:04 - gestor_eventos - [DEBUG] - Procesando 0 eventos...
2025-05-19 16:57:04 - gestor_eventos - [DEBUG] - Procesando 2 eventos...
2025-05-19 16:57:04 - gestor_eventos - [DEBUG] - Evento: <Event(769-KeyUp {'unicode': 'a', 'key': 97, 'mod': 4096, 'scancode': 4, 'window': None})>
2025-05-19 16:57:04 - gestor_eventos - [DEBUG] - Evento: <Event(769-KeyUp {'unicode': '', 'key': 1073741906, 'mod': 4096, 'scancode': 82, 'window': None})>
2025-05-19 16:57:04 - gestor_eventos - [DEBUG] - Procesando 0 eventos...
2025-05-19 16:57:04 - gestor_eventos - [DEBUG] - Procesando 0 eventos...
2025-05-19 16:57:04 - gestor_eventos - [DEBUG] - Procesando 1 eventos...
2025-05-19 16:57:04 - gestor_eventos - [DEBUG] - Evento: <Event(768-KeyDown {'unicode': '', 'key': 1073741906, 'mod': 4096, 'scancode': 82, 'window': None})>
2025-05-19 16:57:04 - gestor_eventos - [DEBUG] - GestorEventos: KEYDOWN up (1073741906)
2025-05-19 16:57:04 - gestor_eventos - [DEBUG] - Procesando 0 eventos...
2025-05-19 16:57:04 - gestor_eventos - [DEBUG] - Procesando 2 eventos...
2025-05-19 16:57:04 - gestor_eventos - [DEBUG] - Evento: <Event(768-KeyDown {'unicode': 'a', 'key': 97, 'mod': 4096, 'scancode': 4, 'window': None})>
2025-05-19 16:57:04 - gestor_eventos - [DEBUG] - GestorEventos: KEYDOWN a (97)
2025-05-19 16:57:04 - gestor_eventos - [DEBUG] - Evento: <Event(771-TextInput {'text': 'a', 'window': None})>
2025-05-19 16:57:04 - gestor_eventos - [DEBUG] - Procesando 2 eventos...
2025-05-19 16:57:04 - gestor_eventos - [DEBUG] - Evento: <Event(769-KeyUp {'unicode': 'w', 'key': 119, 'mod': 4096, 'scancode': 26, 'window': None})>
2025-05-19 16:57:04 - gestor_eventos - [DEBUG] - Evento: <Event(769-KeyUp {'unicode': '', 'key': 1073741906, 'mod': 4096, 'scancode': 82, 'window': None})>
2025-05-19 16:57:04 - gestor_eventos - [DEBUG] - Procesando 0 eventos...
2025-05-19 16:57:05 - gestor_eventos - [DEBUG] - Procesando 2 eventos...
2025-05-19 16:57:05 - gestor_eventos - [DEBUG] - Evento: <Event(768-KeyDown {'unicode': ' ', 'key': 32, 'mod': 4096, 'scancode': 44, 'window': None})>
2025-05-19 16:57:05 - gestor_eventos - [DEBUG] - GestorEventos: KEYDOWN space (32)
2025-05-19 16:57:05 - gestor_eventos - [DEBUG] - GestorEventos: K_SPACE (Atacar jugador) procesado.
2025-05-19 16:57:05 - gestor_eventos - [DEBUG] - Evento: <Event(771-TextInput {'text': ' ', 'window': None})>
2025-05-19 16:57:05 - gestor_eventos - [DEBUG] - Procesando 1 eventos...
2025-05-19 16:57:05 - gestor_eventos - [DEBUG] - Evento: <Event(768-KeyDown {'unicode': '', 'key': 1073741903, 'mod': 4096, 'scancode': 79, 'window': None})>
2025-05-19 16:57:05 - gestor_eventos - [DEBUG] - GestorEventos: KEYDOWN right (1073741903)
2025-05-19 16:57:05 - gestor_eventos - [DEBUG] - Procesando 0 eventos...
2025-05-19 16:57:05 - gestor_eventos - [DEBUG] - Procesando 0 eventos...
2025-05-19 16:57:05 - gestor_eventos - [DEBUG] - Procesando 2 eventos...
2025-05-19 16:57:05 - gestor_eventos - [DEBUG] - Evento: <Event(769-KeyUp {'unicode': '', 'key': 1073741903, 'mod': 4096, 'scancode': 79, 'window': None})>
2025-05-19 16:57:05 - gestor_eventos - [DEBUG] - Evento: <Event(769-KeyUp {'unicode': ' ', 'key': 32, 'mod': 4096, 'scancode': 44, 'window': None})>
2025-05-19 16:57:05 - gestor_eventos - [DEBUG] - Procesando 0 eventos...
2025-05-19 16:57:05 - gestor_eventos - [DEBUG] - Procesando 1 eventos...
2025-05-19 16:57:05 - gestor_eventos - [DEBUG] - Evento: <Event(768-KeyDown {'unicode': '', 'key': 1073741903, 'mod': 4096, 'scancode': 79, 'window': None})>
2025-05-19 16:57:05 - gestor_eventos - [DEBUG] - GestorEventos: KEYDOWN right (1073741903)
2025-05-19 16:57:05 - gestor_eventos - [DEBUG] - Procesando 2 eventos...
2025-05-19 16:57:05 - gestor_eventos - [DEBUG] - Evento: <Event(768-KeyDown {'unicode': ' ', 'key': 32, 'mod': 4096, 'scancode': 44, 'window': None})>
2025-05-19 16:57:05 - gestor_eventos - [DEBUG] - GestorEventos: KEYDOWN space (32)
2025-05-19 16:57:05 - gestor_eventos - [DEBUG] - GestorEventos: K_SPACE (Atacar jugador) procesado.
2025-05-19 16:57:05 - gestor_eventos - [DEBUG] - Evento: <Event(771-TextInput {'text': ' ', 'window': None})>
2025-05-19 16:57:05 - gestor_eventos - [DEBUG] - Procesando 0 eventos...
2025-05-19 16:57:05 - gestor_eventos - [DEBUG] - Procesando 1 eventos...
2025-05-19 16:57:05 - gestor_eventos - [DEBUG] - Evento: <Event(769-KeyUp {'unicode': '', 'key': 1073741903, 'mod': 4096, 'scancode': 79, 'window': None})>
2025-05-19 16:57:05 - gestor_eventos - [DEBUG] - Procesando 0 eventos...
2025-05-19 16:57:05 - gestor_eventos - [DEBUG] - Procesando 2 eventos...
2025-05-19 16:57:05 - gestor_eventos - [DEBUG] - Evento: <Event(769-KeyUp {'unicode': ' ', 'key': 32, 'mod': 4096, 'scancode': 44, 'window': None})>
2025-05-19 16:57:05 - gestor_eventos - [DEBUG] - Evento: <Event(768-KeyDown {'unicode': '', 'key': 1073741903, 'mod': 4096, 'scancode': 79, 'window': None})>
2025-05-19 16:57:05 - gestor_eventos - [DEBUG] - GestorEventos: KEYDOWN right (1073741903)
2025-05-19 16:57:05 - gestor_eventos - [DEBUG] - Procesando 0 eventos...
2025-05-19 16:57:05 - gestor_eventos - [DEBUG] - Procesando 2 eventos...
2025-05-19 16:57:05 - gestor_eventos - [DEBUG] - Evento: <Event(768-KeyDown {'unicode': ' ', 'key': 32, 'mod': 4096, 'scancode': 44, 'window': None})>
2025-05-19 16:57:05 - gestor_eventos - [DEBUG] - GestorEventos: KEYDOWN space (32)
2025-05-19 16:57:05 - gestor_eventos - [DEBUG] - GestorEventos: K_SPACE (Atacar jugador) procesado.
2025-05-19 16:57:05 - gestor_eventos - [DEBUG] - Evento: <Event(771-TextInput {'text': ' ', 'window': None})>
2025-05-19 16:57:05 - gestor_eventos - [DEBUG] - Procesando 1 eventos...
2025-05-19 16:57:05 - gestor_eventos - [DEBUG] - Evento: <Event(769-KeyUp {'unicode': '', 'key': 1073741903, 'mod': 4096, 'scancode': 79, 'window': None})>
2025-05-19 16:57:05 - gestor_eventos - [DEBUG] - Procesando 0 eventos...
2025-05-19 16:57:05 - gestor_eventos - [DEBUG] - Procesando 1 eventos...
2025-05-19 16:57:05 - gestor_eventos - [DEBUG] - Evento: <Event(768-KeyDown {'unicode': '', 'key': 1073741903, 'mod': 4096, 'scancode': 79, 'window': None})>
2025-05-19 16:57:05 - gestor_eventos - [DEBUG] - GestorEventos: KEYDOWN right (1073741903)
2025-05-19 16:57:05 - gestor_eventos - [DEBUG] - Procesando 0 eventos...
2025-05-19 16:57:05 - gestor_eventos - [DEBUG] - Evento: <Event(769-KeyUp {'unicode': ' ', 'key': 32, 'mod': 4096, 'scancode': 44, 'window': None})>
2025-05-19 16:57:05 - gestor_eventos - [DEBUG] - Procesando 0 eventos...
2025-05-19 16:57:05 - gestor_eventos - [DEBUG] - Procesando 1 eventos...
2025-05-19 16:57:05 - gestor_eventos - [DEBUG] - Evento: <Event(769-KeyUp {'unicode': '', 'key': 1073741903, 'mod': 4096, 'scancode': 79, 'window': None})>
2025-05-19 16:57:05 - gestor_eventos - [DEBUG] - Procesando 0 eventos...
2025-05-19 16:57:05 - gestor_eventos - [DEBUG] - Procesando 1 eventos...
2025-05-19 16:57:05 - gestor_eventos - [DEBUG] - Evento: <Event(768-KeyDown {'unicode': '', 'key': 1073741906, 'mod': 4096, 'scancode': 82, 'window': None})>
2025-05-19 16:57:05 - gestor_eventos - [DEBUG] - GestorEventos: KEYDOWN up (1073741906)
2025-05-19 16:57:05 - gestor_eventos - [DEBUG] - Procesando 0 eventos...
2025-05-19 16:57:05 - gestor_eventos - [DEBUG] - Procesando 0 eventos...
2025-05-19 16:57:05 - gestor_eventos - [DEBUG] - Procesando 1 eventos...
2025-05-19 16:57:05 - gestor_eventos - [DEBUG] - Evento: <Event(769-KeyUp {'unicode': '', 'key': 1073741906, 'mod': 4096, 'scancode': 82, 'window': None})>
2025-05-19 16:57:05 - gestor_eventos - [DEBUG] - Procesando 0 eventos...
2025-05-19 16:57:05 - gestor_eventos - [DEBUG] - Procesando 2 eventos...
2025-05-19 16:57:05 - gestor_eventos - [DEBUG] - Evento: <Event(768-KeyDown {'unicode': 's', 'key': 115, 'mod': 4096, 'scancode': 22, 'window': None})>
2025-05-19 16:57:05 - gestor_eventos - [DEBUG] - GestorEventos: KEYDOWN s (115)
2025-05-19 16:57:05 - gestor_eventos - [DEBUG] - Evento: <Event(771-TextInput {'text': 's', 'window': None})>
2025-05-19 16:57:05 - gestor_eventos - [DEBUG] - Procesando 0 eventos...
2025-05-19 16:57:05 - gestor_eventos - [DEBUG] - Procesando 0 eventos...
2025-05-19 16:57:05 - gestor_eventos - [DEBUG] - Procesando 1 eventos...
2025-05-19 16:57:05 - gestor_eventos - [DEBUG] - Evento: <Event(768-KeyDown {'unicode': '', 'key': 1073741902, 'mod': 4096, 'scancode': 78, 'window': None})>
2025-05-19 16:57:05 - gestor_eventos - [DEBUG] - GestorEventos: KEYDOWN page down (1073741902)
2025-05-19 16:57:05 - gestor_eventos - [DEBUG] - GestorEventos: K_PAGEDOWN. Nuevo perfil ataque: ataque_offset_distancia
2025-05-19 16:57:06 - gestor_eventos - [DEBUG] - Procesando 0 eventos...
2025-05-19 16:57:06 - gestor_eventos - [DEBUG] - Procesando 0 eventos...
2025-05-19 16:57:06 - gestor_eventos - [DEBUG] - Procesando 1 eventos...
2025-05-19 16:57:06 - gestor_eventos - [DEBUG] - Evento: <Event(769-KeyUp {'unicode': '', 'key': 1073741902, 'mod': 4096, 'scancode': 78, 'window': None})>
2025-05-19 16:57:06 - gestor_eventos - [DEBUG] - Procesando 0 eventos...
2025-05-19 16:57:06 - gestor_eventos - [DEBUG] - Evento: <Event(769-KeyUp {'unicode': 'a', 'key': 97, 'mod': 4096, 'scancode': 4, 'window': None})>
2025-05-19 16:57:06 - gestor_eventos - [DEBUG] - Procesando 0 eventos...
2025-05-19 16:57:06 - gestor_eventos - [DEBUG] - Procesando 1 eventos...
2025-05-19 16:57:06 - gestor_eventos - [DEBUG] - Evento: <Event(768-KeyDown {'unicode': '', 'key': 1073741899, 'mod': 4096, 'scancode': 75, 'window': None})>
2025-05-19 16:57:06 - gestor_eventos - [DEBUG] - GestorEventos: KEYDOWN page up (1073741899)
2025-05-19 16:57:06 - gestor_eventos - [DEBUG] - GestorEventos: K_PAGEUP. Nuevo perfil ataque: espada_predeterminada
2025-05-19 16:57:06 - gestor_eventos - [DEBUG] - Procesando 0 eventos...
2025-05-19 16:57:06 - gestor_eventos - [DEBUG] - Procesando 2 eventos...
2025-05-19 16:57:06 - gestor_eventos - [DEBUG] - Evento: <Event(768-KeyDown {'unicode': 'd', 'key': 100, 'mod': 4096, 'scancode': 7, 'window': None})>
2025-05-19 16:57:06 - gestor_eventos - [DEBUG] - GestorEventos: KEYDOWN d (100)
2025-05-19 16:57:06 - gestor_eventos - [DEBUG] - Evento: <Event(771-TextInput {'text': 'd', 'window': None})>
2025-05-19 16:57:06 - gestor_eventos - [DEBUG] - Procesando 0 eventos...
2025-05-19 16:57:06 - gestor_eventos - [DEBUG] - Procesando 1 eventos...
2025-05-19 16:57:06 - gestor_eventos - [DEBUG] - Evento: <Event(769-KeyUp {'unicode': '', 'key': 1073741899, 'mod': 4096, 'scancode': 75, 'window': None})>
2025-05-19 16:57:06 - gestor_eventos - [DEBUG] - Procesando 0 eventos...
2025-05-19 16:57:06 - gestor_eventos - [DEBUG] - Procesando 2 eventos...
2025-05-19 16:57:06 - gestor_eventos - [DEBUG] - Evento: <Event(768-KeyDown {'unicode': 'a', 'key': 97, 'mod': 4096, 'scancode': 4, 'window': None})>
2025-05-19 16:57:06 - gestor_eventos - [DEBUG] - GestorEventos: KEYDOWN a (97)
2025-05-19 16:57:06 - gestor_eventos - [DEBUG] - Evento: <Event(771-TextInput {'text': 'a', 'window': None})>
2025-05-19 16:57:06 - gestor_eventos - [DEBUG] - Evento: <Event(768-KeyDown {'unicode': ' ', 'key': 32, 'mod': 4096, 'scancode': 44, 'window': None})>
2025-05-19 16:57:06 - gestor_eventos - [DEBUG] - GestorEventos: KEYDOWN space (32)
2025-05-19 16:57:06 - gestor_eventos - [DEBUG] - GestorEventos: K_SPACE (Atacar jugador) procesado.
2025-05-19 16:57:06 - gestor_eventos - [DEBUG] - Evento: <Event(771-TextInput {'text': ' ', 'window': None})>
2025-05-19 16:57:06 - gestor_eventos - [DEBUG] - Procesando 0 eventos...
2025-05-19 16:57:06 - gestor_eventos - [DEBUG] - Procesando 0 eventos...
2025-05-19 16:57:06 - gestor_eventos - [DEBUG] - Procesando 1 eventos...
2025-05-19 16:57:06 - gestor_eventos - [DEBUG] - Evento: <Event(769-KeyUp {'unicode': ' ', 'key': 32, 'mod': 4096, 'scancode': 44, 'window': None})>
2025-05-19 16:57:06 - gestor_eventos - [DEBUG] - Procesando 0 eventos...
2025-05-19 16:57:06 - gestor_eventos - [DEBUG] - Procesando 1 eventos...
2025-05-19 16:57:06 - gestor_eventos - [DEBUG] - Evento: <Event(769-KeyUp {'unicode': 'd', 'key': 100, 'mod': 4096, 'scancode': 7, 'window': None})>
2025-05-19 16:57:06 - gestor_eventos - [DEBUG] - Evento: <Event(769-KeyUp {'unicode': 's', 'key': 115, 'mod': 4096, 'scancode': 22, 'window': None})>
2025-05-19 16:57:06 - gestor_eventos - [DEBUG] - Procesando 2 eventos...
2025-05-19 16:57:06 - gestor_eventos - [DEBUG] - Evento: <Event(768-KeyDown {'unicode': ' ', 'key': 32, 'mod': 4096, 'scancode': 44, 'window': None})>
2025-05-19 16:57:06 - gestor_eventos - [DEBUG] - GestorEventos: KEYDOWN space (32)
2025-05-19 16:57:06 - gestor_eventos - [DEBUG] - GestorEventos: K_SPACE (Atacar jugador) procesado.
2025-05-19 16:57:06 - gestor_eventos - [DEBUG] - Evento: <Event(771-TextInput {'text': ' ', 'window': None})>
2025-05-19 16:57:06 - gestor_eventos - [DEBUG] - Procesando 0 eventos...
2025-05-19 16:57:06 - gestor_eventos - [DEBUG] - Procesando 0 eventos...
2025-05-19 16:57:06 - gestor_eventos - [DEBUG] - Procesando 1 eventos...
2025-05-19 16:57:06 - gestor_eventos - [DEBUG] - Evento: <Event(769-KeyUp {'unicode': ' ', 'key': 32, 'mod': 4096, 'scancode': 44, 'window': None})>
2025-05-19 16:57:06 - gestor_eventos - [DEBUG] - Procesando 0 eventos...
2025-05-19 16:57:06 - gestor_eventos - [DEBUG] - Procesando 0 eventos...
2025-05-19 16:57:06 - gestor_eventos - [DEBUG] - Procesando 1 eventos...
2025-05-19 16:57:06 - gestor_eventos - [DEBUG] - Evento: <Event(768-KeyDown {'unicode': '', 'key': 1073741899, 'mod': 4096, 'scancode': 75, 'window': None})>
2025-05-19 16:57:06 - gestor_eventos - [DEBUG] - GestorEventos: KEYDOWN page up (1073741899)
2025-05-19 16:57:06 - gestor_eventos - [DEBUG] - GestorEventos: K_PAGEUP. Nuevo perfil ataque: duracion_hitbox_ataque_espada
2025-05-19 16:57:06 - gestor_eventos - [DEBUG] - Procesando 0 eventos...
2025-05-19 16:57:07 - gestor_eventos - [DEBUG] - Procesando 0 eventos...
2025-05-19 16:57:07 - gestor_eventos - [DEBUG] - Procesando 1 eventos...
2025-05-19 16:57:07 - gestor_eventos - [DEBUG] - Evento: <Event(769-KeyUp {'unicode': '', 'key': 1073741899, 'mod': 4096, 'scancode': 75, 'window': None})>
2025-05-19 16:57:07 - gestor_eventos - [DEBUG] - Procesando 0 eventos...
2025-05-19 16:57:07 - gestor_eventos - [DEBUG] - Procesando 0 eventos...
2025-05-19 16:57:07 - gestor_eventos - [DEBUG] - Procesando 0 eventos...
2025-05-19 16:57:07 - gestor_eventos - [DEBUG] - Procesando 4 eventos...
2025-05-19 16:57:07 - gestor_eventos - [DEBUG] - Evento: <Event(768-KeyDown {'unicode': 's', 'key': 115, 'mod': 4096, 'scancode': 22, 'window': None})>
2025-05-19 16:57:07 - gestor_eventos - [DEBUG] - GestorEventos: KEYDOWN s (115)
2025-05-19 16:57:07 - gestor_eventos - [DEBUG] - Evento: <Event(771-TextInput {'text': 's', 'window': None})>
2025-05-19 16:57:07 - gestor_eventos - [DEBUG] - Evento: <Event(768-KeyDown {'unicode': 'd', 'key': 100, 'mod': 4096, 'scancode': 7, 'window': None})>
2025-05-19 16:57:07 - gestor_eventos - [DEBUG] - GestorEventos: KEYDOWN d (100)
2025-05-19 16:57:07 - gestor_eventos - [DEBUG] - Evento: <Event(771-TextInput {'text': 'd', 'window': None})>
2025-05-19 16:57:07 - gestor_eventos - [DEBUG] - Procesando 0 eventos...
2025-05-19 16:57:07 - gestor_eventos - [DEBUG] - Procesando 1 eventos...
2025-05-19 16:57:07 - gestor_eventos - [DEBUG] - Evento: <Event(769-KeyUp {'unicode': 's', 'key': 115, 'mod': 4096, 'scancode': 22, 'window': None})>
2025-05-19 16:57:07 - gestor_eventos - [DEBUG] - Evento: <Event(769-KeyUp {'unicode': 'd', 'key': 100, 'mod': 4096, 'scancode': 7, 'window': None})>
2025-05-19 16:57:07 - gestor_eventos - [DEBUG] - Procesando 2 eventos...
2025-05-19 16:57:07 - gestor_eventos - [DEBUG] - Evento: <Event(768-KeyDown {'unicode': ' ', 'key': 32, 'mod': 4096, 'scancode': 44, 'window': None})>
2025-05-19 16:57:07 - gestor_eventos - [DEBUG] - GestorEventos: KEYDOWN space (32)
2025-05-19 16:57:07 - gestor_eventos - [DEBUG] - GestorEventos: K_SPACE (Atacar jugador) procesado.
2025-05-19 16:57:07 - gestor_eventos - [DEBUG] - Evento: <Event(771-TextInput {'text': ' ', 'window': None})>
2025-05-19 16:57:07 - gestor_eventos - [DEBUG] - Procesando 0 eventos...
2025-05-19 16:57:07 - gestor_eventos - [DEBUG] - Procesando 0 eventos...
2025-05-19 16:57:07 - gestor_eventos - [DEBUG] - Procesando 1 eventos...
2025-05-19 16:57:07 - gestor_eventos - [DEBUG] - Evento: <Event(769-KeyUp {'unicode': ' ', 'key': 32, 'mod': 4096, 'scancode': 44, 'window': None})>
2025-05-19 16:57:07 - gestor_eventos - [DEBUG] - Procesando 0 eventos...
2025-05-19 16:57:07 - gestor_eventos - [DEBUG] - Procesando 0 eventos...
2025-05-19 16:57:07 - gestor_eventos - [DEBUG] - Procesando 2 eventos...
2025-05-19 16:57:07 - gestor_eventos - [DEBUG] - Evento: <Event(768-KeyDown {'unicode': ' ', 'key': 32, 'mod': 4096, 'scancode': 44, 'window': None})>
2025-05-19 16:57:07 - gestor_eventos - [DEBUG] - GestorEventos: KEYDOWN space (32)
2025-05-19 16:57:07 - gestor_eventos - [DEBUG] - GestorEventos: K_SPACE (Atacar jugador) procesado.
2025-05-19 16:57:07 - gestor_eventos - [DEBUG] - Evento: <Event(771-TextInput {'text': ' ', 'window': None})>
2025-05-19 16:57:07 - gestor_eventos - [DEBUG] - Procesando 0 eventos...
2025-05-19 16:57:07 - gestor_eventos - [DEBUG] - Procesando 1 eventos...
2025-05-19 16:57:07 - gestor_eventos - [DEBUG] - Evento: <Event(769-KeyUp {'unicode': ' ', 'key': 32, 'mod': 4096, 'scancode': 44, 'window': None})>
2025-05-19 16:57:07 - gestor_eventos - [DEBUG] - Procesando 0 eventos...
2025-05-19 16:57:07 - gestor_eventos - [DEBUG] - Procesando 2 eventos...
2025-05-19 16:57:07 - gestor_eventos - [DEBUG] - Evento: <Event(768-KeyDown {'unicode': 'd', 'key': 100, 'mod': 4096, 'scancode': 7, 'window': None})>
2025-05-19 16:57:07 - gestor_eventos - [DEBUG] - GestorEventos: KEYDOWN d (100)
2025-05-19 16:57:07 - gestor_eventos - [DEBUG] - Evento: <Event(771-TextInput {'text': 'd', 'window': None})>
2025-05-19 16:57:07 - gestor_eventos - [DEBUG] - Procesando 1 eventos...
2025-05-19 16:57:07 - gestor_eventos - [DEBUG] - Evento: <Event(769-KeyUp {'unicode': 'a', 'key': 97, 'mod': 4096, 'scancode': 4, 'window': None})>
2025-05-19 16:57:07 - gestor_eventos - [DEBUG] - Procesando 0 eventos...
2025-05-19 16:57:07 - gestor_eventos - [DEBUG] - Procesando 0 eventos...
2025-05-19 16:57:07 - gestor_eventos - [DEBUG] - Procesando 0 eventos...
2025-05-19 16:57:07 - gestor_eventos - [DEBUG] - Procesando 2 eventos...
2025-05-19 16:57:07 - gestor_eventos - [DEBUG] - Evento: <Event(768-KeyDown {'unicode': 'a', 'key': 97, 'mod': 4096, 'scancode': 4, 'window': None})>
2025-05-19 16:57:07 - gestor_eventos - [DEBUG] - GestorEventos: KEYDOWN a (97)
2025-05-19 16:57:07 - gestor_eventos - [DEBUG] - Evento: <Event(771-TextInput {'text': 'a', 'window': None})>
2025-05-19 16:57:07 - gestor_eventos - [DEBUG] - Procesando 0 eventos...
2025-05-19 16:57:08 - gestor_eventos - [DEBUG] - Procesando 1 eventos...
2025-05-19 16:57:08 - gestor_eventos - [DEBUG] - Evento: <Event(769-KeyUp {'unicode': 'd', 'key': 100, 'mod': 4096, 'scancode': 7, 'window': None})>
2025-05-19 16:57:08 - gestor_eventos - [DEBUG] - Procesando 0 eventos...
2025-05-19 16:57:08 - gestor_eventos - [DEBUG] - Procesando 0 eventos...
2025-05-19 16:57:08 - gestor_eventos - [DEBUG] - Procesando 0 eventos...
2025-05-19 16:57:08 - gestor_eventos - [DEBUG] - Procesando 2 eventos...
2025-05-19 16:57:08 - gestor_eventos - [DEBUG] - Evento: <Event(768-KeyDown {'unicode': ' ', 'key': 32, 'mod': 4096, 'scancode': 44, 'window': None})>
2025-05-19 16:57:08 - gestor_eventos - [DEBUG] - GestorEventos: KEYDOWN space (32)
2025-05-19 16:57:08 - gestor_eventos - [DEBUG] - GestorEventos: K_SPACE (Atacar jugador) procesado.
2025-05-19 16:57:08 - gestor_eventos - [DEBUG] - Evento: <Event(771-TextInput {'text': ' ', 'window': None})>
2025-05-19 16:57:08 - gestor_eventos - [DEBUG] - Procesando 0 eventos...
2025-05-19 16:57:08 - gestor_eventos - [DEBUG] - Procesando 1 eventos...
2025-05-19 16:57:08 - gestor_eventos - [DEBUG] - Evento: <Event(769-KeyUp {'unicode': ' ', 'key': 32, 'mod': 4096, 'scancode': 44, 'window': None})>
2025-05-19 16:57:08 - gestor_eventos - [DEBUG] - Procesando 0 eventos...
2025-05-19 16:57:08 - gestor_eventos - [DEBUG] - Procesando 0 eventos...
2025-05-19 16:57:08 - gestor_eventos - [DEBUG] - Procesando 0 eventos...
2025-05-19 16:57:08 - gestor_eventos - [DEBUG] - Procesando 2 eventos...
2025-05-19 16:57:08 - gestor_eventos - [DEBUG] - Evento: <Event(768-KeyDown {'unicode': 'd', 'key': 100, 'mod': 4096, 'scancode': 7, 'window': None})>
2025-05-19 16:57:08 - gestor_eventos - [DEBUG] - GestorEventos: KEYDOWN d (100)
2025-05-19 16:57:08 - gestor_eventos - [DEBUG] - Evento: <Event(771-TextInput {'text': 'd', 'window': None})>
2025-05-19 16:57:08 - gestor_eventos - [DEBUG] - Procesando 1 eventos...
2025-05-19 16:57:08 - gestor_eventos - [DEBUG] - Evento: <Event(769-KeyUp {'unicode': 'a', 'key': 97, 'mod': 4096, 'scancode': 4, 'window': None})>
2025-05-19 16:57:08 - gestor_eventos - [DEBUG] - Procesando 0 eventos...
2025-05-19 16:57:08 - gestor_eventos - [DEBUG] - Procesando 0 eventos...
2025-05-19 16:57:08 - gestor_eventos - [DEBUG] - Procesando 0 eventos...
2025-05-19 16:57:08 - gestor_eventos - [DEBUG] - Procesando 2 eventos...
2025-05-19 16:57:08 - gestor_eventos - [DEBUG] - Evento: <Event(768-KeyDown {'unicode': 'a', 'key': 97, 'mod': 4096, 'scancode': 4, 'window': None})>
2025-05-19 16:57:08 - gestor_eventos - [DEBUG] - GestorEventos: KEYDOWN a (97)
2025-05-19 16:57:08 - gestor_eventos - [DEBUG] - Evento: <Event(771-TextInput {'text': 'a', 'window': None})>
2025-05-19 16:57:08 - gestor_eventos - [DEBUG] - Procesando 0 eventos...
2025-05-19 16:57:08 - gestor_eventos - [DEBUG] - Procesando 1 eventos...
2025-05-19 16:57:08 - gestor_eventos - [DEBUG] - Evento: <Event(769-KeyUp {'unicode': 'd', 'key': 100, 'mod': 4096, 'scancode': 7, 'window': None})>
2025-05-19 16:57:08 - gestor_eventos - [DEBUG] - Procesando 0 eventos...
2025-05-19 16:57:08 - gestor_eventos - [DEBUG] - Procesando 0 eventos...
2025-05-19 16:57:08 - gestor_eventos - [DEBUG] - Procesando 1 eventos...
2025-05-19 16:57:08 - gestor_eventos - [DEBUG] - Evento: <Event(768-KeyDown {'unicode': '', 'key': 1073741903, 'mod': 4096, 'scancode': 79, 'window': None})>
2025-05-19 16:57:08 - gestor_eventos - [DEBUG] - GestorEventos: KEYDOWN right (1073741903)
2025-05-19 16:57:08 - gestor_eventos - [DEBUG] - Procesando 0 eventos...
2025-05-19 16:57:08 - gestor_eventos - [DEBUG] - Procesando 3 eventos...
2025-05-19 16:57:08 - gestor_eventos - [DEBUG] - Evento: <Event(768-KeyDown {'unicode': 'd', 'key': 100, 'mod': 4096, 'scancode': 7, 'window': None})>
2025-05-19 16:57:08 - gestor_eventos - [DEBUG] - GestorEventos: KEYDOWN d (100)
2025-05-19 16:57:08 - gestor_eventos - [DEBUG] - Evento: <Event(771-TextInput {'text': 'd', 'window': None})>
2025-05-19 16:57:08 - gestor_eventos - [DEBUG] - Evento: <Event(769-KeyUp {'unicode': 'a', 'key': 97, 'mod': 4096, 'scancode': 4, 'window': None})>
2025-05-19 16:57:08 - gestor_eventos - [DEBUG] - Procesando 0 eventos...
2025-05-19 16:57:08 - gestor_eventos - [DEBUG] - Procesando 1 eventos...
2025-05-19 16:57:08 - gestor_eventos - [DEBUG] - Evento: <Event(769-KeyUp {'unicode': '', 'key': 1073741903, 'mod': 4096, 'scancode': 79, 'window': None})>
2025-05-19 16:57:09 - gestor_eventos - [DEBUG] - Procesando 0 eventos...
2025-05-19 16:57:09 - gestor_eventos - [DEBUG] - Procesando 0 eventos...
2025-05-19 16:57:09 - gestor_eventos - [DEBUG] - Procesando 1 eventos...
2025-05-19 16:57:09 - gestor_eventos - [DEBUG] - Evento: <Event(768-KeyDown {'unicode': '', 'key': 1073741903, 'mod': 4096, 'scancode': 79, 'window': None})>
2025-05-19 16:57:09 - gestor_eventos - [DEBUG] - GestorEventos: KEYDOWN right (1073741903)
2025-05-19 16:57:09 - gestor_eventos - [DEBUG] - Procesando 2 eventos...
2025-05-19 16:57:09 - gestor_eventos - [DEBUG] - Evento: <Event(768-KeyDown {'unicode': ' ', 'key': 32, 'mod': 4096, 'scancode': 44, 'window': None})>
2025-05-19 16:57:09 - gestor_eventos - [DEBUG] - GestorEventos: KEYDOWN space (32)
2025-05-19 16:57:09 - gestor_eventos - [DEBUG] - GestorEventos: K_SPACE (Atacar jugador) procesado.
2025-05-19 16:57:09 - gestor_eventos - [DEBUG] - Evento: <Event(771-TextInput {'text': ' ', 'window': None})>
2025-05-19 16:57:09 - gestor_eventos - [DEBUG] - Procesando 0 eventos...
2025-05-19 16:57:09 - gestor_eventos - [DEBUG] - Procesando 0 eventos...
2025-05-19 16:57:09 - gestor_eventos - [DEBUG] - Procesando 1 eventos...
2025-05-19 16:57:09 - gestor_eventos - [DEBUG] - Evento: <Event(769-KeyUp {'unicode': 'd', 'key': 100, 'mod': 4096, 'scancode': 7, 'window': None})>
2025-05-19 16:57:09 - gestor_eventos - [DEBUG] - Procesando 0 eventos...
2025-05-19 16:57:09 - gestor_eventos - [DEBUG] - Procesando 0 eventos...
2025-05-19 16:57:09 - gestor_eventos - [DEBUG] - Procesando 1 eventos...
2025-05-19 16:57:09 - gestor_eventos - [DEBUG] - Evento: <Event(769-KeyUp {'unicode': '', 'key': 1073741903, 'mod': 4096, 'scancode': 79, 'window': None})>
2025-05-19 16:57:09 - gestor_eventos - [DEBUG] - Procesando 0 eventos...
2025-05-19 16:57:09 - gestor_eventos - [DEBUG] - Procesando 1 eventos...
2025-05-19 16:57:09 - gestor_eventos - [DEBUG] - Evento: <Event(768-KeyDown {'unicode': '', 'key': 1073741903, 'mod': 4096, 'scancode': 79, 'window': None})>
2025-05-19 16:57:09 - gestor_eventos - [DEBUG] - GestorEventos: KEYDOWN right (1073741903)
2025-05-19 16:57:09 - gestor_eventos - [DEBUG] - Procesando 0 eventos...
2025-05-19 16:57:09 - gestor_eventos - [DEBUG] - Procesando 1 eventos...
2025-05-19 16:57:09 - gestor_eventos - [DEBUG] - Evento: <Event(769-KeyUp {'unicode': '', 'key': 1073741903, 'mod': 4096, 'scancode': 79, 'window': None})>
2025-05-19 16:57:09 - gestor_eventos - [DEBUG] - Procesando 0 eventos...
2025-05-19 16:57:09 - gestor_eventos - [DEBUG] - Procesando 1 eventos...
2025-05-19 16:57:09 - gestor_eventos - [DEBUG] - Evento: <Event(768-KeyDown {'unicode': '', 'key': 1073741903, 'mod': 4096, 'scancode': 79, 'window': None})>
2025-05-19 16:57:09 - gestor_eventos - [DEBUG] - GestorEventos: KEYDOWN right (1073741903)
2025-05-19 16:57:09 - gestor_eventos - [DEBUG] - Procesando 0 eventos...
2025-05-19 16:57:09 - gestor_eventos - [DEBUG] - Procesando 2 eventos...
2025-05-19 16:57:09 - gestor_eventos - [DEBUG] - Evento: <Event(768-KeyDown {'unicode': 'd', 'key': 100, 'mod': 4096, 'scancode': 7, 'window': None})>
2025-05-19 16:57:09 - gestor_eventos - [DEBUG] - GestorEventos: KEYDOWN d (100)
2025-05-19 16:57:09 - gestor_eventos - [DEBUG] - Evento: <Event(771-TextInput {'text': 'd', 'window': None})>
2025-05-19 16:57:09 - gestor_eventos - [DEBUG] - Procesando 0 eventos...
2025-05-19 16:57:09 - gestor_eventos - [DEBUG] - Procesando 1 eventos...
2025-05-19 16:57:09 - gestor_eventos - [DEBUG] - Evento: <Event(769-KeyUp {'unicode': '', 'key': 1073741903, 'mod': 4096, 'scancode': 79, 'window': None})>
2025-05-19 16:57:09 - gestor_eventos - [DEBUG] - Procesando 0 eventos...
2025-05-19 16:57:09 - gestor_eventos - [DEBUG] - Procesando 1 eventos...
2025-05-19 16:57:09 - gestor_eventos - [DEBUG] - Evento: <Event(768-KeyDown {'unicode': '', 'key': 1073741903, 'mod': 4096, 'scancode': 79, 'window': None})>
2025-05-19 16:57:09 - gestor_eventos - [DEBUG] - GestorEventos: KEYDOWN right (1073741903)
2025-05-19 16:57:09 - gestor_eventos - [DEBUG] - Procesando 0 eventos...
2025-05-19 16:57:09 - gestor_eventos - [DEBUG] - Procesando 1 eventos...
2025-05-19 16:57:09 - gestor_eventos - [DEBUG] - Evento: <Event(769-KeyUp {'unicode': '', 'key': 1073741903, 'mod': 4096, 'scancode': 79, 'window': None})>
2025-05-19 16:57:09 - gestor_eventos - [DEBUG] - Procesando 0 eventos...
2025-05-19 16:57:09 - gestor_eventos - [DEBUG] - Procesando 1 eventos...
2025-05-19 16:57:09 - gestor_eventos - [DEBUG] - Evento: <Event(768-KeyDown {'unicode': '', 'key': 1073741903, 'mod': 4096, 'scancode': 79, 'window': None})>
2025-05-19 16:57:09 - gestor_eventos - [DEBUG] - GestorEventos: KEYDOWN right (1073741903)
2025-05-19 16:57:09 - gestor_eventos - [DEBUG] - Procesando 0 eventos...
2025-05-19 16:57:09 - gestor_eventos - [DEBUG] - Procesando 1 eventos...
2025-05-19 16:57:09 - gestor_eventos - [DEBUG] - Evento: <Event(769-KeyUp {'unicode': ' ', 'key': 32, 'mod': 4096, 'scancode': 44, 'window': None})>
2025-05-19 16:57:09 - gestor_eventos - [DEBUG] - Evento: <Event(769-KeyUp {'unicode': '', 'key': 1073741903, 'mod': 4096, 'scancode': 79, 'window': None})>
2025-05-19 16:57:10 - gestor_eventos - [DEBUG] - Procesando 0 eventos...
2025-05-19 16:57:10 - gestor_eventos - [DEBUG] - Procesando 0 eventos...
2025-05-19 16:57:10 - gestor_eventos - [DEBUG] - Procesando 2 eventos...
2025-05-19 16:57:10 - gestor_eventos - [DEBUG] - Evento: <Event(768-KeyDown {'unicode': ' ', 'key': 32, 'mod': 4096, 'scancode': 44, 'window': None})>
2025-05-19 16:57:10 - gestor_eventos - [DEBUG] - GestorEventos: KEYDOWN space (32)
2025-05-19 16:57:10 - gestor_eventos - [DEBUG] - GestorEventos: K_SPACE (Atacar jugador) procesado.
2025-05-19 16:57:10 - gestor_eventos - [DEBUG] - Evento: <Event(771-TextInput {'text': ' ', 'window': None})>
2025-05-19 16:57:10 - gestor_eventos - [DEBUG] - Procesando 1 eventos...
2025-05-19 16:57:10 - gestor_eventos - [DEBUG] - Evento: <Event(768-KeyDown {'unicode': '', 'key': 1073741903, 'mod': 4096, 'scancode': 79, 'window': None})>
2025-05-19 16:57:10 - gestor_eventos - [DEBUG] - GestorEventos: KEYDOWN right (1073741903)
2025-05-19 16:57:10 - gestor_eventos - [DEBUG] - Procesando 0 eventos...
2025-05-19 16:57:10 - gestor_eventos - [DEBUG] - Procesando 0 eventos...
2025-05-19 16:57:10 - gestor_eventos - [DEBUG] - Procesando 1 eventos...
2025-05-19 16:57:10 - gestor_eventos - [DEBUG] - Evento: <Event(769-KeyUp {'unicode': '', 'key': 1073741903, 'mod': 4096, 'scancode': 79, 'window': None})>
2025-05-19 16:57:10 - gestor_eventos - [DEBUG] - Procesando 0 eventos...
2025-05-19 16:57:10 - gestor_eventos - [DEBUG] - Procesando 1 eventos...
2025-05-19 16:57:10 - gestor_eventos - [DEBUG] - Evento: <Event(768-KeyDown {'unicode': '', 'key': 1073741903, 'mod': 4096, 'scancode': 79, 'window': None})>
2025-05-19 16:57:10 - gestor_eventos - [DEBUG] - GestorEventos: KEYDOWN right (1073741903)
2025-05-19 16:57:10 - gestor_eventos - [DEBUG] - Procesando 0 eventos...
2025-05-19 16:57:10 - gestor_eventos - [DEBUG] - Procesando 0 eventos...
2025-05-19 16:57:10 - gestor_eventos - [DEBUG] - Procesando 1 eventos...
2025-05-19 16:57:10 - gestor_eventos - [DEBUG] - Evento: <Event(769-KeyUp {'unicode': '', 'key': 1073741903, 'mod': 4096, 'scancode': 79, 'window': None})>
2025-05-19 16:57:10 - gestor_eventos - [DEBUG] - Procesando 0 eventos...
2025-05-19 16:57:10 - gestor_eventos - [DEBUG] - Procesando 1 eventos...
2025-05-19 16:57:10 - gestor_eventos - [DEBUG] - Evento: <Event(769-KeyUp {'unicode': ' ', 'key': 32, 'mod': 4096, 'scancode': 44, 'window': None})>
2025-05-19 16:57:10 - gestor_eventos - [DEBUG] - Procesando 0 eventos...
2025-05-19 16:57:10 - gestor_eventos - [DEBUG] - Procesando 2 eventos...
2025-05-19 16:57:10 - gestor_eventos - [DEBUG] - Evento: <Event(768-KeyDown {'unicode': 'w', 'key': 119, 'mod': 4096, 'scancode': 26, 'window': None})>
2025-05-19 16:57:10 - gestor_eventos - [DEBUG] - GestorEventos: KEYDOWN w (119)
2025-05-19 16:57:10 - gestor_eventos - [DEBUG] - Evento: <Event(771-TextInput {'text': 'w', 'window': None})>
2025-05-19 16:57:10 - gestor_eventos - [DEBUG] - Procesando 0 eventos...
2025-05-19 16:57:10 - gestor_eventos - [DEBUG] - Procesando 0 eventos...
2025-05-19 16:57:10 - gestor_eventos - [DEBUG] - Procesando 2 eventos...
2025-05-19 16:57:10 - gestor_eventos - [DEBUG] - Evento: <Event(768-KeyDown {'unicode': ' ', 'key': 32, 'mod': 4096, 'scancode': 44, 'window': None})>
2025-05-19 16:57:10 - gestor_eventos - [DEBUG] - GestorEventos: KEYDOWN space (32)
2025-05-19 16:57:10 - gestor_eventos - [DEBUG] - GestorEventos: K_SPACE (Atacar jugador) procesado.
2025-05-19 16:57:10 - gestor_eventos - [DEBUG] - Evento: <Event(771-TextInput {'text': ' ', 'window': None})>
2025-05-19 16:57:10 - gestor_eventos - [DEBUG] - Procesando 0 eventos...
2025-05-19 16:57:10 - gestor_eventos - [DEBUG] - Procesando 1 eventos...
2025-05-19 16:57:10 - gestor_eventos - [DEBUG] - Evento: <Event(769-KeyUp {'unicode': 'w', 'key': 119, 'mod': 4096, 'scancode': 26, 'window': None})>
2025-05-19 16:57:10 - gestor_eventos - [DEBUG] - Procesando 0 eventos...
2025-05-19 16:57:10 - gestor_eventos - [DEBUG] - Procesando 2 eventos...
2025-05-19 16:57:10 - gestor_eventos - [DEBUG] - Evento: <Event(768-KeyDown {'unicode': 'w', 'key': 119, 'mod': 4096, 'scancode': 26, 'window': None})>
2025-05-19 16:57:10 - gestor_eventos - [DEBUG] - GestorEventos: KEYDOWN w (119)
2025-05-19 16:57:10 - gestor_eventos - [DEBUG] - Evento: <Event(771-TextInput {'text': 'w', 'window': None})>
2025-05-19 16:57:10 - gestor_eventos - [DEBUG] - Procesando 1 eventos...
2025-05-19 16:57:10 - gestor_eventos - [DEBUG] - Evento: <Event(769-KeyUp {'unicode': ' ', 'key': 32, 'mod': 4096, 'scancode': 44, 'window': None})>
2025-05-19 16:57:10 - gestor_eventos - [DEBUG] - Procesando 0 eventos...
2025-05-19 16:57:10 - gestor_eventos - [DEBUG] - Procesando 2 eventos...
2025-05-19 16:57:10 - gestor_eventos - [DEBUG] - Evento: <Event(768-KeyDown {'unicode': ' ', 'key': 32, 'mod': 4096, 'scancode': 44, 'window': None})>
2025-05-19 16:57:10 - gestor_eventos - [DEBUG] - GestorEventos: KEYDOWN space (32)
2025-05-19 16:57:10 - gestor_eventos - [DEBUG] - GestorEventos: K_SPACE (Atacar jugador) procesado.
2025-05-19 16:57:10 - gestor_eventos - [DEBUG] - Evento: <Event(771-TextInput {'text': ' ', 'window': None})>
2025-05-19 16:57:10 - gestor_eventos - [DEBUG] - Evento: <Event(768-KeyDown {'unicode': '', 'key': 1073741905, 'mod': 4096, 'scancode': 81, 'window': None})>
2025-05-19 16:57:10 - gestor_eventos - [DEBUG] - GestorEventos: KEYDOWN down (1073741905)
2025-05-19 16:57:10 - gestor_eventos - [DEBUG] - Evento: <Event(769-KeyUp {'unicode': 'w', 'key': 119, 'mod': 4096, 'scancode': 26, 'window': None})>
2025-05-19 16:57:10 - gestor_eventos - [DEBUG] - Procesando 0 eventos...
2025-05-19 16:57:10 - gestor_eventos - [DEBUG] - Procesando 0 eventos...
2025-05-19 16:57:11 - gestor_eventos - [DEBUG] - Procesando 2 eventos...
2025-05-19 16:57:11 - gestor_eventos - [DEBUG] - Evento: <Event(768-KeyDown {'unicode': 's', 'key': 115, 'mod': 4096, 'scancode': 22, 'window': None})>
2025-05-19 16:57:11 - gestor_eventos - [DEBUG] - GestorEventos: KEYDOWN s (115)
2025-05-19 16:57:11 - gestor_eventos - [DEBUG] - Evento: <Event(771-TextInput {'text': 's', 'window': None})>
2025-05-19 16:57:11 - gestor_eventos - [DEBUG] - Procesando 1 eventos...
2025-05-19 16:57:11 - gestor_eventos - [DEBUG] - Evento: <Event(769-KeyUp {'unicode': '', 'key': 1073741905, 'mod': 4096, 'scancode': 81, 'window': None})>
2025-05-19 16:57:11 - gestor_eventos - [DEBUG] - Evento: <Event(769-KeyUp {'unicode': ' ', 'key': 32, 'mod': 4096, 'scancode': 44, 'window': None})>
2025-05-19 16:57:11 - gestor_eventos - [DEBUG] - Procesando 0 eventos...
2025-05-19 16:57:11 - gestor_eventos - [DEBUG] - Procesando 0 eventos...
2025-05-19 16:57:11 - gestor_eventos - [DEBUG] - Procesando 0 eventos...
2025-05-19 16:57:11 - gestor_eventos - [DEBUG] - Procesando 2 eventos...
2025-05-19 16:57:11 - gestor_eventos - [DEBUG] - Evento: <Event(768-KeyDown {'unicode': 'a', 'key': 97, 'mod': 4096, 'scancode': 4, 'window': None})>
2025-05-19 16:57:11 - gestor_eventos - [DEBUG] - GestorEventos: KEYDOWN a (97)
2025-05-19 16:57:11 - gestor_eventos - [DEBUG] - Evento: <Event(771-TextInput {'text': 'a', 'window': None})>
2025-05-19 16:57:11 - gestor_eventos - [DEBUG] - Procesando 1 eventos...
2025-05-19 16:57:11 - gestor_eventos - [DEBUG] - Evento: <Event(769-KeyUp {'unicode': 's', 'key': 115, 'mod': 4096, 'scancode': 22, 'window': None})>
2025-05-19 16:57:11 - gestor_eventos - [DEBUG] - Procesando 0 eventos...
2025-05-19 16:57:11 - gestor_eventos - [DEBUG] - Procesando 0 eventos...
2025-05-19 16:57:11 - gestor_eventos - [DEBUG] - Procesando 2 eventos...
2025-05-19 16:57:11 - gestor_eventos - [DEBUG] - Evento: <Event(768-KeyDown {'unicode': 'w', 'key': 119, 'mod': 4096, 'scancode': 26, 'window': None})>
2025-05-19 16:57:11 - gestor_eventos - [DEBUG] - GestorEventos: KEYDOWN w (119)
2025-05-19 16:57:11 - gestor_eventos - [DEBUG] - Evento: <Event(771-TextInput {'text': 'w', 'window': None})>
2025-05-19 16:57:11 - gestor_eventos - [DEBUG] - Procesando 1 eventos...
2025-05-19 16:57:11 - gestor_eventos - [DEBUG] - Evento: <Event(769-KeyUp {'unicode': 'd', 'key': 100, 'mod': 4096, 'scancode': 7, 'window': None})>
2025-05-19 16:57:11 - gestor_eventos - [DEBUG] - Procesando 0 eventos...
2025-05-19 16:57:11 - gestor_eventos - [DEBUG] - Evento: <Event(769-KeyUp {'unicode': 'a', 'key': 97, 'mod': 4096, 'scancode': 4, 'window': None})>
2025-05-19 16:57:11 - gestor_eventos - [DEBUG] - Procesando 0 eventos...
2025-05-19 16:57:11 - gestor_eventos - [DEBUG] - Procesando 0 eventos...
2025-05-19 16:57:11 - gestor_eventos - [DEBUG] - Procesando 2 eventos...
2025-05-19 16:57:11 - gestor_eventos - [DEBUG] - Evento: <Event(768-KeyDown {'unicode': 'a', 'key': 97, 'mod': 4096, 'scancode': 4, 'window': None})>
2025-05-19 16:57:11 - gestor_eventos - [DEBUG] - GestorEventos: KEYDOWN a (97)
2025-05-19 16:57:11 - gestor_eventos - [DEBUG] - Evento: <Event(771-TextInput {'text': 'a', 'window': None})>
2025-05-19 16:57:11 - gestor_eventos - [DEBUG] - Procesando 0 eventos...
2025-05-19 16:57:11 - gestor_eventos - [DEBUG] - Procesando 2 eventos...
2025-05-19 16:57:11 - gestor_eventos - [DEBUG] - Evento: <Event(768-KeyDown {'unicode': ' ', 'key': 32, 'mod': 4096, 'scancode': 44, 'window': None})>
2025-05-19 16:57:11 - gestor_eventos - [DEBUG] - GestorEventos: KEYDOWN space (32)
2025-05-19 16:57:11 - gestor_eventos - [DEBUG] - GestorEventos: K_SPACE (Atacar jugador) procesado.
2025-05-19 16:57:11 - gestor_eventos - [DEBUG] - Evento: <Event(771-TextInput {'text': ' ', 'window': None})>
2025-05-19 16:57:11 - gestor_eventos - [DEBUG] - Procesando 0 eventos...
2025-05-19 16:57:11 - gestor_eventos - [DEBUG] - Procesando 2 eventos...
2025-05-19 16:57:11 - gestor_eventos - [DEBUG] - Evento: <Event(769-KeyUp {'unicode': 'w', 'key': 119, 'mod': 4096, 'scancode': 26, 'window': None})>
2025-05-19 16:57:11 - gestor_eventos - [DEBUG] - Evento: <Event(769-KeyUp {'unicode': ' ', 'key': 32, 'mod': 4096, 'scancode': 44, 'window': None})>
2025-05-19 16:57:11 - gestor_eventos - [DEBUG] - Procesando 0 eventos...
2025-05-19 16:57:11 - gestor_eventos - [DEBUG] - Procesando 2 eventos...
2025-05-19 16:57:11 - gestor_eventos - [DEBUG] - Evento: <Event(768-KeyDown {'unicode': ' ', 'key': 32, 'mod': 4096, 'scancode': 44, 'window': None})>
2025-05-19 16:57:11 - gestor_eventos - [DEBUG] - GestorEventos: KEYDOWN space (32)
2025-05-19 16:57:11 - gestor_eventos - [DEBUG] - GestorEventos: K_SPACE (Atacar jugador) procesado.
2025-05-19 16:57:11 - gestor_eventos - [DEBUG] - Evento: <Event(771-TextInput {'text': ' ', 'window': None})>
2025-05-19 16:57:11 - gestor_eventos - [DEBUG] - Procesando 0 eventos...
2025-05-19 16:57:11 - gestor_eventos - [DEBUG] - Procesando 4 eventos...
2025-05-19 16:57:11 - gestor_eventos - [DEBUG] - Evento: <Event(768-KeyDown {'unicode': 'd', 'key': 100, 'mod': 4096, 'scancode': 7, 'window': None})>
2025-05-19 16:57:11 - gestor_eventos - [DEBUG] - GestorEventos: KEYDOWN d (100)
2025-05-19 16:57:11 - gestor_eventos - [DEBUG] - Evento: <Event(771-TextInput {'text': 'd', 'window': None})>
2025-05-19 16:57:11 - gestor_eventos - [DEBUG] - Evento: <Event(768-KeyDown {'unicode': 'w', 'key': 119, 'mod': 4096, 'scancode': 26, 'window': None})>
2025-05-19 16:57:11 - gestor_eventos - [DEBUG] - GestorEventos: KEYDOWN w (119)
2025-05-19 16:57:11 - gestor_eventos - [DEBUG] - Evento: <Event(771-TextInput {'text': 'w', 'window': None})>
2025-05-19 16:57:11 - gestor_eventos - [DEBUG] - Procesando 0 eventos...
2025-05-19 16:57:11 - gestor_eventos - [DEBUG] - Procesando 1 eventos...
2025-05-19 16:57:11 - gestor_eventos - [DEBUG] - Evento: <Event(769-KeyUp {'unicode': 'a', 'key': 97, 'mod': 4096, 'scancode': 4, 'window': None})>
2025-05-19 16:57:11 - gestor_eventos - [DEBUG] - Evento: <Event(769-KeyUp {'unicode': ' ', 'key': 32, 'mod': 4096, 'scancode': 44, 'window': None})>
2025-05-19 16:57:11 - gestor_eventos - [DEBUG] - Procesando 0 eventos...
2025-05-19 16:57:11 - gestor_eventos - [DEBUG] - Procesando 0 eventos...
2025-05-19 16:57:12 - gestor_eventos - [DEBUG] - Procesando 0 eventos...
2025-05-19 16:57:12 - gestor_eventos - [DEBUG] - Procesando 0 eventos...
2025-05-19 16:57:12 - gestor_eventos - [DEBUG] - Procesando 0 eventos...
2025-05-19 16:57:12 - gestor_eventos - [DEBUG] - Procesando 1 eventos...
2025-05-19 16:57:12 - gestor_eventos - [DEBUG] - Evento: <Event(769-KeyUp {'unicode': 'w', 'key': 119, 'mod': 4096, 'scancode': 26, 'window': None})>
2025-05-19 16:57:12 - gestor_eventos - [DEBUG] - Procesando 0 eventos...
2025-05-19 16:57:12 - gestor_eventos - [DEBUG] - Procesando 2 eventos...
2025-05-19 16:57:12 - gestor_eventos - [DEBUG] - Evento: <Event(768-KeyDown {'unicode': 's', 'key': 115, 'mod': 4096, 'scancode': 22, 'window': None})>
2025-05-19 16:57:12 - gestor_eventos - [DEBUG] - GestorEventos: KEYDOWN s (115)
2025-05-19 16:57:12 - gestor_eventos - [DEBUG] - Evento: <Event(771-TextInput {'text': 's', 'window': None})>
2025-05-19 16:57:12 - gestor_eventos - [DEBUG] - Procesando 0 eventos...
2025-05-19 16:57:12 - gestor_eventos - [DEBUG] - Procesando 0 eventos...
2025-05-19 16:57:12 - gestor_eventos - [DEBUG] - Procesando 0 eventos...
2025-05-19 16:57:12 - gestor_eventos - [DEBUG] - Procesando 0 eventos...
2025-05-19 16:57:12 - gestor_eventos - [DEBUG] - Procesando 1 eventos...
2025-05-19 16:57:12 - gestor_eventos - [DEBUG] - Evento: <Event(769-KeyUp {'unicode': 's', 'key': 115, 'mod': 4096, 'scancode': 22, 'window': None})>
2025-05-19 16:57:12 - gestor_eventos - [DEBUG] - Procesando 0 eventos...
2025-05-19 16:57:12 - gestor_eventos - [DEBUG] - Procesando 0 eventos...
2025-05-19 16:57:12 - gestor_eventos - [DEBUG] - Procesando 2 eventos...
2025-05-19 16:57:12 - gestor_eventos - [DEBUG] - Evento: <Event(768-KeyDown {'unicode': 's', 'key': 115, 'mod': 4096, 'scancode': 22, 'window': None})>
2025-05-19 16:57:12 - gestor_eventos - [DEBUG] - GestorEventos: KEYDOWN s (115)
2025-05-19 16:57:12 - gestor_eventos - [DEBUG] - Evento: <Event(771-TextInput {'text': 's', 'window': None})>
2025-05-19 16:57:12 - gestor_eventos - [DEBUG] - Procesando 0 eventos...
2025-05-19 16:57:12 - gestor_eventos - [DEBUG] - Procesando 2 eventos...
2025-05-19 16:57:12 - gestor_eventos - [DEBUG] - Evento: <Event(768-KeyDown {'unicode': 'a', 'key': 97, 'mod': 4096, 'scancode': 4, 'window': None})>
2025-05-19 16:57:12 - gestor_eventos - [DEBUG] - GestorEventos: KEYDOWN a (97)
2025-05-19 16:57:12 - gestor_eventos - [DEBUG] - Evento: <Event(771-TextInput {'text': 'a', 'window': None})>
2025-05-19 16:57:12 - gestor_eventos - [DEBUG] - Procesando 0 eventos...
2025-05-19 16:57:12 - gestor_eventos - [DEBUG] - Procesando 0 eventos...
2025-05-19 16:57:12 - gestor_eventos - [DEBUG] - Procesando 2 eventos...
2025-05-19 16:57:12 - gestor_eventos - [DEBUG] - Evento: <Event(769-KeyUp {'unicode': 's', 'key': 115, 'mod': 4096, 'scancode': 22, 'window': None})>
2025-05-19 16:57:12 - gestor_eventos - [DEBUG] - Evento: <Event(769-KeyUp {'unicode': 'd', 'key': 100, 'mod': 4096, 'scancode': 7, 'window': None})>
2025-05-19 16:57:12 - gestor_eventos - [DEBUG] - Procesando 0 eventos...
2025-05-19 16:57:12 - gestor_eventos - [DEBUG] - Procesando 0 eventos...
2025-05-19 16:57:12 - gestor_eventos - [DEBUG] - Procesando 2 eventos...
2025-05-19 16:57:12 - gestor_eventos - [DEBUG] - Evento: <Event(768-KeyDown {'unicode': 'w', 'key': 119, 'mod': 4096, 'scancode': 26, 'window': None})>
2025-05-19 16:57:12 - gestor_eventos - [DEBUG] - GestorEventos: KEYDOWN w (119)
2025-05-19 16:57:12 - gestor_eventos - [DEBUG] - Evento: <Event(771-TextInput {'text': 'w', 'window': None})>
2025-05-19 16:57:12 - gestor_eventos - [DEBUG] - Evento: <Event(768-KeyDown {'unicode': ' ', 'key': 32, 'mod': 4096, 'scancode': 44, 'window': None})>
2025-05-19 16:57:12 - gestor_eventos - [DEBUG] - GestorEventos: KEYDOWN space (32)
2025-05-19 16:57:12 - gestor_eventos - [DEBUG] - GestorEventos: K_SPACE (Atacar jugador) procesado.
2025-05-19 16:57:12 - gestor_eventos - [DEBUG] - Evento: <Event(771-TextInput {'text': ' ', 'window': None})>
2025-05-19 16:57:12 - gestor_eventos - [DEBUG] - Procesando 0 eventos...
2025-05-19 16:57:13 - gestor_eventos - [DEBUG] - Procesando 1 eventos...
2025-05-19 16:57:13 - gestor_eventos - [DEBUG] - Evento: <Event(768-KeyDown {'unicode': '', 'key': 1073741904, 'mod': 4096, 'scancode': 80, 'window': None})>
2025-05-19 16:57:13 - gestor_eventos - [DEBUG] - GestorEventos: KEYDOWN left (1073741904)
2025-05-19 16:57:13 - gestor_eventos - [DEBUG] - Procesando 0 eventos...
2025-05-19 16:57:13 - gestor_eventos - [DEBUG] - Procesando 1 eventos...
2025-05-19 16:57:13 - gestor_eventos - [DEBUG] - Evento: <Event(769-KeyUp {'unicode': ' ', 'key': 32, 'mod': 4096, 'scancode': 44, 'window': None})>
2025-05-19 16:57:13 - gestor_eventos - [DEBUG] - Procesando 0 eventos...
2025-05-19 16:57:13 - gestor_eventos - [DEBUG] - Procesando 2 eventos...
2025-05-19 16:57:13 - gestor_eventos - [DEBUG] - Evento: <Event(768-KeyDown {'unicode': 'd', 'key': 100, 'mod': 4096, 'scancode': 7, 'window': None})>
2025-05-19 16:57:13 - gestor_eventos - [DEBUG] - GestorEventos: KEYDOWN d (100)
2025-05-19 16:57:13 - gestor_eventos - [DEBUG] - Evento: <Event(771-TextInput {'text': 'd', 'window': None})>
2025-05-19 16:57:13 - gestor_eventos - [DEBUG] - Evento: <Event(769-KeyUp {'unicode': 'w', 'key': 119, 'mod': 4096, 'scancode': 26, 'window': None})>
2025-05-19 16:57:13 - gestor_eventos - [DEBUG] - Evento: <Event(768-KeyDown {'unicode': ' ', 'key': 32, 'mod': 4096, 'scancode': 44, 'window': None})>
2025-05-19 16:57:13 - gestor_eventos - [DEBUG] - GestorEventos: KEYDOWN space (32)
2025-05-19 16:57:13 - gestor_eventos - [DEBUG] - GestorEventos: K_SPACE (Atacar jugador) procesado.
2025-05-19 16:57:13 - gestor_eventos - [DEBUG] - Evento: <Event(771-TextInput {'text': ' ', 'window': None})>
2025-05-19 16:57:13 - gestor_eventos - [DEBUG] - Evento: <Event(769-KeyUp {'unicode': '', 'key': 1073741904, 'mod': 4096, 'scancode': 80, 'window': None})>
2025-05-19 16:57:13 - gestor_eventos - [DEBUG] - Evento: <Event(769-KeyUp {'unicode': 'a', 'key': 97, 'mod': 4096, 'scancode': 4, 'window': None})>
2025-05-19 16:57:13 - gestor_eventos - [DEBUG] - Procesando 0 eventos...
2025-05-19 16:57:13 - gestor_eventos - [DEBUG] - Procesando 2 eventos...
2025-05-19 16:57:13 - gestor_eventos - [DEBUG] - Evento: <Event(768-KeyDown {'unicode': 's', 'key': 115, 'mod': 4096, 'scancode': 22, 'window': None})>
2025-05-19 16:57:13 - gestor_eventos - [DEBUG] - GestorEventos: KEYDOWN s (115)
2025-05-19 16:57:13 - gestor_eventos - [DEBUG] - Evento: <Event(771-TextInput {'text': 's', 'window': None})>
2025-05-19 16:57:13 - gestor_eventos - [DEBUG] - Procesando 0 eventos...
2025-05-19 16:57:13 - gestor_eventos - [DEBUG] - Procesando 1 eventos...
2025-05-19 16:57:13 - gestor_eventos - [DEBUG] - Evento: <Event(769-KeyUp {'unicode': ' ', 'key': 32, 'mod': 4096, 'scancode': 44, 'window': None})>
2025-05-19 16:57:13 - gestor_eventos - [DEBUG] - Procesando 0 eventos...
2025-05-19 16:57:13 - gestor_eventos - [DEBUG] - Procesando 2 eventos...
2025-05-19 16:57:13 - gestor_eventos - [DEBUG] - Evento: <Event(768-KeyDown {'unicode': 'a', 'key': 97, 'mod': 4096, 'scancode': 4, 'window': None})>
2025-05-19 16:57:13 - gestor_eventos - [DEBUG] - GestorEventos: KEYDOWN a (97)
2025-05-19 16:57:13 - gestor_eventos - [DEBUG] - Evento: <Event(771-TextInput {'text': 'a', 'window': None})>
2025-05-19 16:57:13 - gestor_eventos - [DEBUG] - Procesando 0 eventos...
2025-05-19 16:57:13 - gestor_eventos - [DEBUG] - Procesando 1 eventos...
2025-05-19 16:57:13 - gestor_eventos - [DEBUG] - Evento: <Event(769-KeyUp {'unicode': 'd', 'key': 100, 'mod': 4096, 'scancode': 7, 'window': None})>
2025-05-19 16:57:13 - gestor_eventos - [DEBUG] - Evento: <Event(769-KeyUp {'unicode': 's', 'key': 115, 'mod': 4096, 'scancode': 22, 'window': None})>
2025-05-19 16:57:13 - gestor_eventos - [DEBUG] - Procesando 0 eventos...
2025-05-19 16:57:13 - gestor_eventos - [DEBUG] - Procesando 2 eventos...
2025-05-19 16:57:13 - gestor_eventos - [DEBUG] - Evento: <Event(768-KeyDown {'unicode': 'w', 'key': 119, 'mod': 4096, 'scancode': 26, 'window': None})>
2025-05-19 16:57:13 - gestor_eventos - [DEBUG] - GestorEventos: KEYDOWN w (119)
2025-05-19 16:57:13 - gestor_eventos - [DEBUG] - Evento: <Event(771-TextInput {'text': 'w', 'window': None})>
2025-05-19 16:57:13 - gestor_eventos - [DEBUG] - Procesando 0 eventos...
2025-05-19 16:57:13 - gestor_eventos - [DEBUG] - Procesando 3 eventos...
2025-05-19 16:57:13 - gestor_eventos - [DEBUG] - Evento: <Event(769-KeyUp {'unicode': 'a', 'key': 97, 'mod': 4096, 'scancode': 4, 'window': None})>
2025-05-19 16:57:13 - gestor_eventos - [DEBUG] - Evento: <Event(768-KeyDown {'unicode': ' ', 'key': 32, 'mod': 4096, 'scancode': 44, 'window': None})>
2025-05-19 16:57:13 - gestor_eventos - [DEBUG] - GestorEventos: KEYDOWN space (32)
2025-05-19 16:57:13 - gestor_eventos - [DEBUG] - GestorEventos: K_SPACE (Atacar jugador) procesado.
2025-05-19 16:57:13 - gestor_eventos - [DEBUG] - Evento: <Event(771-TextInput {'text': ' ', 'window': None})>
2025-05-19 16:57:13 - gestor_eventos - [DEBUG] - Procesando 0 eventos...
2025-05-19 16:57:13 - gestor_eventos - [DEBUG] - Procesando 0 eventos...
2025-05-19 16:57:13 - gestor_eventos - [DEBUG] - Procesando 2 eventos...
2025-05-19 16:57:13 - gestor_eventos - [DEBUG] - Evento: <Event(768-KeyDown {'unicode': 'd', 'key': 100, 'mod': 4096, 'scancode': 7, 'window': None})>
2025-05-19 16:57:13 - gestor_eventos - [DEBUG] - GestorEventos: KEYDOWN d (100)
2025-05-19 16:57:13 - gestor_eventos - [DEBUG] - Evento: <Event(771-TextInput {'text': 'd', 'window': None})>
2025-05-19 16:57:13 - gestor_eventos - [DEBUG] - Procesando 0 eventos...
2025-05-19 16:57:13 - gestor_eventos - [DEBUG] - Procesando 0 eventos...
2025-05-19 16:57:13 - gestor_eventos - [DEBUG] - Procesando 0 eventos...
2025-05-19 16:57:13 - gestor_eventos - [DEBUG] - Procesando 1 eventos...
2025-05-19 16:57:13 - gestor_eventos - [DEBUG] - Evento: <Event(769-KeyUp {'unicode': 'w', 'key': 119, 'mod': 4096, 'scancode': 26, 'window': None})>
2025-05-19 16:57:13 - gestor_eventos - [DEBUG] - Procesando 0 eventos...
2025-05-19 16:57:14 - gestor_eventos - [DEBUG] - Evento: <Event(769-KeyUp {'unicode': ' ', 'key': 32, 'mod': 4096, 'scancode': 44, 'window': None})>
2025-05-19 16:57:14 - gestor_eventos - [DEBUG] - Procesando 0 eventos...
2025-05-19 16:57:14 - gestor_eventos - [DEBUG] - Procesando 2 eventos...
2025-05-19 16:57:14 - gestor_eventos - [DEBUG] - Evento: <Event(768-KeyDown {'unicode': 'w', 'key': 119, 'mod': 4096, 'scancode': 26, 'window': None})>
2025-05-19 16:57:14 - gestor_eventos - [DEBUG] - GestorEventos: KEYDOWN w (119)
2025-05-19 16:57:14 - gestor_eventos - [DEBUG] - Evento: <Event(771-TextInput {'text': 'w', 'window': None})>
2025-05-19 16:57:14 - gestor_eventos - [DEBUG] - Procesando 0 eventos...
2025-05-19 16:57:14 - gestor_eventos - [DEBUG] - Procesando 0 eventos...
2025-05-19 16:57:14 - gestor_eventos - [DEBUG] - Procesando 0 eventos...
2025-05-19 16:57:14 - gestor_eventos - [DEBUG] - Procesando 0 eventos...
2025-05-19 16:57:14 - gestor_eventos - [DEBUG] - Procesando 0 eventos...
2025-05-19 16:57:14 - gestor_eventos - [DEBUG] - Procesando 0 eventos...
2025-05-19 16:57:14 - gestor_eventos - [DEBUG] - Procesando 0 eventos...
2025-05-19 16:57:14 - gestor_eventos - [DEBUG] - Procesando 0 eventos...
2025-05-19 16:57:14 - gestor_eventos - [DEBUG] - Procesando 1 eventos...
2025-05-19 16:57:14 - gestor_eventos - [DEBUG] - Evento: <Event(771-TextInput {'text': 'w', 'window': None})>
2025-05-19 16:57:14 - gestor_eventos - [DEBUG] - Evento: <Event(769-KeyUp {'unicode': 'w', 'key': 119, 'mod': 4096, 'scancode': 26, 'window': None})>
2025-05-19 16:57:14 - gestor_eventos - [DEBUG] - Procesando 0 eventos...
2025-05-19 16:57:14 - gestor_eventos - [DEBUG] - Evento: <Event(769-KeyUp {'unicode': 'd', 'key': 100, 'mod': 4096, 'scancode': 7, 'window': None})>
2025-05-19 16:57:14 - gestor_eventos - [DEBUG] - Procesando 0 eventos...
2025-05-19 16:57:14 - gestor_eventos - [DEBUG] - Procesando 0 eventos...
2025-05-19 16:57:14 - gestor_eventos - [DEBUG] - Procesando 1 eventos...
2025-05-19 16:57:14 - gestor_eventos - [DEBUG] - Evento: <Event(768-KeyDown {'unicode': '\x1b', 'key': 27, 'mod': 4096, 'scancode': 41, 'window': None})>
2025-05-19 16:57:14 - gestor_eventos - [DEBUG] - GestorEventos: KEYDOWN escape (27)
2025-05-19 16:57:14 - gestor_eventos - [INFO] - GestorEventos: Solicitud de SALIR recibida (ESCAPE).
