2025-05-19 16:56:56 - gestor_estado - [DEBUG] - GestorEstado inicializado.
2025-05-19 16:56:56 - gestor_estado - [DEBUG] -   GestorEstado: Actualizando 2 enemigos...
2025-05-19 16:56:56 - gestor_estado - [DEBUG] -   GestorEstado: Actualizando jugador...
2025-05-19 16:56:56 - gestor_estado - [DEBUG] -   GestorEstado: Actualizando 2 enemigos...
2025-05-19 16:56:56 - gestor_estado - [DEBUG] -   GestorEstado: Actualizando jugador...
2025-05-19 16:56:56 - gestor_estado - [DEBUG] -   GestorEstado: Actualizando 2 enemigos...
2025-05-19 16:56:56 - gestor_estado - [DEBUG] -   GestorEstado: Actualizando jugador...
2025-05-19 16:56:56 - gestor_estado - [DEBUG] -   GestorEstado: Actualizando 2 enemigos...
2025-05-19 16:56:56 - gestor_estado - [DEBUG] -   GestorEstado: Actualizando jugador...
2025-05-19 16:56:56 - gestor_estado - [DEBUG] -   GestorEstado: Actualizando 2 enemigos...
2025-05-19 16:56:56 - gestor_estado - [DEBUG] -   GestorEstado: Actualizando jugador...
2025-05-19 16:56:57 - gestor_estado - [DEBUG] -   GestorEstado: Actualizando 2 enemigos...
2025-05-19 16:56:57 - gestor_estado - [DEBUG] -   GestorEstado: Actualizando jugador...
2025-05-19 16:56:57 - gestor_estado - [DEBUG] -   GestorEstado: Actualizando 2 enemigos...
2025-05-19 16:56:57 - gestor_estado - [DEBUG] -   GestorEstado: Actualizando jugador...
2025-05-19 16:56:57 - gestor_estado - [DEBUG] -   GestorEstado: Actualizando 2 enemigos...
2025-05-19 16:56:57 - gestor_estado - [DEBUG] -   GestorEstado: Actualizando jugador...
2025-05-19 16:56:57 - gestor_estado - [DEBUG] -   GestorEstado: Actualizando 2 enemigos...
2025-05-19 16:56:57 - gestor_estado - [DEBUG] -   GestorEstado: Actualizando jugador...
2025-05-19 16:56:57 - gestor_estado - [DEBUG] -   GestorEstado: Actualizando 2 enemigos...
2025-05-19 16:56:57 - gestor_estado - [DEBUG] -   GestorEstado: Actualizando jugador...
2025-05-19 16:56:57 - gestor_estado - [DEBUG] -   GestorEstado: Actualizando 2 enemigos...
2025-05-19 16:56:57 - gestor_estado - [DEBUG] -   GestorEstado: Actualizando jugador...
2025-05-19 16:56:57 - gestor_estado - [DEBUG] -   GestorEstado: Actualizando 2 enemigos...
2025-05-19 16:56:57 - gestor_estado - [DEBUG] -   GestorEstado: Actualizando jugador...
2025-05-19 16:56:57 - gestor_estado - [DEBUG] -   GestorEstado: Actualizando 2 enemigos...
2025-05-19 16:56:57 - gestor_estado - [DEBUG] -   GestorEstado: Actualizando jugador...
2025-05-19 16:56:57 - gestor_estado - [DEBUG] -   GestorEstado: Actualizando 2 enemigos...
2025-05-19 16:56:57 - gestor_estado - [DEBUG] -   GestorEstado: Actualizando jugador...
2025-05-19 16:56:57 - gestor_estado - [DEBUG] -   GestorEstado: Actualizando 2 enemigos...
2025-05-19 16:56:57 - gestor_estado - [DEBUG] -   GestorEstado: Actualizando jugador...
2025-05-19 16:56:57 - gestor_estado - [DEBUG] -   GestorEstado: Actualizando 2 enemigos...
2025-05-19 16:56:57 - gestor_estado - [DEBUG] -   GestorEstado: Actualizando jugador...
2025-05-19 16:56:57 - gestor_estado - [DEBUG] -   GestorEstado: Actualizando 2 enemigos...
2025-05-19 16:56:57 - gestor_estado - [DEBUG] -   GestorEstado: Actualizando jugador...
2025-05-19 16:56:57 - gestor_estado - [DEBUG] -   GestorEstado: Actualizando 2 enemigos...
2025-05-19 16:56:57 - gestor_estado - [DEBUG] -   GestorEstado: Actualizando jugador...
2025-05-19 16:56:57 - gestor_estado - [DEBUG] -   GestorEstado: Actualizando 2 enemigos...
2025-05-19 16:56:57 - gestor_estado - [DEBUG] -   GestorEstado: Actualizando jugador...
2025-05-19 16:56:57 - gestor_estado - [DEBUG] -   GestorEstado: Actualizando 2 enemigos...
2025-05-19 16:56:57 - gestor_estado - [DEBUG] -   GestorEstado: Actualizando jugador...
2025-05-19 16:56:57 - gestor_estado - [DEBUG] -   GestorEstado: Actualizando 2 enemigos...
2025-05-19 16:56:57 - gestor_estado - [DEBUG] -   GestorEstado: Actualizando jugador...
2025-05-19 16:56:57 - gestor_estado - [DEBUG] -   GestorEstado: Actualizando 2 enemigos...
2025-05-19 16:56:57 - gestor_estado - [DEBUG] -   GestorEstado: Actualizando jugador...
2025-05-19 16:56:58 - gestor_estado - [DEBUG] -   GestorEstado: Actualizando 2 enemigos...
2025-05-19 16:56:58 - gestor_estado - [DEBUG] -   GestorEstado: Actualizando jugador...
2025-05-19 16:56:58 - gestor_estado - [DEBUG] -   GestorEstado: Actualizando 2 enemigos...
2025-05-19 16:56:58 - gestor_estado - [DEBUG] -   GestorEstado: Actualizando jugador...
2025-05-19 16:56:58 - gestor_estado - [DEBUG] -   GestorEstado: Actualizando 2 enemigos...
2025-05-19 16:56:58 - gestor_estado - [DEBUG] -   GestorEstado: Actualizando jugador...
2025-05-19 16:56:58 - gestor_estado - [DEBUG] -   GestorEstado: Actualizando 2 enemigos...
2025-05-19 16:56:58 - gestor_estado - [DEBUG] -   GestorEstado: Actualizando jugador...
2025-05-19 16:56:58 - gestor_estado - [DEBUG] -   GestorEstado: Actualizando 2 enemigos...
2025-05-19 16:56:58 - gestor_estado - [DEBUG] -   GestorEstado: Actualizando jugador...
2025-05-19 16:56:58 - gestor_estado - [DEBUG] -   GestorEstado: Actualizando 2 enemigos...
2025-05-19 16:56:58 - gestor_estado - [DEBUG] -   GestorEstado: Actualizando jugador...
2025-05-19 16:56:58 - gestor_estado - [DEBUG] -   GestorEstado: Actualizando 2 enemigos...
2025-05-19 16:56:58 - gestor_estado - [DEBUG] -   GestorEstado: Actualizando jugador...
2025-05-19 16:56:58 - gestor_estado - [DEBUG] -   GestorEstado: Actualizando jugador...
2025-05-19 16:56:58 - gestor_estado - [DEBUG] -   GestorEstado: Actualizando 2 enemigos...
2025-05-19 16:56:58 - gestor_estado - [DEBUG] -   GestorEstado: Actualizando jugador...
2025-05-19 16:56:58 - gestor_estado - [DEBUG] -   GestorEstado: Actualizando 2 enemigos...
2025-05-19 16:56:58 - gestor_estado - [DEBUG] -   GestorEstado: Actualizando jugador...
2025-05-19 16:56:58 - gestor_estado - [DEBUG] -   GestorEstado: Actualizando 2 enemigos...
2025-05-19 16:56:58 - gestor_estado - [DEBUG] -   GestorEstado: Actualizando jugador...
2025-05-19 16:56:58 - gestor_estado - [DEBUG] -   GestorEstado: Actualizando 2 enemigos...
2025-05-19 16:56:58 - gestor_estado - [DEBUG] -   GestorEstado: Actualizando jugador...
2025-05-19 16:56:58 - gestor_estado - [DEBUG] -   GestorEstado: Actualizando 2 enemigos...
2025-05-19 16:56:58 - gestor_estado - [DEBUG] -   GestorEstado: Actualizando jugador...
2025-05-19 16:56:58 - gestor_estado - [DEBUG] -   GestorEstado: Actualizando 2 enemigos...
2025-05-19 16:56:58 - gestor_estado - [DEBUG] -   GestorEstado: Actualizando 2 enemigos...
2025-05-19 16:56:58 - gestor_estado - [DEBUG] -   GestorEstado: Actualizando jugador...
2025-05-19 16:56:58 - gestor_estado - [DEBUG] -   GestorEstado: Actualizando 2 enemigos...
2025-05-19 16:56:58 - gestor_estado - [DEBUG] -   GestorEstado: Actualizando jugador...
2025-05-19 16:56:58 - gestor_estado - [DEBUG] -   GestorEstado: Actualizando 2 enemigos...
2025-05-19 16:56:58 - gestor_estado - [DEBUG] -   GestorEstado: Actualizando jugador...
2025-05-19 16:56:59 - gestor_estado - [DEBUG] -   GestorEstado: Actualizando 2 enemigos...
2025-05-19 16:56:59 - gestor_estado - [DEBUG] -   GestorEstado: Actualizando jugador...
2025-05-19 16:56:59 - gestor_estado - [DEBUG] -   GestorEstado: Actualizando 2 enemigos...
2025-05-19 16:56:59 - gestor_estado - [DEBUG] -   GestorEstado: Actualizando jugador...
2025-05-19 16:56:59 - gestor_estado - [DEBUG] -   GestorEstado: Actualizando 2 enemigos...
2025-05-19 16:56:59 - gestor_estado - [DEBUG] -   GestorEstado: Actualizando jugador...
2025-05-19 16:56:59 - gestor_estado - [DEBUG] -   GestorEstado: Actualizando 2 enemigos...
2025-05-19 16:56:59 - gestor_estado - [DEBUG] -   GestorEstado: Actualizando jugador...
2025-05-19 16:56:59 - gestor_estado - [DEBUG] -   GestorEstado: Actualizando 2 enemigos...
2025-05-19 16:56:59 - gestor_estado - [DEBUG] -   GestorEstado: Actualizando jugador...
2025-05-19 16:56:59 - gestor_estado - [DEBUG] -   GestorEstado: Actualizando 2 enemigos...
2025-05-19 16:56:59 - gestor_estado - [DEBUG] -   GestorEstado: Actualizando jugador...
2025-05-19 16:56:59 - gestor_estado - [DEBUG] -   GestorEstado: Actualizando 2 enemigos...
2025-05-19 16:56:59 - gestor_estado - [DEBUG] -   GestorEstado: Actualizando jugador...
2025-05-19 16:56:59 - gestor_estado - [DEBUG] -   GestorEstado: Actualizando 2 enemigos...
2025-05-19 16:56:59 - gestor_estado - [DEBUG] -   GestorEstado: Actualizando jugador...
2025-05-19 16:56:59 - gestor_estado - [DEBUG] -   GestorEstado: Actualizando 2 enemigos...
2025-05-19 16:56:59 - gestor_estado - [DEBUG] -   GestorEstado: Actualizando jugador...
2025-05-19 16:56:59 - gestor_estado - [DEBUG] -   GestorEstado: Actualizando 2 enemigos...
2025-05-19 16:56:59 - gestor_estado - [DEBUG] -   GestorEstado: Actualizando jugador...
2025-05-19 16:56:59 - gestor_estado - [DEBUG] -   GestorEstado: Actualizando 2 enemigos...
2025-05-19 16:56:59 - gestor_estado - [DEBUG] -   GestorEstado: Actualizando jugador...
2025-05-19 16:56:59 - gestor_estado - [DEBUG] -   GestorEstado: Actualizando 2 enemigos...
2025-05-19 16:56:59 - gestor_estado - [DEBUG] -   GestorEstado: Actualizando jugador...
2025-05-19 16:56:59 - gestor_estado - [DEBUG] -   GestorEstado: Actualizando 2 enemigos...
2025-05-19 16:56:59 - gestor_estado - [DEBUG] -   GestorEstado: Actualizando jugador...
2025-05-19 16:56:59 - gestor_estado - [DEBUG] -   GestorEstado: Actualizando 2 enemigos...
2025-05-19 16:56:59 - gestor_estado - [DEBUG] -   GestorEstado: Actualizando jugador...
2025-05-19 16:56:59 - gestor_estado - [DEBUG] -   GestorEstado: Actualizando 2 enemigos...
2025-05-19 16:56:59 - gestor_estado - [DEBUG] -   GestorEstado: Actualizando jugador...
2025-05-19 16:56:59 - gestor_estado - [DEBUG] -   GestorEstado: Actualizando 2 enemigos...
2025-05-19 16:56:59 - gestor_estado - [DEBUG] -   GestorEstado: Actualizando jugador...
2025-05-19 16:57:00 - gestor_estado - [DEBUG] -   GestorEstado: Actualizando 2 enemigos...
2025-05-19 16:57:00 - gestor_estado - [DEBUG] -   GestorEstado: Actualizando jugador...
2025-05-19 16:57:00 - gestor_estado - [DEBUG] -   GestorEstado: Actualizando 2 enemigos...
2025-05-19 16:57:00 - gestor_estado - [DEBUG] -   GestorEstado: Actualizando jugador...
2025-05-19 16:57:00 - gestor_estado - [DEBUG] -   GestorEstado: Actualizando 2 enemigos...
2025-05-19 16:57:00 - gestor_estado - [DEBUG] -   GestorEstado: Actualizando jugador...
2025-05-19 16:57:00 - gestor_estado - [DEBUG] -   GestorEstado: Actualizando 2 enemigos...
2025-05-19 16:57:00 - gestor_estado - [DEBUG] -   GestorEstado: Actualizando jugador...
2025-05-19 16:57:00 - gestor_estado - [DEBUG] -   GestorEstado: Actualizando 2 enemigos...
2025-05-19 16:57:00 - gestor_estado - [DEBUG] -   GestorEstado: Actualizando jugador...
2025-05-19 16:57:00 - gestor_estado - [DEBUG] -   GestorEstado: Actualizando 2 enemigos...
2025-05-19 16:57:00 - gestor_estado - [DEBUG] -   GestorEstado: Actualizando jugador...
2025-05-19 16:57:00 - gestor_estado - [DEBUG] -   GestorEstado: Actualizando 2 enemigos...
2025-05-19 16:57:00 - gestor_estado - [DEBUG] -   GestorEstado: Actualizando jugador...
2025-05-19 16:57:00 - gestor_estado - [DEBUG] -   GestorEstado: Actualizando 2 enemigos...
2025-05-19 16:57:00 - gestor_estado - [DEBUG] -   GestorEstado: Actualizando jugador...
2025-05-19 16:57:00 - gestor_estado - [DEBUG] -   GestorEstado: Actualizando 2 enemigos...
2025-05-19 16:57:00 - gestor_estado - [DEBUG] -   GestorEstado: Actualizando jugador...
2025-05-19 16:57:00 - gestor_estado - [DEBUG] -   GestorEstado: Actualizando 2 enemigos...
2025-05-19 16:57:00 - gestor_estado - [DEBUG] -   GestorEstado: Actualizando jugador...
2025-05-19 16:57:00 - gestor_estado - [DEBUG] -   GestorEstado: Actualizando 2 enemigos...
2025-05-19 16:57:00 - gestor_estado - [DEBUG] -   GestorEstado: Actualizando jugador...
2025-05-19 16:57:00 - gestor_estado - [DEBUG] -   GestorEstado: Actualizando 2 enemigos...
2025-05-19 16:57:00 - gestor_estado - [DEBUG] -   GestorEstado: Actualizando jugador...
2025-05-19 16:57:00 - gestor_estado - [DEBUG] -   GestorEstado: Actualizando 2 enemigos...
2025-05-19 16:57:00 - gestor_estado - [DEBUG] -   GestorEstado: Actualizando jugador...
2025-05-19 16:57:00 - gestor_estado - [DEBUG] -   GestorEstado: Actualizando 2 enemigos...
2025-05-19 16:57:00 - gestor_estado - [DEBUG] -   GestorEstado: Actualizando jugador...
2025-05-19 16:57:00 - gestor_estado - [DEBUG] -   GestorEstado: Actualizando 2 enemigos...
2025-05-19 16:57:00 - gestor_estado - [DEBUG] -   GestorEstado: Actualizando jugador...
2025-05-19 16:57:00 - gestor_estado - [DEBUG] -   GestorEstado: Actualizando 2 enemigos...
2025-05-19 16:57:00 - gestor_estado - [DEBUG] -   GestorEstado: Actualizando jugador...
2025-05-19 16:57:00 - gestor_estado - [DEBUG] -   GestorEstado: Actualizando 2 enemigos...
2025-05-19 16:57:01 - gestor_estado - [DEBUG] -   GestorEstado: Actualizando jugador...
2025-05-19 16:57:01 - gestor_estado - [DEBUG] -   GestorEstado: Actualizando 2 enemigos...
2025-05-19 16:57:01 - gestor_estado - [DEBUG] -   GestorEstado: Actualizando jugador...
2025-05-19 16:57:01 - gestor_estado - [DEBUG] -   GestorEstado: Actualizando 2 enemigos...
2025-05-19 16:57:01 - gestor_estado - [DEBUG] -   GestorEstado: Actualizando jugador...
2025-05-19 16:57:01 - gestor_estado - [DEBUG] -   GestorEstado: Actualizando 2 enemigos...
2025-05-19 16:57:01 - gestor_estado - [DEBUG] -   GestorEstado: Actualizando jugador...
2025-05-19 16:57:01 - gestor_estado - [DEBUG] -   GestorEstado: Actualizando 2 enemigos...
2025-05-19 16:57:01 - gestor_estado - [DEBUG] -   GestorEstado: Actualizando jugador...
2025-05-19 16:57:01 - gestor_estado - [DEBUG] -   GestorEstado: Actualizando 2 enemigos...
2025-05-19 16:57:01 - gestor_estado - [DEBUG] -   GestorEstado: Actualizando jugador...
2025-05-19 16:57:01 - gestor_estado - [DEBUG] -   GestorEstado: Actualizando 2 enemigos...
2025-05-19 16:57:01 - gestor_estado - [DEBUG] -   GestorEstado: Actualizando jugador...
2025-05-19 16:57:01 - gestor_estado - [DEBUG] -   GestorEstado: Actualizando 2 enemigos...
2025-05-19 16:57:01 - gestor_estado - [DEBUG] -   GestorEstado: Actualizando 2 enemigos...
2025-05-19 16:57:01 - gestor_estado - [DEBUG] -   GestorEstado: Actualizando jugador...
2025-05-19 16:57:01 - gestor_estado - [DEBUG] -   GestorEstado: Actualizando 2 enemigos...
2025-05-19 16:57:01 - gestor_estado - [DEBUG] -   GestorEstado: Actualizando jugador...
2025-05-19 16:57:01 - gestor_estado - [DEBUG] -   GestorEstado: Actualizando 2 enemigos...
2025-05-19 16:57:01 - gestor_estado - [DEBUG] -   GestorEstado: Actualizando jugador...
2025-05-19 16:57:01 - gestor_estado - [DEBUG] -   GestorEstado: Actualizando 2 enemigos...
2025-05-19 16:57:01 - gestor_estado - [DEBUG] -   GestorEstado: Actualizando jugador...
2025-05-19 16:57:01 - gestor_estado - [DEBUG] -   GestorEstado: Actualizando 2 enemigos...
2025-05-19 16:57:01 - gestor_estado - [DEBUG] -   GestorEstado: Actualizando jugador...
2025-05-19 16:57:01 - gestor_estado - [DEBUG] -   GestorEstado: Actualizando 2 enemigos...
2025-05-19 16:57:01 - gestor_estado - [DEBUG] -   GestorEstado: Actualizando jugador...
2025-05-19 16:57:01 - gestor_estado - [DEBUG] -   GestorEstado: Actualizando 2 enemigos...
2025-05-19 16:57:01 - gestor_estado - [DEBUG] -   GestorEstado: Actualizando jugador...
2025-05-19 16:57:01 - gestor_estado - [DEBUG] -   GestorEstado: Actualizando 2 enemigos...
2025-05-19 16:57:01 - gestor_estado - [DEBUG] -   GestorEstado: Actualizando jugador...
2025-05-19 16:57:01 - gestor_estado - [DEBUG] -   GestorEstado: Actualizando 2 enemigos...
2025-05-19 16:57:01 - gestor_estado - [DEBUG] -   GestorEstado: Actualizando jugador...
2025-05-19 16:57:02 - gestor_estado - [DEBUG] -   GestorEstado: Actualizando 2 enemigos...
2025-05-19 16:57:02 - gestor_estado - [DEBUG] -   GestorEstado: Actualizando jugador...
2025-05-19 16:57:02 - gestor_estado - [DEBUG] -   GestorEstado: Actualizando 2 enemigos...
2025-05-19 16:57:02 - gestor_estado - [DEBUG] -   GestorEstado: Actualizando jugador...
2025-05-19 16:57:02 - gestor_estado - [DEBUG] -   GestorEstado: Actualizando 2 enemigos...
2025-05-19 16:57:02 - gestor_estado - [DEBUG] -   GestorEstado: Actualizando jugador...
2025-05-19 16:57:02 - gestor_estado - [DEBUG] -   GestorEstado: Actualizando 2 enemigos...
2025-05-19 16:57:02 - gestor_estado - [DEBUG] -   GestorEstado: Actualizando jugador...
2025-05-19 16:57:02 - gestor_estado - [DEBUG] -   GestorEstado: Actualizando 2 enemigos...
2025-05-19 16:57:02 - gestor_estado - [DEBUG] -   GestorEstado: Actualizando jugador...
2025-05-19 16:57:02 - gestor_estado - [DEBUG] -   GestorEstado: Actualizando 2 enemigos...
2025-05-19 16:57:02 - gestor_estado - [DEBUG] -   GestorEstado: Actualizando jugador...
2025-05-19 16:57:02 - gestor_estado - [DEBUG] -   GestorEstado: Actualizando 2 enemigos...
2025-05-19 16:57:02 - gestor_estado - [DEBUG] -   GestorEstado: Actualizando jugador...
2025-05-19 16:57:02 - gestor_estado - [DEBUG] -   GestorEstado: Actualizando 2 enemigos...
2025-05-19 16:57:02 - gestor_estado - [DEBUG] -   GestorEstado: Actualizando jugador...
2025-05-19 16:57:02 - gestor_estado - [DEBUG] -   GestorEstado: Actualizando 2 enemigos...
2025-05-19 16:57:02 - gestor_estado - [DEBUG] -   GestorEstado: Actualizando jugador...
2025-05-19 16:57:02 - gestor_estado - [DEBUG] -   GestorEstado: Actualizando 2 enemigos...
2025-05-19 16:57:02 - gestor_estado - [DEBUG] -   GestorEstado: Actualizando jugador...
2025-05-19 16:57:02 - gestor_estado - [DEBUG] -   GestorEstado: Actualizando 2 enemigos...
2025-05-19 16:57:02 - gestor_estado - [DEBUG] -   GestorEstado: Actualizando jugador...
2025-05-19 16:57:02 - gestor_estado - [DEBUG] -   GestorEstado: Actualizando 2 enemigos...
2025-05-19 16:57:02 - gestor_estado - [DEBUG] -   GestorEstado: Actualizando jugador...
2025-05-19 16:57:02 - gestor_estado - [DEBUG] -   GestorEstado: Actualizando 2 enemigos...
2025-05-19 16:57:02 - gestor_estado - [DEBUG] -   GestorEstado: Actualizando jugador...
2025-05-19 16:57:02 - gestor_estado - [DEBUG] -   GestorEstado: Actualizando 2 enemigos...
2025-05-19 16:57:02 - gestor_estado - [DEBUG] -   GestorEstado: Actualizando jugador...
2025-05-19 16:57:02 - gestor_estado - [DEBUG] -   GestorEstado: Actualizando 2 enemigos...
2025-05-19 16:57:02 - gestor_estado - [DEBUG] -   GestorEstado: Actualizando jugador...
2025-05-19 16:57:02 - gestor_estado - [DEBUG] -   GestorEstado: Actualizando 2 enemigos...
2025-05-19 16:57:02 - gestor_estado - [DEBUG] -   GestorEstado: Actualizando jugador...
2025-05-19 16:57:02 - gestor_estado - [DEBUG] -   GestorEstado: Actualizando 2 enemigos...
2025-05-19 16:57:02 - gestor_estado - [DEBUG] -   GestorEstado: Actualizando jugador...
2025-05-19 16:57:03 - gestor_estado - [DEBUG] -   GestorEstado: Actualizando 2 enemigos...
2025-05-19 16:57:03 - gestor_estado - [DEBUG] -   GestorEstado: Actualizando jugador...
2025-05-19 16:57:03 - gestor_estado - [DEBUG] -   GestorEstado: Actualizando 2 enemigos...
2025-05-19 16:57:03 - gestor_estado - [DEBUG] -   GestorEstado: Actualizando jugador...
2025-05-19 16:57:03 - gestor_estado - [DEBUG] -   GestorEstado: Actualizando 2 enemigos...
2025-05-19 16:57:03 - gestor_estado - [DEBUG] -   GestorEstado: Actualizando jugador...
2025-05-19 16:57:03 - gestor_estado - [DEBUG] -   GestorEstado: Actualizando 2 enemigos...
2025-05-19 16:57:03 - gestor_estado - [DEBUG] -   GestorEstado: Actualizando jugador...
2025-05-19 16:57:03 - gestor_estado - [DEBUG] -   GestorEstado: Actualizando 2 enemigos...
2025-05-19 16:57:03 - gestor_estado - [DEBUG] -   GestorEstado: Actualizando jugador...
2025-05-19 16:57:03 - gestor_estado - [DEBUG] -   GestorEstado: Actualizando 2 enemigos...
2025-05-19 16:57:03 - gestor_estado - [DEBUG] -   GestorEstado: Actualizando jugador...
2025-05-19 16:57:03 - gestor_estado - [DEBUG] -   GestorEstado: Actualizando 2 enemigos...
2025-05-19 16:57:03 - gestor_estado - [DEBUG] -   GestorEstado: Actualizando jugador...
2025-05-19 16:57:03 - gestor_estado - [DEBUG] -   GestorEstado: Actualizando 2 enemigos...
2025-05-19 16:57:03 - gestor_estado - [DEBUG] -   GestorEstado: Actualizando jugador...
2025-05-19 16:57:03 - gestor_estado - [DEBUG] -   GestorEstado: Actualizando 2 enemigos...
2025-05-19 16:57:03 - gestor_estado - [DEBUG] -   GestorEstado: Actualizando jugador...
2025-05-19 16:57:03 - gestor_estado - [DEBUG] -   GestorEstado: Actualizando 2 enemigos...
2025-05-19 16:57:03 - gestor_estado - [DEBUG] -   GestorEstado: Actualizando jugador...
2025-05-19 16:57:03 - gestor_estado - [DEBUG] -   GestorEstado: Actualizando 2 enemigos...
2025-05-19 16:57:03 - gestor_estado - [DEBUG] -   GestorEstado: Actualizando jugador...
2025-05-19 16:57:03 - gestor_estado - [DEBUG] -   GestorEstado: Actualizando 2 enemigos...
2025-05-19 16:57:03 - gestor_estado - [DEBUG] -   GestorEstado: Actualizando jugador...
2025-05-19 16:57:03 - gestor_estado - [DEBUG] -   GestorEstado: Actualizando 2 enemigos...
2025-05-19 16:57:03 - gestor_estado - [DEBUG] -   GestorEstado: Actualizando jugador...
2025-05-19 16:57:03 - gestor_estado - [DEBUG] -   GestorEstado: Actualizando 2 enemigos...
2025-05-19 16:57:03 - gestor_estado - [DEBUG] -   GestorEstado: Actualizando jugador...
2025-05-19 16:57:03 - gestor_estado - [DEBUG] -   GestorEstado: Actualizando 2 enemigos...
2025-05-19 16:57:03 - gestor_estado - [DEBUG] -   GestorEstado: Actualizando jugador...
2025-05-19 16:57:03 - gestor_estado - [DEBUG] -   GestorEstado: Actualizando 2 enemigos...
2025-05-19 16:57:03 - gestor_estado - [DEBUG] -   GestorEstado: Actualizando jugador...
2025-05-19 16:57:04 - gestor_estado - [DEBUG] -   GestorEstado: Actualizando 2 enemigos...
2025-05-19 16:57:04 - gestor_estado - [DEBUG] -   GestorEstado: Actualizando jugador...
2025-05-19 16:57:04 - gestor_estado - [DEBUG] -   GestorEstado: Actualizando 2 enemigos...
2025-05-19 16:57:04 - gestor_estado - [DEBUG] -   GestorEstado: Actualizando jugador...
2025-05-19 16:57:04 - gestor_estado - [DEBUG] -   GestorEstado: Actualizando 2 enemigos...
2025-05-19 16:57:04 - gestor_estado - [DEBUG] -   GestorEstado: Actualizando jugador...
2025-05-19 16:57:04 - gestor_estado - [DEBUG] -   GestorEstado: Actualizando 2 enemigos...
2025-05-19 16:57:04 - gestor_estado - [DEBUG] -   GestorEstado: Actualizando jugador...
2025-05-19 16:57:04 - gestor_estado - [DEBUG] -   GestorEstado: Actualizando 2 enemigos...
2025-05-19 16:57:04 - gestor_estado - [DEBUG] -   GestorEstado: Actualizando jugador...
2025-05-19 16:57:04 - gestor_estado - [DEBUG] -   GestorEstado: Actualizando 2 enemigos...
2025-05-19 16:57:04 - gestor_estado - [DEBUG] -   GestorEstado: Actualizando jugador...
2025-05-19 16:57:04 - gestor_estado - [DEBUG] -   GestorEstado: Actualizando 2 enemigos...
2025-05-19 16:57:04 - gestor_estado - [DEBUG] -   GestorEstado: Actualizando jugador...
2025-05-19 16:57:04 - gestor_estado - [DEBUG] -   GestorEstado: Actualizando 2 enemigos...
2025-05-19 16:57:04 - gestor_estado - [DEBUG] -   GestorEstado: Actualizando jugador...
2025-05-19 16:57:04 - gestor_estado - [DEBUG] -   GestorEstado: Actualizando 2 enemigos...
2025-05-19 16:57:04 - gestor_estado - [DEBUG] -   GestorEstado: Actualizando jugador...
2025-05-19 16:57:04 - gestor_estado - [DEBUG] -   GestorEstado: Actualizando 2 enemigos...
2025-05-19 16:57:04 - gestor_estado - [DEBUG] -   GestorEstado: Actualizando jugador...
2025-05-19 16:57:04 - gestor_estado - [DEBUG] -   GestorEstado: Actualizando 2 enemigos...
2025-05-19 16:57:04 - gestor_estado - [DEBUG] -   GestorEstado: Actualizando jugador...
2025-05-19 16:57:04 - gestor_estado - [DEBUG] -   GestorEstado: Actualizando 2 enemigos...
2025-05-19 16:57:04 - gestor_estado - [DEBUG] -   GestorEstado: Actualizando jugador...
2025-05-19 16:57:04 - gestor_estado - [DEBUG] -   GestorEstado: Actualizando 2 enemigos...
2025-05-19 16:57:04 - gestor_estado - [DEBUG] -   GestorEstado: Actualizando jugador...
2025-05-19 16:57:04 - gestor_estado - [DEBUG] -   GestorEstado: Actualizando 2 enemigos...
2025-05-19 16:57:04 - gestor_estado - [DEBUG] -   GestorEstado: Actualizando jugador...
2025-05-19 16:57:04 - gestor_estado - [DEBUG] -   GestorEstado: Actualizando 2 enemigos...
2025-05-19 16:57:04 - gestor_estado - [DEBUG] -   GestorEstado: Actualizando jugador...
2025-05-19 16:57:04 - gestor_estado - [DEBUG] -   GestorEstado: Actualizando 2 enemigos...
2025-05-19 16:57:04 - gestor_estado - [DEBUG] -   GestorEstado: Actualizando jugador...
2025-05-19 16:57:05 - gestor_estado - [DEBUG] -   GestorEstado: Actualizando 2 enemigos...
2025-05-19 16:57:05 - gestor_estado - [DEBUG] -   GestorEstado: Actualizando jugador...
2025-05-19 16:57:05 - gestor_estado - [DEBUG] -   GestorEstado: Actualizando 2 enemigos...
2025-05-19 16:57:05 - gestor_estado - [DEBUG] -   GestorEstado: Actualizando jugador...
2025-05-19 16:57:05 - gestor_estado - [DEBUG] -   GestorEstado: Actualizando 2 enemigos...
2025-05-19 16:57:05 - gestor_estado - [DEBUG] -   GestorEstado: Actualizando jugador...
2025-05-19 16:57:05 - gestor_estado - [DEBUG] -   GestorEstado: Actualizando 2 enemigos...
2025-05-19 16:57:05 - gestor_estado - [DEBUG] -   GestorEstado: Actualizando jugador...
2025-05-19 16:57:05 - gestor_estado - [DEBUG] -   GestorEstado: Actualizando 2 enemigos...
2025-05-19 16:57:05 - gestor_estado - [DEBUG] -   GestorEstado: Actualizando jugador...
2025-05-19 16:57:05 - gestor_estado - [DEBUG] -   GestorEstado: Actualizando 2 enemigos...
2025-05-19 16:57:05 - gestor_estado - [DEBUG] -   GestorEstado: Actualizando jugador...
2025-05-19 16:57:05 - gestor_estado - [DEBUG] -   GestorEstado: Actualizando 2 enemigos...
2025-05-19 16:57:05 - gestor_estado - [DEBUG] -   GestorEstado: Actualizando jugador...
2025-05-19 16:57:05 - gestor_estado - [DEBUG] -   GestorEstado: Actualizando 2 enemigos...
2025-05-19 16:57:05 - gestor_estado - [DEBUG] -   GestorEstado: Actualizando jugador...
2025-05-19 16:57:05 - gestor_estado - [DEBUG] -   GestorEstado: Actualizando 2 enemigos...
2025-05-19 16:57:05 - gestor_estado - [DEBUG] -   GestorEstado: Actualizando jugador...
2025-05-19 16:57:05 - gestor_estado - [DEBUG] -   GestorEstado: Actualizando 2 enemigos...
2025-05-19 16:57:05 - gestor_estado - [DEBUG] -   GestorEstado: Actualizando jugador...
2025-05-19 16:57:05 - gestor_estado - [DEBUG] -   GestorEstado: Actualizando 2 enemigos...
2025-05-19 16:57:05 - gestor_estado - [DEBUG] -   GestorEstado: Actualizando jugador...
2025-05-19 16:57:05 - gestor_estado - [DEBUG] -   GestorEstado: Actualizando 2 enemigos...
2025-05-19 16:57:05 - gestor_estado - [DEBUG] -   GestorEstado: Actualizando jugador...
2025-05-19 16:57:05 - gestor_estado - [DEBUG] -   GestorEstado: Actualizando 2 enemigos...
2025-05-19 16:57:05 - gestor_estado - [DEBUG] -   GestorEstado: Actualizando jugador...
2025-05-19 16:57:05 - gestor_estado - [DEBUG] -   GestorEstado: Actualizando 2 enemigos...
2025-05-19 16:57:05 - gestor_estado - [DEBUG] -   GestorEstado: Actualizando jugador...
2025-05-19 16:57:05 - gestor_estado - [DEBUG] -   GestorEstado: Actualizando 2 enemigos...
2025-05-19 16:57:05 - gestor_estado - [DEBUG] -   GestorEstado: Actualizando jugador...
2025-05-19 16:57:05 - gestor_estado - [DEBUG] -   GestorEstado: Actualizando 2 enemigos...
2025-05-19 16:57:05 - gestor_estado - [DEBUG] -   GestorEstado: Actualizando jugador...
2025-05-19 16:57:05 - gestor_estado - [DEBUG] -   GestorEstado: Actualizando 2 enemigos...
2025-05-19 16:57:05 - gestor_estado - [DEBUG] -   GestorEstado: Actualizando jugador...
2025-05-19 16:57:06 - gestor_estado - [DEBUG] -   GestorEstado: Actualizando 2 enemigos...
2025-05-19 16:57:06 - gestor_estado - [DEBUG] -   GestorEstado: Actualizando jugador...
2025-05-19 16:57:06 - gestor_estado - [DEBUG] -   GestorEstado: Actualizando 2 enemigos...
2025-05-19 16:57:06 - gestor_estado - [DEBUG] -   GestorEstado: Actualizando jugador...
2025-05-19 16:57:06 - gestor_estado - [DEBUG] -   GestorEstado: Actualizando 2 enemigos...
2025-05-19 16:57:06 - gestor_estado - [DEBUG] -   GestorEstado: Actualizando jugador...
2025-05-19 16:57:06 - gestor_estado - [DEBUG] -   GestorEstado: Actualizando 2 enemigos...
2025-05-19 16:57:06 - gestor_estado - [DEBUG] -   GestorEstado: Actualizando jugador...
2025-05-19 16:57:06 - gestor_estado - [DEBUG] -   GestorEstado: Actualizando 2 enemigos...
2025-05-19 16:57:06 - gestor_estado - [DEBUG] -   GestorEstado: Actualizando jugador...
2025-05-19 16:57:06 - gestor_estado - [DEBUG] -   GestorEstado: Actualizando 2 enemigos...
2025-05-19 16:57:06 - gestor_estado - [DEBUG] -   GestorEstado: Actualizando jugador...
2025-05-19 16:57:06 - gestor_estado - [DEBUG] -   GestorEstado: Actualizando 2 enemigos...
2025-05-19 16:57:06 - gestor_estado - [DEBUG] -   GestorEstado: Actualizando jugador...
2025-05-19 16:57:06 - gestor_estado - [DEBUG] -   GestorEstado: Actualizando 2 enemigos...
2025-05-19 16:57:06 - gestor_estado - [DEBUG] -   GestorEstado: Actualizando jugador...
2025-05-19 16:57:06 - gestor_estado - [DEBUG] -   GestorEstado: Actualizando 2 enemigos...
2025-05-19 16:57:06 - gestor_estado - [DEBUG] -   GestorEstado: Actualizando jugador...
2025-05-19 16:57:06 - gestor_estado - [DEBUG] -   GestorEstado: Actualizando 2 enemigos...
2025-05-19 16:57:06 - gestor_estado - [DEBUG] -   GestorEstado: Actualizando jugador...
2025-05-19 16:57:06 - gestor_estado - [DEBUG] -   GestorEstado: Actualizando 2 enemigos...
2025-05-19 16:57:06 - gestor_estado - [DEBUG] -   GestorEstado: Actualizando jugador...
2025-05-19 16:57:06 - gestor_estado - [DEBUG] -   GestorEstado: Actualizando 2 enemigos...
2025-05-19 16:57:06 - gestor_estado - [DEBUG] -   GestorEstado: Actualizando jugador...
2025-05-19 16:57:06 - gestor_estado - [DEBUG] -   GestorEstado: Actualizando 2 enemigos...
2025-05-19 16:57:06 - gestor_estado - [DEBUG] -   GestorEstado: Actualizando jugador...
2025-05-19 16:57:06 - gestor_estado - [DEBUG] -   GestorEstado: Actualizando 2 enemigos...
2025-05-19 16:57:06 - gestor_estado - [DEBUG] -   GestorEstado: Actualizando jugador...
2025-05-19 16:57:06 - gestor_estado - [DEBUG] -   GestorEstado: Actualizando 2 enemigos...
2025-05-19 16:57:06 - gestor_estado - [DEBUG] -   GestorEstado: Actualizando jugador...
2025-05-19 16:57:06 - gestor_estado - [DEBUG] -   GestorEstado: Actualizando 2 enemigos...
2025-05-19 16:57:06 - gestor_estado - [DEBUG] -   GestorEstado: Actualizando jugador...
2025-05-19 16:57:07 - gestor_estado - [DEBUG] -   GestorEstado: Actualizando 2 enemigos...
2025-05-19 16:57:07 - gestor_estado - [DEBUG] -   GestorEstado: Actualizando jugador...
2025-05-19 16:57:07 - gestor_estado - [DEBUG] -   GestorEstado: Actualizando 2 enemigos...
2025-05-19 16:57:07 - gestor_estado - [DEBUG] -   GestorEstado: Actualizando jugador...
2025-05-19 16:57:07 - gestor_estado - [DEBUG] -   GestorEstado: Actualizando 2 enemigos...
2025-05-19 16:57:07 - gestor_estado - [DEBUG] -   GestorEstado: Actualizando jugador...
2025-05-19 16:57:07 - gestor_estado - [DEBUG] -   GestorEstado: Actualizando 2 enemigos...
2025-05-19 16:57:07 - gestor_estado - [DEBUG] -   GestorEstado: Actualizando jugador...
2025-05-19 16:57:07 - gestor_estado - [DEBUG] -   GestorEstado: Actualizando 2 enemigos...
2025-05-19 16:57:07 - gestor_estado - [DEBUG] -   GestorEstado: Actualizando jugador...
2025-05-19 16:57:07 - gestor_estado - [DEBUG] -   GestorEstado: Actualizando 2 enemigos...
2025-05-19 16:57:07 - gestor_estado - [DEBUG] -   GestorEstado: Actualizando jugador...
2025-05-19 16:57:07 - gestor_estado - [DEBUG] -   GestorEstado: Actualizando 2 enemigos...
2025-05-19 16:57:07 - gestor_estado - [DEBUG] -   GestorEstado: Actualizando jugador...
2025-05-19 16:57:07 - gestor_estado - [DEBUG] -   GestorEstado: Actualizando 2 enemigos...
2025-05-19 16:57:07 - gestor_estado - [DEBUG] -   GestorEstado: Actualizando jugador...
2025-05-19 16:57:07 - gestor_estado - [DEBUG] -   GestorEstado: Actualizando 2 enemigos...
2025-05-19 16:57:07 - gestor_estado - [DEBUG] -   GestorEstado: Actualizando jugador...
2025-05-19 16:57:07 - gestor_estado - [DEBUG] -   GestorEstado: Actualizando 2 enemigos...
2025-05-19 16:57:07 - gestor_estado - [DEBUG] -   GestorEstado: Actualizando jugador...
2025-05-19 16:57:07 - gestor_estado - [DEBUG] -   GestorEstado: Actualizando 2 enemigos...
2025-05-19 16:57:07 - gestor_estado - [DEBUG] -   GestorEstado: Actualizando jugador...
2025-05-19 16:57:07 - gestor_estado - [DEBUG] -   GestorEstado: Actualizando 2 enemigos...
2025-05-19 16:57:07 - gestor_estado - [DEBUG] -   GestorEstado: Actualizando jugador...
2025-05-19 16:57:07 - gestor_estado - [DEBUG] -   GestorEstado: Actualizando 2 enemigos...
2025-05-19 16:57:07 - gestor_estado - [DEBUG] -   GestorEstado: Actualizando jugador...
2025-05-19 16:57:07 - gestor_estado - [DEBUG] -   GestorEstado: Actualizando 2 enemigos...
2025-05-19 16:57:07 - gestor_estado - [DEBUG] -   GestorEstado: Actualizando jugador...
2025-05-19 16:57:07 - gestor_estado - [DEBUG] -   GestorEstado: Actualizando 2 enemigos...
2025-05-19 16:57:07 - gestor_estado - [DEBUG] -   GestorEstado: Actualizando jugador...
2025-05-19 16:57:07 - gestor_estado - [DEBUG] -   GestorEstado: Actualizando 2 enemigos...
2025-05-19 16:57:07 - gestor_estado - [DEBUG] -   GestorEstado: Actualizando jugador...
2025-05-19 16:57:08 - gestor_estado - [DEBUG] -   GestorEstado: Actualizando 2 enemigos...
2025-05-19 16:57:08 - gestor_estado - [DEBUG] -   GestorEstado: Actualizando jugador...
2025-05-19 16:57:08 - gestor_estado - [DEBUG] -   GestorEstado: Actualizando 2 enemigos...
2025-05-19 16:57:08 - gestor_estado - [DEBUG] -   GestorEstado: Actualizando jugador...
2025-05-19 16:57:08 - gestor_estado - [DEBUG] -   GestorEstado: Actualizando 2 enemigos...
2025-05-19 16:57:08 - gestor_estado - [DEBUG] -   GestorEstado: Actualizando jugador...
2025-05-19 16:57:08 - gestor_estado - [DEBUG] -   GestorEstado: Actualizando 2 enemigos...
2025-05-19 16:57:08 - gestor_estado - [DEBUG] -   GestorEstado: Actualizando jugador...
2025-05-19 16:57:08 - gestor_estado - [DEBUG] -   GestorEstado: Actualizando 2 enemigos...
2025-05-19 16:57:08 - gestor_estado - [DEBUG] -   GestorEstado: Actualizando jugador...
2025-05-19 16:57:08 - gestor_estado - [DEBUG] -   GestorEstado: Actualizando 2 enemigos...
2025-05-19 16:57:08 - gestor_estado - [DEBUG] -   GestorEstado: Actualizando jugador...
2025-05-19 16:57:08 - gestor_estado - [DEBUG] -   GestorEstado: Actualizando 2 enemigos...
2025-05-19 16:57:08 - gestor_estado - [DEBUG] -   GestorEstado: Actualizando jugador...
2025-05-19 16:57:08 - gestor_estado - [DEBUG] -   GestorEstado: Actualizando 2 enemigos...
2025-05-19 16:57:08 - gestor_estado - [DEBUG] -   GestorEstado: Actualizando jugador...
2025-05-19 16:57:08 - gestor_estado - [DEBUG] -   GestorEstado: Actualizando 2 enemigos...
2025-05-19 16:57:08 - gestor_estado - [DEBUG] -   GestorEstado: Actualizando jugador...
2025-05-19 16:57:08 - gestor_estado - [DEBUG] -   GestorEstado: Actualizando 2 enemigos...
2025-05-19 16:57:08 - gestor_estado - [DEBUG] -   GestorEstado: Actualizando jugador...
2025-05-19 16:57:08 - gestor_estado - [DEBUG] -   GestorEstado: Actualizando 2 enemigos...
2025-05-19 16:57:08 - gestor_estado - [DEBUG] -   GestorEstado: Actualizando jugador...
2025-05-19 16:57:08 - gestor_estado - [DEBUG] -   GestorEstado: Actualizando 2 enemigos...
2025-05-19 16:57:08 - gestor_estado - [DEBUG] -   GestorEstado: Actualizando jugador...
2025-05-19 16:57:08 - gestor_estado - [DEBUG] -   GestorEstado: Actualizando 2 enemigos...
2025-05-19 16:57:08 - gestor_estado - [DEBUG] -   GestorEstado: Actualizando jugador...
2025-05-19 16:57:08 - gestor_estado - [DEBUG] -   GestorEstado: Actualizando 2 enemigos...
2025-05-19 16:57:08 - gestor_estado - [DEBUG] -   GestorEstado: Actualizando jugador...
2025-05-19 16:57:08 - gestor_estado - [DEBUG] -   GestorEstado: Actualizando 2 enemigos...
2025-05-19 16:57:08 - gestor_estado - [DEBUG] -   GestorEstado: Actualizando jugador...
2025-05-19 16:57:08 - gestor_estado - [DEBUG] -   GestorEstado: Actualizando 2 enemigos...
2025-05-19 16:57:08 - gestor_estado - [DEBUG] -   GestorEstado: Actualizando jugador...
2025-05-19 16:57:09 - gestor_estado - [DEBUG] -   GestorEstado: Actualizando 2 enemigos...
2025-05-19 16:57:09 - gestor_estado - [DEBUG] -   GestorEstado: Actualizando jugador...
2025-05-19 16:57:09 - gestor_estado - [DEBUG] -   GestorEstado: Actualizando 2 enemigos...
2025-05-19 16:57:09 - gestor_estado - [DEBUG] -   GestorEstado: Actualizando jugador...
2025-05-19 16:57:09 - gestor_estado - [DEBUG] -   GestorEstado: Actualizando 2 enemigos...
2025-05-19 16:57:09 - gestor_estado - [DEBUG] -   GestorEstado: Actualizando jugador...
2025-05-19 16:57:09 - gestor_estado - [DEBUG] -   GestorEstado: Actualizando 2 enemigos...
2025-05-19 16:57:09 - gestor_estado - [DEBUG] -   GestorEstado: Actualizando jugador...
2025-05-19 16:57:09 - gestor_estado - [DEBUG] -   GestorEstado: Actualizando 2 enemigos...
2025-05-19 16:57:09 - gestor_estado - [DEBUG] -   GestorEstado: Actualizando jugador...
2025-05-19 16:57:09 - gestor_estado - [DEBUG] -   GestorEstado: Actualizando 2 enemigos...
2025-05-19 16:57:09 - gestor_estado - [DEBUG] -   GestorEstado: Actualizando jugador...
2025-05-19 16:57:09 - gestor_estado - [DEBUG] -   GestorEstado: Jugador colisiona por contacto con: ['[Enemigo_2]']
2025-05-19 16:57:09 - gestor_estado - [DEBUG] -     GestorEstado: Jugador intentaría recibir 1 de daño por contacto de [Enemigo_2]. (DAÑO DESACTIVADO TEMPORALMENTE)
2025-05-19 16:57:09 - gestor_estado - [DEBUG] -   GestorEstado: Actualizando 2 enemigos...
2025-05-19 16:57:09 - gestor_estado - [DEBUG] -   GestorEstado: Actualizando jugador...
2025-05-19 16:57:09 - gestor_estado - [DEBUG] -   GestorEstado: Jugador colisiona por contacto con: ['[Enemigo_2]']
2025-05-19 16:57:09 - gestor_estado - [DEBUG] -     GestorEstado: Jugador intentaría recibir 1 de daño por contacto de [Enemigo_2]. (DAÑO DESACTIVADO TEMPORALMENTE)
2025-05-19 16:57:09 - gestor_estado - [DEBUG] -   GestorEstado: Actualizando 2 enemigos...
2025-05-19 16:57:09 - gestor_estado - [DEBUG] -   GestorEstado: Actualizando jugador...
2025-05-19 16:57:09 - gestor_estado - [DEBUG] -   GestorEstado: Actualizando 2 enemigos...
2025-05-19 16:57:09 - gestor_estado - [DEBUG] -   GestorEstado: Actualizando jugador...
2025-05-19 16:57:09 - gestor_estado - [DEBUG] -   GestorEstado: Jugador colisiona por contacto con: ['[Enemigo_2]']
2025-05-19 16:57:09 - gestor_estado - [DEBUG] -     GestorEstado: Jugador intentaría recibir 1 de daño por contacto de [Enemigo_2]. (DAÑO DESACTIVADO TEMPORALMENTE)
2025-05-19 16:57:09 - gestor_estado - [DEBUG] -   GestorEstado: Actualizando 2 enemigos...
2025-05-19 16:57:09 - gestor_estado - [DEBUG] -   GestorEstado: Actualizando jugador...
2025-05-19 16:57:09 - gestor_estado - [DEBUG] -   GestorEstado: Actualizando 2 enemigos...
2025-05-19 16:57:09 - gestor_estado - [DEBUG] -   GestorEstado: Actualizando jugador...
2025-05-19 16:57:09 - gestor_estado - [DEBUG] -   GestorEstado: Actualizando 2 enemigos...
2025-05-19 16:57:09 - gestor_estado - [DEBUG] -   GestorEstado: Actualizando jugador...
2025-05-19 16:57:09 - gestor_estado - [DEBUG] -   GestorEstado: Actualizando 2 enemigos...
2025-05-19 16:57:09 - gestor_estado - [DEBUG] -   GestorEstado: Actualizando jugador...
2025-05-19 16:57:09 - gestor_estado - [DEBUG] -   GestorEstado: Actualizando 2 enemigos...
2025-05-19 16:57:09 - gestor_estado - [DEBUG] -   GestorEstado: Actualizando jugador...
2025-05-19 16:57:09 - gestor_estado - [DEBUG] -   GestorEstado: Actualizando 2 enemigos...
2025-05-19 16:57:09 - gestor_estado - [DEBUG] -   GestorEstado: Actualizando jugador...
2025-05-19 16:57:09 - gestor_estado - [DEBUG] -   GestorEstado: Actualizando 2 enemigos...
2025-05-19 16:57:09 - gestor_estado - [DEBUG] -   GestorEstado: Actualizando jugador...
2025-05-19 16:57:09 - gestor_estado - [DEBUG] -   GestorEstado: Actualizando 2 enemigos...
2025-05-19 16:57:10 - gestor_estado - [DEBUG] -   GestorEstado: Actualizando jugador...
2025-05-19 16:57:10 - gestor_estado - [DEBUG] -   GestorEstado: Actualizando 2 enemigos...
2025-05-19 16:57:10 - gestor_estado - [DEBUG] -   GestorEstado: Actualizando jugador...
2025-05-19 16:57:10 - gestor_estado - [DEBUG] -   GestorEstado: Actualizando 2 enemigos...
2025-05-19 16:57:10 - gestor_estado - [DEBUG] -   GestorEstado: Actualizando jugador...
2025-05-19 16:57:10 - gestor_estado - [DEBUG] -   GestorEstado: Actualizando 2 enemigos...
2025-05-19 16:57:10 - gestor_estado - [DEBUG] -   GestorEstado: Actualizando jugador...
2025-05-19 16:57:10 - gestor_estado - [DEBUG] -   GestorEstado: Actualizando 2 enemigos...
2025-05-19 16:57:10 - gestor_estado - [DEBUG] -   GestorEstado: Actualizando jugador...
2025-05-19 16:57:10 - gestor_estado - [DEBUG] -   GestorEstado: Actualizando 2 enemigos...
2025-05-19 16:57:10 - gestor_estado - [DEBUG] -   GestorEstado: Actualizando jugador...
2025-05-19 16:57:10 - gestor_estado - [DEBUG] -   GestorEstado: Actualizando 2 enemigos...
2025-05-19 16:57:10 - gestor_estado - [DEBUG] -   GestorEstado: Actualizando jugador...
2025-05-19 16:57:10 - gestor_estado - [DEBUG] -   GestorEstado: Actualizando 2 enemigos...
2025-05-19 16:57:10 - gestor_estado - [DEBUG] -   GestorEstado: Actualizando jugador...
2025-05-19 16:57:10 - gestor_estado - [DEBUG] -   GestorEstado: Actualizando 2 enemigos...
2025-05-19 16:57:10 - gestor_estado - [DEBUG] -   GestorEstado: Actualizando jugador...
2025-05-19 16:57:10 - gestor_estado - [DEBUG] -   GestorEstado: Actualizando 2 enemigos...
2025-05-19 16:57:10 - gestor_estado - [DEBUG] -   GestorEstado: Actualizando jugador...
2025-05-19 16:57:10 - gestor_estado - [DEBUG] -   GestorEstado: Actualizando 2 enemigos...
2025-05-19 16:57:10 - gestor_estado - [DEBUG] -   GestorEstado: Actualizando jugador...
2025-05-19 16:57:10 - gestor_estado - [DEBUG] -   GestorEstado: Actualizando 2 enemigos...
2025-05-19 16:57:10 - gestor_estado - [DEBUG] -   GestorEstado: Actualizando jugador...
2025-05-19 16:57:10 - gestor_estado - [DEBUG] -   GestorEstado: Actualizando 2 enemigos...
2025-05-19 16:57:10 - gestor_estado - [DEBUG] -   GestorEstado: Actualizando jugador...
2025-05-19 16:57:10 - gestor_estado - [DEBUG] -   GestorEstado: Actualizando 2 enemigos...
2025-05-19 16:57:10 - gestor_estado - [DEBUG] -   GestorEstado: Actualizando jugador...
2025-05-19 16:57:10 - gestor_estado - [DEBUG] -   GestorEstado: Actualizando 2 enemigos...
2025-05-19 16:57:10 - gestor_estado - [DEBUG] -   GestorEstado: Actualizando jugador...
2025-05-19 16:57:10 - gestor_estado - [DEBUG] -   GestorEstado: Actualizando 2 enemigos...
2025-05-19 16:57:10 - gestor_estado - [DEBUG] -   GestorEstado: Actualizando jugador...
2025-05-19 16:57:10 - gestor_estado - [DEBUG] -   GestorEstado: Actualizando 2 enemigos...
2025-05-19 16:57:11 - gestor_estado - [DEBUG] -   GestorEstado: Actualizando jugador...
2025-05-19 16:57:11 - gestor_estado - [DEBUG] -   GestorEstado: Actualizando 2 enemigos...
2025-05-19 16:57:11 - gestor_estado - [DEBUG] -   GestorEstado: Actualizando jugador...
2025-05-19 16:57:11 - gestor_estado - [DEBUG] -   GestorEstado: Actualizando 2 enemigos...
2025-05-19 16:57:11 - gestor_estado - [DEBUG] -   GestorEstado: Actualizando jugador...
2025-05-19 16:57:11 - gestor_estado - [DEBUG] -   GestorEstado: Actualizando 2 enemigos...
2025-05-19 16:57:11 - gestor_estado - [DEBUG] -   GestorEstado: Actualizando jugador...
2025-05-19 16:57:11 - gestor_estado - [DEBUG] -   GestorEstado: Actualizando 2 enemigos...
2025-05-19 16:57:11 - gestor_estado - [DEBUG] -   GestorEstado: Actualizando jugador...
2025-05-19 16:57:11 - gestor_estado - [DEBUG] -   GestorEstado: Actualizando 2 enemigos...
2025-05-19 16:57:11 - gestor_estado - [DEBUG] -   GestorEstado: Actualizando jugador...
2025-05-19 16:57:11 - gestor_estado - [DEBUG] -   GestorEstado: Actualizando 2 enemigos...
2025-05-19 16:57:11 - gestor_estado - [DEBUG] -   GestorEstado: Actualizando jugador...
2025-05-19 16:57:11 - gestor_estado - [DEBUG] -   GestorEstado: Actualizando 2 enemigos...
2025-05-19 16:57:11 - gestor_estado - [DEBUG] -   GestorEstado: Actualizando jugador...
2025-05-19 16:57:11 - gestor_estado - [DEBUG] -   GestorEstado: Actualizando 2 enemigos...
2025-05-19 16:57:11 - gestor_estado - [DEBUG] -   GestorEstado: Actualizando jugador...
2025-05-19 16:57:11 - gestor_estado - [DEBUG] -   GestorEstado: Actualizando 2 enemigos...
2025-05-19 16:57:11 - gestor_estado - [DEBUG] -   GestorEstado: Actualizando jugador...
2025-05-19 16:57:11 - gestor_estado - [DEBUG] -   GestorEstado: Actualizando 2 enemigos...
2025-05-19 16:57:11 - gestor_estado - [DEBUG] -   GestorEstado: Actualizando jugador...
2025-05-19 16:57:11 - gestor_estado - [DEBUG] -   GestorEstado: Actualizando 2 enemigos...
2025-05-19 16:57:11 - gestor_estado - [DEBUG] -   GestorEstado: Actualizando jugador...
2025-05-19 16:57:11 - gestor_estado - [DEBUG] -   GestorEstado: Actualizando 2 enemigos...
2025-05-19 16:57:11 - gestor_estado - [DEBUG] -   GestorEstado: Actualizando jugador...
2025-05-19 16:57:11 - gestor_estado - [DEBUG] -   GestorEstado: Actualizando 2 enemigos...
2025-05-19 16:57:11 - gestor_estado - [DEBUG] -   GestorEstado: Actualizando jugador...
2025-05-19 16:57:11 - gestor_estado - [DEBUG] -   GestorEstado: Actualizando 2 enemigos...
2025-05-19 16:57:11 - gestor_estado - [DEBUG] -   GestorEstado: Actualizando jugador...
2025-05-19 16:57:11 - gestor_estado - [DEBUG] -   GestorEstado: Actualizando 2 enemigos...
2025-05-19 16:57:11 - gestor_estado - [DEBUG] -   GestorEstado: Actualizando jugador...
2025-05-19 16:57:12 - gestor_estado - [DEBUG] -   GestorEstado: Actualizando 2 enemigos...
2025-05-19 16:57:12 - gestor_estado - [DEBUG] -   GestorEstado: Actualizando jugador...
2025-05-19 16:57:12 - gestor_estado - [DEBUG] -   GestorEstado: Actualizando 2 enemigos...
2025-05-19 16:57:12 - gestor_estado - [DEBUG] -   GestorEstado: Actualizando jugador...
2025-05-19 16:57:12 - gestor_estado - [DEBUG] -   GestorEstado: Actualizando 2 enemigos...
2025-05-19 16:57:12 - gestor_estado - [DEBUG] -   GestorEstado: Actualizando jugador...
2025-05-19 16:57:12 - gestor_estado - [DEBUG] -   GestorEstado: Actualizando 2 enemigos...
2025-05-19 16:57:12 - gestor_estado - [DEBUG] -   GestorEstado: Actualizando jugador...
2025-05-19 16:57:12 - gestor_estado - [DEBUG] -   GestorEstado: Actualizando 2 enemigos...
2025-05-19 16:57:12 - gestor_estado - [DEBUG] -   GestorEstado: Actualizando jugador...
2025-05-19 16:57:12 - gestor_estado - [DEBUG] -   GestorEstado: Actualizando 2 enemigos...
2025-05-19 16:57:12 - gestor_estado - [DEBUG] -   GestorEstado: Actualizando jugador...
2025-05-19 16:57:12 - gestor_estado - [DEBUG] -   GestorEstado: Actualizando 2 enemigos...
2025-05-19 16:57:12 - gestor_estado - [DEBUG] -   GestorEstado: Actualizando jugador...
2025-05-19 16:57:12 - gestor_estado - [DEBUG] -   GestorEstado: Actualizando 2 enemigos...
2025-05-19 16:57:12 - gestor_estado - [DEBUG] -   GestorEstado: Actualizando jugador...
2025-05-19 16:57:12 - gestor_estado - [DEBUG] -   GestorEstado: Actualizando 2 enemigos...
2025-05-19 16:57:12 - gestor_estado - [DEBUG] -   GestorEstado: Actualizando jugador...
2025-05-19 16:57:12 - gestor_estado - [DEBUG] -   GestorEstado: Actualizando 2 enemigos...
2025-05-19 16:57:12 - gestor_estado - [DEBUG] -   GestorEstado: Actualizando jugador...
2025-05-19 16:57:12 - gestor_estado - [DEBUG] -   GestorEstado: Actualizando 2 enemigos...
2025-05-19 16:57:12 - gestor_estado - [DEBUG] -   GestorEstado: Actualizando jugador...
2025-05-19 16:57:12 - gestor_estado - [DEBUG] -   GestorEstado: Actualizando 2 enemigos...
2025-05-19 16:57:12 - gestor_estado - [DEBUG] -   GestorEstado: Actualizando jugador...
2025-05-19 16:57:12 - gestor_estado - [DEBUG] -   GestorEstado: Actualizando 2 enemigos...
2025-05-19 16:57:12 - gestor_estado - [DEBUG] -   GestorEstado: Actualizando jugador...
2025-05-19 16:57:12 - gestor_estado - [DEBUG] -   GestorEstado: Actualizando 2 enemigos...
2025-05-19 16:57:12 - gestor_estado - [DEBUG] -   GestorEstado: Actualizando jugador...
2025-05-19 16:57:12 - gestor_estado - [DEBUG] -   GestorEstado: Actualizando 2 enemigos...
2025-05-19 16:57:12 - gestor_estado - [DEBUG] -   GestorEstado: Actualizando jugador...
2025-05-19 16:57:12 - gestor_estado - [DEBUG] -   GestorEstado: Actualizando 2 enemigos...
2025-05-19 16:57:12 - gestor_estado - [DEBUG] -   GestorEstado: Actualizando jugador...
2025-05-19 16:57:12 - gestor_estado - [DEBUG] -   GestorEstado: Actualizando 2 enemigos...
2025-05-19 16:57:12 - gestor_estado - [DEBUG] -   GestorEstado: Actualizando jugador...
2025-05-19 16:57:13 - gestor_estado - [DEBUG] -   GestorEstado: Actualizando 2 enemigos...
2025-05-19 16:57:13 - gestor_estado - [DEBUG] -   GestorEstado: Actualizando jugador...
2025-05-19 16:57:13 - gestor_estado - [DEBUG] -   GestorEstado: Actualizando 2 enemigos...
2025-05-19 16:57:13 - gestor_estado - [DEBUG] -   GestorEstado: Actualizando jugador...
2025-05-19 16:57:13 - gestor_estado - [DEBUG] -   GestorEstado: Actualizando 2 enemigos...
2025-05-19 16:57:13 - gestor_estado - [DEBUG] -   GestorEstado: Actualizando jugador...
2025-05-19 16:57:13 - gestor_estado - [DEBUG] -   GestorEstado: Actualizando 2 enemigos...
2025-05-19 16:57:13 - gestor_estado - [DEBUG] -   GestorEstado: Actualizando jugador...
2025-05-19 16:57:13 - gestor_estado - [DEBUG] -   GestorEstado: Actualizando 2 enemigos...
2025-05-19 16:57:13 - gestor_estado - [DEBUG] -   GestorEstado: Actualizando jugador...
2025-05-19 16:57:13 - gestor_estado - [DEBUG] -   GestorEstado: Actualizando 2 enemigos...
2025-05-19 16:57:13 - gestor_estado - [DEBUG] -   GestorEstado: Actualizando jugador...
2025-05-19 16:57:13 - gestor_estado - [DEBUG] -   GestorEstado: Actualizando 2 enemigos...
2025-05-19 16:57:13 - gestor_estado - [DEBUG] -   GestorEstado: Actualizando jugador...
2025-05-19 16:57:13 - gestor_estado - [DEBUG] -   GestorEstado: Actualizando 2 enemigos...
2025-05-19 16:57:13 - gestor_estado - [DEBUG] -   GestorEstado: Actualizando jugador...
2025-05-19 16:57:13 - gestor_estado - [DEBUG] -   GestorEstado: Actualizando 2 enemigos...
2025-05-19 16:57:13 - gestor_estado - [DEBUG] -   GestorEstado: Actualizando jugador...
2025-05-19 16:57:13 - gestor_estado - [DEBUG] -   GestorEstado: Actualizando 2 enemigos...
2025-05-19 16:57:13 - gestor_estado - [DEBUG] -   GestorEstado: Actualizando jugador...
2025-05-19 16:57:13 - gestor_estado - [DEBUG] -   GestorEstado: Actualizando 2 enemigos...
2025-05-19 16:57:13 - gestor_estado - [DEBUG] -   GestorEstado: Actualizando jugador...
2025-05-19 16:57:13 - gestor_estado - [DEBUG] -   GestorEstado: Actualizando 2 enemigos...
2025-05-19 16:57:13 - gestor_estado - [DEBUG] -   GestorEstado: Actualizando jugador...
2025-05-19 16:57:13 - gestor_estado - [DEBUG] -   GestorEstado: Actualizando 2 enemigos...
2025-05-19 16:57:13 - gestor_estado - [DEBUG] -   GestorEstado: Actualizando jugador...
2025-05-19 16:57:13 - gestor_estado - [DEBUG] -   GestorEstado: Actualizando 2 enemigos...
2025-05-19 16:57:13 - gestor_estado - [DEBUG] -   GestorEstado: Actualizando jugador...
2025-05-19 16:57:13 - gestor_estado - [DEBUG] -   GestorEstado: Actualizando 2 enemigos...
2025-05-19 16:57:13 - gestor_estado - [DEBUG] -   GestorEstado: Actualizando jugador...
2025-05-19 16:57:13 - gestor_estado - [DEBUG] -   GestorEstado: Actualizando 2 enemigos...
2025-05-19 16:57:13 - gestor_estado - [DEBUG] -   GestorEstado: Actualizando jugador...
2025-05-19 16:57:14 - gestor_estado - [DEBUG] -   GestorEstado: Actualizando 2 enemigos...
2025-05-19 16:57:14 - gestor_estado - [DEBUG] -   GestorEstado: Actualizando jugador...
2025-05-19 16:57:14 - gestor_estado - [DEBUG] -   GestorEstado: Actualizando 2 enemigos...
2025-05-19 16:57:14 - gestor_estado - [DEBUG] -   GestorEstado: Actualizando jugador...
2025-05-19 16:57:14 - gestor_estado - [DEBUG] -   GestorEstado: Actualizando 2 enemigos...
2025-05-19 16:57:14 - gestor_estado - [DEBUG] -   GestorEstado: Actualizando jugador...
2025-05-19 16:57:14 - gestor_estado - [DEBUG] -   GestorEstado: Actualizando 2 enemigos...
2025-05-19 16:57:14 - gestor_estado - [DEBUG] -   GestorEstado: Actualizando jugador...
2025-05-19 16:57:14 - gestor_estado - [DEBUG] -   GestorEstado: Actualizando 2 enemigos...
2025-05-19 16:57:14 - gestor_estado - [DEBUG] -   GestorEstado: Actualizando jugador...
2025-05-19 16:57:14 - gestor_estado - [DEBUG] -   GestorEstado: Actualizando 2 enemigos...
2025-05-19 16:57:14 - gestor_estado - [DEBUG] -   GestorEstado: Actualizando jugador...
2025-05-19 16:57:14 - gestor_estado - [DEBUG] -   GestorEstado: Actualizando 2 enemigos...
2025-05-19 16:57:14 - gestor_estado - [DEBUG] -   GestorEstado: Actualizando jugador...
2025-05-19 16:57:14 - gestor_estado - [DEBUG] -   GestorEstado: Actualizando 2 enemigos...
2025-05-19 16:57:14 - gestor_estado - [DEBUG] -   GestorEstado: Actualizando jugador...
2025-05-19 16:57:14 - gestor_estado - [DEBUG] -   GestorEstado: Actualizando 2 enemigos...
2025-05-19 16:57:14 - gestor_estado - [DEBUG] -   GestorEstado: Actualizando jugador...
2025-05-19 16:57:14 - gestor_estado - [DEBUG] -   GestorEstado: Actualizando 2 enemigos...
2025-05-19 16:57:14 - gestor_estado - [DEBUG] -   GestorEstado: Actualizando jugador...
2025-05-19 16:57:14 - gestor_estado - [DEBUG] -   GestorEstado: Actualizando 2 enemigos...
2025-05-19 16:57:14 - gestor_estado - [DEBUG] -   GestorEstado: Actualizando jugador...
2025-05-19 16:57:14 - gestor_estado - [DEBUG] -   GestorEstado: Actualizando 2 enemigos...
2025-05-19 16:57:14 - gestor_estado - [DEBUG] -   GestorEstado: Actualizando jugador...
