2025-05-19 16:56:56 - juego - [INFO] - Iniciando Pygame y módulos del juego...
2025-05-19 16:56:56 - juego - [DEBUG] - Pygame y fuentes inicializados.
2025-05-19 16:56:56 - juego - [DEBUG] - GestorNivel instanciado.
2025-05-19 16:56:56 - juego - [DEBUG] - GestorEventos instanciado.
2025-05-19 16:56:56 - juego - [DEBUG] - GestorEstado instanciado.
2025-05-19 16:56:56 - juego - [DEBUG] - Renderer instanciado.
2025-05-19 16:56:56 - juego - [INFO] - Juego inicializado y listo para ejecutarse.
2025-05-19 16:56:56 - juego - [DEBUG] -   Detalles inicialización: Pantalla: 800x600, Zoom inicial: 1.2
2025-05-19 16:56:56 - juego - [INFO] - Bucle principal iniciado.
2025-05-19 16:56:56 - juego - [DEBUG] - MENSAJE DE PRUEBA REPETIDO PARA FILTRO
2025-05-19 16:56:56 - juego - [DEBUG] - Procesando eventos Pygame...
2025-05-19 16:56:56 - juego - [DEBUG] - Iniciando ciclo de renderizado...
2025-05-19 16:56:56 - juego - [DEBUG] - Ciclo de renderizado completado (flip ejecutado).
2025-05-19 16:56:56 - juego - [DEBUG] - MENSAJE DE PRUEBA REPETIDO PARA FILTRO
2025-05-19 16:56:56 - juego - [DEBUG] - Procesando eventos Pygame...
2025-05-19 16:56:56 - juego - [DEBUG] - Iniciando ciclo de renderizado...
2025-05-19 16:56:56 - juego - [DEBUG] - Ciclo de renderizado completado (flip ejecutado).
2025-05-19 16:56:56 - juego - [DEBUG] - MENSAJE DE PRUEBA REPETIDO PARA FILTRO
2025-05-19 16:56:56 - juego - [DEBUG] - Ciclo de renderizado completado (flip ejecutado).
2025-05-19 16:56:56 - juego - [DEBUG] - Procesando eventos Pygame...
2025-05-19 16:56:56 - juego - [DEBUG] - Iniciando ciclo de renderizado...
2025-05-19 16:56:56 - juego - [DEBUG] - MENSAJE DE PRUEBA REPETIDO PARA FILTRO
2025-05-19 16:56:56 - juego - [DEBUG] - Ciclo de renderizado completado (flip ejecutado).
2025-05-19 16:56:56 - juego - [DEBUG] - Procesando eventos Pygame...
2025-05-19 16:56:56 - juego - [DEBUG] - Iniciando ciclo de renderizado...
2025-05-19 16:56:56 - juego - [DEBUG] - MENSAJE DE PRUEBA REPETIDO PARA FILTRO
2025-05-19 16:56:56 - juego - [DEBUG] - Ciclo de renderizado completado (flip ejecutado).
2025-05-19 16:56:56 - juego - [DEBUG] - Procesando eventos Pygame...
2025-05-19 16:56:56 - juego - [DEBUG] - Iniciando ciclo de renderizado...
2025-05-19 16:56:56 - juego - [DEBUG] - MENSAJE DE PRUEBA REPETIDO PARA FILTRO
2025-05-19 16:56:56 - juego - [DEBUG] - Ciclo de renderizado completado (flip ejecutado).
2025-05-19 16:56:57 - juego - [DEBUG] - Procesando eventos Pygame...
2025-05-19 16:56:57 - juego - [DEBUG] - Iniciando ciclo de renderizado...
2025-05-19 16:56:57 - juego - [DEBUG] - MENSAJE DE PRUEBA REPETIDO PARA FILTRO
2025-05-19 16:56:57 - juego - [DEBUG] - Ciclo de renderizado completado (flip ejecutado).
2025-05-19 16:56:57 - juego - [DEBUG] - Procesando eventos Pygame...
2025-05-19 16:56:57 - juego - [DEBUG] - Iniciando ciclo de renderizado...
2025-05-19 16:56:57 - juego - [DEBUG] - MENSAJE DE PRUEBA REPETIDO PARA FILTRO
2025-05-19 16:56:57 - juego - [DEBUG] - Ciclo de renderizado completado (flip ejecutado).
2025-05-19 16:56:57 - juego - [DEBUG] - Procesando eventos Pygame...
2025-05-19 16:56:57 - juego - [DEBUG] - Iniciando ciclo de renderizado...
2025-05-19 16:56:57 - juego - [DEBUG] - MENSAJE DE PRUEBA REPETIDO PARA FILTRO
2025-05-19 16:56:57 - juego - [DEBUG] - Ciclo de renderizado completado (flip ejecutado).
2025-05-19 16:56:57 - juego - [DEBUG] - Procesando eventos Pygame...
2025-05-19 16:56:57 - juego - [DEBUG] - Iniciando ciclo de renderizado...
2025-05-19 16:56:57 - juego - [DEBUG] - MENSAJE DE PRUEBA REPETIDO PARA FILTRO
2025-05-19 16:56:57 - juego - [DEBUG] - Ciclo de renderizado completado (flip ejecutado).
2025-05-19 16:56:57 - juego - [DEBUG] - Procesando eventos Pygame...
2025-05-19 16:56:57 - juego - [DEBUG] - Iniciando ciclo de renderizado...
2025-05-19 16:56:57 - juego - [DEBUG] - MENSAJE DE PRUEBA REPETIDO PARA FILTRO
2025-05-19 16:56:57 - juego - [DEBUG] - Ciclo de renderizado completado (flip ejecutado).
2025-05-19 16:56:57 - juego - [DEBUG] - Procesando eventos Pygame...
2025-05-19 16:56:57 - juego - [DEBUG] - Iniciando ciclo de renderizado...
2025-05-19 16:56:57 - juego - [DEBUG] - MENSAJE DE PRUEBA REPETIDO PARA FILTRO
2025-05-19 16:56:57 - juego - [DEBUG] - Ciclo de renderizado completado (flip ejecutado).
2025-05-19 16:56:57 - juego - [DEBUG] - Procesando eventos Pygame...
2025-05-19 16:56:57 - juego - [DEBUG] - Iniciando ciclo de renderizado...
2025-05-19 16:56:57 - juego - [DEBUG] - MENSAJE DE PRUEBA REPETIDO PARA FILTRO
2025-05-19 16:56:57 - juego - [DEBUG] - Ciclo de renderizado completado (flip ejecutado).
2025-05-19 16:56:57 - juego - [DEBUG] - Procesando eventos Pygame...
2025-05-19 16:56:57 - juego - [DEBUG] - Iniciando ciclo de renderizado...
2025-05-19 16:56:57 - juego - [DEBUG] - MENSAJE DE PRUEBA REPETIDO PARA FILTRO
2025-05-19 16:56:57 - juego - [DEBUG] - Ciclo de renderizado completado (flip ejecutado).
2025-05-19 16:56:57 - juego - [DEBUG] - Iniciando ciclo de renderizado...
2025-05-19 16:56:57 - juego - [DEBUG] - Procesando eventos Pygame...
2025-05-19 16:56:57 - juego - [DEBUG] - MENSAJE DE PRUEBA REPETIDO PARA FILTRO
2025-05-19 16:56:57 - juego - [DEBUG] - Ciclo de renderizado completado (flip ejecutado).
2025-05-19 16:56:57 - juego - [DEBUG] - Iniciando ciclo de renderizado...
2025-05-19 16:56:57 - juego - [DEBUG] - Procesando eventos Pygame...
2025-05-19 16:56:57 - juego - [DEBUG] - MENSAJE DE PRUEBA REPETIDO PARA FILTRO
2025-05-19 16:56:57 - juego - [DEBUG] - Ciclo de renderizado completado (flip ejecutado).
2025-05-19 16:56:57 - juego - [DEBUG] - Iniciando ciclo de renderizado...
2025-05-19 16:56:57 - juego - [DEBUG] - Procesando eventos Pygame...
2025-05-19 16:56:57 - juego - [DEBUG] - MENSAJE DE PRUEBA REPETIDO PARA FILTRO
2025-05-19 16:56:57 - juego - [DEBUG] - Ciclo de renderizado completado (flip ejecutado).
2025-05-19 16:56:57 - juego - [DEBUG] - Iniciando ciclo de renderizado...
2025-05-19 16:56:57 - juego - [DEBUG] - Procesando eventos Pygame...
2025-05-19 16:56:57 - juego - [DEBUG] - MENSAJE DE PRUEBA REPETIDO PARA FILTRO
2025-05-19 16:56:57 - juego - [DEBUG] - Ciclo de renderizado completado (flip ejecutado).
2025-05-19 16:56:57 - juego - [DEBUG] - Procesando eventos Pygame...
2025-05-19 16:56:57 - juego - [DEBUG] - Iniciando ciclo de renderizado...
2025-05-19 16:56:57 - juego - [DEBUG] - MENSAJE DE PRUEBA REPETIDO PARA FILTRO
2025-05-19 16:56:57 - juego - [DEBUG] - Ciclo de renderizado completado (flip ejecutado).
2025-05-19 16:56:57 - juego - [DEBUG] - Procesando eventos Pygame...
2025-05-19 16:56:57 - juego - [DEBUG] - Iniciando ciclo de renderizado...
2025-05-19 16:56:57 - juego - [DEBUG] - MENSAJE DE PRUEBA REPETIDO PARA FILTRO
2025-05-19 16:56:57 - juego - [DEBUG] - Ciclo de renderizado completado (flip ejecutado).
2025-05-19 16:56:57 - juego - [DEBUG] - Procesando eventos Pygame...
2025-05-19 16:56:57 - juego - [DEBUG] - Iniciando ciclo de renderizado...
2025-05-19 16:56:57 - juego - [DEBUG] - MENSAJE DE PRUEBA REPETIDO PARA FILTRO
2025-05-19 16:56:57 - juego - [DEBUG] - Ciclo de renderizado completado (flip ejecutado).
2025-05-19 16:56:57 - juego - [DEBUG] - Procesando eventos Pygame...
2025-05-19 16:56:57 - juego - [DEBUG] - Iniciando ciclo de renderizado...
2025-05-19 16:56:57 - juego - [DEBUG] - MENSAJE DE PRUEBA REPETIDO PARA FILTRO
2025-05-19 16:56:57 - juego - [DEBUG] - Ciclo de renderizado completado (flip ejecutado).
2025-05-19 16:56:57 - juego - [DEBUG] - Procesando eventos Pygame...
2025-05-19 16:56:57 - juego - [DEBUG] - Iniciando ciclo de renderizado...
2025-05-19 16:56:58 - juego - [DEBUG] - MENSAJE DE PRUEBA REPETIDO PARA FILTRO
2025-05-19 16:56:58 - juego - [DEBUG] - Ciclo de renderizado completado (flip ejecutado).
2025-05-19 16:56:58 - juego - [DEBUG] - Procesando eventos Pygame...
2025-05-19 16:56:58 - juego - [DEBUG] - Iniciando ciclo de renderizado...
2025-05-19 16:56:58 - juego - [DEBUG] - MENSAJE DE PRUEBA REPETIDO PARA FILTRO
2025-05-19 16:56:58 - juego - [DEBUG] - Ciclo de renderizado completado (flip ejecutado).
2025-05-19 16:56:58 - juego - [DEBUG] - Procesando eventos Pygame...
2025-05-19 16:56:58 - juego - [DEBUG] - Iniciando ciclo de renderizado...
2025-05-19 16:56:58 - juego - [DEBUG] - MENSAJE DE PRUEBA REPETIDO PARA FILTRO
2025-05-19 16:56:58 - juego - [DEBUG] - Ciclo de renderizado completado (flip ejecutado).
2025-05-19 16:56:58 - juego - [DEBUG] - Procesando eventos Pygame...
2025-05-19 16:56:58 - juego - [DEBUG] - Iniciando ciclo de renderizado...
2025-05-19 16:56:58 - juego - [DEBUG] - MENSAJE DE PRUEBA REPETIDO PARA FILTRO
2025-05-19 16:56:58 - juego - [DEBUG] - Ciclo de renderizado completado (flip ejecutado).
2025-05-19 16:56:58 - juego - [DEBUG] - Procesando eventos Pygame...
2025-05-19 16:56:58 - juego - [DEBUG] - Iniciando ciclo de renderizado...
2025-05-19 16:56:58 - juego - [DEBUG] - MENSAJE DE PRUEBA REPETIDO PARA FILTRO
2025-05-19 16:56:58 - juego - [DEBUG] - Ciclo de renderizado completado (flip ejecutado).
2025-05-19 16:56:58 - juego - [DEBUG] - Procesando eventos Pygame...
2025-05-19 16:56:58 - juego - [DEBUG] - Iniciando ciclo de renderizado...
2025-05-19 16:56:58 - juego - [DEBUG] - MENSAJE DE PRUEBA REPETIDO PARA FILTRO
2025-05-19 16:56:58 - juego - [DEBUG] - Ciclo de renderizado completado (flip ejecutado).
2025-05-19 16:56:58 - juego - [DEBUG] - Procesando eventos Pygame...
2025-05-19 16:56:58 - juego - [DEBUG] - Iniciando ciclo de renderizado...
2025-05-19 16:56:58 - juego - [DEBUG] - MENSAJE DE PRUEBA REPETIDO PARA FILTRO
2025-05-19 16:56:58 - juego - [DEBUG] - Ciclo de renderizado completado (flip ejecutado).
2025-05-19 16:56:58 - juego - [DEBUG] - Procesando eventos Pygame...
2025-05-19 16:56:58 - juego - [DEBUG] - Iniciando ciclo de renderizado...
2025-05-19 16:56:58 - juego - [DEBUG] - Ciclo de renderizado completado (flip ejecutado).
2025-05-19 16:56:58 - juego - [DEBUG] - MENSAJE DE PRUEBA REPETIDO PARA FILTRO
2025-05-19 16:56:58 - juego - [DEBUG] - Procesando eventos Pygame...
2025-05-19 16:56:58 - juego - [DEBUG] - Iniciando ciclo de renderizado...
2025-05-19 16:56:58 - juego - [DEBUG] - Ciclo de renderizado completado (flip ejecutado).
2025-05-19 16:56:58 - juego - [DEBUG] - MENSAJE DE PRUEBA REPETIDO PARA FILTRO
2025-05-19 16:56:58 - juego - [DEBUG] - Procesando eventos Pygame...
2025-05-19 16:56:58 - juego - [DEBUG] - Iniciando ciclo de renderizado...
2025-05-19 16:56:58 - juego - [DEBUG] - Ciclo de renderizado completado (flip ejecutado).
2025-05-19 16:56:58 - juego - [DEBUG] - MENSAJE DE PRUEBA REPETIDO PARA FILTRO
2025-05-19 16:56:58 - juego - [DEBUG] - Procesando eventos Pygame...
2025-05-19 16:56:58 - juego - [DEBUG] - Iniciando ciclo de renderizado...
2025-05-19 16:56:58 - juego - [DEBUG] - Ciclo de renderizado completado (flip ejecutado).
2025-05-19 16:56:58 - juego - [DEBUG] - MENSAJE DE PRUEBA REPETIDO PARA FILTRO
2025-05-19 16:56:58 - juego - [DEBUG] - Procesando eventos Pygame...
2025-05-19 16:56:58 - juego - [DEBUG] - Iniciando ciclo de renderizado...
2025-05-19 16:56:58 - juego - [DEBUG] - Ciclo de renderizado completado (flip ejecutado).
2025-05-19 16:56:58 - juego - [DEBUG] - MENSAJE DE PRUEBA REPETIDO PARA FILTRO
2025-05-19 16:56:58 - juego - [DEBUG] - Procesando eventos Pygame...
2025-05-19 16:56:58 - juego - [DEBUG] - Iniciando ciclo de renderizado...
2025-05-19 16:56:58 - juego - [DEBUG] - Ciclo de renderizado completado (flip ejecutado).
2025-05-19 16:56:58 - juego - [DEBUG] - MENSAJE DE PRUEBA REPETIDO PARA FILTRO
2025-05-19 16:56:58 - juego - [DEBUG] - Procesando eventos Pygame...
2025-05-19 16:56:58 - juego - [DEBUG] - Iniciando ciclo de renderizado...
2025-05-19 16:56:58 - juego - [DEBUG] - MENSAJE DE PRUEBA REPETIDO PARA FILTRO
2025-05-19 16:56:58 - juego - [DEBUG] - Procesando eventos Pygame...
2025-05-19 16:56:58 - juego - [DEBUG] - Ciclo de renderizado completado (flip ejecutado).
2025-05-19 16:56:58 - juego - [DEBUG] - Iniciando ciclo de renderizado...
2025-05-19 16:56:58 - juego - [DEBUG] - MENSAJE DE PRUEBA REPETIDO PARA FILTRO
2025-05-19 16:56:58 - juego - [DEBUG] - Procesando eventos Pygame...
2025-05-19 16:56:58 - juego - [DEBUG] - Ciclo de renderizado completado (flip ejecutado).
2025-05-19 16:56:58 - juego - [DEBUG] - Iniciando ciclo de renderizado...
2025-05-19 16:56:58 - juego - [DEBUG] - MENSAJE DE PRUEBA REPETIDO PARA FILTRO
2025-05-19 16:56:58 - juego - [DEBUG] - Procesando eventos Pygame...
2025-05-19 16:56:58 - juego - [DEBUG] - Ciclo de renderizado completado (flip ejecutado).
2025-05-19 16:56:59 - juego - [DEBUG] - Iniciando ciclo de renderizado...
2025-05-19 16:56:59 - juego - [DEBUG] - MENSAJE DE PRUEBA REPETIDO PARA FILTRO
2025-05-19 16:56:59 - juego - [DEBUG] - Procesando eventos Pygame...
2025-05-19 16:56:59 - juego - [DEBUG] - Ciclo de renderizado completado (flip ejecutado).
2025-05-19 16:56:59 - juego - [DEBUG] - Iniciando ciclo de renderizado...
2025-05-19 16:56:59 - juego - [DEBUG] - MENSAJE DE PRUEBA REPETIDO PARA FILTRO
2025-05-19 16:56:59 - juego - [DEBUG] - Procesando eventos Pygame...
2025-05-19 16:56:59 - juego - [DEBUG] - Ciclo de renderizado completado (flip ejecutado).
2025-05-19 16:56:59 - juego - [DEBUG] - Iniciando ciclo de renderizado...
2025-05-19 16:56:59 - juego - [DEBUG] - MENSAJE DE PRUEBA REPETIDO PARA FILTRO
2025-05-19 16:56:59 - juego - [DEBUG] - Procesando eventos Pygame...
2025-05-19 16:56:59 - juego - [DEBUG] - Ciclo de renderizado completado (flip ejecutado).
2025-05-19 16:56:59 - juego - [DEBUG] - Iniciando ciclo de renderizado...
2025-05-19 16:56:59 - juego - [DEBUG] - MENSAJE DE PRUEBA REPETIDO PARA FILTRO
2025-05-19 16:56:59 - juego - [DEBUG] - Procesando eventos Pygame...
2025-05-19 16:56:59 - juego - [DEBUG] - Ciclo de renderizado completado (flip ejecutado).
2025-05-19 16:56:59 - juego - [DEBUG] - Iniciando ciclo de renderizado...
2025-05-19 16:56:59 - juego - [DEBUG] - MENSAJE DE PRUEBA REPETIDO PARA FILTRO
2025-05-19 16:56:59 - juego - [DEBUG] - Procesando eventos Pygame...
2025-05-19 16:56:59 - juego - [DEBUG] - Iniciando ciclo de renderizado...
2025-05-19 16:56:59 - juego - [DEBUG] - Ciclo de renderizado completado (flip ejecutado).
2025-05-19 16:56:59 - juego - [DEBUG] - MENSAJE DE PRUEBA REPETIDO PARA FILTRO
2025-05-19 16:56:59 - juego - [DEBUG] - Procesando eventos Pygame...
2025-05-19 16:56:59 - juego - [DEBUG] - Iniciando ciclo de renderizado...
2025-05-19 16:56:59 - juego - [DEBUG] - Ciclo de renderizado completado (flip ejecutado).
2025-05-19 16:56:59 - juego - [DEBUG] - MENSAJE DE PRUEBA REPETIDO PARA FILTRO
2025-05-19 16:56:59 - juego - [DEBUG] - Procesando eventos Pygame...
2025-05-19 16:56:59 - juego - [DEBUG] - Iniciando ciclo de renderizado...
2025-05-19 16:56:59 - juego - [DEBUG] - Ciclo de renderizado completado (flip ejecutado).
2025-05-19 16:56:59 - juego - [DEBUG] - MENSAJE DE PRUEBA REPETIDO PARA FILTRO
2025-05-19 16:56:59 - juego - [DEBUG] - Procesando eventos Pygame...
2025-05-19 16:56:59 - juego - [DEBUG] - Iniciando ciclo de renderizado...
2025-05-19 16:56:59 - juego - [DEBUG] - Ciclo de renderizado completado (flip ejecutado).
2025-05-19 16:56:59 - juego - [DEBUG] - MENSAJE DE PRUEBA REPETIDO PARA FILTRO
2025-05-19 16:56:59 - juego - [DEBUG] - Procesando eventos Pygame...
2025-05-19 16:56:59 - juego - [DEBUG] - Iniciando ciclo de renderizado...
2025-05-19 16:56:59 - juego - [DEBUG] - Ciclo de renderizado completado (flip ejecutado).
2025-05-19 16:56:59 - juego - [DEBUG] - MENSAJE DE PRUEBA REPETIDO PARA FILTRO
2025-05-19 16:56:59 - juego - [DEBUG] - Procesando eventos Pygame...
2025-05-19 16:56:59 - juego - [DEBUG] - Iniciando ciclo de renderizado...
2025-05-19 16:56:59 - juego - [DEBUG] - Ciclo de renderizado completado (flip ejecutado).
2025-05-19 16:56:59 - juego - [DEBUG] - MENSAJE DE PRUEBA REPETIDO PARA FILTRO
2025-05-19 16:56:59 - juego - [DEBUG] - Procesando eventos Pygame...
2025-05-19 16:56:59 - juego - [DEBUG] - Iniciando ciclo de renderizado...
2025-05-19 16:56:59 - juego - [DEBUG] - Ciclo de renderizado completado (flip ejecutado).
2025-05-19 16:56:59 - juego - [DEBUG] - MENSAJE DE PRUEBA REPETIDO PARA FILTRO
2025-05-19 16:56:59 - juego - [DEBUG] - Procesando eventos Pygame...
2025-05-19 16:56:59 - juego - [DEBUG] - Iniciando ciclo de renderizado...
2025-05-19 16:56:59 - juego - [DEBUG] - Ciclo de renderizado completado (flip ejecutado).
2025-05-19 16:56:59 - juego - [DEBUG] - MENSAJE DE PRUEBA REPETIDO PARA FILTRO
2025-05-19 16:56:59 - juego - [DEBUG] - Procesando eventos Pygame...
2025-05-19 16:56:59 - juego - [DEBUG] - Iniciando ciclo de renderizado...
2025-05-19 16:56:59 - juego - [DEBUG] - Ciclo de renderizado completado (flip ejecutado).
2025-05-19 16:56:59 - juego - [DEBUG] - MENSAJE DE PRUEBA REPETIDO PARA FILTRO
2025-05-19 16:56:59 - juego - [DEBUG] - Procesando eventos Pygame...
2025-05-19 16:56:59 - juego - [DEBUG] - Iniciando ciclo de renderizado...
2025-05-19 16:56:59 - juego - [DEBUG] - Ciclo de renderizado completado (flip ejecutado).
2025-05-19 16:56:59 - juego - [DEBUG] - MENSAJE DE PRUEBA REPETIDO PARA FILTRO
2025-05-19 16:56:59 - juego - [DEBUG] - Procesando eventos Pygame...
2025-05-19 16:56:59 - juego - [DEBUG] - Iniciando ciclo de renderizado...
2025-05-19 16:56:59 - juego - [DEBUG] - Ciclo de renderizado completado (flip ejecutado).
2025-05-19 16:56:59 - juego - [DEBUG] - MENSAJE DE PRUEBA REPETIDO PARA FILTRO
2025-05-19 16:56:59 - juego - [DEBUG] - Procesando eventos Pygame...
2025-05-19 16:56:59 - juego - [DEBUG] - Iniciando ciclo de renderizado...
2025-05-19 16:56:59 - juego - [DEBUG] - Ciclo de renderizado completado (flip ejecutado).
2025-05-19 16:57:00 - juego - [DEBUG] - MENSAJE DE PRUEBA REPETIDO PARA FILTRO
2025-05-19 16:57:00 - juego - [DEBUG] - Procesando eventos Pygame...
2025-05-19 16:57:00 - juego - [DEBUG] - Iniciando ciclo de renderizado...
2025-05-19 16:57:00 - juego - [DEBUG] - Ciclo de renderizado completado (flip ejecutado).
2025-05-19 16:57:00 - juego - [DEBUG] - MENSAJE DE PRUEBA REPETIDO PARA FILTRO
2025-05-19 16:57:00 - juego - [DEBUG] - Procesando eventos Pygame...
2025-05-19 16:57:00 - juego - [DEBUG] - Iniciando ciclo de renderizado...
2025-05-19 16:57:00 - juego - [DEBUG] - Ciclo de renderizado completado (flip ejecutado).
2025-05-19 16:57:00 - juego - [DEBUG] - MENSAJE DE PRUEBA REPETIDO PARA FILTRO
2025-05-19 16:57:00 - juego - [DEBUG] - Procesando eventos Pygame...
2025-05-19 16:57:00 - juego - [DEBUG] - Iniciando ciclo de renderizado...
2025-05-19 16:57:00 - juego - [DEBUG] - Ciclo de renderizado completado (flip ejecutado).
2025-05-19 16:57:00 - juego - [DEBUG] - MENSAJE DE PRUEBA REPETIDO PARA FILTRO
2025-05-19 16:57:00 - juego - [DEBUG] - Procesando eventos Pygame...
2025-05-19 16:57:00 - juego - [DEBUG] - Iniciando ciclo de renderizado...
2025-05-19 16:57:00 - juego - [DEBUG] - Ciclo de renderizado completado (flip ejecutado).
2025-05-19 16:57:00 - juego - [DEBUG] - MENSAJE DE PRUEBA REPETIDO PARA FILTRO
2025-05-19 16:57:00 - juego - [DEBUG] - Procesando eventos Pygame...
2025-05-19 16:57:00 - juego - [DEBUG] - Iniciando ciclo de renderizado...
2025-05-19 16:57:00 - juego - [DEBUG] - Ciclo de renderizado completado (flip ejecutado).
2025-05-19 16:57:00 - juego - [DEBUG] - MENSAJE DE PRUEBA REPETIDO PARA FILTRO
2025-05-19 16:57:00 - juego - [DEBUG] - Procesando eventos Pygame...
2025-05-19 16:57:00 - juego - [DEBUG] - Iniciando ciclo de renderizado...
2025-05-19 16:57:00 - juego - [DEBUG] - Ciclo de renderizado completado (flip ejecutado).
2025-05-19 16:57:00 - juego - [DEBUG] - MENSAJE DE PRUEBA REPETIDO PARA FILTRO
2025-05-19 16:57:00 - juego - [DEBUG] - Procesando eventos Pygame...
2025-05-19 16:57:00 - juego - [DEBUG] - Iniciando ciclo de renderizado...
2025-05-19 16:57:00 - juego - [DEBUG] - Ciclo de renderizado completado (flip ejecutado).
2025-05-19 16:57:00 - juego - [DEBUG] - MENSAJE DE PRUEBA REPETIDO PARA FILTRO
2025-05-19 16:57:00 - juego - [DEBUG] - Procesando eventos Pygame...
2025-05-19 16:57:00 - juego - [DEBUG] - Iniciando ciclo de renderizado...
2025-05-19 16:57:00 - juego - [DEBUG] - Ciclo de renderizado completado (flip ejecutado).
2025-05-19 16:57:00 - juego - [DEBUG] - MENSAJE DE PRUEBA REPETIDO PARA FILTRO
2025-05-19 16:57:00 - juego - [DEBUG] - Procesando eventos Pygame...
2025-05-19 16:57:00 - juego - [DEBUG] - Iniciando ciclo de renderizado...
2025-05-19 16:57:00 - juego - [DEBUG] - Ciclo de renderizado completado (flip ejecutado).
2025-05-19 16:57:00 - juego - [DEBUG] - MENSAJE DE PRUEBA REPETIDO PARA FILTRO
2025-05-19 16:57:00 - juego - [DEBUG] - Procesando eventos Pygame...
2025-05-19 16:57:00 - juego - [DEBUG] - Iniciando ciclo de renderizado...
2025-05-19 16:57:00 - juego - [DEBUG] - Ciclo de renderizado completado (flip ejecutado).
2025-05-19 16:57:00 - juego - [DEBUG] - MENSAJE DE PRUEBA REPETIDO PARA FILTRO
2025-05-19 16:57:00 - juego - [DEBUG] - Procesando eventos Pygame...
2025-05-19 16:57:00 - juego - [DEBUG] - Iniciando ciclo de renderizado...
2025-05-19 16:57:00 - juego - [DEBUG] - Ciclo de renderizado completado (flip ejecutado).
2025-05-19 16:57:00 - juego - [DEBUG] - MENSAJE DE PRUEBA REPETIDO PARA FILTRO
2025-05-19 16:57:00 - juego - [DEBUG] - Procesando eventos Pygame...
2025-05-19 16:57:00 - juego - [DEBUG] - Iniciando ciclo de renderizado...
2025-05-19 16:57:00 - juego - [DEBUG] - Ciclo de renderizado completado (flip ejecutado).
2025-05-19 16:57:00 - juego - [DEBUG] - MENSAJE DE PRUEBA REPETIDO PARA FILTRO
2025-05-19 16:57:00 - juego - [DEBUG] - Procesando eventos Pygame...
2025-05-19 16:57:00 - juego - [DEBUG] - Iniciando ciclo de renderizado...
2025-05-19 16:57:00 - juego - [DEBUG] - Ciclo de renderizado completado (flip ejecutado).
2025-05-19 16:57:00 - juego - [DEBUG] - MENSAJE DE PRUEBA REPETIDO PARA FILTRO
2025-05-19 16:57:00 - juego - [DEBUG] - Procesando eventos Pygame...
2025-05-19 16:57:00 - juego - [DEBUG] - Iniciando ciclo de renderizado...
2025-05-19 16:57:00 - juego - [DEBUG] - Ciclo de renderizado completado (flip ejecutado).
2025-05-19 16:57:00 - juego - [DEBUG] - MENSAJE DE PRUEBA REPETIDO PARA FILTRO
2025-05-19 16:57:00 - juego - [DEBUG] - Procesando eventos Pygame...
2025-05-19 16:57:00 - juego - [DEBUG] - Iniciando ciclo de renderizado...
2025-05-19 16:57:00 - juego - [DEBUG] - Ciclo de renderizado completado (flip ejecutado).
2025-05-19 16:57:00 - juego - [DEBUG] - MENSAJE DE PRUEBA REPETIDO PARA FILTRO
2025-05-19 16:57:00 - juego - [DEBUG] - Procesando eventos Pygame...
2025-05-19 16:57:00 - juego - [DEBUG] - Iniciando ciclo de renderizado...
2025-05-19 16:57:00 - juego - [DEBUG] - Ciclo de renderizado completado (flip ejecutado).
2025-05-19 16:57:00 - juego - [DEBUG] - MENSAJE DE PRUEBA REPETIDO PARA FILTRO
2025-05-19 16:57:00 - juego - [DEBUG] - Procesando eventos Pygame...
2025-05-19 16:57:01 - juego - [DEBUG] - Iniciando ciclo de renderizado...
2025-05-19 16:57:01 - juego - [DEBUG] - Ciclo de renderizado completado (flip ejecutado).
2025-05-19 16:57:01 - juego - [DEBUG] - MENSAJE DE PRUEBA REPETIDO PARA FILTRO
2025-05-19 16:57:01 - juego - [DEBUG] - Procesando eventos Pygame...
2025-05-19 16:57:01 - juego - [DEBUG] - Iniciando ciclo de renderizado...
2025-05-19 16:57:01 - juego - [DEBUG] - Ciclo de renderizado completado (flip ejecutado).
2025-05-19 16:57:01 - juego - [DEBUG] - MENSAJE DE PRUEBA REPETIDO PARA FILTRO
2025-05-19 16:57:01 - juego - [DEBUG] - Procesando eventos Pygame...
2025-05-19 16:57:01 - juego - [DEBUG] - Iniciando ciclo de renderizado...
2025-05-19 16:57:01 - juego - [DEBUG] - Ciclo de renderizado completado (flip ejecutado).
2025-05-19 16:57:01 - juego - [DEBUG] - MENSAJE DE PRUEBA REPETIDO PARA FILTRO
2025-05-19 16:57:01 - juego - [DEBUG] - Procesando eventos Pygame...
2025-05-19 16:57:01 - juego - [DEBUG] - Iniciando ciclo de renderizado...
2025-05-19 16:57:01 - juego - [DEBUG] - Ciclo de renderizado completado (flip ejecutado).
2025-05-19 16:57:01 - juego - [DEBUG] - MENSAJE DE PRUEBA REPETIDO PARA FILTRO
2025-05-19 16:57:01 - juego - [DEBUG] - Procesando eventos Pygame...
2025-05-19 16:57:01 - juego - [DEBUG] - Iniciando ciclo de renderizado...
2025-05-19 16:57:01 - juego - [DEBUG] - Ciclo de renderizado completado (flip ejecutado).
2025-05-19 16:57:01 - juego - [DEBUG] - MENSAJE DE PRUEBA REPETIDO PARA FILTRO
2025-05-19 16:57:01 - juego - [DEBUG] - Procesando eventos Pygame...
2025-05-19 16:57:01 - juego - [DEBUG] - Iniciando ciclo de renderizado...
2025-05-19 16:57:01 - juego - [DEBUG] - Ciclo de renderizado completado (flip ejecutado).
2025-05-19 16:57:01 - juego - [DEBUG] - MENSAJE DE PRUEBA REPETIDO PARA FILTRO
2025-05-19 16:57:01 - juego - [DEBUG] - Procesando eventos Pygame...
2025-05-19 16:57:01 - juego - [DEBUG] - Iniciando ciclo de renderizado...
2025-05-19 16:57:01 - juego - [DEBUG] - Ciclo de renderizado completado (flip ejecutado).
2025-05-19 16:57:01 - juego - [DEBUG] - MENSAJE DE PRUEBA REPETIDO PARA FILTRO
2025-05-19 16:57:01 - juego - [DEBUG] - Procesando eventos Pygame...
2025-05-19 16:57:01 - juego - [DEBUG] - Iniciando ciclo de renderizado...
2025-05-19 16:57:01 - juego - [DEBUG] - Ciclo de renderizado completado (flip ejecutado).
2025-05-19 16:57:01 - juego - [DEBUG] - MENSAJE DE PRUEBA REPETIDO PARA FILTRO
2025-05-19 16:57:01 - juego - [DEBUG] - Procesando eventos Pygame...
2025-05-19 16:57:01 - juego - [DEBUG] - Iniciando ciclo de renderizado...
2025-05-19 16:57:01 - juego - [DEBUG] - Ciclo de renderizado completado (flip ejecutado).
2025-05-19 16:57:01 - juego - [DEBUG] - MENSAJE DE PRUEBA REPETIDO PARA FILTRO
2025-05-19 16:57:01 - juego - [DEBUG] - Procesando eventos Pygame...
2025-05-19 16:57:01 - juego - [DEBUG] - Iniciando ciclo de renderizado...
2025-05-19 16:57:01 - juego - [DEBUG] - Ciclo de renderizado completado (flip ejecutado).
2025-05-19 16:57:01 - juego - [DEBUG] - MENSAJE DE PRUEBA REPETIDO PARA FILTRO
2025-05-19 16:57:01 - juego - [DEBUG] - Procesando eventos Pygame...
2025-05-19 16:57:01 - juego - [DEBUG] - Iniciando ciclo de renderizado...
2025-05-19 16:57:01 - juego - [DEBUG] - Ciclo de renderizado completado (flip ejecutado).
2025-05-19 16:57:01 - juego - [DEBUG] - MENSAJE DE PRUEBA REPETIDO PARA FILTRO
2025-05-19 16:57:01 - juego - [DEBUG] - Procesando eventos Pygame...
2025-05-19 16:57:01 - juego - [DEBUG] - Iniciando ciclo de renderizado...
2025-05-19 16:57:01 - juego - [DEBUG] - Ciclo de renderizado completado (flip ejecutado).
2025-05-19 16:57:01 - juego - [DEBUG] - MENSAJE DE PRUEBA REPETIDO PARA FILTRO
2025-05-19 16:57:01 - juego - [DEBUG] - Procesando eventos Pygame...
2025-05-19 16:57:01 - juego - [DEBUG] - Iniciando ciclo de renderizado...
2025-05-19 16:57:01 - juego - [DEBUG] - Ciclo de renderizado completado (flip ejecutado).
2025-05-19 16:57:01 - juego - [DEBUG] - MENSAJE DE PRUEBA REPETIDO PARA FILTRO
2025-05-19 16:57:01 - juego - [DEBUG] - Procesando eventos Pygame...
2025-05-19 16:57:01 - juego - [DEBUG] - Iniciando ciclo de renderizado...
2025-05-19 16:57:01 - juego - [DEBUG] - Ciclo de renderizado completado (flip ejecutado).
2025-05-19 16:57:01 - juego - [DEBUG] - MENSAJE DE PRUEBA REPETIDO PARA FILTRO
2025-05-19 16:57:01 - juego - [DEBUG] - Procesando eventos Pygame...
2025-05-19 16:57:01 - juego - [DEBUG] - Iniciando ciclo de renderizado...
2025-05-19 16:57:01 - juego - [DEBUG] - Ciclo de renderizado completado (flip ejecutado).
2025-05-19 16:57:01 - juego - [DEBUG] - MENSAJE DE PRUEBA REPETIDO PARA FILTRO
2025-05-19 16:57:01 - juego - [DEBUG] - Procesando eventos Pygame...
2025-05-19 16:57:01 - juego - [DEBUG] - Iniciando ciclo de renderizado...
2025-05-19 16:57:01 - juego - [DEBUG] - Ciclo de renderizado completado (flip ejecutado).
2025-05-19 16:57:01 - juego - [DEBUG] - MENSAJE DE PRUEBA REPETIDO PARA FILTRO
2025-05-19 16:57:01 - juego - [DEBUG] - Procesando eventos Pygame...
2025-05-19 16:57:02 - juego - [DEBUG] - Iniciando ciclo de renderizado...
2025-05-19 16:57:02 - juego - [DEBUG] - Ciclo de renderizado completado (flip ejecutado).
2025-05-19 16:57:02 - juego - [DEBUG] - MENSAJE DE PRUEBA REPETIDO PARA FILTRO
2025-05-19 16:57:02 - juego - [DEBUG] - Procesando eventos Pygame...
2025-05-19 16:57:02 - juego - [DEBUG] - Iniciando ciclo de renderizado...
2025-05-19 16:57:02 - juego - [DEBUG] - Ciclo de renderizado completado (flip ejecutado).
2025-05-19 16:57:02 - juego - [DEBUG] - MENSAJE DE PRUEBA REPETIDO PARA FILTRO
2025-05-19 16:57:02 - juego - [DEBUG] - Procesando eventos Pygame...
2025-05-19 16:57:02 - juego - [DEBUG] - MENSAJE DE PRUEBA REPETIDO PARA FILTRO
2025-05-19 16:57:02 - juego - [DEBUG] - Procesando eventos Pygame...
2025-05-19 16:57:02 - juego - [DEBUG] - Iniciando ciclo de renderizado...
2025-05-19 16:57:02 - juego - [DEBUG] - Ciclo de renderizado completado (flip ejecutado).
2025-05-19 16:57:02 - juego - [DEBUG] - MENSAJE DE PRUEBA REPETIDO PARA FILTRO
2025-05-19 16:57:02 - juego - [DEBUG] - Procesando eventos Pygame...
2025-05-19 16:57:02 - juego - [DEBUG] - Iniciando ciclo de renderizado...
2025-05-19 16:57:02 - juego - [DEBUG] - Ciclo de renderizado completado (flip ejecutado).
2025-05-19 16:57:02 - juego - [DEBUG] - MENSAJE DE PRUEBA REPETIDO PARA FILTRO
2025-05-19 16:57:02 - juego - [DEBUG] - Procesando eventos Pygame...
2025-05-19 16:57:02 - juego - [DEBUG] - Iniciando ciclo de renderizado...
2025-05-19 16:57:02 - juego - [DEBUG] - Ciclo de renderizado completado (flip ejecutado).
2025-05-19 16:57:02 - juego - [DEBUG] - MENSAJE DE PRUEBA REPETIDO PARA FILTRO
2025-05-19 16:57:02 - juego - [DEBUG] - Procesando eventos Pygame...
2025-05-19 16:57:02 - juego - [DEBUG] - Iniciando ciclo de renderizado...
2025-05-19 16:57:02 - juego - [DEBUG] - Ciclo de renderizado completado (flip ejecutado).
2025-05-19 16:57:02 - juego - [DEBUG] - MENSAJE DE PRUEBA REPETIDO PARA FILTRO
2025-05-19 16:57:02 - juego - [DEBUG] - Procesando eventos Pygame...
2025-05-19 16:57:02 - juego - [DEBUG] - Iniciando ciclo de renderizado...
2025-05-19 16:57:02 - juego - [DEBUG] - Ciclo de renderizado completado (flip ejecutado).
2025-05-19 16:57:02 - juego - [DEBUG] - MENSAJE DE PRUEBA REPETIDO PARA FILTRO
2025-05-19 16:57:02 - juego - [DEBUG] - Procesando eventos Pygame...
2025-05-19 16:57:02 - juego - [DEBUG] - Iniciando ciclo de renderizado...
2025-05-19 16:57:02 - juego - [DEBUG] - Ciclo de renderizado completado (flip ejecutado).
2025-05-19 16:57:02 - juego - [DEBUG] - MENSAJE DE PRUEBA REPETIDO PARA FILTRO
2025-05-19 16:57:02 - juego - [DEBUG] - Procesando eventos Pygame...
2025-05-19 16:57:02 - juego - [DEBUG] - Iniciando ciclo de renderizado...
2025-05-19 16:57:02 - juego - [DEBUG] - Ciclo de renderizado completado (flip ejecutado).
2025-05-19 16:57:02 - juego - [DEBUG] - MENSAJE DE PRUEBA REPETIDO PARA FILTRO
2025-05-19 16:57:02 - juego - [DEBUG] - Procesando eventos Pygame...
2025-05-19 16:57:02 - juego - [DEBUG] - Iniciando ciclo de renderizado...
2025-05-19 16:57:02 - juego - [DEBUG] - Ciclo de renderizado completado (flip ejecutado).
2025-05-19 16:57:02 - juego - [DEBUG] - MENSAJE DE PRUEBA REPETIDO PARA FILTRO
2025-05-19 16:57:02 - juego - [DEBUG] - Procesando eventos Pygame...
2025-05-19 16:57:02 - juego - [DEBUG] - Iniciando ciclo de renderizado...
2025-05-19 16:57:02 - juego - [DEBUG] - Ciclo de renderizado completado (flip ejecutado).
2025-05-19 16:57:02 - juego - [DEBUG] - MENSAJE DE PRUEBA REPETIDO PARA FILTRO
2025-05-19 16:57:02 - juego - [DEBUG] - Procesando eventos Pygame...
2025-05-19 16:57:02 - juego - [DEBUG] - Iniciando ciclo de renderizado...
2025-05-19 16:57:02 - juego - [DEBUG] - Ciclo de renderizado completado (flip ejecutado).
2025-05-19 16:57:02 - juego - [DEBUG] - Iniciando ciclo de renderizado...
2025-05-19 16:57:02 - juego - [DEBUG] - Ciclo de renderizado completado (flip ejecutado).
2025-05-19 16:57:02 - juego - [DEBUG] - MENSAJE DE PRUEBA REPETIDO PARA FILTRO
2025-05-19 16:57:02 - juego - [DEBUG] - Procesando eventos Pygame...
2025-05-19 16:57:02 - juego - [DEBUG] - Iniciando ciclo de renderizado...
2025-05-19 16:57:02 - juego - [DEBUG] - Ciclo de renderizado completado (flip ejecutado).
2025-05-19 16:57:02 - juego - [DEBUG] - MENSAJE DE PRUEBA REPETIDO PARA FILTRO
2025-05-19 16:57:02 - juego - [DEBUG] - Procesando eventos Pygame...
2025-05-19 16:57:02 - juego - [DEBUG] - Iniciando ciclo de renderizado...
2025-05-19 16:57:02 - juego - [DEBUG] - MENSAJE DE PRUEBA REPETIDO PARA FILTRO
2025-05-19 16:57:02 - juego - [DEBUG] - Procesando eventos Pygame...
2025-05-19 16:57:02 - juego - [DEBUG] - Ciclo de renderizado completado (flip ejecutado).
2025-05-19 16:57:02 - juego - [DEBUG] - Iniciando ciclo de renderizado...
2025-05-19 16:57:02 - juego - [DEBUG] - MENSAJE DE PRUEBA REPETIDO PARA FILTRO
2025-05-19 16:57:02 - juego - [DEBUG] - Procesando eventos Pygame...
2025-05-19 16:57:02 - juego - [DEBUG] - Ciclo de renderizado completado (flip ejecutado).
2025-05-19 16:57:02 - juego - [DEBUG] - Iniciando ciclo de renderizado...
2025-05-19 16:57:02 - juego - [DEBUG] - MENSAJE DE PRUEBA REPETIDO PARA FILTRO
2025-05-19 16:57:02 - juego - [DEBUG] - Procesando eventos Pygame...
2025-05-19 16:57:02 - juego - [DEBUG] - Ciclo de renderizado completado (flip ejecutado).
2025-05-19 16:57:03 - juego - [DEBUG] - Iniciando ciclo de renderizado...
2025-05-19 16:57:03 - juego - [DEBUG] - MENSAJE DE PRUEBA REPETIDO PARA FILTRO
2025-05-19 16:57:03 - juego - [DEBUG] - Procesando eventos Pygame...
2025-05-19 16:57:03 - juego - [DEBUG] - Ciclo de renderizado completado (flip ejecutado).
2025-05-19 16:57:03 - juego - [DEBUG] - Iniciando ciclo de renderizado...
2025-05-19 16:57:03 - juego - [DEBUG] - MENSAJE DE PRUEBA REPETIDO PARA FILTRO
2025-05-19 16:57:03 - juego - [DEBUG] - Procesando eventos Pygame...
2025-05-19 16:57:03 - juego - [DEBUG] - Ciclo de renderizado completado (flip ejecutado).
2025-05-19 16:57:03 - juego - [DEBUG] - Iniciando ciclo de renderizado...
2025-05-19 16:57:03 - juego - [DEBUG] - MENSAJE DE PRUEBA REPETIDO PARA FILTRO
2025-05-19 16:57:03 - juego - [DEBUG] - Procesando eventos Pygame...
2025-05-19 16:57:03 - juego - [DEBUG] - Ciclo de renderizado completado (flip ejecutado).
2025-05-19 16:57:03 - juego - [DEBUG] - Iniciando ciclo de renderizado...
2025-05-19 16:57:03 - juego - [DEBUG] - MENSAJE DE PRUEBA REPETIDO PARA FILTRO
2025-05-19 16:57:03 - juego - [DEBUG] - Procesando eventos Pygame...
2025-05-19 16:57:03 - juego - [DEBUG] - Ciclo de renderizado completado (flip ejecutado).
2025-05-19 16:57:03 - juego - [DEBUG] - Iniciando ciclo de renderizado...
2025-05-19 16:57:03 - juego - [DEBUG] - MENSAJE DE PRUEBA REPETIDO PARA FILTRO
2025-05-19 16:57:03 - juego - [DEBUG] - Procesando eventos Pygame...
2025-05-19 16:57:03 - juego - [DEBUG] - Ciclo de renderizado completado (flip ejecutado).
2025-05-19 16:57:03 - juego - [DEBUG] - Iniciando ciclo de renderizado...
2025-05-19 16:57:03 - juego - [DEBUG] - MENSAJE DE PRUEBA REPETIDO PARA FILTRO
2025-05-19 16:57:03 - juego - [DEBUG] - Procesando eventos Pygame...
2025-05-19 16:57:03 - juego - [DEBUG] - Ciclo de renderizado completado (flip ejecutado).
2025-05-19 16:57:03 - juego - [DEBUG] - Iniciando ciclo de renderizado...
2025-05-19 16:57:03 - juego - [DEBUG] - MENSAJE DE PRUEBA REPETIDO PARA FILTRO
2025-05-19 16:57:03 - juego - [DEBUG] - Procesando eventos Pygame...
2025-05-19 16:57:03 - juego - [DEBUG] - Ciclo de renderizado completado (flip ejecutado).
2025-05-19 16:57:03 - juego - [DEBUG] - Iniciando ciclo de renderizado...
2025-05-19 16:57:03 - juego - [DEBUG] - MENSAJE DE PRUEBA REPETIDO PARA FILTRO
2025-05-19 16:57:03 - juego - [DEBUG] - Procesando eventos Pygame...
2025-05-19 16:57:03 - juego - [DEBUG] - Ciclo de renderizado completado (flip ejecutado).
2025-05-19 16:57:03 - juego - [DEBUG] - Iniciando ciclo de renderizado...
2025-05-19 16:57:03 - juego - [DEBUG] - MENSAJE DE PRUEBA REPETIDO PARA FILTRO
2025-05-19 16:57:03 - juego - [DEBUG] - Procesando eventos Pygame...
2025-05-19 16:57:03 - juego - [DEBUG] - Ciclo de renderizado completado (flip ejecutado).
2025-05-19 16:57:03 - juego - [DEBUG] - Iniciando ciclo de renderizado...
2025-05-19 16:57:03 - juego - [DEBUG] - MENSAJE DE PRUEBA REPETIDO PARA FILTRO
2025-05-19 16:57:03 - juego - [DEBUG] - Procesando eventos Pygame...
2025-05-19 16:57:03 - juego - [DEBUG] - Ciclo de renderizado completado (flip ejecutado).
2025-05-19 16:57:03 - juego - [DEBUG] - Iniciando ciclo de renderizado...
2025-05-19 16:57:03 - juego - [DEBUG] - MENSAJE DE PRUEBA REPETIDO PARA FILTRO
2025-05-19 16:57:03 - juego - [DEBUG] - Procesando eventos Pygame...
2025-05-19 16:57:03 - juego - [DEBUG] - Ciclo de renderizado completado (flip ejecutado).
2025-05-19 16:57:03 - juego - [DEBUG] - Iniciando ciclo de renderizado...
2025-05-19 16:57:03 - juego - [DEBUG] - MENSAJE DE PRUEBA REPETIDO PARA FILTRO
2025-05-19 16:57:03 - juego - [DEBUG] - Procesando eventos Pygame...
2025-05-19 16:57:03 - juego - [DEBUG] - Ciclo de renderizado completado (flip ejecutado).
2025-05-19 16:57:03 - juego - [DEBUG] - Iniciando ciclo de renderizado...
2025-05-19 16:57:03 - juego - [DEBUG] - MENSAJE DE PRUEBA REPETIDO PARA FILTRO
2025-05-19 16:57:03 - juego - [DEBUG] - Procesando eventos Pygame...
2025-05-19 16:57:03 - juego - [DEBUG] - Ciclo de renderizado completado (flip ejecutado).
2025-05-19 16:57:03 - juego - [DEBUG] - Iniciando ciclo de renderizado...
2025-05-19 16:57:03 - juego - [DEBUG] - MENSAJE DE PRUEBA REPETIDO PARA FILTRO
2025-05-19 16:57:03 - juego - [DEBUG] - Procesando eventos Pygame...
2025-05-19 16:57:03 - juego - [DEBUG] - Ciclo de renderizado completado (flip ejecutado).
2025-05-19 16:57:03 - juego - [DEBUG] - Iniciando ciclo de renderizado...
2025-05-19 16:57:03 - juego - [DEBUG] - MENSAJE DE PRUEBA REPETIDO PARA FILTRO
2025-05-19 16:57:03 - juego - [DEBUG] - Procesando eventos Pygame...
2025-05-19 16:57:03 - juego - [DEBUG] - Ciclo de renderizado completado (flip ejecutado).
2025-05-19 16:57:03 - juego - [DEBUG] - Iniciando ciclo de renderizado...
2025-05-19 16:57:03 - juego - [DEBUG] - MENSAJE DE PRUEBA REPETIDO PARA FILTRO
2025-05-19 16:57:03 - juego - [DEBUG] - Procesando eventos Pygame...
2025-05-19 16:57:03 - juego - [DEBUG] - Ciclo de renderizado completado (flip ejecutado).
2025-05-19 16:57:04 - juego - [DEBUG] - Iniciando ciclo de renderizado...
2025-05-19 16:57:04 - juego - [DEBUG] - MENSAJE DE PRUEBA REPETIDO PARA FILTRO
2025-05-19 16:57:04 - juego - [DEBUG] - Procesando eventos Pygame...
2025-05-19 16:57:04 - juego - [DEBUG] - Ciclo de renderizado completado (flip ejecutado).
2025-05-19 16:57:04 - juego - [DEBUG] - Iniciando ciclo de renderizado...
2025-05-19 16:57:04 - juego - [DEBUG] - MENSAJE DE PRUEBA REPETIDO PARA FILTRO
2025-05-19 16:57:04 - juego - [DEBUG] - Procesando eventos Pygame...
2025-05-19 16:57:04 - juego - [DEBUG] - Ciclo de renderizado completado (flip ejecutado).
2025-05-19 16:57:04 - juego - [DEBUG] - Iniciando ciclo de renderizado...
2025-05-19 16:57:04 - juego - [DEBUG] - MENSAJE DE PRUEBA REPETIDO PARA FILTRO
2025-05-19 16:57:04 - juego - [DEBUG] - Procesando eventos Pygame...
2025-05-19 16:57:04 - juego - [DEBUG] - Ciclo de renderizado completado (flip ejecutado).
2025-05-19 16:57:04 - juego - [DEBUG] - Iniciando ciclo de renderizado...
2025-05-19 16:57:04 - juego - [DEBUG] - MENSAJE DE PRUEBA REPETIDO PARA FILTRO
2025-05-19 16:57:04 - juego - [DEBUG] - Procesando eventos Pygame...
2025-05-19 16:57:04 - juego - [DEBUG] - Ciclo de renderizado completado (flip ejecutado).
2025-05-19 16:57:04 - juego - [DEBUG] - Iniciando ciclo de renderizado...
2025-05-19 16:57:04 - juego - [DEBUG] - MENSAJE DE PRUEBA REPETIDO PARA FILTRO
2025-05-19 16:57:04 - juego - [DEBUG] - Procesando eventos Pygame...
2025-05-19 16:57:04 - juego - [DEBUG] - Ciclo de renderizado completado (flip ejecutado).
2025-05-19 16:57:04 - juego - [DEBUG] - Iniciando ciclo de renderizado...
2025-05-19 16:57:04 - juego - [DEBUG] - MENSAJE DE PRUEBA REPETIDO PARA FILTRO
2025-05-19 16:57:04 - juego - [DEBUG] - Procesando eventos Pygame...
2025-05-19 16:57:04 - juego - [DEBUG] - Ciclo de renderizado completado (flip ejecutado).
2025-05-19 16:57:04 - juego - [DEBUG] - Iniciando ciclo de renderizado...
2025-05-19 16:57:04 - juego - [DEBUG] - MENSAJE DE PRUEBA REPETIDO PARA FILTRO
2025-05-19 16:57:04 - juego - [DEBUG] - Procesando eventos Pygame...
2025-05-19 16:57:04 - juego - [DEBUG] - Ciclo de renderizado completado (flip ejecutado).
2025-05-19 16:57:04 - juego - [DEBUG] - Iniciando ciclo de renderizado...
2025-05-19 16:57:04 - juego - [DEBUG] - MENSAJE DE PRUEBA REPETIDO PARA FILTRO
2025-05-19 16:57:04 - juego - [DEBUG] - Procesando eventos Pygame...
2025-05-19 16:57:04 - juego - [DEBUG] - Iniciando ciclo de renderizado...
2025-05-19 16:57:04 - juego - [DEBUG] - Ciclo de renderizado completado (flip ejecutado).
2025-05-19 16:57:04 - juego - [DEBUG] - MENSAJE DE PRUEBA REPETIDO PARA FILTRO
2025-05-19 16:57:04 - juego - [DEBUG] - Procesando eventos Pygame...
2025-05-19 16:57:04 - juego - [DEBUG] - Iniciando ciclo de renderizado...
2025-05-19 16:57:04 - juego - [DEBUG] - Ciclo de renderizado completado (flip ejecutado).
2025-05-19 16:57:04 - juego - [DEBUG] - MENSAJE DE PRUEBA REPETIDO PARA FILTRO
2025-05-19 16:57:04 - juego - [DEBUG] - Procesando eventos Pygame...
2025-05-19 16:57:04 - juego - [DEBUG] - Iniciando ciclo de renderizado...
2025-05-19 16:57:04 - juego - [DEBUG] - Ciclo de renderizado completado (flip ejecutado).
2025-05-19 16:57:04 - juego - [DEBUG] - MENSAJE DE PRUEBA REPETIDO PARA FILTRO
2025-05-19 16:57:04 - juego - [DEBUG] - Procesando eventos Pygame...
2025-05-19 16:57:04 - juego - [DEBUG] - Iniciando ciclo de renderizado...
2025-05-19 16:57:04 - juego - [DEBUG] - Ciclo de renderizado completado (flip ejecutado).
2025-05-19 16:57:04 - juego - [DEBUG] - MENSAJE DE PRUEBA REPETIDO PARA FILTRO
2025-05-19 16:57:04 - juego - [DEBUG] - Procesando eventos Pygame...
2025-05-19 16:57:04 - juego - [DEBUG] - Iniciando ciclo de renderizado...
2025-05-19 16:57:04 - juego - [DEBUG] - Ciclo de renderizado completado (flip ejecutado).
2025-05-19 16:57:04 - juego - [DEBUG] - MENSAJE DE PRUEBA REPETIDO PARA FILTRO
2025-05-19 16:57:04 - juego - [DEBUG] - Procesando eventos Pygame...
2025-05-19 16:57:04 - juego - [DEBUG] - Iniciando ciclo de renderizado...
2025-05-19 16:57:04 - juego - [DEBUG] - Ciclo de renderizado completado (flip ejecutado).
2025-05-19 16:57:04 - juego - [DEBUG] - MENSAJE DE PRUEBA REPETIDO PARA FILTRO
2025-05-19 16:57:04 - juego - [DEBUG] - Procesando eventos Pygame...
2025-05-19 16:57:04 - juego - [DEBUG] - Iniciando ciclo de renderizado...
2025-05-19 16:57:04 - juego - [DEBUG] - Ciclo de renderizado completado (flip ejecutado).
2025-05-19 16:57:04 - juego - [DEBUG] - MENSAJE DE PRUEBA REPETIDO PARA FILTRO
2025-05-19 16:57:04 - juego - [DEBUG] - Procesando eventos Pygame...
2025-05-19 16:57:04 - juego - [DEBUG] - Iniciando ciclo de renderizado...
2025-05-19 16:57:04 - juego - [DEBUG] - Ciclo de renderizado completado (flip ejecutado).
2025-05-19 16:57:04 - juego - [DEBUG] - MENSAJE DE PRUEBA REPETIDO PARA FILTRO
2025-05-19 16:57:04 - juego - [DEBUG] - Procesando eventos Pygame...
2025-05-19 16:57:04 - juego - [DEBUG] - Iniciando ciclo de renderizado...
2025-05-19 16:57:04 - juego - [DEBUG] - Ciclo de renderizado completado (flip ejecutado).
2025-05-19 16:57:05 - juego - [DEBUG] - Iniciando ciclo de renderizado...
2025-05-19 16:57:05 - juego - [DEBUG] - Ciclo de renderizado completado (flip ejecutado).
2025-05-19 16:57:05 - juego - [DEBUG] - MENSAJE DE PRUEBA REPETIDO PARA FILTRO
2025-05-19 16:57:05 - juego - [DEBUG] - Procesando eventos Pygame...
2025-05-19 16:57:05 - juego - [DEBUG] - Iniciando ciclo de renderizado...
2025-05-19 16:57:05 - juego - [DEBUG] - Ciclo de renderizado completado (flip ejecutado).
2025-05-19 16:57:05 - juego - [DEBUG] - MENSAJE DE PRUEBA REPETIDO PARA FILTRO
2025-05-19 16:57:05 - juego - [DEBUG] - Procesando eventos Pygame...
2025-05-19 16:57:05 - juego - [DEBUG] - Iniciando ciclo de renderizado...
2025-05-19 16:57:05 - juego - [DEBUG] - Ciclo de renderizado completado (flip ejecutado).
2025-05-19 16:57:05 - juego - [DEBUG] - MENSAJE DE PRUEBA REPETIDO PARA FILTRO
2025-05-19 16:57:05 - juego - [DEBUG] - Procesando eventos Pygame...
2025-05-19 16:57:05 - juego - [DEBUG] - Iniciando ciclo de renderizado...
2025-05-19 16:57:05 - juego - [DEBUG] - Ciclo de renderizado completado (flip ejecutado).
2025-05-19 16:57:05 - juego - [DEBUG] - MENSAJE DE PRUEBA REPETIDO PARA FILTRO
2025-05-19 16:57:05 - juego - [DEBUG] - Procesando eventos Pygame...
2025-05-19 16:57:05 - juego - [DEBUG] - Iniciando ciclo de renderizado...
2025-05-19 16:57:05 - juego - [DEBUG] - Ciclo de renderizado completado (flip ejecutado).
2025-05-19 16:57:05 - juego - [DEBUG] - MENSAJE DE PRUEBA REPETIDO PARA FILTRO
2025-05-19 16:57:05 - juego - [DEBUG] - Procesando eventos Pygame...
2025-05-19 16:57:05 - juego - [DEBUG] - Iniciando ciclo de renderizado...
2025-05-19 16:57:05 - juego - [DEBUG] - Ciclo de renderizado completado (flip ejecutado).
2025-05-19 16:57:05 - juego - [DEBUG] - MENSAJE DE PRUEBA REPETIDO PARA FILTRO
2025-05-19 16:57:05 - juego - [DEBUG] - Procesando eventos Pygame...
2025-05-19 16:57:05 - juego - [DEBUG] - Iniciando ciclo de renderizado...
2025-05-19 16:57:05 - juego - [DEBUG] - Ciclo de renderizado completado (flip ejecutado).
2025-05-19 16:57:05 - juego - [DEBUG] - MENSAJE DE PRUEBA REPETIDO PARA FILTRO
2025-05-19 16:57:05 - juego - [DEBUG] - Procesando eventos Pygame...
2025-05-19 16:57:05 - juego - [DEBUG] - Iniciando ciclo de renderizado...
2025-05-19 16:57:05 - juego - [DEBUG] - Ciclo de renderizado completado (flip ejecutado).
2025-05-19 16:57:05 - juego - [DEBUG] - MENSAJE DE PRUEBA REPETIDO PARA FILTRO
2025-05-19 16:57:05 - juego - [DEBUG] - Procesando eventos Pygame...
2025-05-19 16:57:05 - juego - [DEBUG] - Iniciando ciclo de renderizado...
2025-05-19 16:57:05 - juego - [DEBUG] - Ciclo de renderizado completado (flip ejecutado).
2025-05-19 16:57:05 - juego - [DEBUG] - MENSAJE DE PRUEBA REPETIDO PARA FILTRO
2025-05-19 16:57:05 - juego - [DEBUG] - Procesando eventos Pygame...
2025-05-19 16:57:05 - juego - [DEBUG] - Iniciando ciclo de renderizado...
2025-05-19 16:57:05 - juego - [DEBUG] - Ciclo de renderizado completado (flip ejecutado).
2025-05-19 16:57:05 - juego - [DEBUG] - MENSAJE DE PRUEBA REPETIDO PARA FILTRO
2025-05-19 16:57:05 - juego - [DEBUG] - Procesando eventos Pygame...
2025-05-19 16:57:05 - juego - [DEBUG] - Iniciando ciclo de renderizado...
2025-05-19 16:57:05 - juego - [DEBUG] - Ciclo de renderizado completado (flip ejecutado).
2025-05-19 16:57:05 - juego - [DEBUG] - MENSAJE DE PRUEBA REPETIDO PARA FILTRO
2025-05-19 16:57:05 - juego - [DEBUG] - Procesando eventos Pygame...
2025-05-19 16:57:05 - juego - [DEBUG] - Iniciando ciclo de renderizado...
2025-05-19 16:57:05 - juego - [DEBUG] - Ciclo de renderizado completado (flip ejecutado).
2025-05-19 16:57:05 - juego - [DEBUG] - MENSAJE DE PRUEBA REPETIDO PARA FILTRO
2025-05-19 16:57:05 - juego - [DEBUG] - Procesando eventos Pygame...
2025-05-19 16:57:05 - juego - [DEBUG] - Iniciando ciclo de renderizado...
2025-05-19 16:57:05 - juego - [DEBUG] - Ciclo de renderizado completado (flip ejecutado).
2025-05-19 16:57:05 - juego - [DEBUG] - MENSAJE DE PRUEBA REPETIDO PARA FILTRO
2025-05-19 16:57:05 - juego - [DEBUG] - Procesando eventos Pygame...
2025-05-19 16:57:05 - juego - [DEBUG] - Iniciando ciclo de renderizado...
2025-05-19 16:57:05 - juego - [DEBUG] - Ciclo de renderizado completado (flip ejecutado).
2025-05-19 16:57:05 - juego - [DEBUG] - MENSAJE DE PRUEBA REPETIDO PARA FILTRO
2025-05-19 16:57:05 - juego - [DEBUG] - Procesando eventos Pygame...
2025-05-19 16:57:05 - juego - [DEBUG] - Iniciando ciclo de renderizado...
2025-05-19 16:57:05 - juego - [DEBUG] - Ciclo de renderizado completado (flip ejecutado).
2025-05-19 16:57:05 - juego - [DEBUG] - MENSAJE DE PRUEBA REPETIDO PARA FILTRO
2025-05-19 16:57:05 - juego - [DEBUG] - Procesando eventos Pygame...
2025-05-19 16:57:05 - juego - [DEBUG] - Iniciando ciclo de renderizado...
2025-05-19 16:57:05 - juego - [DEBUG] - Ciclo de renderizado completado (flip ejecutado).
2025-05-19 16:57:05 - juego - [DEBUG] - MENSAJE DE PRUEBA REPETIDO PARA FILTRO
2025-05-19 16:57:05 - juego - [DEBUG] - Procesando eventos Pygame...
2025-05-19 16:57:05 - juego - [DEBUG] - Iniciando ciclo de renderizado...
2025-05-19 16:57:05 - juego - [DEBUG] - Ciclo de renderizado completado (flip ejecutado).
2025-05-19 16:57:06 - juego - [DEBUG] - MENSAJE DE PRUEBA REPETIDO PARA FILTRO
2025-05-19 16:57:06 - juego - [DEBUG] - Procesando eventos Pygame...
2025-05-19 16:57:06 - juego - [DEBUG] - Iniciando ciclo de renderizado...
2025-05-19 16:57:06 - juego - [DEBUG] - Ciclo de renderizado completado (flip ejecutado).
2025-05-19 16:57:06 - juego - [DEBUG] - MENSAJE DE PRUEBA REPETIDO PARA FILTRO
2025-05-19 16:57:06 - juego - [DEBUG] - Procesando eventos Pygame...
2025-05-19 16:57:06 - juego - [DEBUG] - Iniciando ciclo de renderizado...
2025-05-19 16:57:06 - juego - [DEBUG] - Ciclo de renderizado completado (flip ejecutado).
2025-05-19 16:57:06 - juego - [DEBUG] - MENSAJE DE PRUEBA REPETIDO PARA FILTRO
2025-05-19 16:57:06 - juego - [DEBUG] - Procesando eventos Pygame...
2025-05-19 16:57:06 - juego - [DEBUG] - Iniciando ciclo de renderizado...
2025-05-19 16:57:06 - juego - [DEBUG] - Ciclo de renderizado completado (flip ejecutado).
2025-05-19 16:57:06 - juego - [DEBUG] - MENSAJE DE PRUEBA REPETIDO PARA FILTRO
2025-05-19 16:57:06 - juego - [DEBUG] - Procesando eventos Pygame...
2025-05-19 16:57:06 - juego - [DEBUG] - Iniciando ciclo de renderizado...
2025-05-19 16:57:06 - juego - [DEBUG] - Ciclo de renderizado completado (flip ejecutado).
2025-05-19 16:57:06 - juego - [DEBUG] - MENSAJE DE PRUEBA REPETIDO PARA FILTRO
2025-05-19 16:57:06 - juego - [DEBUG] - Procesando eventos Pygame...
2025-05-19 16:57:06 - juego - [DEBUG] - Iniciando ciclo de renderizado...
2025-05-19 16:57:06 - juego - [DEBUG] - Ciclo de renderizado completado (flip ejecutado).
2025-05-19 16:57:06 - juego - [DEBUG] - MENSAJE DE PRUEBA REPETIDO PARA FILTRO
2025-05-19 16:57:06 - juego - [DEBUG] - Procesando eventos Pygame...
2025-05-19 16:57:06 - juego - [DEBUG] - Iniciando ciclo de renderizado...
2025-05-19 16:57:06 - juego - [DEBUG] - Ciclo de renderizado completado (flip ejecutado).
2025-05-19 16:57:06 - juego - [DEBUG] - MENSAJE DE PRUEBA REPETIDO PARA FILTRO
2025-05-19 16:57:06 - juego - [DEBUG] - Procesando eventos Pygame...
2025-05-19 16:57:06 - juego - [DEBUG] - Iniciando ciclo de renderizado...
2025-05-19 16:57:06 - juego - [DEBUG] - Ciclo de renderizado completado (flip ejecutado).
2025-05-19 16:57:06 - juego - [DEBUG] - MENSAJE DE PRUEBA REPETIDO PARA FILTRO
2025-05-19 16:57:06 - juego - [DEBUG] - Procesando eventos Pygame...
2025-05-19 16:57:06 - juego - [DEBUG] - Iniciando ciclo de renderizado...
2025-05-19 16:57:06 - juego - [DEBUG] - Ciclo de renderizado completado (flip ejecutado).
2025-05-19 16:57:06 - juego - [DEBUG] - MENSAJE DE PRUEBA REPETIDO PARA FILTRO
2025-05-19 16:57:06 - juego - [DEBUG] - Procesando eventos Pygame...
2025-05-19 16:57:06 - juego - [DEBUG] - Iniciando ciclo de renderizado...
2025-05-19 16:57:06 - juego - [DEBUG] - Ciclo de renderizado completado (flip ejecutado).
2025-05-19 16:57:06 - juego - [DEBUG] - MENSAJE DE PRUEBA REPETIDO PARA FILTRO
2025-05-19 16:57:06 - juego - [DEBUG] - Procesando eventos Pygame...
2025-05-19 16:57:06 - juego - [DEBUG] - Iniciando ciclo de renderizado...
2025-05-19 16:57:06 - juego - [DEBUG] - Ciclo de renderizado completado (flip ejecutado).
2025-05-19 16:57:06 - juego - [DEBUG] - MENSAJE DE PRUEBA REPETIDO PARA FILTRO
2025-05-19 16:57:06 - juego - [DEBUG] - Procesando eventos Pygame...
2025-05-19 16:57:06 - juego - [DEBUG] - Iniciando ciclo de renderizado...
2025-05-19 16:57:06 - juego - [DEBUG] - Ciclo de renderizado completado (flip ejecutado).
2025-05-19 16:57:06 - juego - [DEBUG] - MENSAJE DE PRUEBA REPETIDO PARA FILTRO
2025-05-19 16:57:06 - juego - [DEBUG] - Procesando eventos Pygame...
2025-05-19 16:57:06 - juego - [DEBUG] - Iniciando ciclo de renderizado...
2025-05-19 16:57:06 - juego - [DEBUG] - Ciclo de renderizado completado (flip ejecutado).
2025-05-19 16:57:06 - juego - [DEBUG] - MENSAJE DE PRUEBA REPETIDO PARA FILTRO
2025-05-19 16:57:06 - juego - [DEBUG] - Procesando eventos Pygame...
2025-05-19 16:57:06 - juego - [DEBUG] - Iniciando ciclo de renderizado...
2025-05-19 16:57:06 - juego - [DEBUG] - Ciclo de renderizado completado (flip ejecutado).
2025-05-19 16:57:06 - juego - [DEBUG] - MENSAJE DE PRUEBA REPETIDO PARA FILTRO
2025-05-19 16:57:06 - juego - [DEBUG] - Procesando eventos Pygame...
2025-05-19 16:57:06 - juego - [DEBUG] - Iniciando ciclo de renderizado...
2025-05-19 16:57:06 - juego - [DEBUG] - Ciclo de renderizado completado (flip ejecutado).
2025-05-19 16:57:06 - juego - [DEBUG] - MENSAJE DE PRUEBA REPETIDO PARA FILTRO
2025-05-19 16:57:06 - juego - [DEBUG] - Procesando eventos Pygame...
2025-05-19 16:57:06 - juego - [DEBUG] - Iniciando ciclo de renderizado...
2025-05-19 16:57:06 - juego - [DEBUG] - Ciclo de renderizado completado (flip ejecutado).
2025-05-19 16:57:06 - juego - [DEBUG] - MENSAJE DE PRUEBA REPETIDO PARA FILTRO
2025-05-19 16:57:06 - juego - [DEBUG] - Procesando eventos Pygame...
2025-05-19 16:57:06 - juego - [DEBUG] - Iniciando ciclo de renderizado...
2025-05-19 16:57:06 - juego - [DEBUG] - Ciclo de renderizado completado (flip ejecutado).
2025-05-19 16:57:07 - juego - [DEBUG] - MENSAJE DE PRUEBA REPETIDO PARA FILTRO
2025-05-19 16:57:07 - juego - [DEBUG] - Procesando eventos Pygame...
2025-05-19 16:57:07 - juego - [DEBUG] - Iniciando ciclo de renderizado...
2025-05-19 16:57:07 - juego - [DEBUG] - Ciclo de renderizado completado (flip ejecutado).
2025-05-19 16:57:07 - juego - [DEBUG] - MENSAJE DE PRUEBA REPETIDO PARA FILTRO
2025-05-19 16:57:07 - juego - [DEBUG] - Procesando eventos Pygame...
2025-05-19 16:57:07 - juego - [DEBUG] - Iniciando ciclo de renderizado...
2025-05-19 16:57:07 - juego - [DEBUG] - Ciclo de renderizado completado (flip ejecutado).
2025-05-19 16:57:07 - juego - [DEBUG] - MENSAJE DE PRUEBA REPETIDO PARA FILTRO
2025-05-19 16:57:07 - juego - [DEBUG] - Procesando eventos Pygame...
2025-05-19 16:57:07 - juego - [DEBUG] - Iniciando ciclo de renderizado...
2025-05-19 16:57:07 - juego - [DEBUG] - Ciclo de renderizado completado (flip ejecutado).
2025-05-19 16:57:07 - juego - [DEBUG] - MENSAJE DE PRUEBA REPETIDO PARA FILTRO
2025-05-19 16:57:07 - juego - [DEBUG] - Procesando eventos Pygame...
2025-05-19 16:57:07 - juego - [DEBUG] - MENSAJE DE PRUEBA REPETIDO PARA FILTRO
2025-05-19 16:57:07 - juego - [DEBUG] - Procesando eventos Pygame...
2025-05-19 16:57:07 - juego - [DEBUG] - Iniciando ciclo de renderizado...
2025-05-19 16:57:07 - juego - [DEBUG] - Ciclo de renderizado completado (flip ejecutado).
2025-05-19 16:57:07 - juego - [DEBUG] - MENSAJE DE PRUEBA REPETIDO PARA FILTRO
2025-05-19 16:57:07 - juego - [DEBUG] - Procesando eventos Pygame...
2025-05-19 16:57:07 - juego - [DEBUG] - Iniciando ciclo de renderizado...
2025-05-19 16:57:07 - juego - [DEBUG] - Ciclo de renderizado completado (flip ejecutado).
2025-05-19 16:57:07 - juego - [DEBUG] - MENSAJE DE PRUEBA REPETIDO PARA FILTRO
2025-05-19 16:57:07 - juego - [DEBUG] - Procesando eventos Pygame...
2025-05-19 16:57:07 - juego - [DEBUG] - Iniciando ciclo de renderizado...
2025-05-19 16:57:07 - juego - [DEBUG] - Ciclo de renderizado completado (flip ejecutado).
2025-05-19 16:57:07 - juego - [DEBUG] - MENSAJE DE PRUEBA REPETIDO PARA FILTRO
2025-05-19 16:57:07 - juego - [DEBUG] - Procesando eventos Pygame...
2025-05-19 16:57:07 - juego - [DEBUG] - Iniciando ciclo de renderizado...
2025-05-19 16:57:07 - juego - [DEBUG] - Ciclo de renderizado completado (flip ejecutado).
2025-05-19 16:57:07 - juego - [DEBUG] - MENSAJE DE PRUEBA REPETIDO PARA FILTRO
2025-05-19 16:57:07 - juego - [DEBUG] - Procesando eventos Pygame...
2025-05-19 16:57:07 - juego - [DEBUG] - Iniciando ciclo de renderizado...
2025-05-19 16:57:07 - juego - [DEBUG] - Ciclo de renderizado completado (flip ejecutado).
2025-05-19 16:57:07 - juego - [DEBUG] - MENSAJE DE PRUEBA REPETIDO PARA FILTRO
2025-05-19 16:57:07 - juego - [DEBUG] - Procesando eventos Pygame...
2025-05-19 16:57:07 - juego - [DEBUG] - Iniciando ciclo de renderizado...
2025-05-19 16:57:07 - juego - [DEBUG] - Ciclo de renderizado completado (flip ejecutado).
2025-05-19 16:57:07 - juego - [DEBUG] - MENSAJE DE PRUEBA REPETIDO PARA FILTRO
2025-05-19 16:57:07 - juego - [DEBUG] - Procesando eventos Pygame...
2025-05-19 16:57:07 - juego - [DEBUG] - Iniciando ciclo de renderizado...
2025-05-19 16:57:07 - juego - [DEBUG] - Ciclo de renderizado completado (flip ejecutado).
2025-05-19 16:57:07 - juego - [DEBUG] - MENSAJE DE PRUEBA REPETIDO PARA FILTRO
2025-05-19 16:57:07 - juego - [DEBUG] - Procesando eventos Pygame...
2025-05-19 16:57:07 - juego - [DEBUG] - Ciclo de renderizado completado (flip ejecutado).
2025-05-19 16:57:07 - juego - [DEBUG] - Iniciando ciclo de renderizado...
2025-05-19 16:57:07 - juego - [DEBUG] - MENSAJE DE PRUEBA REPETIDO PARA FILTRO
2025-05-19 16:57:07 - juego - [DEBUG] - Procesando eventos Pygame...
2025-05-19 16:57:07 - juego - [DEBUG] - Ciclo de renderizado completado (flip ejecutado).
2025-05-19 16:57:07 - juego - [DEBUG] - Iniciando ciclo de renderizado...
2025-05-19 16:57:07 - juego - [DEBUG] - MENSAJE DE PRUEBA REPETIDO PARA FILTRO
2025-05-19 16:57:07 - juego - [DEBUG] - Procesando eventos Pygame...
2025-05-19 16:57:07 - juego - [DEBUG] - Iniciando ciclo de renderizado...
2025-05-19 16:57:07 - juego - [DEBUG] - Ciclo de renderizado completado (flip ejecutado).
2025-05-19 16:57:07 - juego - [DEBUG] - MENSAJE DE PRUEBA REPETIDO PARA FILTRO
2025-05-19 16:57:07 - juego - [DEBUG] - Procesando eventos Pygame...
2025-05-19 16:57:07 - juego - [DEBUG] - Iniciando ciclo de renderizado...
2025-05-19 16:57:07 - juego - [DEBUG] - Ciclo de renderizado completado (flip ejecutado).
2025-05-19 16:57:07 - juego - [DEBUG] - MENSAJE DE PRUEBA REPETIDO PARA FILTRO
2025-05-19 16:57:07 - juego - [DEBUG] - Procesando eventos Pygame...
2025-05-19 16:57:07 - juego - [DEBUG] - Iniciando ciclo de renderizado...
2025-05-19 16:57:07 - juego - [DEBUG] - Ciclo de renderizado completado (flip ejecutado).
2025-05-19 16:57:07 - juego - [DEBUG] - MENSAJE DE PRUEBA REPETIDO PARA FILTRO
2025-05-19 16:57:07 - juego - [DEBUG] - Procesando eventos Pygame...
2025-05-19 16:57:07 - juego - [DEBUG] - Iniciando ciclo de renderizado...
2025-05-19 16:57:07 - juego - [DEBUG] - Ciclo de renderizado completado (flip ejecutado).
2025-05-19 16:57:08 - juego - [DEBUG] - MENSAJE DE PRUEBA REPETIDO PARA FILTRO
2025-05-19 16:57:08 - juego - [DEBUG] - Procesando eventos Pygame...
2025-05-19 16:57:08 - juego - [DEBUG] - Iniciando ciclo de renderizado...
2025-05-19 16:57:08 - juego - [DEBUG] - Ciclo de renderizado completado (flip ejecutado).
2025-05-19 16:57:08 - juego - [DEBUG] - MENSAJE DE PRUEBA REPETIDO PARA FILTRO
2025-05-19 16:57:08 - juego - [DEBUG] - Procesando eventos Pygame...
2025-05-19 16:57:08 - juego - [DEBUG] - Iniciando ciclo de renderizado...
2025-05-19 16:57:08 - juego - [DEBUG] - Ciclo de renderizado completado (flip ejecutado).
2025-05-19 16:57:08 - juego - [DEBUG] - MENSAJE DE PRUEBA REPETIDO PARA FILTRO
2025-05-19 16:57:08 - juego - [DEBUG] - Procesando eventos Pygame...
2025-05-19 16:57:08 - juego - [DEBUG] - Iniciando ciclo de renderizado...
2025-05-19 16:57:08 - juego - [DEBUG] - Ciclo de renderizado completado (flip ejecutado).
2025-05-19 16:57:08 - juego - [DEBUG] - Iniciando ciclo de renderizado...
2025-05-19 16:57:08 - juego - [DEBUG] - Ciclo de renderizado completado (flip ejecutado).
2025-05-19 16:57:08 - juego - [DEBUG] - MENSAJE DE PRUEBA REPETIDO PARA FILTRO
2025-05-19 16:57:08 - juego - [DEBUG] - Procesando eventos Pygame...
2025-05-19 16:57:08 - juego - [DEBUG] - Iniciando ciclo de renderizado...
2025-05-19 16:57:08 - juego - [DEBUG] - Ciclo de renderizado completado (flip ejecutado).
2025-05-19 16:57:08 - juego - [DEBUG] - MENSAJE DE PRUEBA REPETIDO PARA FILTRO
2025-05-19 16:57:08 - juego - [DEBUG] - Procesando eventos Pygame...
2025-05-19 16:57:08 - juego - [DEBUG] - MENSAJE DE PRUEBA REPETIDO PARA FILTRO
2025-05-19 16:57:08 - juego - [DEBUG] - Procesando eventos Pygame...
2025-05-19 16:57:08 - juego - [DEBUG] - Iniciando ciclo de renderizado...
2025-05-19 16:57:08 - juego - [DEBUG] - Ciclo de renderizado completado (flip ejecutado).
2025-05-19 16:57:08 - juego - [DEBUG] - MENSAJE DE PRUEBA REPETIDO PARA FILTRO
2025-05-19 16:57:08 - juego - [DEBUG] - Procesando eventos Pygame...
2025-05-19 16:57:08 - juego - [DEBUG] - Iniciando ciclo de renderizado...
2025-05-19 16:57:08 - juego - [DEBUG] - Ciclo de renderizado completado (flip ejecutado).
2025-05-19 16:57:08 - juego - [DEBUG] - MENSAJE DE PRUEBA REPETIDO PARA FILTRO
2025-05-19 16:57:08 - juego - [DEBUG] - Procesando eventos Pygame...
2025-05-19 16:57:08 - juego - [DEBUG] - Iniciando ciclo de renderizado...
2025-05-19 16:57:08 - juego - [DEBUG] - Ciclo de renderizado completado (flip ejecutado).
2025-05-19 16:57:08 - juego - [DEBUG] - MENSAJE DE PRUEBA REPETIDO PARA FILTRO
2025-05-19 16:57:08 - juego - [DEBUG] - Procesando eventos Pygame...
2025-05-19 16:57:08 - juego - [DEBUG] - Iniciando ciclo de renderizado...
2025-05-19 16:57:08 - juego - [DEBUG] - Ciclo de renderizado completado (flip ejecutado).
2025-05-19 16:57:08 - juego - [DEBUG] - MENSAJE DE PRUEBA REPETIDO PARA FILTRO
2025-05-19 16:57:08 - juego - [DEBUG] - Procesando eventos Pygame...
2025-05-19 16:57:08 - juego - [DEBUG] - Iniciando ciclo de renderizado...
2025-05-19 16:57:08 - juego - [DEBUG] - Ciclo de renderizado completado (flip ejecutado).
2025-05-19 16:57:08 - juego - [DEBUG] - MENSAJE DE PRUEBA REPETIDO PARA FILTRO
2025-05-19 16:57:08 - juego - [DEBUG] - Procesando eventos Pygame...
2025-05-19 16:57:08 - juego - [DEBUG] - Iniciando ciclo de renderizado...
2025-05-19 16:57:08 - juego - [DEBUG] - Ciclo de renderizado completado (flip ejecutado).
2025-05-19 16:57:08 - juego - [DEBUG] - MENSAJE DE PRUEBA REPETIDO PARA FILTRO
2025-05-19 16:57:08 - juego - [DEBUG] - Procesando eventos Pygame...
2025-05-19 16:57:08 - juego - [DEBUG] - Iniciando ciclo de renderizado...
2025-05-19 16:57:08 - juego - [DEBUG] - Ciclo de renderizado completado (flip ejecutado).
2025-05-19 16:57:08 - juego - [DEBUG] - MENSAJE DE PRUEBA REPETIDO PARA FILTRO
2025-05-19 16:57:08 - juego - [DEBUG] - Procesando eventos Pygame...
2025-05-19 16:57:08 - juego - [DEBUG] - Iniciando ciclo de renderizado...
2025-05-19 16:57:08 - juego - [DEBUG] - Ciclo de renderizado completado (flip ejecutado).
2025-05-19 16:57:08 - juego - [DEBUG] - MENSAJE DE PRUEBA REPETIDO PARA FILTRO
2025-05-19 16:57:08 - juego - [DEBUG] - Procesando eventos Pygame...
2025-05-19 16:57:08 - juego - [DEBUG] - Iniciando ciclo de renderizado...
2025-05-19 16:57:08 - juego - [DEBUG] - Ciclo de renderizado completado (flip ejecutado).
2025-05-19 16:57:08 - juego - [DEBUG] - MENSAJE DE PRUEBA REPETIDO PARA FILTRO
2025-05-19 16:57:08 - juego - [DEBUG] - Procesando eventos Pygame...
2025-05-19 16:57:08 - juego - [DEBUG] - Iniciando ciclo de renderizado...
2025-05-19 16:57:08 - juego - [DEBUG] - Ciclo de renderizado completado (flip ejecutado).
2025-05-19 16:57:08 - juego - [DEBUG] - MENSAJE DE PRUEBA REPETIDO PARA FILTRO
2025-05-19 16:57:08 - juego - [DEBUG] - Procesando eventos Pygame...
2025-05-19 16:57:08 - juego - [DEBUG] - Iniciando ciclo de renderizado...
2025-05-19 16:57:08 - juego - [DEBUG] - Ciclo de renderizado completado (flip ejecutado).
2025-05-19 16:57:09 - juego - [DEBUG] - MENSAJE DE PRUEBA REPETIDO PARA FILTRO
2025-05-19 16:57:09 - juego - [DEBUG] - Procesando eventos Pygame...
2025-05-19 16:57:09 - juego - [DEBUG] - Iniciando ciclo de renderizado...
2025-05-19 16:57:09 - juego - [DEBUG] - Ciclo de renderizado completado (flip ejecutado).
2025-05-19 16:57:09 - juego - [DEBUG] - MENSAJE DE PRUEBA REPETIDO PARA FILTRO
2025-05-19 16:57:09 - juego - [DEBUG] - Procesando eventos Pygame...
2025-05-19 16:57:09 - juego - [DEBUG] - Iniciando ciclo de renderizado...
2025-05-19 16:57:09 - juego - [DEBUG] - Ciclo de renderizado completado (flip ejecutado).
2025-05-19 16:57:09 - juego - [DEBUG] - MENSAJE DE PRUEBA REPETIDO PARA FILTRO
2025-05-19 16:57:09 - juego - [DEBUG] - Procesando eventos Pygame...
2025-05-19 16:57:09 - juego - [DEBUG] - Iniciando ciclo de renderizado...
2025-05-19 16:57:09 - juego - [DEBUG] - Ciclo de renderizado completado (flip ejecutado).
2025-05-19 16:57:09 - juego - [DEBUG] - MENSAJE DE PRUEBA REPETIDO PARA FILTRO
2025-05-19 16:57:09 - juego - [DEBUG] - Procesando eventos Pygame...
2025-05-19 16:57:09 - juego - [DEBUG] - Iniciando ciclo de renderizado...
2025-05-19 16:57:09 - juego - [DEBUG] - Ciclo de renderizado completado (flip ejecutado).
2025-05-19 16:57:09 - juego - [DEBUG] - MENSAJE DE PRUEBA REPETIDO PARA FILTRO
2025-05-19 16:57:09 - juego - [DEBUG] - Procesando eventos Pygame...
2025-05-19 16:57:09 - juego - [DEBUG] - Iniciando ciclo de renderizado...
2025-05-19 16:57:09 - juego - [DEBUG] - Ciclo de renderizado completado (flip ejecutado).
2025-05-19 16:57:09 - juego - [DEBUG] - MENSAJE DE PRUEBA REPETIDO PARA FILTRO
2025-05-19 16:57:09 - juego - [DEBUG] - Procesando eventos Pygame...
2025-05-19 16:57:09 - juego - [DEBUG] - Iniciando ciclo de renderizado...
2025-05-19 16:57:09 - juego - [DEBUG] - Ciclo de renderizado completado (flip ejecutado).
2025-05-19 16:57:09 - juego - [DEBUG] - MENSAJE DE PRUEBA REPETIDO PARA FILTRO
2025-05-19 16:57:09 - juego - [DEBUG] - Procesando eventos Pygame...
2025-05-19 16:57:09 - juego - [DEBUG] - Iniciando ciclo de renderizado...
2025-05-19 16:57:09 - juego - [DEBUG] - Ciclo de renderizado completado (flip ejecutado).
2025-05-19 16:57:09 - juego - [DEBUG] - MENSAJE DE PRUEBA REPETIDO PARA FILTRO
2025-05-19 16:57:09 - juego - [DEBUG] - Procesando eventos Pygame...
2025-05-19 16:57:09 - juego - [DEBUG] - Iniciando ciclo de renderizado...
2025-05-19 16:57:09 - juego - [DEBUG] - Ciclo de renderizado completado (flip ejecutado).
2025-05-19 16:57:09 - juego - [DEBUG] - MENSAJE DE PRUEBA REPETIDO PARA FILTRO
2025-05-19 16:57:09 - juego - [DEBUG] - Procesando eventos Pygame...
2025-05-19 16:57:09 - juego - [DEBUG] - Iniciando ciclo de renderizado...
2025-05-19 16:57:09 - juego - [DEBUG] - Ciclo de renderizado completado (flip ejecutado).
2025-05-19 16:57:09 - juego - [DEBUG] - MENSAJE DE PRUEBA REPETIDO PARA FILTRO
2025-05-19 16:57:09 - juego - [DEBUG] - Procesando eventos Pygame...
2025-05-19 16:57:09 - juego - [DEBUG] - Iniciando ciclo de renderizado...
2025-05-19 16:57:09 - juego - [DEBUG] - Ciclo de renderizado completado (flip ejecutado).
2025-05-19 16:57:09 - juego - [DEBUG] - MENSAJE DE PRUEBA REPETIDO PARA FILTRO
2025-05-19 16:57:09 - juego - [DEBUG] - Procesando eventos Pygame...
2025-05-19 16:57:09 - juego - [DEBUG] - Iniciando ciclo de renderizado...
2025-05-19 16:57:09 - juego - [DEBUG] - Ciclo de renderizado completado (flip ejecutado).
2025-05-19 16:57:09 - juego - [DEBUG] - MENSAJE DE PRUEBA REPETIDO PARA FILTRO
2025-05-19 16:57:09 - juego - [DEBUG] - Procesando eventos Pygame...
2025-05-19 16:57:09 - juego - [DEBUG] - Iniciando ciclo de renderizado...
2025-05-19 16:57:09 - juego - [DEBUG] - Ciclo de renderizado completado (flip ejecutado).
2025-05-19 16:57:09 - juego - [DEBUG] - MENSAJE DE PRUEBA REPETIDO PARA FILTRO
2025-05-19 16:57:09 - juego - [DEBUG] - Procesando eventos Pygame...
2025-05-19 16:57:09 - juego - [DEBUG] - Iniciando ciclo de renderizado...
2025-05-19 16:57:09 - juego - [DEBUG] - Ciclo de renderizado completado (flip ejecutado).
2025-05-19 16:57:09 - juego - [DEBUG] - MENSAJE DE PRUEBA REPETIDO PARA FILTRO
2025-05-19 16:57:09 - juego - [DEBUG] - Procesando eventos Pygame...
2025-05-19 16:57:09 - juego - [DEBUG] - Iniciando ciclo de renderizado...
2025-05-19 16:57:09 - juego - [DEBUG] - Ciclo de renderizado completado (flip ejecutado).
2025-05-19 16:57:09 - juego - [DEBUG] - MENSAJE DE PRUEBA REPETIDO PARA FILTRO
2025-05-19 16:57:09 - juego - [DEBUG] - Procesando eventos Pygame...
2025-05-19 16:57:09 - juego - [DEBUG] - Iniciando ciclo de renderizado...
2025-05-19 16:57:09 - juego - [DEBUG] - Ciclo de renderizado completado (flip ejecutado).
2025-05-19 16:57:09 - juego - [DEBUG] - MENSAJE DE PRUEBA REPETIDO PARA FILTRO
2025-05-19 16:57:09 - juego - [DEBUG] - Procesando eventos Pygame...
2025-05-19 16:57:09 - juego - [DEBUG] - Iniciando ciclo de renderizado...
2025-05-19 16:57:09 - juego - [DEBUG] - Ciclo de renderizado completado (flip ejecutado).
2025-05-19 16:57:10 - juego - [DEBUG] - MENSAJE DE PRUEBA REPETIDO PARA FILTRO
2025-05-19 16:57:10 - juego - [DEBUG] - Procesando eventos Pygame...
2025-05-19 16:57:10 - juego - [DEBUG] - Iniciando ciclo de renderizado...
2025-05-19 16:57:10 - juego - [DEBUG] - Ciclo de renderizado completado (flip ejecutado).
2025-05-19 16:57:10 - juego - [DEBUG] - MENSAJE DE PRUEBA REPETIDO PARA FILTRO
2025-05-19 16:57:10 - juego - [DEBUG] - Procesando eventos Pygame...
2025-05-19 16:57:10 - juego - [DEBUG] - Iniciando ciclo de renderizado...
2025-05-19 16:57:10 - juego - [DEBUG] - Ciclo de renderizado completado (flip ejecutado).
2025-05-19 16:57:10 - juego - [DEBUG] - MENSAJE DE PRUEBA REPETIDO PARA FILTRO
2025-05-19 16:57:10 - juego - [DEBUG] - Procesando eventos Pygame...
2025-05-19 16:57:10 - juego - [DEBUG] - Iniciando ciclo de renderizado...
2025-05-19 16:57:10 - juego - [DEBUG] - Ciclo de renderizado completado (flip ejecutado).
2025-05-19 16:57:10 - juego - [DEBUG] - MENSAJE DE PRUEBA REPETIDO PARA FILTRO
2025-05-19 16:57:10 - juego - [DEBUG] - Procesando eventos Pygame...
2025-05-19 16:57:10 - juego - [DEBUG] - Iniciando ciclo de renderizado...
2025-05-19 16:57:10 - juego - [DEBUG] - Ciclo de renderizado completado (flip ejecutado).
2025-05-19 16:57:10 - juego - [DEBUG] - MENSAJE DE PRUEBA REPETIDO PARA FILTRO
2025-05-19 16:57:10 - juego - [DEBUG] - Procesando eventos Pygame...
2025-05-19 16:57:10 - juego - [DEBUG] - Iniciando ciclo de renderizado...
2025-05-19 16:57:10 - juego - [DEBUG] - Ciclo de renderizado completado (flip ejecutado).
2025-05-19 16:57:10 - juego - [DEBUG] - MENSAJE DE PRUEBA REPETIDO PARA FILTRO
2025-05-19 16:57:10 - juego - [DEBUG] - Procesando eventos Pygame...
2025-05-19 16:57:10 - juego - [DEBUG] - Iniciando ciclo de renderizado...
2025-05-19 16:57:10 - juego - [DEBUG] - Ciclo de renderizado completado (flip ejecutado).
2025-05-19 16:57:10 - juego - [DEBUG] - MENSAJE DE PRUEBA REPETIDO PARA FILTRO
2025-05-19 16:57:10 - juego - [DEBUG] - Procesando eventos Pygame...
2025-05-19 16:57:10 - juego - [DEBUG] - Iniciando ciclo de renderizado...
2025-05-19 16:57:10 - juego - [DEBUG] - Ciclo de renderizado completado (flip ejecutado).
2025-05-19 16:57:10 - juego - [DEBUG] - MENSAJE DE PRUEBA REPETIDO PARA FILTRO
2025-05-19 16:57:10 - juego - [DEBUG] - Procesando eventos Pygame...
2025-05-19 16:57:10 - juego - [DEBUG] - Iniciando ciclo de renderizado...
2025-05-19 16:57:10 - juego - [DEBUG] - Ciclo de renderizado completado (flip ejecutado).
2025-05-19 16:57:10 - juego - [DEBUG] - MENSAJE DE PRUEBA REPETIDO PARA FILTRO
2025-05-19 16:57:10 - juego - [DEBUG] - Procesando eventos Pygame...
2025-05-19 16:57:10 - juego - [DEBUG] - Iniciando ciclo de renderizado...
2025-05-19 16:57:10 - juego - [DEBUG] - Ciclo de renderizado completado (flip ejecutado).
2025-05-19 16:57:10 - juego - [DEBUG] - MENSAJE DE PRUEBA REPETIDO PARA FILTRO
2025-05-19 16:57:10 - juego - [DEBUG] - Procesando eventos Pygame...
2025-05-19 16:57:10 - juego - [DEBUG] - Iniciando ciclo de renderizado...
2025-05-19 16:57:10 - juego - [DEBUG] - Ciclo de renderizado completado (flip ejecutado).
2025-05-19 16:57:10 - juego - [DEBUG] - MENSAJE DE PRUEBA REPETIDO PARA FILTRO
2025-05-19 16:57:10 - juego - [DEBUG] - Procesando eventos Pygame...
2025-05-19 16:57:10 - juego - [DEBUG] - Iniciando ciclo de renderizado...
2025-05-19 16:57:10 - juego - [DEBUG] - Ciclo de renderizado completado (flip ejecutado).
2025-05-19 16:57:10 - juego - [DEBUG] - MENSAJE DE PRUEBA REPETIDO PARA FILTRO
2025-05-19 16:57:10 - juego - [DEBUG] - Procesando eventos Pygame...
2025-05-19 16:57:10 - juego - [DEBUG] - Iniciando ciclo de renderizado...
2025-05-19 16:57:10 - juego - [DEBUG] - Ciclo de renderizado completado (flip ejecutado).
2025-05-19 16:57:10 - juego - [DEBUG] - Iniciando ciclo de renderizado...
2025-05-19 16:57:10 - juego - [DEBUG] - Ciclo de renderizado completado (flip ejecutado).
2025-05-19 16:57:10 - juego - [DEBUG] - MENSAJE DE PRUEBA REPETIDO PARA FILTRO
2025-05-19 16:57:10 - juego - [DEBUG] - Procesando eventos Pygame...
2025-05-19 16:57:10 - juego - [DEBUG] - Iniciando ciclo de renderizado...
2025-05-19 16:57:10 - juego - [DEBUG] - Ciclo de renderizado completado (flip ejecutado).
2025-05-19 16:57:10 - juego - [DEBUG] - MENSAJE DE PRUEBA REPETIDO PARA FILTRO
2025-05-19 16:57:10 - juego - [DEBUG] - Procesando eventos Pygame...
2025-05-19 16:57:10 - juego - [DEBUG] - MENSAJE DE PRUEBA REPETIDO PARA FILTRO
2025-05-19 16:57:10 - juego - [DEBUG] - Procesando eventos Pygame...
2025-05-19 16:57:10 - juego - [DEBUG] - Iniciando ciclo de renderizado...
2025-05-19 16:57:10 - juego - [DEBUG] - Ciclo de renderizado completado (flip ejecutado).
2025-05-19 16:57:10 - juego - [DEBUG] - MENSAJE DE PRUEBA REPETIDO PARA FILTRO
2025-05-19 16:57:10 - juego - [DEBUG] - Procesando eventos Pygame...
2025-05-19 16:57:10 - juego - [DEBUG] - Iniciando ciclo de renderizado...
2025-05-19 16:57:10 - juego - [DEBUG] - Ciclo de renderizado completado (flip ejecutado).
2025-05-19 16:57:11 - juego - [DEBUG] - MENSAJE DE PRUEBA REPETIDO PARA FILTRO
2025-05-19 16:57:11 - juego - [DEBUG] - Procesando eventos Pygame...
2025-05-19 16:57:11 - juego - [DEBUG] - Iniciando ciclo de renderizado...
2025-05-19 16:57:11 - juego - [DEBUG] - Ciclo de renderizado completado (flip ejecutado).
2025-05-19 16:57:11 - juego - [DEBUG] - MENSAJE DE PRUEBA REPETIDO PARA FILTRO
2025-05-19 16:57:11 - juego - [DEBUG] - Procesando eventos Pygame...
2025-05-19 16:57:11 - juego - [DEBUG] - Iniciando ciclo de renderizado...
2025-05-19 16:57:11 - juego - [DEBUG] - Ciclo de renderizado completado (flip ejecutado).
2025-05-19 16:57:11 - juego - [DEBUG] - MENSAJE DE PRUEBA REPETIDO PARA FILTRO
2025-05-19 16:57:11 - juego - [DEBUG] - Procesando eventos Pygame...
2025-05-19 16:57:11 - juego - [DEBUG] - Iniciando ciclo de renderizado...
2025-05-19 16:57:11 - juego - [DEBUG] - Ciclo de renderizado completado (flip ejecutado).
2025-05-19 16:57:11 - juego - [DEBUG] - MENSAJE DE PRUEBA REPETIDO PARA FILTRO
2025-05-19 16:57:11 - juego - [DEBUG] - Procesando eventos Pygame...
2025-05-19 16:57:11 - juego - [DEBUG] - Iniciando ciclo de renderizado...
2025-05-19 16:57:11 - juego - [DEBUG] - Ciclo de renderizado completado (flip ejecutado).
2025-05-19 16:57:11 - juego - [DEBUG] - MENSAJE DE PRUEBA REPETIDO PARA FILTRO
2025-05-19 16:57:11 - juego - [DEBUG] - Procesando eventos Pygame...
2025-05-19 16:57:11 - juego - [DEBUG] - Iniciando ciclo de renderizado...
2025-05-19 16:57:11 - juego - [DEBUG] - Ciclo de renderizado completado (flip ejecutado).
2025-05-19 16:57:11 - juego - [DEBUG] - MENSAJE DE PRUEBA REPETIDO PARA FILTRO
2025-05-19 16:57:11 - juego - [DEBUG] - Procesando eventos Pygame...
2025-05-19 16:57:11 - juego - [DEBUG] - Iniciando ciclo de renderizado...
2025-05-19 16:57:11 - juego - [DEBUG] - Ciclo de renderizado completado (flip ejecutado).
2025-05-19 16:57:11 - juego - [DEBUG] - MENSAJE DE PRUEBA REPETIDO PARA FILTRO
2025-05-19 16:57:11 - juego - [DEBUG] - Procesando eventos Pygame...
2025-05-19 16:57:11 - juego - [DEBUG] - Iniciando ciclo de renderizado...
2025-05-19 16:57:11 - juego - [DEBUG] - Ciclo de renderizado completado (flip ejecutado).
2025-05-19 16:57:11 - juego - [DEBUG] - MENSAJE DE PRUEBA REPETIDO PARA FILTRO
2025-05-19 16:57:11 - juego - [DEBUG] - Procesando eventos Pygame...
2025-05-19 16:57:11 - juego - [DEBUG] - Iniciando ciclo de renderizado...
2025-05-19 16:57:11 - juego - [DEBUG] - Ciclo de renderizado completado (flip ejecutado).
2025-05-19 16:57:11 - juego - [DEBUG] - MENSAJE DE PRUEBA REPETIDO PARA FILTRO
2025-05-19 16:57:11 - juego - [DEBUG] - Procesando eventos Pygame...
2025-05-19 16:57:11 - juego - [DEBUG] - Iniciando ciclo de renderizado...
2025-05-19 16:57:11 - juego - [DEBUG] - Ciclo de renderizado completado (flip ejecutado).
2025-05-19 16:57:11 - juego - [DEBUG] - Iniciando ciclo de renderizado...
2025-05-19 16:57:11 - juego - [DEBUG] - Ciclo de renderizado completado (flip ejecutado).
2025-05-19 16:57:11 - juego - [DEBUG] - MENSAJE DE PRUEBA REPETIDO PARA FILTRO
2025-05-19 16:57:11 - juego - [DEBUG] - Procesando eventos Pygame...
2025-05-19 16:57:11 - juego - [DEBUG] - Iniciando ciclo de renderizado...
2025-05-19 16:57:11 - juego - [DEBUG] - Ciclo de renderizado completado (flip ejecutado).
2025-05-19 16:57:11 - juego - [DEBUG] - MENSAJE DE PRUEBA REPETIDO PARA FILTRO
2025-05-19 16:57:11 - juego - [DEBUG] - Procesando eventos Pygame...
2025-05-19 16:57:11 - juego - [DEBUG] - Iniciando ciclo de renderizado...
2025-05-19 16:57:11 - juego - [DEBUG] - Ciclo de renderizado completado (flip ejecutado).
2025-05-19 16:57:11 - juego - [DEBUG] - MENSAJE DE PRUEBA REPETIDO PARA FILTRO
2025-05-19 16:57:11 - juego - [DEBUG] - Procesando eventos Pygame...
2025-05-19 16:57:11 - juego - [DEBUG] - Iniciando ciclo de renderizado...
2025-05-19 16:57:11 - juego - [DEBUG] - Ciclo de renderizado completado (flip ejecutado).
2025-05-19 16:57:11 - juego - [DEBUG] - MENSAJE DE PRUEBA REPETIDO PARA FILTRO
2025-05-19 16:57:11 - juego - [DEBUG] - Procesando eventos Pygame...
2025-05-19 16:57:11 - juego - [DEBUG] - Iniciando ciclo de renderizado...
2025-05-19 16:57:11 - juego - [DEBUG] - Ciclo de renderizado completado (flip ejecutado).
2025-05-19 16:57:11 - juego - [DEBUG] - MENSAJE DE PRUEBA REPETIDO PARA FILTRO
2025-05-19 16:57:11 - juego - [DEBUG] - Procesando eventos Pygame...
2025-05-19 16:57:11 - juego - [DEBUG] - Iniciando ciclo de renderizado...
2025-05-19 16:57:11 - juego - [DEBUG] - Ciclo de renderizado completado (flip ejecutado).
2025-05-19 16:57:11 - juego - [DEBUG] - MENSAJE DE PRUEBA REPETIDO PARA FILTRO
2025-05-19 16:57:11 - juego - [DEBUG] - Procesando eventos Pygame...
2025-05-19 16:57:11 - juego - [DEBUG] - Iniciando ciclo de renderizado...
2025-05-19 16:57:11 - juego - [DEBUG] - Ciclo de renderizado completado (flip ejecutado).
2025-05-19 16:57:11 - juego - [DEBUG] - MENSAJE DE PRUEBA REPETIDO PARA FILTRO
2025-05-19 16:57:11 - juego - [DEBUG] - Procesando eventos Pygame...
2025-05-19 16:57:12 - juego - [DEBUG] - Iniciando ciclo de renderizado...
2025-05-19 16:57:12 - juego - [DEBUG] - Ciclo de renderizado completado (flip ejecutado).
2025-05-19 16:57:12 - juego - [DEBUG] - MENSAJE DE PRUEBA REPETIDO PARA FILTRO
2025-05-19 16:57:12 - juego - [DEBUG] - Procesando eventos Pygame...
2025-05-19 16:57:12 - juego - [DEBUG] - Iniciando ciclo de renderizado...
2025-05-19 16:57:12 - juego - [DEBUG] - Ciclo de renderizado completado (flip ejecutado).
2025-05-19 16:57:12 - juego - [DEBUG] - MENSAJE DE PRUEBA REPETIDO PARA FILTRO
2025-05-19 16:57:12 - juego - [DEBUG] - Procesando eventos Pygame...
2025-05-19 16:57:12 - juego - [DEBUG] - MENSAJE DE PRUEBA REPETIDO PARA FILTRO
2025-05-19 16:57:12 - juego - [DEBUG] - Procesando eventos Pygame...
2025-05-19 16:57:12 - juego - [DEBUG] - Iniciando ciclo de renderizado...
2025-05-19 16:57:12 - juego - [DEBUG] - Ciclo de renderizado completado (flip ejecutado).
2025-05-19 16:57:12 - juego - [DEBUG] - MENSAJE DE PRUEBA REPETIDO PARA FILTRO
2025-05-19 16:57:12 - juego - [DEBUG] - Procesando eventos Pygame...
2025-05-19 16:57:12 - juego - [DEBUG] - Iniciando ciclo de renderizado...
2025-05-19 16:57:12 - juego - [DEBUG] - Ciclo de renderizado completado (flip ejecutado).
2025-05-19 16:57:12 - juego - [DEBUG] - Iniciando ciclo de renderizado...
2025-05-19 16:57:12 - juego - [DEBUG] - Ciclo de renderizado completado (flip ejecutado).
2025-05-19 16:57:12 - juego - [DEBUG] - MENSAJE DE PRUEBA REPETIDO PARA FILTRO
2025-05-19 16:57:12 - juego - [DEBUG] - Procesando eventos Pygame...
2025-05-19 16:57:12 - juego - [DEBUG] - Iniciando ciclo de renderizado...
2025-05-19 16:57:12 - juego - [DEBUG] - Ciclo de renderizado completado (flip ejecutado).
2025-05-19 16:57:12 - juego - [DEBUG] - MENSAJE DE PRUEBA REPETIDO PARA FILTRO
2025-05-19 16:57:12 - juego - [DEBUG] - Procesando eventos Pygame...
2025-05-19 16:57:12 - juego - [DEBUG] - Iniciando ciclo de renderizado...
2025-05-19 16:57:12 - juego - [DEBUG] - Ciclo de renderizado completado (flip ejecutado).
2025-05-19 16:57:12 - juego - [DEBUG] - MENSAJE DE PRUEBA REPETIDO PARA FILTRO
2025-05-19 16:57:12 - juego - [DEBUG] - Procesando eventos Pygame...
2025-05-19 16:57:12 - juego - [DEBUG] - Iniciando ciclo de renderizado...
2025-05-19 16:57:12 - juego - [DEBUG] - Ciclo de renderizado completado (flip ejecutado).
2025-05-19 16:57:12 - juego - [DEBUG] - MENSAJE DE PRUEBA REPETIDO PARA FILTRO
2025-05-19 16:57:12 - juego - [DEBUG] - Procesando eventos Pygame...
2025-05-19 16:57:12 - juego - [DEBUG] - Iniciando ciclo de renderizado...
2025-05-19 16:57:12 - juego - [DEBUG] - Ciclo de renderizado completado (flip ejecutado).
2025-05-19 16:57:12 - juego - [DEBUG] - MENSAJE DE PRUEBA REPETIDO PARA FILTRO
2025-05-19 16:57:12 - juego - [DEBUG] - Procesando eventos Pygame...
2025-05-19 16:57:12 - juego - [DEBUG] - Iniciando ciclo de renderizado...
2025-05-19 16:57:12 - juego - [DEBUG] - Ciclo de renderizado completado (flip ejecutado).
2025-05-19 16:57:12 - juego - [DEBUG] - MENSAJE DE PRUEBA REPETIDO PARA FILTRO
2025-05-19 16:57:12 - juego - [DEBUG] - Procesando eventos Pygame...
2025-05-19 16:57:12 - juego - [DEBUG] - Iniciando ciclo de renderizado...
2025-05-19 16:57:12 - juego - [DEBUG] - Ciclo de renderizado completado (flip ejecutado).
2025-05-19 16:57:12 - juego - [DEBUG] - MENSAJE DE PRUEBA REPETIDO PARA FILTRO
2025-05-19 16:57:12 - juego - [DEBUG] - Procesando eventos Pygame...
2025-05-19 16:57:12 - juego - [DEBUG] - Iniciando ciclo de renderizado...
2025-05-19 16:57:12 - juego - [DEBUG] - Ciclo de renderizado completado (flip ejecutado).
2025-05-19 16:57:12 - juego - [DEBUG] - MENSAJE DE PRUEBA REPETIDO PARA FILTRO
2025-05-19 16:57:12 - juego - [DEBUG] - Procesando eventos Pygame...
2025-05-19 16:57:12 - juego - [DEBUG] - Iniciando ciclo de renderizado...
2025-05-19 16:57:12 - juego - [DEBUG] - Ciclo de renderizado completado (flip ejecutado).
2025-05-19 16:57:12 - juego - [DEBUG] - MENSAJE DE PRUEBA REPETIDO PARA FILTRO
2025-05-19 16:57:12 - juego - [DEBUG] - Procesando eventos Pygame...
2025-05-19 16:57:12 - juego - [DEBUG] - Iniciando ciclo de renderizado...
2025-05-19 16:57:12 - juego - [DEBUG] - Ciclo de renderizado completado (flip ejecutado).
2025-05-19 16:57:12 - juego - [DEBUG] - MENSAJE DE PRUEBA REPETIDO PARA FILTRO
2025-05-19 16:57:12 - juego - [DEBUG] - Procesando eventos Pygame...
2025-05-19 16:57:12 - juego - [DEBUG] - Iniciando ciclo de renderizado...
2025-05-19 16:57:12 - juego - [DEBUG] - Ciclo de renderizado completado (flip ejecutado).
2025-05-19 16:57:12 - juego - [DEBUG] - MENSAJE DE PRUEBA REPETIDO PARA FILTRO
2025-05-19 16:57:12 - juego - [DEBUG] - Procesando eventos Pygame...
2025-05-19 16:57:12 - juego - [DEBUG] - Iniciando ciclo de renderizado...
2025-05-19 16:57:12 - juego - [DEBUG] - Ciclo de renderizado completado (flip ejecutado).
2025-05-19 16:57:12 - juego - [DEBUG] - MENSAJE DE PRUEBA REPETIDO PARA FILTRO
2025-05-19 16:57:12 - juego - [DEBUG] - Procesando eventos Pygame...
2025-05-19 16:57:12 - juego - [DEBUG] - Iniciando ciclo de renderizado...
2025-05-19 16:57:12 - juego - [DEBUG] - Ciclo de renderizado completado (flip ejecutado).
2025-05-19 16:57:13 - juego - [DEBUG] - MENSAJE DE PRUEBA REPETIDO PARA FILTRO
2025-05-19 16:57:13 - juego - [DEBUG] - Procesando eventos Pygame...
2025-05-19 16:57:13 - juego - [DEBUG] - Iniciando ciclo de renderizado...
2025-05-19 16:57:13 - juego - [DEBUG] - Ciclo de renderizado completado (flip ejecutado).
2025-05-19 16:57:13 - juego - [DEBUG] - MENSAJE DE PRUEBA REPETIDO PARA FILTRO
2025-05-19 16:57:13 - juego - [DEBUG] - Procesando eventos Pygame...
2025-05-19 16:57:13 - juego - [DEBUG] - Iniciando ciclo de renderizado...
2025-05-19 16:57:13 - juego - [DEBUG] - Ciclo de renderizado completado (flip ejecutado).
2025-05-19 16:57:13 - juego - [DEBUG] - MENSAJE DE PRUEBA REPETIDO PARA FILTRO
2025-05-19 16:57:13 - juego - [DEBUG] - Procesando eventos Pygame...
2025-05-19 16:57:13 - juego - [DEBUG] - Iniciando ciclo de renderizado...
2025-05-19 16:57:13 - juego - [DEBUG] - Ciclo de renderizado completado (flip ejecutado).
2025-05-19 16:57:13 - juego - [DEBUG] - MENSAJE DE PRUEBA REPETIDO PARA FILTRO
2025-05-19 16:57:13 - juego - [DEBUG] - Procesando eventos Pygame...
2025-05-19 16:57:13 - juego - [DEBUG] - Iniciando ciclo de renderizado...
2025-05-19 16:57:13 - juego - [DEBUG] - Ciclo de renderizado completado (flip ejecutado).
2025-05-19 16:57:13 - juego - [DEBUG] - MENSAJE DE PRUEBA REPETIDO PARA FILTRO
2025-05-19 16:57:13 - juego - [DEBUG] - Procesando eventos Pygame...
2025-05-19 16:57:13 - juego - [DEBUG] - Iniciando ciclo de renderizado...
2025-05-19 16:57:13 - juego - [DEBUG] - Ciclo de renderizado completado (flip ejecutado).
2025-05-19 16:57:13 - juego - [DEBUG] - MENSAJE DE PRUEBA REPETIDO PARA FILTRO
2025-05-19 16:57:13 - juego - [DEBUG] - Procesando eventos Pygame...
2025-05-19 16:57:13 - juego - [DEBUG] - Iniciando ciclo de renderizado...
2025-05-19 16:57:13 - juego - [DEBUG] - Ciclo de renderizado completado (flip ejecutado).
2025-05-19 16:57:13 - juego - [DEBUG] - MENSAJE DE PRUEBA REPETIDO PARA FILTRO
2025-05-19 16:57:13 - juego - [DEBUG] - Procesando eventos Pygame...
2025-05-19 16:57:13 - juego - [DEBUG] - Iniciando ciclo de renderizado...
2025-05-19 16:57:13 - juego - [DEBUG] - Ciclo de renderizado completado (flip ejecutado).
2025-05-19 16:57:13 - juego - [DEBUG] - MENSAJE DE PRUEBA REPETIDO PARA FILTRO
2025-05-19 16:57:13 - juego - [DEBUG] - Procesando eventos Pygame...
2025-05-19 16:57:13 - juego - [DEBUG] - Iniciando ciclo de renderizado...
2025-05-19 16:57:13 - juego - [DEBUG] - Ciclo de renderizado completado (flip ejecutado).
2025-05-19 16:57:13 - juego - [DEBUG] - MENSAJE DE PRUEBA REPETIDO PARA FILTRO
2025-05-19 16:57:13 - juego - [DEBUG] - Procesando eventos Pygame...
2025-05-19 16:57:13 - juego - [DEBUG] - Iniciando ciclo de renderizado...
2025-05-19 16:57:13 - juego - [DEBUG] - Ciclo de renderizado completado (flip ejecutado).
2025-05-19 16:57:13 - juego - [DEBUG] - MENSAJE DE PRUEBA REPETIDO PARA FILTRO
2025-05-19 16:57:13 - juego - [DEBUG] - Procesando eventos Pygame...
2025-05-19 16:57:13 - juego - [DEBUG] - Iniciando ciclo de renderizado...
2025-05-19 16:57:13 - juego - [DEBUG] - Ciclo de renderizado completado (flip ejecutado).
2025-05-19 16:57:13 - juego - [DEBUG] - MENSAJE DE PRUEBA REPETIDO PARA FILTRO
2025-05-19 16:57:13 - juego - [DEBUG] - Procesando eventos Pygame...
2025-05-19 16:57:13 - juego - [DEBUG] - Iniciando ciclo de renderizado...
2025-05-19 16:57:13 - juego - [DEBUG] - Ciclo de renderizado completado (flip ejecutado).
2025-05-19 16:57:13 - juego - [DEBUG] - MENSAJE DE PRUEBA REPETIDO PARA FILTRO
2025-05-19 16:57:13 - juego - [DEBUG] - Procesando eventos Pygame...
2025-05-19 16:57:13 - juego - [DEBUG] - Iniciando ciclo de renderizado...
2025-05-19 16:57:13 - juego - [DEBUG] - Ciclo de renderizado completado (flip ejecutado).
2025-05-19 16:57:13 - juego - [DEBUG] - MENSAJE DE PRUEBA REPETIDO PARA FILTRO
2025-05-19 16:57:13 - juego - [DEBUG] - Procesando eventos Pygame...
2025-05-19 16:57:13 - juego - [DEBUG] - Iniciando ciclo de renderizado...
2025-05-19 16:57:13 - juego - [DEBUG] - Ciclo de renderizado completado (flip ejecutado).
2025-05-19 16:57:13 - juego - [DEBUG] - MENSAJE DE PRUEBA REPETIDO PARA FILTRO
2025-05-19 16:57:13 - juego - [DEBUG] - Procesando eventos Pygame...
2025-05-19 16:57:13 - juego - [DEBUG] - Iniciando ciclo de renderizado...
2025-05-19 16:57:13 - juego - [DEBUG] - Ciclo de renderizado completado (flip ejecutado).
2025-05-19 16:57:13 - juego - [DEBUG] - MENSAJE DE PRUEBA REPETIDO PARA FILTRO
2025-05-19 16:57:13 - juego - [DEBUG] - Procesando eventos Pygame...
2025-05-19 16:57:13 - juego - [DEBUG] - Iniciando ciclo de renderizado...
2025-05-19 16:57:13 - juego - [DEBUG] - Ciclo de renderizado completado (flip ejecutado).
2025-05-19 16:57:13 - juego - [DEBUG] - MENSAJE DE PRUEBA REPETIDO PARA FILTRO
2025-05-19 16:57:13 - juego - [DEBUG] - Procesando eventos Pygame...
2025-05-19 16:57:13 - juego - [DEBUG] - Iniciando ciclo de renderizado...
2025-05-19 16:57:13 - juego - [DEBUG] - Ciclo de renderizado completado (flip ejecutado).
2025-05-19 16:57:14 - juego - [DEBUG] - Iniciando ciclo de renderizado...
2025-05-19 16:57:14 - juego - [DEBUG] - Ciclo de renderizado completado (flip ejecutado).
2025-05-19 16:57:14 - juego - [DEBUG] - MENSAJE DE PRUEBA REPETIDO PARA FILTRO
2025-05-19 16:57:14 - juego - [DEBUG] - Procesando eventos Pygame...
2025-05-19 16:57:14 - juego - [DEBUG] - Iniciando ciclo de renderizado...
2025-05-19 16:57:14 - juego - [DEBUG] - Ciclo de renderizado completado (flip ejecutado).
2025-05-19 16:57:14 - juego - [DEBUG] - MENSAJE DE PRUEBA REPETIDO PARA FILTRO
2025-05-19 16:57:14 - juego - [DEBUG] - Procesando eventos Pygame...
2025-05-19 16:57:14 - juego - [DEBUG] - Iniciando ciclo de renderizado...
2025-05-19 16:57:14 - juego - [DEBUG] - Ciclo de renderizado completado (flip ejecutado).
2025-05-19 16:57:14 - juego - [DEBUG] - MENSAJE DE PRUEBA REPETIDO PARA FILTRO
2025-05-19 16:57:14 - juego - [DEBUG] - Procesando eventos Pygame...
2025-05-19 16:57:14 - juego - [DEBUG] - Iniciando ciclo de renderizado...
2025-05-19 16:57:14 - juego - [DEBUG] - Ciclo de renderizado completado (flip ejecutado).
2025-05-19 16:57:14 - juego - [DEBUG] - MENSAJE DE PRUEBA REPETIDO PARA FILTRO
2025-05-19 16:57:14 - juego - [DEBUG] - Procesando eventos Pygame...
2025-05-19 16:57:14 - juego - [DEBUG] - Iniciando ciclo de renderizado...
2025-05-19 16:57:14 - juego - [DEBUG] - Ciclo de renderizado completado (flip ejecutado).
2025-05-19 16:57:14 - juego - [DEBUG] - MENSAJE DE PRUEBA REPETIDO PARA FILTRO
2025-05-19 16:57:14 - juego - [DEBUG] - Procesando eventos Pygame...
2025-05-19 16:57:14 - juego - [DEBUG] - Iniciando ciclo de renderizado...
2025-05-19 16:57:14 - juego - [DEBUG] - Ciclo de renderizado completado (flip ejecutado).
2025-05-19 16:57:14 - juego - [DEBUG] - MENSAJE DE PRUEBA REPETIDO PARA FILTRO
2025-05-19 16:57:14 - juego - [DEBUG] - Procesando eventos Pygame...
2025-05-19 16:57:14 - juego - [DEBUG] - Iniciando ciclo de renderizado...
2025-05-19 16:57:14 - juego - [DEBUG] - Ciclo de renderizado completado (flip ejecutado).
2025-05-19 16:57:14 - juego - [DEBUG] - MENSAJE DE PRUEBA REPETIDO PARA FILTRO
2025-05-19 16:57:14 - juego - [DEBUG] - Procesando eventos Pygame...
2025-05-19 16:57:14 - juego - [DEBUG] - Iniciando ciclo de renderizado...
2025-05-19 16:57:14 - juego - [DEBUG] - Ciclo de renderizado completado (flip ejecutado).
2025-05-19 16:57:14 - juego - [DEBUG] - MENSAJE DE PRUEBA REPETIDO PARA FILTRO
2025-05-19 16:57:14 - juego - [DEBUG] - Procesando eventos Pygame...
2025-05-19 16:57:14 - juego - [DEBUG] - MENSAJE DE PRUEBA REPETIDO PARA FILTRO
2025-05-19 16:57:14 - juego - [DEBUG] - Procesando eventos Pygame...
2025-05-19 16:57:14 - juego - [DEBUG] - Iniciando ciclo de renderizado...
2025-05-19 16:57:14 - juego - [DEBUG] - Ciclo de renderizado completado (flip ejecutado).
2025-05-19 16:57:14 - juego - [DEBUG] - MENSAJE DE PRUEBA REPETIDO PARA FILTRO
2025-05-19 16:57:14 - juego - [DEBUG] - Procesando eventos Pygame...
2025-05-19 16:57:14 - juego - [DEBUG] - Iniciando ciclo de renderizado...
2025-05-19 16:57:14 - juego - [DEBUG] - Ciclo de renderizado completado (flip ejecutado).
2025-05-19 16:57:14 - juego - [DEBUG] - MENSAJE DE PRUEBA REPETIDO PARA FILTRO
2025-05-19 16:57:14 - juego - [DEBUG] - Procesando eventos Pygame...
2025-05-19 16:57:14 - juego - [DEBUG] - Iniciando ciclo de renderizado...
2025-05-19 16:57:14 - juego - [DEBUG] - Ciclo de renderizado completado (flip ejecutado).
2025-05-19 16:57:14 - juego - [DEBUG] - MENSAJE DE PRUEBA REPETIDO PARA FILTRO
2025-05-19 16:57:14 - juego - [DEBUG] - Procesando eventos Pygame...
2025-05-19 16:57:14 - juego - [DEBUG] - Iniciando ciclo de renderizado...
2025-05-19 16:57:14 - juego - [DEBUG] - Ciclo de renderizado completado (flip ejecutado).
2025-05-19 16:57:14 - juego - [DEBUG] - Solicitud de salir del juego procesada.
2025-05-19 16:57:14 - juego - [INFO] - Saliendo de Pygame y del sistema...
