2025-05-19 22:41:56 - collision_handler - [DEBUG] -   CH: Fase 1 - Resolviendo solapamientos estáticos (Eje Y)...
2025-05-19 22:41:56 - collision_handler - [DEBUG] -         CH_DETALLE: Eje y, Pasada 1. [Arbol_0]. Resultado de colliderect: False
2025-05-19 22:41:56 - collision_handler - [DEBUG] -         CH_DETALLE: Eje y, Pasada 1. [Arbol_1]. Resultado de colliderect: False
2025-05-19 22:41:56 - collision_handler - [DEBUG] -         CH_DETALLE: Eje y, Pasada 1. [Arbol_2]. Resultado de colliderect: False
2025-05-19 22:41:56 - collision_handler - [DEBUG] -         CH_DETALLE: Eje y, Pasada 1. [Enemigo_1]. Resultado de colliderect: False
2025-05-19 22:41:56 - collision_handler - [DEBUG] -       CH: No más solapamientos estáticos eje y en pasada 1. Saliendo.
2025-05-19 22:41:56 - collision_handler - [DEBUG] -   CH: Fase 2 - Aplicando movimiento y colisión (Eje X)...
2025-05-19 22:41:56 - collision_handler - [DEBUG] -     --- CH: Fin _aplicar_movimiento_y_colision_eje_x --- HB_out X: 280.00
2025-05-19 22:41:56 - collision_handler - [DEBUG] -     --- CH: Inicio _aplicar_movimiento_y_colision_eje_y --- dy: 2, HB_in: (280, 140)
2025-05-19 22:41:56 - collision_handler - [DEBUG] -       CH: Fase 2 (Y): dy_aplicado=2.0000. HB.y original=140, HB.y post-int-trunc=142
2025-05-19 22:41:56 - collision_handler - [DEBUG] -       CH: Fase 2 (Y): Colisión Y detectada con [Arbol_0] después de mov. tentativo. HB_Ent: (280, 142), HB_Obs: (305, 160)
2025-05-19 22:41:56 - collision_handler - [DEBUG] -   CH: Fase 2 - Fin. Posición HB post-mov: (280, 140)
2025-05-19 22:41:56 - collision_handler - [DEBUG] -     --- CH: Inicio _verificar_y_revertir_colision_post_fase2 --- HB_in: (280, 140)
2025-05-19 22:41:56 - collision_handler - [DEBUG] -     --- CH: Fin _aplicar_movimiento_y_colision_eje_x --- HB_out X: 306.00
2025-05-19 22:41:56 - collision_handler - [DEBUG] -   CH: Fase 2 - Aplicando movimiento y colisión (Eje Y)...
2025-05-19 22:41:56 - collision_handler - [DEBUG] -     --- CH: Inicio _aplicar_movimiento_y_colision_eje_y --- dy: 1, HB_in: (306, 140)
2025-05-19 22:41:56 - collision_handler - [DEBUG] -       CH: Fase 2 (Y): Colisión Y detectada con [Arbol_0] después de mov. tentativo. HB_Ent: (306, 141), HB_Obs: (305, 160)
2025-05-19 22:41:56 - collision_handler - [DEBUG] -   CH: Fase 2 - Fin. Posición HB post-mov: (306, 140)
2025-05-19 22:41:56 - collision_handler - [DEBUG] -   CH: Fase 3 - Verificando y revirtiendo colisión post-Fase 2...
2025-05-19 22:41:56 - collision_handler - [DEBUG] -     --- CH: Inicio _verificar_y_revertir_colision_post_fase2 --- HB_in: (306, 140)
2025-05-19 22:41:56 - collision_handler - [DEBUG] -     --- CH: Fin _verificar_y_revertir_colision_post_fase2 --- HB_out: (306, 140), ReversionGlobal: False
2025-05-19 22:41:56 - collision_handler - [DEBUG] -   CH: Fase 3 - Fin. Hubo reversión: False. Posición HB final: (306, 140)
2025-05-19 22:41:56 - collision_handler - [DEBUG] - CH: Fin gestionar_movimiento_y_colision. HB_out: (306, 140), Rect_out: (303, 137)
2025-05-19 22:41:56 - collision_handler - [DEBUG] - CH: Inicio gestionar_movimiento_y_colision. dx=0.0000, dy=2.0000. HB_in: (280, 140), Rect_in: (277, 137)
2025-05-19 22:41:56 - collision_handler - [DEBUG] -     --- CH: Inicio _resolver_solapamientos_estaticos_eje (x) --- Input: 0, HB_Ent_INICIAL_FUNCION: (280, 140), HB_Ent_Size: (26, 20)
2025-05-19 22:41:56 - collision_handler - [DEBUG] -       CH: Pasada 1 res. estática eje x. HB_Ent_Inicio_Pasada: (280, 140)
2025-05-19 22:41:56 - collision_handler - [DEBUG] -         CH_DETALLE: Eje x, Pasada 1. ANTES de colliderect con [Arbol_0].\n                  HB_Ent: TL=(280, 140), Size=(26, 20)\n                  HB_Obs ([Arbol_0]): TL=(305, 160), Size=(35, 25)
2025-05-19 22:41:56 - collision_handler - [DEBUG] -         CH_DETALLE: Eje x, Pasada 1. ANTES de colliderect con [Arbol_1].\n                  HB_Ent: TL=(280, 140), Size=(26, 20)\n                  HB_Obs ([Arbol_1]): TL=(505, 310), Size=(35, 25)
2025-05-19 22:41:56 - collision_handler - [DEBUG] -         CH_DETALLE: Eje x, Pasada 1. ANTES de colliderect con [Arbol_2].\n                  HB_Ent: TL=(280, 140), Size=(26, 20)\n                  HB_Obs ([Arbol_2]): TL=(105, 410), Size=(35, 25)
2025-05-19 22:41:56 - collision_handler - [DEBUG] -         CH_DETALLE: Eje x, Pasada 1. ANTES de colliderect con [Enemigo_1].\n                  HB_Ent: TL=(280, 140), Size=(26, 20)\n                  HB_Obs ([Enemigo_1]): TL=(306, 140), Size=(26, 20)
2025-05-19 22:41:56 - collision_handler - [DEBUG] -     --- CH: Fin _resolver_solapamientos_estaticos_eje (x) --- HB_Ent_FINAL_FUNCION: (280, 140)
2025-05-19 22:41:56 - collision_handler - [DEBUG] -     --- CH: Inicio _resolver_solapamientos_estaticos_eje (y) --- Input: 2, HB_Ent_INICIAL_FUNCION: (280, 140), HB_Ent_Size: (26, 20)
2025-05-19 22:41:56 - collision_handler - [DEBUG] -       CH: Pasada 1 res. estática eje y. HB_Ent_Inicio_Pasada: (280, 140)
2025-05-19 22:41:56 - collision_handler - [DEBUG] -         CH_DETALLE: Eje y, Pasada 1. ANTES de colliderect con [Arbol_0].\n                  HB_Ent: TL=(280, 140), Size=(26, 20)\n                  HB_Obs ([Arbol_0]): TL=(305, 160), Size=(35, 25)
2025-05-19 22:41:56 - collision_handler - [DEBUG] -         CH_DETALLE: Eje y, Pasada 1. ANTES de colliderect con [Arbol_1].\n                  HB_Ent: TL=(280, 140), Size=(26, 20)\n                  HB_Obs ([Arbol_1]): TL=(505, 310), Size=(35, 25)
2025-05-19 22:41:56 - collision_handler - [DEBUG] -         CH_DETALLE: Eje y, Pasada 1. ANTES de colliderect con [Arbol_2].\n                  HB_Ent: TL=(280, 140), Size=(26, 20)\n                  HB_Obs ([Arbol_2]): TL=(105, 410), Size=(35, 25)
2025-05-19 22:41:56 - collision_handler - [DEBUG] -         CH_DETALLE: Eje y, Pasada 1. ANTES de colliderect con [Enemigo_1].\n                  HB_Ent: TL=(280, 140), Size=(26, 20)\n                  HB_Obs ([Enemigo_1]): TL=(306, 140), Size=(26, 20)
2025-05-19 22:41:56 - collision_handler - [DEBUG] -     --- CH: Fin _resolver_solapamientos_estaticos_eje (y) --- HB_Ent_FINAL_FUNCION: (280, 140)
2025-05-19 22:41:56 - collision_handler - [DEBUG] -   CH: Fase 1 - Fin. Posición segura HB: (280, 140)
2025-05-19 22:41:56 - collision_handler - [DEBUG] -     --- CH: Inicio _aplicar_movimiento_y_colision_eje_x --- dx: 0, HB_in: (280, 140)
2025-05-19 22:41:56 - collision_handler - [DEBUG] -     --- CH: Fin _verificar_y_revertir_colision_post_fase2 --- HB_out: (280, 140), ReversionGlobal: False
2025-05-19 22:41:56 - collision_handler - [DEBUG] -   CH: Fase 3 - Fin. Hubo reversión: False. Posición HB final: (280, 140)
2025-05-19 22:41:56 - collision_handler - [DEBUG] - CH: Fin gestionar_movimiento_y_colision. HB_out: (280, 140), Rect_out: (277, 137)
