2025-05-19 16:52:14 - gestor_estado - [DEBUG] - GestorEstado inicializado.
2025-05-19 16:52:14 - gestor_estado - [DEBUG] -   GestorEstado: Actualizando 2 enemigos...
2025-05-19 16:52:14 - gestor_estado - [DEBUG] -   GestorEstado: Actualizando jugador...
2025-05-19 16:52:14 - gestor_estado - [DEBUG] -   GestorEstado: Actualizando 2 enemigos...
2025-05-19 16:52:14 - gestor_estado - [DEBUG] -   GestorEstado: Actualizando jugador...
2025-05-19 16:52:14 - gestor_estado - [DEBUG] -   GestorEstado: Actualizando 2 enemigos...
2025-05-19 16:52:14 - gestor_estado - [DEBUG] -   GestorEstado: Actualizando jugador...
2025-05-19 16:52:14 - gestor_estado - [DEBUG] -   GestorEstado: Actualizando 2 enemigos...
2025-05-19 16:52:14 - gestor_estado - [DEBUG] -   GestorEstado: Actualizando jugador...
2025-05-19 16:52:14 - gestor_estado - [DEBUG] -   GestorEstado: Actualizando 2 enemigos...
2025-05-19 16:52:14 - gestor_estado - [DEBUG] -   GestorEstado: Actualizando jugador...
2025-05-19 16:52:14 - gestor_estado - [DEBUG] -   GestorEstado: Actualizando 2 enemigos...
2025-05-19 16:52:14 - gestor_estado - [DEBUG] -   GestorEstado: Actualizando jugador...
2025-05-19 16:52:14 - gestor_estado - [DEBUG] -   GestorEstado: Actualizando 2 enemigos...
2025-05-19 16:52:14 - gestor_estado - [DEBUG] -   GestorEstado: Actualizando jugador...
2025-05-19 16:52:14 - gestor_estado - [DEBUG] -   GestorEstado: Actualizando 2 enemigos...
2025-05-19 16:52:14 - gestor_estado - [DEBUG] -   GestorEstado: Actualizando jugador...
2025-05-19 16:52:14 - gestor_estado - [DEBUG] -   GestorEstado: Actualizando 2 enemigos...
2025-05-19 16:52:14 - gestor_estado - [DEBUG] -   GestorEstado: Actualizando jugador...
2025-05-19 16:52:14 - gestor_estado - [DEBUG] -   GestorEstado: Actualizando 2 enemigos...
2025-05-19 16:52:14 - gestor_estado - [DEBUG] -   GestorEstado: Actualizando jugador...
2025-05-19 16:52:14 - gestor_estado - [DEBUG] -   GestorEstado: Actualizando 2 enemigos...
2025-05-19 16:52:14 - gestor_estado - [DEBUG] -   GestorEstado: Actualizando jugador...
2025-05-19 16:52:14 - gestor_estado - [DEBUG] -   GestorEstado: Actualizando 2 enemigos...
2025-05-19 16:52:14 - gestor_estado - [DEBUG] -   GestorEstado: Actualizando jugador...
2025-05-19 16:52:15 - gestor_estado - [DEBUG] -   GestorEstado: Actualizando 2 enemigos...
2025-05-19 16:52:15 - gestor_estado - [DEBUG] -   GestorEstado: Actualizando jugador...
2025-05-19 16:52:15 - gestor_estado - [DEBUG] -   GestorEstado: Actualizando 2 enemigos...
2025-05-19 16:52:15 - gestor_estado - [DEBUG] -   GestorEstado: Actualizando jugador...
2025-05-19 16:52:15 - gestor_estado - [DEBUG] -   GestorEstado: Actualizando 2 enemigos...
2025-05-19 16:52:15 - gestor_estado - [DEBUG] -   GestorEstado: Actualizando jugador...
2025-05-19 16:52:15 - gestor_estado - [DEBUG] -   GestorEstado: Actualizando 2 enemigos...
2025-05-19 16:52:15 - gestor_estado - [DEBUG] -   GestorEstado: Actualizando jugador...
2025-05-19 16:52:15 - gestor_estado - [DEBUG] -   GestorEstado: Actualizando 2 enemigos...
2025-05-19 16:52:15 - gestor_estado - [DEBUG] -   GestorEstado: Actualizando jugador...
2025-05-19 16:52:15 - gestor_estado - [DEBUG] -   GestorEstado: Actualizando 2 enemigos...
2025-05-19 16:52:15 - gestor_estado - [DEBUG] -   GestorEstado: Actualizando jugador...
2025-05-19 16:52:15 - gestor_estado - [DEBUG] -   GestorEstado: Actualizando 2 enemigos...
2025-05-19 16:52:15 - gestor_estado - [DEBUG] -   GestorEstado: Actualizando jugador...
2025-05-19 16:52:15 - gestor_estado - [DEBUG] -   GestorEstado: Actualizando 2 enemigos...
2025-05-19 16:52:15 - gestor_estado - [DEBUG] -   GestorEstado: Actualizando jugador...
2025-05-19 16:52:15 - gestor_estado - [DEBUG] -   GestorEstado: Actualizando 2 enemigos...
2025-05-19 16:52:15 - gestor_estado - [DEBUG] -   GestorEstado: Actualizando jugador...
2025-05-19 16:52:15 - gestor_estado - [DEBUG] -   GestorEstado: Actualizando 2 enemigos...
2025-05-19 16:52:15 - gestor_estado - [DEBUG] -   GestorEstado: Actualizando jugador...
2025-05-19 16:52:15 - gestor_estado - [DEBUG] -   GestorEstado: Actualizando 2 enemigos...
2025-05-19 16:52:15 - gestor_estado - [DEBUG] -   GestorEstado: Actualizando jugador...
2025-05-19 16:52:15 - gestor_estado - [DEBUG] -   GestorEstado: Actualizando 2 enemigos...
2025-05-19 16:52:15 - gestor_estado - [DEBUG] -   GestorEstado: Actualizando jugador...
2025-05-19 16:52:15 - gestor_estado - [DEBUG] -   GestorEstado: Actualizando 2 enemigos...
2025-05-19 16:52:15 - gestor_estado - [DEBUG] -   GestorEstado: Actualizando jugador...
2025-05-19 16:52:15 - gestor_estado - [DEBUG] -   GestorEstado: Actualizando 2 enemigos...
2025-05-19 16:52:15 - gestor_estado - [DEBUG] -   GestorEstado: Actualizando jugador...
2025-05-19 16:52:15 - gestor_estado - [DEBUG] -   GestorEstado: Actualizando 2 enemigos...
2025-05-19 16:52:15 - gestor_estado - [DEBUG] -   GestorEstado: Actualizando jugador...
2025-05-19 16:52:15 - gestor_estado - [DEBUG] -   GestorEstado: Actualizando 2 enemigos...
2025-05-19 16:52:16 - gestor_estado - [DEBUG] -   GestorEstado: Actualizando jugador...
2025-05-19 16:52:16 - gestor_estado - [DEBUG] -   GestorEstado: Actualizando 2 enemigos...
2025-05-19 16:52:16 - gestor_estado - [DEBUG] -   GestorEstado: Actualizando jugador...
2025-05-19 16:52:16 - gestor_estado - [DEBUG] -   GestorEstado: Actualizando 2 enemigos...
2025-05-19 16:52:16 - gestor_estado - [DEBUG] -   GestorEstado: Actualizando jugador...
2025-05-19 16:52:16 - gestor_estado - [DEBUG] -   GestorEstado: Actualizando 2 enemigos...
2025-05-19 16:52:16 - gestor_estado - [DEBUG] -   GestorEstado: Actualizando jugador...
2025-05-19 16:52:16 - gestor_estado - [DEBUG] -   GestorEstado: Actualizando 2 enemigos...
2025-05-19 16:52:16 - gestor_estado - [DEBUG] -   GestorEstado: Actualizando jugador...
2025-05-19 16:52:16 - gestor_estado - [DEBUG] -   GestorEstado: Actualizando 2 enemigos...
2025-05-19 16:52:16 - gestor_estado - [DEBUG] -   GestorEstado: Actualizando jugador...
2025-05-19 16:52:16 - gestor_estado - [DEBUG] -   GestorEstado: Actualizando 2 enemigos...
2025-05-19 16:52:16 - gestor_estado - [DEBUG] -   GestorEstado: Actualizando jugador...
2025-05-19 16:52:16 - gestor_estado - [DEBUG] -   GestorEstado: Actualizando 2 enemigos...
2025-05-19 16:52:16 - gestor_estado - [DEBUG] -   GestorEstado: Actualizando jugador...
2025-05-19 16:52:16 - gestor_estado - [DEBUG] -   GestorEstado: Actualizando 2 enemigos...
2025-05-19 16:52:16 - gestor_estado - [DEBUG] -   GestorEstado: Actualizando jugador...
2025-05-19 16:52:16 - gestor_estado - [DEBUG] -   GestorEstado: Actualizando 2 enemigos...
2025-05-19 16:52:16 - gestor_estado - [DEBUG] -   GestorEstado: Actualizando jugador...
2025-05-19 16:52:16 - gestor_estado - [DEBUG] -   GestorEstado: Actualizando 2 enemigos...
2025-05-19 16:52:16 - gestor_estado - [DEBUG] -   GestorEstado: Actualizando jugador...
2025-05-19 16:52:16 - gestor_estado - [DEBUG] -   GestorEstado: Actualizando 2 enemigos...
2025-05-19 16:52:16 - gestor_estado - [DEBUG] -   GestorEstado: Actualizando jugador...
2025-05-19 16:52:16 - gestor_estado - [DEBUG] -   GestorEstado: Actualizando 2 enemigos...
2025-05-19 16:52:16 - gestor_estado - [DEBUG] -   GestorEstado: Actualizando jugador...
2025-05-19 16:52:16 - gestor_estado - [DEBUG] -   GestorEstado: Actualizando 2 enemigos...
2025-05-19 16:52:16 - gestor_estado - [DEBUG] -   GestorEstado: Actualizando jugador...
2025-05-19 16:52:16 - gestor_estado - [DEBUG] -   GestorEstado: Actualizando 2 enemigos...
2025-05-19 16:52:16 - gestor_estado - [DEBUG] -   GestorEstado: Actualizando jugador...
2025-05-19 16:52:16 - gestor_estado - [DEBUG] -   GestorEstado: Actualizando 2 enemigos...
2025-05-19 16:52:16 - gestor_estado - [DEBUG] -   GestorEstado: Actualizando jugador...
2025-05-19 16:52:16 - gestor_estado - [DEBUG] -   GestorEstado: Actualizando 2 enemigos...
2025-05-19 16:52:16 - gestor_estado - [DEBUG] -   GestorEstado: Actualizando jugador...
2025-05-19 16:52:17 - gestor_estado - [DEBUG] -   GestorEstado: Actualizando 2 enemigos...
2025-05-19 16:52:17 - gestor_estado - [DEBUG] -   GestorEstado: Actualizando jugador...
2025-05-19 16:52:17 - gestor_estado - [DEBUG] -   GestorEstado: Actualizando 2 enemigos...
2025-05-19 16:52:17 - gestor_estado - [DEBUG] -   GestorEstado: Actualizando jugador...
2025-05-19 16:52:17 - gestor_estado - [DEBUG] -   GestorEstado: Actualizando 2 enemigos...
2025-05-19 16:52:17 - gestor_estado - [DEBUG] -   GestorEstado: Actualizando jugador...
2025-05-19 16:52:17 - gestor_estado - [DEBUG] -   GestorEstado: Actualizando 2 enemigos...
2025-05-19 16:52:17 - gestor_estado - [DEBUG] -   GestorEstado: Actualizando jugador...
2025-05-19 16:52:17 - gestor_estado - [DEBUG] -   GestorEstado: Actualizando 2 enemigos...
2025-05-19 16:52:17 - gestor_estado - [DEBUG] -   GestorEstado: Actualizando jugador...
2025-05-19 16:52:17 - gestor_estado - [DEBUG] -   GestorEstado: Actualizando 2 enemigos...
2025-05-19 16:52:17 - gestor_estado - [DEBUG] -   GestorEstado: Actualizando jugador...
2025-05-19 16:52:17 - gestor_estado - [DEBUG] -   GestorEstado: Actualizando 2 enemigos...
2025-05-19 16:52:17 - gestor_estado - [DEBUG] -   GestorEstado: Actualizando jugador...
2025-05-19 16:52:17 - gestor_estado - [DEBUG] -   GestorEstado: Actualizando 2 enemigos...
2025-05-19 16:52:17 - gestor_estado - [DEBUG] -   GestorEstado: Actualizando jugador...
2025-05-19 16:52:17 - gestor_estado - [DEBUG] -   GestorEstado: Actualizando 2 enemigos...
2025-05-19 16:52:17 - gestor_estado - [DEBUG] -   GestorEstado: Actualizando jugador...
2025-05-19 16:52:17 - gestor_estado - [DEBUG] -   GestorEstado: Actualizando 2 enemigos...
2025-05-19 16:52:17 - gestor_estado - [DEBUG] -   GestorEstado: Actualizando jugador...
2025-05-19 16:52:17 - gestor_estado - [DEBUG] -   GestorEstado: Actualizando 2 enemigos...
2025-05-19 16:52:17 - gestor_estado - [DEBUG] -   GestorEstado: Actualizando jugador...
2025-05-19 16:52:17 - gestor_estado - [DEBUG] -   GestorEstado: Actualizando 2 enemigos...
2025-05-19 16:52:17 - gestor_estado - [DEBUG] -   GestorEstado: Actualizando jugador...
2025-05-19 16:52:17 - gestor_estado - [DEBUG] -   GestorEstado: Actualizando 2 enemigos...
2025-05-19 16:52:17 - gestor_estado - [DEBUG] -   GestorEstado: Actualizando jugador...
2025-05-19 16:52:17 - gestor_estado - [DEBUG] -   GestorEstado: Actualizando 2 enemigos...
2025-05-19 16:52:17 - gestor_estado - [DEBUG] -   GestorEstado: Actualizando jugador...
2025-05-19 16:52:17 - gestor_estado - [DEBUG] -   GestorEstado: Actualizando 2 enemigos...
2025-05-19 16:52:17 - gestor_estado - [DEBUG] -   GestorEstado: Actualizando jugador...
2025-05-19 16:52:17 - gestor_estado - [DEBUG] -   GestorEstado: Actualizando 2 enemigos...
2025-05-19 16:52:17 - gestor_estado - [DEBUG] -   GestorEstado: Actualizando jugador...
2025-05-19 16:52:17 - gestor_estado - [DEBUG] -   GestorEstado: Actualizando 2 enemigos...
2025-05-19 16:52:17 - gestor_estado - [DEBUG] -   GestorEstado: Actualizando jugador...
2025-05-19 16:52:18 - gestor_estado - [DEBUG] -   GestorEstado: Actualizando 2 enemigos...
2025-05-19 16:52:18 - gestor_estado - [DEBUG] -   GestorEstado: Actualizando jugador...
2025-05-19 16:52:18 - gestor_estado - [DEBUG] -   GestorEstado: Actualizando 2 enemigos...
2025-05-19 16:52:18 - gestor_estado - [DEBUG] -   GestorEstado: Actualizando jugador...
2025-05-19 16:52:18 - gestor_estado - [DEBUG] -   GestorEstado: Actualizando 2 enemigos...
2025-05-19 16:52:18 - gestor_estado - [DEBUG] -   GestorEstado: Actualizando jugador...
2025-05-19 16:52:18 - gestor_estado - [DEBUG] -   GestorEstado: Actualizando 2 enemigos...
2025-05-19 16:52:18 - gestor_estado - [DEBUG] -   GestorEstado: Actualizando jugador...
2025-05-19 16:52:18 - gestor_estado - [DEBUG] -   GestorEstado: Actualizando 2 enemigos...
2025-05-19 16:52:18 - gestor_estado - [DEBUG] -   GestorEstado: Actualizando jugador...
2025-05-19 16:52:18 - gestor_estado - [DEBUG] -   GestorEstado: Actualizando 2 enemigos...
2025-05-19 16:52:18 - gestor_estado - [DEBUG] -   GestorEstado: Actualizando jugador...
2025-05-19 16:52:18 - gestor_estado - [DEBUG] -   GestorEstado: Actualizando 2 enemigos...
2025-05-19 16:52:18 - gestor_estado - [DEBUG] -   GestorEstado: Actualizando jugador...
2025-05-19 16:52:18 - gestor_estado - [DEBUG] -   GestorEstado: Actualizando 2 enemigos...
2025-05-19 16:52:18 - gestor_estado - [DEBUG] -   GestorEstado: Actualizando jugador...
2025-05-19 16:52:18 - gestor_estado - [DEBUG] -   GestorEstado: Actualizando 2 enemigos...
2025-05-19 16:52:18 - gestor_estado - [DEBUG] -   GestorEstado: Actualizando jugador...
2025-05-19 16:52:18 - gestor_estado - [DEBUG] -   GestorEstado: Actualizando 2 enemigos...
2025-05-19 16:52:18 - gestor_estado - [DEBUG] -   GestorEstado: Actualizando jugador...
2025-05-19 16:52:18 - gestor_estado - [DEBUG] -   GestorEstado: Actualizando 2 enemigos...
2025-05-19 16:52:18 - gestor_estado - [DEBUG] -   GestorEstado: Actualizando jugador...
2025-05-19 16:52:18 - gestor_estado - [DEBUG] -   GestorEstado: Actualizando 2 enemigos...
2025-05-19 16:52:18 - gestor_estado - [DEBUG] -   GestorEstado: Actualizando jugador...
2025-05-19 16:52:18 - gestor_estado - [DEBUG] -   GestorEstado: Actualizando 2 enemigos...
2025-05-19 16:52:18 - gestor_estado - [DEBUG] -   GestorEstado: Actualizando jugador...
2025-05-19 16:52:18 - gestor_estado - [DEBUG] -   GestorEstado: Actualizando 2 enemigos...
2025-05-19 16:52:18 - gestor_estado - [DEBUG] -   GestorEstado: Actualizando jugador...
2025-05-19 16:52:18 - gestor_estado - [DEBUG] -   GestorEstado: Actualizando 2 enemigos...
2025-05-19 16:52:18 - gestor_estado - [DEBUG] -   GestorEstado: Actualizando jugador...
2025-05-19 16:52:18 - gestor_estado - [DEBUG] -   GestorEstado: Actualizando 2 enemigos...
2025-05-19 16:52:18 - gestor_estado - [DEBUG] -   GestorEstado: Actualizando jugador...
2025-05-19 16:52:18 - gestor_estado - [DEBUG] -   GestorEstado: Actualizando 2 enemigos...
2025-05-19 16:52:18 - gestor_estado - [DEBUG] -   GestorEstado: Actualizando jugador...
2025-05-19 16:52:19 - gestor_estado - [DEBUG] -   GestorEstado: Actualizando 2 enemigos...
2025-05-19 16:52:19 - gestor_estado - [DEBUG] -   GestorEstado: Actualizando jugador...
2025-05-19 16:52:19 - gestor_estado - [DEBUG] -   GestorEstado: Actualizando 2 enemigos...
2025-05-19 16:52:19 - gestor_estado - [DEBUG] -   GestorEstado: Actualizando jugador...
2025-05-19 16:52:19 - gestor_estado - [DEBUG] -   GestorEstado: Actualizando 2 enemigos...
2025-05-19 16:52:19 - gestor_estado - [DEBUG] -   GestorEstado: Actualizando jugador...
2025-05-19 16:52:19 - gestor_estado - [DEBUG] -   GestorEstado: Actualizando 2 enemigos...
2025-05-19 16:52:19 - gestor_estado - [DEBUG] -   GestorEstado: Actualizando jugador...
2025-05-19 16:52:19 - gestor_estado - [DEBUG] -   GestorEstado: Actualizando 2 enemigos...
2025-05-19 16:52:19 - gestor_estado - [DEBUG] -   GestorEstado: Actualizando jugador...
2025-05-19 16:52:19 - gestor_estado - [DEBUG] -   GestorEstado: Actualizando 2 enemigos...
2025-05-19 16:52:19 - gestor_estado - [DEBUG] -   GestorEstado: Actualizando jugador...
2025-05-19 16:52:19 - gestor_estado - [DEBUG] -   GestorEstado: Actualizando 2 enemigos...
2025-05-19 16:52:19 - gestor_estado - [DEBUG] -   GestorEstado: Actualizando jugador...
2025-05-19 16:52:19 - gestor_estado - [DEBUG] -   GestorEstado: Actualizando 2 enemigos...
2025-05-19 16:52:19 - gestor_estado - [DEBUG] -   GestorEstado: Actualizando jugador...
2025-05-19 16:52:19 - gestor_estado - [DEBUG] -   GestorEstado: Actualizando 2 enemigos...
2025-05-19 16:52:19 - gestor_estado - [DEBUG] -   GestorEstado: Actualizando jugador...
2025-05-19 16:52:19 - gestor_estado - [DEBUG] -   GestorEstado: Actualizando 2 enemigos...
2025-05-19 16:52:19 - gestor_estado - [DEBUG] -   GestorEstado: Actualizando jugador...
2025-05-19 16:52:19 - gestor_estado - [DEBUG] -   GestorEstado: Actualizando 2 enemigos...
2025-05-19 16:52:19 - gestor_estado - [DEBUG] -   GestorEstado: Actualizando jugador...
2025-05-19 16:52:19 - gestor_estado - [DEBUG] -   GestorEstado: Actualizando 2 enemigos...
2025-05-19 16:52:19 - gestor_estado - [DEBUG] -   GestorEstado: Actualizando jugador...
2025-05-19 16:52:19 - gestor_estado - [DEBUG] -   GestorEstado: Actualizando 2 enemigos...
2025-05-19 16:52:19 - gestor_estado - [DEBUG] -   GestorEstado: Actualizando jugador...
2025-05-19 16:52:19 - gestor_estado - [DEBUG] -   GestorEstado: Actualizando 2 enemigos...
2025-05-19 16:52:19 - gestor_estado - [DEBUG] -   GestorEstado: Actualizando jugador...
2025-05-19 16:52:19 - gestor_estado - [DEBUG] -   GestorEstado: Actualizando jugador...
2025-05-19 16:52:19 - gestor_estado - [DEBUG] -   GestorEstado: Actualizando 2 enemigos...
2025-05-19 16:52:19 - gestor_estado - [DEBUG] -   GestorEstado: Actualizando jugador...
2025-05-19 16:52:19 - gestor_estado - [DEBUG] -   GestorEstado: Actualizando 2 enemigos...
2025-05-19 16:52:20 - gestor_estado - [DEBUG] -   GestorEstado: Actualizando jugador...
2025-05-19 16:52:20 - gestor_estado - [DEBUG] -   GestorEstado: Actualizando 2 enemigos...
2025-05-19 16:52:20 - gestor_estado - [DEBUG] -   GestorEstado: Actualizando jugador...
2025-05-19 16:52:20 - gestor_estado - [DEBUG] -   GestorEstado: Actualizando 2 enemigos...
2025-05-19 16:52:20 - gestor_estado - [DEBUG] -   GestorEstado: Actualizando jugador...
2025-05-19 16:52:20 - gestor_estado - [DEBUG] -   GestorEstado: Actualizando 2 enemigos...
2025-05-19 16:52:20 - gestor_estado - [DEBUG] -   GestorEstado: Actualizando 2 enemigos...
2025-05-19 16:52:20 - gestor_estado - [DEBUG] -   GestorEstado: Actualizando jugador...
2025-05-19 16:52:20 - gestor_estado - [DEBUG] -   GestorEstado: Actualizando 2 enemigos...
2025-05-19 16:52:20 - gestor_estado - [DEBUG] -   GestorEstado: Actualizando jugador...
2025-05-19 16:52:20 - gestor_estado - [DEBUG] -   GestorEstado: Actualizando 2 enemigos...
2025-05-19 16:52:20 - gestor_estado - [DEBUG] -   GestorEstado: Actualizando jugador...
2025-05-19 16:52:20 - gestor_estado - [DEBUG] -   GestorEstado: Actualizando 2 enemigos...
2025-05-19 16:52:20 - gestor_estado - [DEBUG] -   GestorEstado: Actualizando jugador...
2025-05-19 16:52:20 - gestor_estado - [DEBUG] -   GestorEstado: Actualizando 2 enemigos...
2025-05-19 16:52:20 - gestor_estado - [DEBUG] -   GestorEstado: Actualizando jugador...
2025-05-19 16:52:20 - gestor_estado - [DEBUG] -   GestorEstado: Actualizando 2 enemigos...
2025-05-19 16:52:20 - gestor_estado - [DEBUG] -   GestorEstado: Actualizando jugador...
2025-05-19 16:52:20 - gestor_estado - [DEBUG] -   GestorEstado: Actualizando 2 enemigos...
2025-05-19 16:52:20 - gestor_estado - [DEBUG] -   GestorEstado: Actualizando jugador...
2025-05-19 16:52:20 - gestor_estado - [DEBUG] -   GestorEstado: Actualizando 2 enemigos...
2025-05-19 16:52:20 - gestor_estado - [DEBUG] -   GestorEstado: Actualizando jugador...
2025-05-19 16:52:20 - gestor_estado - [DEBUG] -   GestorEstado: Actualizando 2 enemigos...
2025-05-19 16:52:20 - gestor_estado - [DEBUG] -   GestorEstado: Actualizando jugador...
2025-05-19 16:52:20 - gestor_estado - [DEBUG] -   GestorEstado: Actualizando 2 enemigos...
2025-05-19 16:52:20 - gestor_estado - [DEBUG] -   GestorEstado: Actualizando jugador...
2025-05-19 16:52:20 - gestor_estado - [DEBUG] -   GestorEstado: Actualizando 2 enemigos...
2025-05-19 16:52:20 - gestor_estado - [DEBUG] -   GestorEstado: Actualizando jugador...
2025-05-19 16:52:20 - gestor_estado - [DEBUG] -   GestorEstado: Actualizando 2 enemigos...
2025-05-19 16:52:20 - gestor_estado - [DEBUG] -   GestorEstado: Actualizando jugador...
2025-05-19 16:52:20 - gestor_estado - [DEBUG] -   GestorEstado: Actualizando 2 enemigos...
2025-05-19 16:52:20 - gestor_estado - [DEBUG] -   GestorEstado: Actualizando jugador...
2025-05-19 16:52:20 - gestor_estado - [DEBUG] -   GestorEstado: Actualizando 2 enemigos...
2025-05-19 16:52:21 - gestor_estado - [DEBUG] -   GestorEstado: Actualizando jugador...
2025-05-19 16:52:21 - gestor_estado - [DEBUG] -   GestorEstado: Actualizando 2 enemigos...
2025-05-19 16:52:21 - gestor_estado - [DEBUG] -   GestorEstado: Actualizando jugador...
2025-05-19 16:52:21 - gestor_estado - [DEBUG] -   GestorEstado: Actualizando 2 enemigos...
2025-05-19 16:52:21 - gestor_estado - [DEBUG] -   GestorEstado: Actualizando jugador...
2025-05-19 16:52:21 - gestor_estado - [DEBUG] -   GestorEstado: Actualizando 2 enemigos...
2025-05-19 16:52:21 - gestor_estado - [DEBUG] -   GestorEstado: Actualizando jugador...
2025-05-19 16:52:21 - gestor_estado - [DEBUG] -   GestorEstado: Actualizando 2 enemigos...
2025-05-19 16:52:21 - gestor_estado - [DEBUG] -   GestorEstado: Actualizando jugador...
2025-05-19 16:52:21 - gestor_estado - [DEBUG] -   GestorEstado: Actualizando 2 enemigos...
2025-05-19 16:52:21 - gestor_estado - [DEBUG] -   GestorEstado: Actualizando jugador...
2025-05-19 16:52:21 - gestor_estado - [DEBUG] -   GestorEstado: Actualizando 2 enemigos...
2025-05-19 16:52:21 - gestor_estado - [DEBUG] -   GestorEstado: Actualizando jugador...
2025-05-19 16:52:21 - gestor_estado - [DEBUG] -   GestorEstado: Actualizando 2 enemigos...
2025-05-19 16:52:21 - gestor_estado - [DEBUG] -   GestorEstado: Actualizando jugador...
2025-05-19 16:52:21 - gestor_estado - [DEBUG] -   GestorEstado: Actualizando 2 enemigos...
2025-05-19 16:52:21 - gestor_estado - [DEBUG] -   GestorEstado: Actualizando jugador...
2025-05-19 16:52:21 - gestor_estado - [DEBUG] -   GestorEstado: Actualizando 2 enemigos...
2025-05-19 16:52:21 - gestor_estado - [DEBUG] -   GestorEstado: Actualizando jugador...
2025-05-19 16:52:21 - gestor_estado - [DEBUG] -   GestorEstado: Actualizando 2 enemigos...
2025-05-19 16:52:21 - gestor_estado - [DEBUG] -   GestorEstado: Actualizando jugador...
2025-05-19 16:52:21 - gestor_estado - [DEBUG] -   GestorEstado: Actualizando 2 enemigos...
2025-05-19 16:52:21 - gestor_estado - [DEBUG] -   GestorEstado: Actualizando jugador...
2025-05-19 16:52:21 - gestor_estado - [DEBUG] -   GestorEstado: Actualizando 2 enemigos...
2025-05-19 16:52:21 - gestor_estado - [DEBUG] -   GestorEstado: Actualizando jugador...
2025-05-19 16:52:21 - gestor_estado - [DEBUG] -   GestorEstado: Actualizando 2 enemigos...
2025-05-19 16:52:21 - gestor_estado - [DEBUG] -   GestorEstado: Actualizando jugador...
2025-05-19 16:52:21 - gestor_estado - [DEBUG] -   GestorEstado: Actualizando 2 enemigos...
2025-05-19 16:52:21 - gestor_estado - [DEBUG] -   GestorEstado: Actualizando jugador...
2025-05-19 16:52:21 - gestor_estado - [DEBUG] -   GestorEstado: Jugador colisiona por contacto con: ['[Enemigo_1]']
2025-05-19 16:52:21 - gestor_estado - [DEBUG] -     GestorEstado: Jugador intentaría recibir 1 de daño por contacto de [Enemigo_1]. (DAÑO DESACTIVADO TEMPORALMENTE)
2025-05-19 16:52:21 - gestor_estado - [DEBUG] -   GestorEstado: Actualizando 2 enemigos...
2025-05-19 16:52:21 - gestor_estado - [DEBUG] -   GestorEstado: Actualizando jugador...
2025-05-19 16:52:21 - gestor_estado - [DEBUG] -   GestorEstado: Jugador colisiona por contacto con: ['[Enemigo_1]']
2025-05-19 16:52:21 - gestor_estado - [DEBUG] -     GestorEstado: Jugador intentaría recibir 1 de daño por contacto de [Enemigo_1]. (DAÑO DESACTIVADO TEMPORALMENTE)
2025-05-19 16:52:21 - gestor_estado - [DEBUG] -   GestorEstado: Actualizando 2 enemigos...
2025-05-19 16:52:21 - gestor_estado - [DEBUG] -   GestorEstado: Actualizando jugador...
2025-05-19 16:52:21 - gestor_estado - [DEBUG] -   GestorEstado: Jugador colisiona por contacto con: ['[Enemigo_1]']
2025-05-19 16:52:21 - gestor_estado - [DEBUG] -     GestorEstado: Jugador intentaría recibir 1 de daño por contacto de [Enemigo_1]. (DAÑO DESACTIVADO TEMPORALMENTE)
2025-05-19 16:52:22 - gestor_estado - [DEBUG] -   GestorEstado: Actualizando 2 enemigos...
2025-05-19 16:52:22 - gestor_estado - [DEBUG] -   GestorEstado: Actualizando jugador...
2025-05-19 16:52:22 - gestor_estado - [DEBUG] -   GestorEstado: Jugador colisiona por contacto con: ['[Enemigo_1]']
2025-05-19 16:52:22 - gestor_estado - [DEBUG] -     GestorEstado: Jugador intentaría recibir 1 de daño por contacto de [Enemigo_1]. (DAÑO DESACTIVADO TEMPORALMENTE)
2025-05-19 16:52:22 - gestor_estado - [DEBUG] -   GestorEstado: Actualizando 2 enemigos...
2025-05-19 16:52:22 - gestor_estado - [DEBUG] -   GestorEstado: Actualizando jugador...
