2025-05-19 16:48:47 - gestor_estado - [DEBUG] - GestorEstado inicializado.
2025-05-19 16:48:47 - gestor_estado - [DEBUG] -   GestorEstado: Actualizando 2 enemigos...
2025-05-19 16:48:47 - gestor_estado - [DEBUG] -   GestorEstado: Actualizando jugador...
2025-05-19 16:48:47 - gestor_estado - [DEBUG] -   GestorEstado: Actualizando 2 enemigos...
2025-05-19 16:48:47 - gestor_estado - [DEBUG] -   GestorEstado: Actualizando jugador...
2025-05-19 16:48:47 - gestor_estado - [DEBUG] -   GestorEstado: Actualizando 2 enemigos...
2025-05-19 16:48:47 - gestor_estado - [DEBUG] -   GestorEstado: Actualizando jugador...
2025-05-19 16:48:47 - gestor_estado - [DEBUG] -   GestorEstado: Actualizando 2 enemigos...
2025-05-19 16:48:47 - gestor_estado - [DEBUG] -   GestorEstado: Actualizando jugador...
2025-05-19 16:48:47 - gestor_estado - [DEBUG] -   GestorEstado: Actualizando 2 enemigos...
2025-05-19 16:48:47 - gestor_estado - [DEBUG] -   GestorEstado: Actualizando jugador...
2025-05-19 16:48:47 - gestor_estado - [DEBUG] -   GestorEstado: Actualizando 2 enemigos...
2025-05-19 16:48:47 - gestor_estado - [DEBUG] -   GestorEstado: Actualizando jugador...
2025-05-19 16:48:47 - gestor_estado - [DEBUG] -   GestorEstado: Actualizando 2 enemigos...
2025-05-19 16:48:47 - gestor_estado - [DEBUG] -   GestorEstado: Actualizando jugador...
2025-05-19 16:48:47 - gestor_estado - [DEBUG] -   GestorEstado: Actualizando 2 enemigos...
2025-05-19 16:48:47 - gestor_estado - [DEBUG] -   GestorEstado: Actualizando jugador...
2025-05-19 16:48:47 - gestor_estado - [DEBUG] -   GestorEstado: Actualizando 2 enemigos...
2025-05-19 16:48:47 - gestor_estado - [DEBUG] -   GestorEstado: Actualizando jugador...
2025-05-19 16:48:47 - gestor_estado - [DEBUG] -   GestorEstado: Actualizando 2 enemigos...
2025-05-19 16:48:47 - gestor_estado - [DEBUG] -   GestorEstado: Actualizando jugador...
2025-05-19 16:48:47 - gestor_estado - [DEBUG] -   GestorEstado: Actualizando 2 enemigos...
2025-05-19 16:48:47 - gestor_estado - [DEBUG] -   GestorEstado: Actualizando jugador...
2025-05-19 16:48:48 - gestor_estado - [DEBUG] -   GestorEstado: Actualizando 2 enemigos...
2025-05-19 16:48:48 - gestor_estado - [DEBUG] -   GestorEstado: Actualizando jugador...
2025-05-19 16:48:48 - gestor_estado - [DEBUG] -   GestorEstado: Actualizando 2 enemigos...
2025-05-19 16:48:48 - gestor_estado - [DEBUG] -   GestorEstado: Actualizando jugador...
2025-05-19 16:48:48 - gestor_estado - [DEBUG] -   GestorEstado: Actualizando 2 enemigos...
2025-05-19 16:48:48 - gestor_estado - [DEBUG] -   GestorEstado: Actualizando jugador...
2025-05-19 16:48:48 - gestor_estado - [DEBUG] -   GestorEstado: Actualizando 2 enemigos...
2025-05-19 16:48:48 - gestor_estado - [DEBUG] -   GestorEstado: Actualizando jugador...
2025-05-19 16:48:48 - gestor_estado - [DEBUG] -   GestorEstado: Actualizando 2 enemigos...
2025-05-19 16:48:48 - gestor_estado - [DEBUG] -   GestorEstado: Actualizando jugador...
2025-05-19 16:48:48 - gestor_estado - [DEBUG] -   GestorEstado: Actualizando 2 enemigos...
2025-05-19 16:48:48 - gestor_estado - [DEBUG] -   GestorEstado: Actualizando jugador...
2025-05-19 16:48:48 - gestor_estado - [DEBUG] -   GestorEstado: Actualizando jugador...
2025-05-19 16:48:48 - gestor_estado - [DEBUG] -   GestorEstado: Actualizando 2 enemigos...
2025-05-19 16:48:48 - gestor_estado - [DEBUG] -   GestorEstado: Actualizando jugador...
2025-05-19 16:48:48 - gestor_estado - [DEBUG] -   GestorEstado: Actualizando 2 enemigos...
2025-05-19 16:48:48 - gestor_estado - [DEBUG] -   GestorEstado: Actualizando jugador...
2025-05-19 16:48:48 - gestor_estado - [DEBUG] -   GestorEstado: Actualizando 2 enemigos...
2025-05-19 16:48:48 - gestor_estado - [DEBUG] -   GestorEstado: Actualizando jugador...
2025-05-19 16:48:48 - gestor_estado - [DEBUG] -   GestorEstado: Actualizando 2 enemigos...
2025-05-19 16:48:48 - gestor_estado - [DEBUG] -   GestorEstado: Actualizando jugador...
2025-05-19 16:48:48 - gestor_estado - [DEBUG] -   GestorEstado: Actualizando 2 enemigos...
2025-05-19 16:48:48 - gestor_estado - [DEBUG] -   GestorEstado: Actualizando jugador...
2025-05-19 16:48:48 - gestor_estado - [DEBUG] -   GestorEstado: Actualizando 2 enemigos...
2025-05-19 16:48:48 - gestor_estado - [DEBUG] -   GestorEstado: Actualizando jugador...
2025-05-19 16:48:48 - gestor_estado - [DEBUG] -   GestorEstado: Actualizando 2 enemigos...
2025-05-19 16:48:48 - gestor_estado - [DEBUG] -   GestorEstado: Actualizando jugador...
2025-05-19 16:48:48 - gestor_estado - [DEBUG] -   GestorEstado: Actualizando 2 enemigos...
2025-05-19 16:48:48 - gestor_estado - [DEBUG] -   GestorEstado: Actualizando jugador...
2025-05-19 16:48:48 - gestor_estado - [DEBUG] -   GestorEstado: Actualizando 2 enemigos...
2025-05-19 16:48:48 - gestor_estado - [DEBUG] -   GestorEstado: Actualizando jugador...
2025-05-19 16:48:49 - gestor_estado - [DEBUG] -   GestorEstado: Actualizando 2 enemigos...
2025-05-19 16:48:49 - gestor_estado - [DEBUG] -   GestorEstado: Actualizando jugador...
2025-05-19 16:48:49 - gestor_estado - [DEBUG] -   GestorEstado: Actualizando 2 enemigos...
2025-05-19 16:48:49 - gestor_estado - [DEBUG] -   GestorEstado: Actualizando jugador...
2025-05-19 16:48:49 - gestor_estado - [DEBUG] -   GestorEstado: Actualizando 2 enemigos...
2025-05-19 16:48:49 - gestor_estado - [DEBUG] -   GestorEstado: Actualizando jugador...
2025-05-19 16:48:49 - gestor_estado - [DEBUG] -   GestorEstado: Actualizando 2 enemigos...
2025-05-19 16:48:49 - gestor_estado - [DEBUG] -   GestorEstado: Actualizando jugador...
2025-05-19 16:48:49 - gestor_estado - [DEBUG] -   GestorEstado: Actualizando 2 enemigos...
2025-05-19 16:48:49 - gestor_estado - [DEBUG] -   GestorEstado: Actualizando jugador...
2025-05-19 16:48:49 - gestor_estado - [DEBUG] -   GestorEstado: Actualizando 2 enemigos...
2025-05-19 16:48:49 - gestor_estado - [DEBUG] -   GestorEstado: Actualizando jugador...
2025-05-19 16:48:49 - gestor_estado - [DEBUG] -   GestorEstado: Actualizando 2 enemigos...
2025-05-19 16:48:49 - gestor_estado - [DEBUG] -   GestorEstado: Actualizando jugador...
2025-05-19 16:48:49 - gestor_estado - [DEBUG] -   GestorEstado: Actualizando 2 enemigos...
2025-05-19 16:48:49 - gestor_estado - [DEBUG] -   GestorEstado: Actualizando jugador...
2025-05-19 16:48:49 - gestor_estado - [DEBUG] -   GestorEstado: Actualizando 2 enemigos...
2025-05-19 16:48:49 - gestor_estado - [DEBUG] -   GestorEstado: Actualizando 2 enemigos...
2025-05-19 16:48:49 - gestor_estado - [DEBUG] -   GestorEstado: Actualizando jugador...
2025-05-19 16:48:49 - gestor_estado - [DEBUG] -   GestorEstado: Actualizando 2 enemigos...
2025-05-19 16:48:49 - gestor_estado - [DEBUG] -   GestorEstado: Actualizando jugador...
2025-05-19 16:48:49 - gestor_estado - [DEBUG] -   GestorEstado: Actualizando 2 enemigos...
2025-05-19 16:48:49 - gestor_estado - [DEBUG] -   GestorEstado: Actualizando jugador...
2025-05-19 16:48:49 - gestor_estado - [DEBUG] -   GestorEstado: Actualizando 2 enemigos...
2025-05-19 16:48:49 - gestor_estado - [DEBUG] -   GestorEstado: Actualizando jugador...
2025-05-19 16:48:49 - gestor_estado - [DEBUG] -   GestorEstado: Actualizando 2 enemigos...
2025-05-19 16:48:49 - gestor_estado - [DEBUG] -   GestorEstado: Actualizando jugador...
2025-05-19 16:48:49 - gestor_estado - [DEBUG] -   GestorEstado: Actualizando 2 enemigos...
2025-05-19 16:48:49 - gestor_estado - [DEBUG] -   GestorEstado: Actualizando jugador...
2025-05-19 16:48:49 - gestor_estado - [DEBUG] -   GestorEstado: Actualizando 2 enemigos...
2025-05-19 16:48:49 - gestor_estado - [DEBUG] -   GestorEstado: Actualizando jugador...
2025-05-19 16:48:49 - gestor_estado - [DEBUG] -   GestorEstado: Actualizando 2 enemigos...
2025-05-19 16:48:49 - gestor_estado - [DEBUG] -   GestorEstado: Actualizando jugador...
2025-05-19 16:48:50 - gestor_estado - [DEBUG] -   GestorEstado: Actualizando 2 enemigos...
2025-05-19 16:48:50 - gestor_estado - [DEBUG] -   GestorEstado: Actualizando jugador...
2025-05-19 16:48:50 - gestor_estado - [DEBUG] -   GestorEstado: Actualizando 2 enemigos...
2025-05-19 16:48:50 - gestor_estado - [DEBUG] -   GestorEstado: Actualizando jugador...
2025-05-19 16:48:50 - gestor_estado - [DEBUG] -   GestorEstado: Actualizando 2 enemigos...
2025-05-19 16:48:50 - gestor_estado - [DEBUG] -   GestorEstado: Actualizando jugador...
2025-05-19 16:48:50 - gestor_estado - [DEBUG] -   GestorEstado: Actualizando 2 enemigos...
2025-05-19 16:48:50 - gestor_estado - [DEBUG] -   GestorEstado: Actualizando jugador...
2025-05-19 16:48:50 - gestor_estado - [DEBUG] -   GestorEstado: Actualizando 2 enemigos...
2025-05-19 16:48:50 - gestor_estado - [DEBUG] -   GestorEstado: Actualizando jugador...
2025-05-19 16:48:50 - gestor_estado - [DEBUG] -   GestorEstado: Actualizando 2 enemigos...
2025-05-19 16:48:50 - gestor_estado - [DEBUG] -   GestorEstado: Actualizando jugador...
2025-05-19 16:48:50 - gestor_estado - [DEBUG] -   GestorEstado: Actualizando 2 enemigos...
2025-05-19 16:48:50 - gestor_estado - [DEBUG] -   GestorEstado: Actualizando jugador...
2025-05-19 16:48:50 - gestor_estado - [DEBUG] -   GestorEstado: Actualizando 2 enemigos...
2025-05-19 16:48:50 - gestor_estado - [DEBUG] -   GestorEstado: Actualizando jugador...
2025-05-19 16:48:50 - gestor_estado - [DEBUG] -   GestorEstado: Actualizando 2 enemigos...
2025-05-19 16:48:50 - gestor_estado - [DEBUG] -   GestorEstado: Actualizando jugador...
2025-05-19 16:48:50 - gestor_estado - [DEBUG] -   GestorEstado: Actualizando 2 enemigos...
2025-05-19 16:48:50 - gestor_estado - [DEBUG] -   GestorEstado: Actualizando jugador...
2025-05-19 16:48:50 - gestor_estado - [DEBUG] -   GestorEstado: Actualizando 2 enemigos...
2025-05-19 16:48:50 - gestor_estado - [DEBUG] -   GestorEstado: Actualizando jugador...
2025-05-19 16:48:50 - gestor_estado - [DEBUG] -   GestorEstado: Actualizando 2 enemigos...
2025-05-19 16:48:50 - gestor_estado - [DEBUG] -   GestorEstado: Actualizando jugador...
2025-05-19 16:48:50 - gestor_estado - [DEBUG] -   GestorEstado: Actualizando 2 enemigos...
2025-05-19 16:48:50 - gestor_estado - [DEBUG] -   GestorEstado: Actualizando jugador...
2025-05-19 16:48:50 - gestor_estado - [DEBUG] -   GestorEstado: Actualizando 2 enemigos...
2025-05-19 16:48:50 - gestor_estado - [DEBUG] -   GestorEstado: Actualizando jugador...
2025-05-19 16:48:50 - gestor_estado - [DEBUG] -   GestorEstado: Actualizando 2 enemigos...
2025-05-19 16:48:50 - gestor_estado - [DEBUG] -   GestorEstado: Actualizando jugador...
2025-05-19 16:48:51 - gestor_estado - [DEBUG] -   GestorEstado: Actualizando 2 enemigos...
2025-05-19 16:48:51 - gestor_estado - [DEBUG] -   GestorEstado: Actualizando jugador...
2025-05-19 16:48:51 - gestor_estado - [DEBUG] -   GestorEstado: Actualizando 2 enemigos...
2025-05-19 16:48:51 - gestor_estado - [DEBUG] -   GestorEstado: Actualizando jugador...
2025-05-19 16:48:51 - gestor_estado - [DEBUG] -   GestorEstado: Actualizando 2 enemigos...
2025-05-19 16:48:51 - gestor_estado - [DEBUG] -   GestorEstado: Actualizando jugador...
2025-05-19 16:48:51 - gestor_estado - [DEBUG] -   GestorEstado: Actualizando 2 enemigos...
2025-05-19 16:48:51 - gestor_estado - [DEBUG] -   GestorEstado: Actualizando jugador...
2025-05-19 16:48:51 - gestor_estado - [DEBUG] -   GestorEstado: Actualizando 2 enemigos...
2025-05-19 16:48:51 - gestor_estado - [DEBUG] -   GestorEstado: Actualizando jugador...
2025-05-19 16:48:51 - gestor_estado - [DEBUG] -   GestorEstado: Actualizando 2 enemigos...
2025-05-19 16:48:51 - gestor_estado - [DEBUG] -   GestorEstado: Actualizando jugador...
2025-05-19 16:48:51 - gestor_estado - [DEBUG] -   GestorEstado: Actualizando 2 enemigos...
2025-05-19 16:48:51 - gestor_estado - [DEBUG] -   GestorEstado: Actualizando jugador...
2025-05-19 16:48:51 - gestor_estado - [DEBUG] -   GestorEstado: Jugador colisiona por contacto con: ['[Enemigo_1]']
2025-05-19 16:48:51 - gestor_estado - [DEBUG] -     GestorEstado: Jugador intentaría recibir 1 de daño por contacto de [Enemigo_1]. (DAÑO DESACTIVADO TEMPORALMENTE)
2025-05-19 16:48:51 - gestor_estado - [DEBUG] -   GestorEstado: Actualizando 2 enemigos...
2025-05-19 16:48:51 - gestor_estado - [DEBUG] -   GestorEstado: Actualizando jugador...
2025-05-19 16:48:51 - gestor_estado - [DEBUG] -   GestorEstado: Actualizando 2 enemigos...
2025-05-19 16:48:51 - gestor_estado - [DEBUG] -   GestorEstado: Actualizando jugador...
2025-05-19 16:48:51 - gestor_estado - [DEBUG] -   GestorEstado: Actualizando 2 enemigos...
2025-05-19 16:48:51 - gestor_estado - [DEBUG] -   GestorEstado: Actualizando jugador...
2025-05-19 16:48:51 - gestor_estado - [DEBUG] -   GestorEstado: Actualizando 2 enemigos...
2025-05-19 16:48:51 - gestor_estado - [DEBUG] -   GestorEstado: Actualizando jugador...
2025-05-19 16:48:51 - gestor_estado - [DEBUG] -   GestorEstado: Actualizando 2 enemigos...
2025-05-19 16:48:51 - gestor_estado - [DEBUG] -   GestorEstado: Actualizando jugador...
2025-05-19 16:48:51 - gestor_estado - [DEBUG] -   GestorEstado: Actualizando 2 enemigos...
2025-05-19 16:48:51 - gestor_estado - [DEBUG] -   GestorEstado: Actualizando jugador...
2025-05-19 16:48:51 - gestor_estado - [DEBUG] -   GestorEstado: Actualizando 2 enemigos...
2025-05-19 16:48:51 - gestor_estado - [DEBUG] -   GestorEstado: Actualizando jugador...
2025-05-19 16:48:51 - gestor_estado - [DEBUG] -   GestorEstado: Actualizando 2 enemigos...
2025-05-19 16:48:51 - gestor_estado - [DEBUG] -   GestorEstado: Actualizando jugador...
2025-05-19 16:48:51 - gestor_estado - [DEBUG] -   GestorEstado: Actualizando 2 enemigos...
2025-05-19 16:48:51 - gestor_estado - [DEBUG] -   GestorEstado: Actualizando jugador...
2025-05-19 16:48:51 - gestor_estado - [DEBUG] -   GestorEstado: Actualizando 2 enemigos...
2025-05-19 16:48:52 - gestor_estado - [DEBUG] -   GestorEstado: Actualizando jugador...
2025-05-19 16:48:52 - gestor_estado - [DEBUG] -   GestorEstado: Actualizando 2 enemigos...
2025-05-19 16:48:52 - gestor_estado - [DEBUG] -   GestorEstado: Actualizando 2 enemigos...
2025-05-19 16:48:52 - gestor_estado - [DEBUG] -   GestorEstado: Actualizando jugador...
2025-05-19 16:48:52 - gestor_estado - [DEBUG] -   GestorEstado: Actualizando 2 enemigos...
2025-05-19 16:48:52 - gestor_estado - [DEBUG] -   GestorEstado: Actualizando jugador...
2025-05-19 16:48:52 - gestor_estado - [DEBUG] -   GestorEstado: Actualizando 2 enemigos...
2025-05-19 16:48:52 - gestor_estado - [DEBUG] -   GestorEstado: Actualizando jugador...
2025-05-19 16:48:52 - gestor_estado - [DEBUG] -   GestorEstado: Actualizando 2 enemigos...
2025-05-19 16:48:52 - gestor_estado - [DEBUG] -   GestorEstado: Actualizando jugador...
2025-05-19 16:48:52 - gestor_estado - [DEBUG] -   GestorEstado: Jugador colisiona por contacto con: ['[Enemigo_1]']
2025-05-19 16:48:52 - gestor_estado - [DEBUG] -     GestorEstado: Jugador intentaría recibir 1 de daño por contacto de [Enemigo_1]. (DAÑO DESACTIVADO TEMPORALMENTE)
2025-05-19 16:48:52 - gestor_estado - [DEBUG] -   GestorEstado: Actualizando 2 enemigos...
2025-05-19 16:48:52 - gestor_estado - [DEBUG] -   GestorEstado: Actualizando jugador...
2025-05-19 16:48:52 - gestor_estado - [DEBUG] -   GestorEstado: Actualizando 2 enemigos...
2025-05-19 16:48:52 - gestor_estado - [DEBUG] -   GestorEstado: Actualizando jugador...
2025-05-19 16:48:52 - gestor_estado - [DEBUG] -   GestorEstado: Actualizando 2 enemigos...
2025-05-19 16:48:52 - gestor_estado - [DEBUG] -   GestorEstado: Actualizando jugador...
2025-05-19 16:48:52 - gestor_estado - [DEBUG] -   GestorEstado: Actualizando 2 enemigos...
2025-05-19 16:48:52 - gestor_estado - [DEBUG] -   GestorEstado: Actualizando jugador...
2025-05-19 16:48:52 - gestor_estado - [DEBUG] -   GestorEstado: Actualizando 2 enemigos...
2025-05-19 16:48:52 - gestor_estado - [DEBUG] -   GestorEstado: Actualizando jugador...
2025-05-19 16:48:52 - gestor_estado - [DEBUG] -   GestorEstado: Actualizando 2 enemigos...
2025-05-19 16:48:52 - gestor_estado - [DEBUG] -   GestorEstado: Actualizando jugador...
2025-05-19 16:48:52 - gestor_estado - [DEBUG] -   GestorEstado: Actualizando 2 enemigos...
2025-05-19 16:48:52 - gestor_estado - [DEBUG] -   GestorEstado: Actualizando jugador...
2025-05-19 16:48:52 - gestor_estado - [DEBUG] -   GestorEstado: Actualizando 2 enemigos...
2025-05-19 16:48:52 - gestor_estado - [DEBUG] -   GestorEstado: Actualizando jugador...
2025-05-19 16:48:52 - gestor_estado - [DEBUG] -   GestorEstado: Actualizando 2 enemigos...
2025-05-19 16:48:52 - gestor_estado - [DEBUG] -   GestorEstado: Actualizando jugador...
2025-05-19 16:48:52 - gestor_estado - [DEBUG] -   GestorEstado: Actualizando 2 enemigos...
2025-05-19 16:48:52 - gestor_estado - [DEBUG] -   GestorEstado: Actualizando jugador...
2025-05-19 16:48:52 - gestor_estado - [DEBUG] -   GestorEstado: Actualizando 2 enemigos...
2025-05-19 16:48:52 - gestor_estado - [DEBUG] -   GestorEstado: Actualizando jugador...
2025-05-19 16:48:53 - gestor_estado - [DEBUG] -   GestorEstado: Actualizando 2 enemigos...
2025-05-19 16:48:53 - gestor_estado - [DEBUG] -   GestorEstado: Actualizando jugador...
2025-05-19 16:48:53 - gestor_estado - [DEBUG] -   GestorEstado: Actualizando 2 enemigos...
2025-05-19 16:48:53 - gestor_estado - [DEBUG] -   GestorEstado: Actualizando jugador...
2025-05-19 16:48:53 - gestor_estado - [DEBUG] -   GestorEstado: Actualizando 2 enemigos...
2025-05-19 16:48:53 - gestor_estado - [DEBUG] -   GestorEstado: Actualizando jugador...
2025-05-19 16:48:53 - gestor_estado - [DEBUG] -   GestorEstado: Actualizando 2 enemigos...
2025-05-19 16:48:53 - gestor_estado - [DEBUG] -   GestorEstado: Actualizando jugador...
2025-05-19 16:48:53 - gestor_estado - [DEBUG] -   GestorEstado: Actualizando 2 enemigos...
2025-05-19 16:48:53 - gestor_estado - [DEBUG] -   GestorEstado: Actualizando jugador...
2025-05-19 16:48:53 - gestor_estado - [DEBUG] -   GestorEstado: Actualizando 2 enemigos...
2025-05-19 16:48:53 - gestor_estado - [DEBUG] -   GestorEstado: Actualizando jugador...
2025-05-19 16:48:53 - gestor_estado - [DEBUG] -   GestorEstado: Actualizando 2 enemigos...
2025-05-19 16:48:53 - gestor_estado - [DEBUG] -   GestorEstado: Actualizando jugador...
2025-05-19 16:48:53 - gestor_estado - [DEBUG] -   GestorEstado: Actualizando 2 enemigos...
2025-05-19 16:48:53 - gestor_estado - [DEBUG] -   GestorEstado: Actualizando jugador...
2025-05-19 16:48:53 - gestor_estado - [DEBUG] -   GestorEstado: Actualizando 2 enemigos...
2025-05-19 16:48:53 - gestor_estado - [DEBUG] -   GestorEstado: Actualizando jugador...
2025-05-19 16:48:53 - gestor_estado - [DEBUG] -   GestorEstado: Actualizando 2 enemigos...
2025-05-19 16:48:53 - gestor_estado - [DEBUG] -   GestorEstado: Actualizando jugador...
2025-05-19 16:48:53 - gestor_estado - [DEBUG] -   GestorEstado: Actualizando 2 enemigos...
2025-05-19 16:48:53 - gestor_estado - [DEBUG] -   GestorEstado: Actualizando jugador...
2025-05-19 16:48:53 - gestor_estado - [DEBUG] -   GestorEstado: Actualizando 2 enemigos...
2025-05-19 16:48:53 - gestor_estado - [DEBUG] -   GestorEstado: Actualizando jugador...
2025-05-19 16:48:53 - gestor_estado - [DEBUG] -   GestorEstado: Actualizando 2 enemigos...
2025-05-19 16:48:53 - gestor_estado - [DEBUG] -   GestorEstado: Actualizando jugador...
2025-05-19 16:48:53 - gestor_estado - [DEBUG] -   GestorEstado: Actualizando 2 enemigos...
2025-05-19 16:48:53 - gestor_estado - [DEBUG] -   GestorEstado: Actualizando jugador...
2025-05-19 16:48:53 - gestor_estado - [DEBUG] -   GestorEstado: Actualizando 2 enemigos...
2025-05-19 16:48:53 - gestor_estado - [DEBUG] -   GestorEstado: Actualizando jugador...
2025-05-19 16:48:53 - gestor_estado - [DEBUG] -   GestorEstado: Jugador colisiona por contacto con: ['[Enemigo_1]']
2025-05-19 16:48:53 - gestor_estado - [DEBUG] -     GestorEstado: Jugador intentaría recibir 1 de daño por contacto de [Enemigo_1]. (DAÑO DESACTIVADO TEMPORALMENTE)
2025-05-19 16:48:53 - gestor_estado - [DEBUG] -   GestorEstado: Actualizando 2 enemigos...
2025-05-19 16:48:53 - gestor_estado - [DEBUG] -   GestorEstado: Actualizando jugador...
2025-05-19 16:48:53 - gestor_estado - [DEBUG] -   GestorEstado: Jugador colisiona por contacto con: ['[Enemigo_1]']
2025-05-19 16:48:53 - gestor_estado - [DEBUG] -     GestorEstado: Jugador intentaría recibir 1 de daño por contacto de [Enemigo_1]. (DAÑO DESACTIVADO TEMPORALMENTE)
2025-05-19 16:48:54 - gestor_estado - [DEBUG] -   GestorEstado: Actualizando 2 enemigos...
2025-05-19 16:48:54 - gestor_estado - [DEBUG] -   GestorEstado: Actualizando jugador...
2025-05-19 16:48:54 - gestor_estado - [DEBUG] -   GestorEstado: Jugador colisiona por contacto con: ['[Enemigo_1]']
2025-05-19 16:48:54 - gestor_estado - [DEBUG] -     GestorEstado: Jugador intentaría recibir 1 de daño por contacto de [Enemigo_1]. (DAÑO DESACTIVADO TEMPORALMENTE)
2025-05-19 16:48:54 - gestor_estado - [DEBUG] -   GestorEstado: Actualizando 2 enemigos...
2025-05-19 16:48:54 - gestor_estado - [DEBUG] -   GestorEstado: Actualizando jugador...
2025-05-19 16:48:54 - gestor_estado - [DEBUG] -   GestorEstado: Jugador colisiona por contacto con: ['[Enemigo_1]']
2025-05-19 16:48:54 - gestor_estado - [DEBUG] -     GestorEstado: Jugador intentaría recibir 1 de daño por contacto de [Enemigo_1]. (DAÑO DESACTIVADO TEMPORALMENTE)
2025-05-19 16:48:54 - gestor_estado - [DEBUG] -   GestorEstado: Actualizando 2 enemigos...
2025-05-19 16:48:54 - gestor_estado - [DEBUG] -   GestorEstado: Actualizando jugador...
2025-05-19 16:48:54 - gestor_estado - [DEBUG] -   GestorEstado: Jugador colisiona por contacto con: ['[Enemigo_1]']
2025-05-19 16:48:54 - gestor_estado - [DEBUG] -     GestorEstado: Jugador intentaría recibir 1 de daño por contacto de [Enemigo_1]. (DAÑO DESACTIVADO TEMPORALMENTE)
2025-05-19 16:48:54 - gestor_estado - [DEBUG] -   GestorEstado: Actualizando 2 enemigos...
2025-05-19 16:48:54 - gestor_estado - [DEBUG] -   GestorEstado: Actualizando jugador...
2025-05-19 16:48:54 - gestor_estado - [DEBUG] -   GestorEstado: Jugador colisiona por contacto con: ['[Enemigo_1]']
2025-05-19 16:48:54 - gestor_estado - [DEBUG] -     GestorEstado: Jugador intentaría recibir 1 de daño por contacto de [Enemigo_1]. (DAÑO DESACTIVADO TEMPORALMENTE)
2025-05-19 16:48:54 - gestor_estado - [DEBUG] -   GestorEstado: Actualizando 2 enemigos...
2025-05-19 16:48:54 - gestor_estado - [DEBUG] -   GestorEstado: Actualizando jugador...
2025-05-19 16:48:54 - gestor_estado - [DEBUG] -   GestorEstado: Actualizando 2 enemigos...
2025-05-19 16:48:54 - gestor_estado - [DEBUG] -   GestorEstado: Actualizando jugador...
2025-05-19 16:48:54 - gestor_estado - [DEBUG] -   GestorEstado: Actualizando 2 enemigos...
2025-05-19 16:48:54 - gestor_estado - [DEBUG] -   GestorEstado: Actualizando jugador...
2025-05-19 16:48:54 - gestor_estado - [DEBUG] -   GestorEstado: Actualizando 2 enemigos...
2025-05-19 16:48:54 - gestor_estado - [DEBUG] -   GestorEstado: Actualizando jugador...
2025-05-19 16:48:54 - gestor_estado - [DEBUG] -   GestorEstado: Actualizando 2 enemigos...
2025-05-19 16:48:54 - gestor_estado - [DEBUG] -   GestorEstado: Actualizando jugador...
2025-05-19 16:48:54 - gestor_estado - [DEBUG] -   GestorEstado: Actualizando 2 enemigos...
2025-05-19 16:48:54 - gestor_estado - [DEBUG] -   GestorEstado: Actualizando jugador...
2025-05-19 16:48:54 - gestor_estado - [DEBUG] -   GestorEstado: Actualizando 2 enemigos...
2025-05-19 16:48:54 - gestor_estado - [DEBUG] -   GestorEstado: Actualizando jugador...
2025-05-19 16:48:54 - gestor_estado - [DEBUG] -   GestorEstado: Jugador colisiona por contacto con: ['[Enemigo_1]']
2025-05-19 16:48:54 - gestor_estado - [DEBUG] -     GestorEstado: Jugador intentaría recibir 1 de daño por contacto de [Enemigo_1]. (DAÑO DESACTIVADO TEMPORALMENTE)
2025-05-19 16:48:54 - gestor_estado - [DEBUG] -   GestorEstado: Actualizando 2 enemigos...
2025-05-19 16:48:54 - gestor_estado - [DEBUG] -   GestorEstado: Actualizando jugador...
2025-05-19 16:48:54 - gestor_estado - [DEBUG] -   GestorEstado: Jugador colisiona por contacto con: ['[Enemigo_1]']
2025-05-19 16:48:54 - gestor_estado - [DEBUG] -     GestorEstado: Jugador intentaría recibir 1 de daño por contacto de [Enemigo_1]. (DAÑO DESACTIVADO TEMPORALMENTE)
2025-05-19 16:48:54 - gestor_estado - [DEBUG] -   GestorEstado: Actualizando 2 enemigos...
2025-05-19 16:48:54 - gestor_estado - [DEBUG] -   GestorEstado: Actualizando jugador...
2025-05-19 16:48:54 - gestor_estado - [DEBUG] -   GestorEstado: Jugador colisiona por contacto con: ['[Enemigo_1]']
2025-05-19 16:48:54 - gestor_estado - [DEBUG] -     GestorEstado: Jugador intentaría recibir 1 de daño por contacto de [Enemigo_1]. (DAÑO DESACTIVADO TEMPORALMENTE)
2025-05-19 16:48:54 - gestor_estado - [DEBUG] -   GestorEstado: Actualizando 2 enemigos...
2025-05-19 16:48:54 - gestor_estado - [DEBUG] -   GestorEstado: Actualizando jugador...
2025-05-19 16:48:54 - gestor_estado - [DEBUG] -   GestorEstado: Jugador colisiona por contacto con: ['[Enemigo_1]']
2025-05-19 16:48:54 - gestor_estado - [DEBUG] -     GestorEstado: Jugador intentaría recibir 1 de daño por contacto de [Enemigo_1]. (DAÑO DESACTIVADO TEMPORALMENTE)
2025-05-19 16:48:54 - gestor_estado - [DEBUG] -   GestorEstado: Actualizando 2 enemigos...
2025-05-19 16:48:54 - gestor_estado - [DEBUG] -   GestorEstado: Actualizando jugador...
2025-05-19 16:48:54 - gestor_estado - [DEBUG] -   GestorEstado: Jugador colisiona por contacto con: ['[Enemigo_1]']
2025-05-19 16:48:54 - gestor_estado - [DEBUG] -     GestorEstado: Jugador intentaría recibir 1 de daño por contacto de [Enemigo_1]. (DAÑO DESACTIVADO TEMPORALMENTE)
2025-05-19 16:48:54 - gestor_estado - [DEBUG] -   GestorEstado: Actualizando 2 enemigos...
2025-05-19 16:48:54 - gestor_estado - [DEBUG] -   GestorEstado: Actualizando jugador...
2025-05-19 16:48:54 - gestor_estado - [DEBUG] -   GestorEstado: Jugador colisiona por contacto con: ['[Enemigo_1]']
2025-05-19 16:48:54 - gestor_estado - [DEBUG] -     GestorEstado: Jugador intentaría recibir 1 de daño por contacto de [Enemigo_1]. (DAÑO DESACTIVADO TEMPORALMENTE)
2025-05-19 16:48:55 - gestor_estado - [DEBUG] -   GestorEstado: Actualizando 2 enemigos...
2025-05-19 16:48:55 - gestor_estado - [DEBUG] -   GestorEstado: Actualizando jugador...
2025-05-19 16:48:55 - gestor_estado - [DEBUG] -   GestorEstado: Jugador colisiona por contacto con: ['[Enemigo_1]']
2025-05-19 16:48:55 - gestor_estado - [DEBUG] -     GestorEstado: Jugador intentaría recibir 1 de daño por contacto de [Enemigo_1]. (DAÑO DESACTIVADO TEMPORALMENTE)
2025-05-19 16:48:55 - gestor_estado - [DEBUG] -   GestorEstado: Actualizando 2 enemigos...
2025-05-19 16:48:55 - gestor_estado - [DEBUG] -   GestorEstado: Actualizando jugador...
2025-05-19 16:48:55 - gestor_estado - [DEBUG] -   GestorEstado: Jugador colisiona por contacto con: ['[Enemigo_1]']
2025-05-19 16:48:55 - gestor_estado - [DEBUG] -     GestorEstado: Jugador intentaría recibir 1 de daño por contacto de [Enemigo_1]. (DAÑO DESACTIVADO TEMPORALMENTE)
2025-05-19 16:48:55 - gestor_estado - [DEBUG] -   GestorEstado: Actualizando 2 enemigos...
2025-05-19 16:48:55 - gestor_estado - [DEBUG] -   GestorEstado: Actualizando jugador...
2025-05-19 16:48:55 - gestor_estado - [DEBUG] -   GestorEstado: Jugador colisiona por contacto con: ['[Enemigo_1]']
2025-05-19 16:48:55 - gestor_estado - [DEBUG] -     GestorEstado: Jugador intentaría recibir 1 de daño por contacto de [Enemigo_1]. (DAÑO DESACTIVADO TEMPORALMENTE)
2025-05-19 16:48:55 - gestor_estado - [DEBUG] -   GestorEstado: Actualizando 2 enemigos...
2025-05-19 16:48:55 - gestor_estado - [DEBUG] -   GestorEstado: Actualizando jugador...
2025-05-19 16:48:55 - gestor_estado - [DEBUG] -   GestorEstado: Jugador colisiona por contacto con: ['[Enemigo_1]']
2025-05-19 16:48:55 - gestor_estado - [DEBUG] -     GestorEstado: Jugador intentaría recibir 1 de daño por contacto de [Enemigo_1]. (DAÑO DESACTIVADO TEMPORALMENTE)
2025-05-19 16:48:55 - gestor_estado - [DEBUG] -   GestorEstado: Actualizando 2 enemigos...
2025-05-19 16:48:55 - gestor_estado - [DEBUG] -   GestorEstado: Actualizando jugador...
2025-05-19 16:48:55 - gestor_estado - [DEBUG] -   GestorEstado: Jugador colisiona por contacto con: ['[Enemigo_1]']
2025-05-19 16:48:55 - gestor_estado - [DEBUG] -     GestorEstado: Jugador intentaría recibir 1 de daño por contacto de [Enemigo_1]. (DAÑO DESACTIVADO TEMPORALMENTE)
2025-05-19 16:48:55 - gestor_estado - [DEBUG] -   GestorEstado: Actualizando 2 enemigos...
2025-05-19 16:48:55 - gestor_estado - [DEBUG] -   GestorEstado: Actualizando jugador...
2025-05-19 16:48:55 - gestor_estado - [DEBUG] -   GestorEstado: Jugador colisiona por contacto con: ['[Enemigo_1]']
2025-05-19 16:48:55 - gestor_estado - [DEBUG] -     GestorEstado: Jugador intentaría recibir 1 de daño por contacto de [Enemigo_1]. (DAÑO DESACTIVADO TEMPORALMENTE)
2025-05-19 16:48:55 - gestor_estado - [DEBUG] -   GestorEstado: Actualizando 2 enemigos...
2025-05-19 16:48:55 - gestor_estado - [DEBUG] -   GestorEstado: Actualizando jugador...
2025-05-19 16:48:55 - gestor_estado - [DEBUG] -   GestorEstado: Jugador colisiona por contacto con: ['[Enemigo_1]']
2025-05-19 16:48:55 - gestor_estado - [DEBUG] -     GestorEstado: Jugador intentaría recibir 1 de daño por contacto de [Enemigo_1]. (DAÑO DESACTIVADO TEMPORALMENTE)
2025-05-19 16:48:55 - gestor_estado - [DEBUG] -   GestorEstado: Actualizando 2 enemigos...
2025-05-19 16:48:55 - gestor_estado - [DEBUG] -   GestorEstado: Actualizando jugador...
2025-05-19 16:48:55 - gestor_estado - [DEBUG] -   GestorEstado: Jugador colisiona por contacto con: ['[Enemigo_1]']
2025-05-19 16:48:55 - gestor_estado - [DEBUG] -     GestorEstado: Jugador intentaría recibir 1 de daño por contacto de [Enemigo_1]. (DAÑO DESACTIVADO TEMPORALMENTE)
2025-05-19 16:48:55 - gestor_estado - [DEBUG] -   GestorEstado: Actualizando 2 enemigos...
2025-05-19 16:48:55 - gestor_estado - [DEBUG] -   GestorEstado: Actualizando jugador...
2025-05-19 16:48:55 - gestor_estado - [DEBUG] -   GestorEstado: Jugador colisiona por contacto con: ['[Enemigo_1]']
2025-05-19 16:48:55 - gestor_estado - [DEBUG] -     GestorEstado: Jugador intentaría recibir 1 de daño por contacto de [Enemigo_1]. (DAÑO DESACTIVADO TEMPORALMENTE)
2025-05-19 16:48:55 - gestor_estado - [DEBUG] -   GestorEstado: Actualizando 2 enemigos...
2025-05-19 16:48:55 - gestor_estado - [DEBUG] -   GestorEstado: Actualizando jugador...
2025-05-19 16:48:55 - gestor_estado - [DEBUG] -   GestorEstado: Jugador colisiona por contacto con: ['[Enemigo_1]']
2025-05-19 16:48:55 - gestor_estado - [DEBUG] -     GestorEstado: Jugador intentaría recibir 1 de daño por contacto de [Enemigo_1]. (DAÑO DESACTIVADO TEMPORALMENTE)
2025-05-19 16:48:55 - gestor_estado - [DEBUG] -   GestorEstado: Actualizando 2 enemigos...
2025-05-19 16:48:55 - gestor_estado - [DEBUG] -   GestorEstado: Actualizando jugador...
2025-05-19 16:48:55 - gestor_estado - [DEBUG] -   GestorEstado: Jugador colisiona por contacto con: ['[Enemigo_1]']
2025-05-19 16:48:55 - gestor_estado - [DEBUG] -     GestorEstado: Jugador intentaría recibir 1 de daño por contacto de [Enemigo_1]. (DAÑO DESACTIVADO TEMPORALMENTE)
2025-05-19 16:48:55 - gestor_estado - [DEBUG] -   GestorEstado: Actualizando 2 enemigos...
2025-05-19 16:48:55 - gestor_estado - [DEBUG] -   GestorEstado: Actualizando jugador...
2025-05-19 16:48:55 - gestor_estado - [DEBUG] -   GestorEstado: Jugador colisiona por contacto con: ['[Enemigo_1]']
2025-05-19 16:48:55 - gestor_estado - [DEBUG] -     GestorEstado: Jugador intentaría recibir 1 de daño por contacto de [Enemigo_1]. (DAÑO DESACTIVADO TEMPORALMENTE)
2025-05-19 16:48:55 - gestor_estado - [DEBUG] -   GestorEstado: Actualizando 2 enemigos...
2025-05-19 16:48:55 - gestor_estado - [DEBUG] -   GestorEstado: Actualizando jugador...
2025-05-19 16:48:55 - gestor_estado - [DEBUG] -   GestorEstado: Jugador colisiona por contacto con: ['[Enemigo_1]']
2025-05-19 16:48:55 - gestor_estado - [DEBUG] -     GestorEstado: Jugador intentaría recibir 1 de daño por contacto de [Enemigo_1]. (DAÑO DESACTIVADO TEMPORALMENTE)
2025-05-19 16:48:55 - gestor_estado - [DEBUG] -   GestorEstado: Actualizando 2 enemigos...
2025-05-19 16:48:55 - gestor_estado - [DEBUG] -   GestorEstado: Actualizando jugador...
2025-05-19 16:48:55 - gestor_estado - [DEBUG] -   GestorEstado: Jugador colisiona por contacto con: ['[Enemigo_1]']
2025-05-19 16:48:55 - gestor_estado - [DEBUG] -     GestorEstado: Jugador intentaría recibir 1 de daño por contacto de [Enemigo_1]. (DAÑO DESACTIVADO TEMPORALMENTE)
2025-05-19 16:48:55 - gestor_estado - [DEBUG] -   GestorEstado: Actualizando 2 enemigos...
2025-05-19 16:48:55 - gestor_estado - [DEBUG] -   GestorEstado: Actualizando jugador...
2025-05-19 16:48:55 - gestor_estado - [DEBUG] -   GestorEstado: Jugador colisiona por contacto con: ['[Enemigo_1]']
2025-05-19 16:48:55 - gestor_estado - [DEBUG] -     GestorEstado: Jugador intentaría recibir 1 de daño por contacto de [Enemigo_1]. (DAÑO DESACTIVADO TEMPORALMENTE)
2025-05-19 16:48:55 - gestor_estado - [DEBUG] -   GestorEstado: Actualizando 2 enemigos...
2025-05-19 16:48:55 - gestor_estado - [DEBUG] -   GestorEstado: Actualizando jugador...
2025-05-19 16:48:55 - gestor_estado - [DEBUG] -   GestorEstado: Jugador colisiona por contacto con: ['[Enemigo_1]']
2025-05-19 16:48:55 - gestor_estado - [DEBUG] -     GestorEstado: Jugador intentaría recibir 1 de daño por contacto de [Enemigo_1]. (DAÑO DESACTIVADO TEMPORALMENTE)
2025-05-19 16:48:56 - gestor_estado - [DEBUG] -   GestorEstado: Actualizando 2 enemigos...
2025-05-19 16:48:56 - gestor_estado - [DEBUG] -   GestorEstado: Actualizando jugador...
2025-05-19 16:48:56 - gestor_estado - [DEBUG] -   GestorEstado: Jugador colisiona por contacto con: ['[Enemigo_1]']
2025-05-19 16:48:56 - gestor_estado - [DEBUG] -     GestorEstado: Jugador intentaría recibir 1 de daño por contacto de [Enemigo_1]. (DAÑO DESACTIVADO TEMPORALMENTE)
2025-05-19 16:48:56 - gestor_estado - [DEBUG] -   GestorEstado: Actualizando 2 enemigos...
2025-05-19 16:48:56 - gestor_estado - [DEBUG] -   GestorEstado: Actualizando jugador...
2025-05-19 16:48:56 - gestor_estado - [DEBUG] -   GestorEstado: Jugador colisiona por contacto con: ['[Enemigo_1]']
2025-05-19 16:48:56 - gestor_estado - [DEBUG] -     GestorEstado: Jugador intentaría recibir 1 de daño por contacto de [Enemigo_1]. (DAÑO DESACTIVADO TEMPORALMENTE)
2025-05-19 16:48:56 - gestor_estado - [DEBUG] -   GestorEstado: Actualizando 2 enemigos...
2025-05-19 16:48:56 - gestor_estado - [DEBUG] -   GestorEstado: Actualizando jugador...
2025-05-19 16:48:56 - gestor_estado - [DEBUG] -   GestorEstado: Jugador colisiona por contacto con: ['[Enemigo_1]']
2025-05-19 16:48:56 - gestor_estado - [DEBUG] -     GestorEstado: Jugador intentaría recibir 1 de daño por contacto de [Enemigo_1]. (DAÑO DESACTIVADO TEMPORALMENTE)
2025-05-19 16:48:56 - gestor_estado - [DEBUG] -   GestorEstado: Actualizando 2 enemigos...
2025-05-19 16:48:56 - gestor_estado - [DEBUG] -   GestorEstado: Actualizando jugador...
2025-05-19 16:48:56 - gestor_estado - [DEBUG] -   GestorEstado: Jugador colisiona por contacto con: ['[Enemigo_1]']
2025-05-19 16:48:56 - gestor_estado - [DEBUG] -     GestorEstado: Jugador intentaría recibir 1 de daño por contacto de [Enemigo_1]. (DAÑO DESACTIVADO TEMPORALMENTE)
2025-05-19 16:48:56 - gestor_estado - [DEBUG] -   GestorEstado: Actualizando 2 enemigos...
2025-05-19 16:48:56 - gestor_estado - [DEBUG] -   GestorEstado: Actualizando jugador...
2025-05-19 16:48:56 - gestor_estado - [DEBUG] -   GestorEstado: Jugador colisiona por contacto con: ['[Enemigo_1]']
2025-05-19 16:48:56 - gestor_estado - [DEBUG] -     GestorEstado: Jugador intentaría recibir 1 de daño por contacto de [Enemigo_1]. (DAÑO DESACTIVADO TEMPORALMENTE)
2025-05-19 16:48:56 - gestor_estado - [DEBUG] -   GestorEstado: Actualizando 2 enemigos...
2025-05-19 16:48:56 - gestor_estado - [DEBUG] -   GestorEstado: Actualizando jugador...
2025-05-19 16:48:56 - gestor_estado - [DEBUG] -   GestorEstado: Jugador colisiona por contacto con: ['[Enemigo_1]']
2025-05-19 16:48:56 - gestor_estado - [DEBUG] -     GestorEstado: Jugador intentaría recibir 1 de daño por contacto de [Enemigo_1]. (DAÑO DESACTIVADO TEMPORALMENTE)
2025-05-19 16:48:56 - gestor_estado - [DEBUG] -   GestorEstado: Actualizando 2 enemigos...
2025-05-19 16:48:56 - gestor_estado - [DEBUG] -   GestorEstado: Actualizando jugador...
2025-05-19 16:48:56 - gestor_estado - [DEBUG] -   GestorEstado: Jugador colisiona por contacto con: ['[Enemigo_1]']
2025-05-19 16:48:56 - gestor_estado - [DEBUG] -     GestorEstado: Jugador intentaría recibir 1 de daño por contacto de [Enemigo_1]. (DAÑO DESACTIVADO TEMPORALMENTE)
2025-05-19 16:48:56 - gestor_estado - [DEBUG] -   GestorEstado: Actualizando 2 enemigos...
2025-05-19 16:48:56 - gestor_estado - [DEBUG] -   GestorEstado: Actualizando jugador...
2025-05-19 16:48:56 - gestor_estado - [DEBUG] -   GestorEstado: Jugador colisiona por contacto con: ['[Enemigo_1]']
2025-05-19 16:48:56 - gestor_estado - [DEBUG] -     GestorEstado: Jugador intentaría recibir 1 de daño por contacto de [Enemigo_1]. (DAÑO DESACTIVADO TEMPORALMENTE)
2025-05-19 16:48:56 - gestor_estado - [DEBUG] -   GestorEstado: Actualizando 2 enemigos...
2025-05-19 16:48:56 - gestor_estado - [DEBUG] -   GestorEstado: Actualizando jugador...
2025-05-19 16:48:56 - gestor_estado - [DEBUG] -   GestorEstado: Jugador colisiona por contacto con: ['[Enemigo_1]']
2025-05-19 16:48:56 - gestor_estado - [DEBUG] -     GestorEstado: Jugador intentaría recibir 1 de daño por contacto de [Enemigo_1]. (DAÑO DESACTIVADO TEMPORALMENTE)
2025-05-19 16:48:56 - gestor_estado - [DEBUG] -   GestorEstado: Actualizando 2 enemigos...
2025-05-19 16:48:56 - gestor_estado - [DEBUG] -   GestorEstado: Actualizando jugador...
2025-05-19 16:48:56 - gestor_estado - [DEBUG] -   GestorEstado: Jugador colisiona por contacto con: ['[Enemigo_1]']
2025-05-19 16:48:56 - gestor_estado - [DEBUG] -     GestorEstado: Jugador intentaría recibir 1 de daño por contacto de [Enemigo_1]. (DAÑO DESACTIVADO TEMPORALMENTE)
2025-05-19 16:48:56 - gestor_estado - [DEBUG] -   GestorEstado: Actualizando 2 enemigos...
2025-05-19 16:48:56 - gestor_estado - [DEBUG] -   GestorEstado: Actualizando jugador...
2025-05-19 16:48:56 - gestor_estado - [DEBUG] -   GestorEstado: Jugador colisiona por contacto con: ['[Enemigo_1]']
2025-05-19 16:48:56 - gestor_estado - [DEBUG] -     GestorEstado: Jugador intentaría recibir 1 de daño por contacto de [Enemigo_1]. (DAÑO DESACTIVADO TEMPORALMENTE)
2025-05-19 16:48:56 - gestor_estado - [DEBUG] -   GestorEstado: Actualizando 2 enemigos...
2025-05-19 16:48:56 - gestor_estado - [DEBUG] -   GestorEstado: Actualizando jugador...
2025-05-19 16:48:56 - gestor_estado - [DEBUG] -   GestorEstado: Actualizando 2 enemigos...
2025-05-19 16:48:56 - gestor_estado - [DEBUG] -   GestorEstado: Actualizando jugador...
2025-05-19 16:48:56 - gestor_estado - [DEBUG] -   GestorEstado: Actualizando 2 enemigos...
2025-05-19 16:48:56 - gestor_estado - [DEBUG] -   GestorEstado: Actualizando jugador...
2025-05-19 16:48:56 - gestor_estado - [DEBUG] -   GestorEstado: Actualizando 2 enemigos...
2025-05-19 16:48:56 - gestor_estado - [DEBUG] -   GestorEstado: Actualizando jugador...
2025-05-19 16:48:56 - gestor_estado - [DEBUG] -   GestorEstado: Actualizando 2 enemigos...
2025-05-19 16:48:56 - gestor_estado - [DEBUG] -   GestorEstado: Actualizando jugador...
2025-05-19 16:48:57 - gestor_estado - [DEBUG] -   GestorEstado: Actualizando 2 enemigos...
2025-05-19 16:48:57 - gestor_estado - [DEBUG] -   GestorEstado: Actualizando jugador...
2025-05-19 16:48:57 - gestor_estado - [DEBUG] -   GestorEstado: Actualizando 2 enemigos...
2025-05-19 16:48:57 - gestor_estado - [DEBUG] -   GestorEstado: Actualizando jugador...
2025-05-19 16:48:57 - gestor_estado - [DEBUG] -   GestorEstado: Actualizando 2 enemigos...
2025-05-19 16:48:57 - gestor_estado - [DEBUG] -   GestorEstado: Actualizando jugador...
2025-05-19 16:48:57 - gestor_estado - [DEBUG] -   GestorEstado: Actualizando 2 enemigos...
2025-05-19 16:48:57 - gestor_estado - [DEBUG] -   GestorEstado: Actualizando jugador...
2025-05-19 16:48:57 - gestor_estado - [DEBUG] -   GestorEstado: Actualizando 2 enemigos...
2025-05-19 16:48:57 - gestor_estado - [DEBUG] -   GestorEstado: Actualizando jugador...
2025-05-19 16:48:57 - gestor_estado - [DEBUG] -   GestorEstado: Actualizando 2 enemigos...
2025-05-19 16:48:57 - gestor_estado - [DEBUG] -   GestorEstado: Actualizando jugador...
2025-05-19 16:48:57 - gestor_estado - [DEBUG] -   GestorEstado: Actualizando 2 enemigos...
2025-05-19 16:48:57 - gestor_estado - [DEBUG] -   GestorEstado: Actualizando jugador...
2025-05-19 16:48:57 - gestor_estado - [DEBUG] -   GestorEstado: Actualizando 2 enemigos...
2025-05-19 16:48:57 - gestor_estado - [DEBUG] -   GestorEstado: Actualizando jugador...
2025-05-19 16:48:57 - gestor_estado - [DEBUG] -   GestorEstado: Actualizando 2 enemigos...
2025-05-19 16:48:57 - gestor_estado - [DEBUG] -   GestorEstado: Actualizando jugador...
2025-05-19 16:48:57 - gestor_estado - [DEBUG] -   GestorEstado: Actualizando 2 enemigos...
2025-05-19 16:48:57 - gestor_estado - [DEBUG] -   GestorEstado: Actualizando jugador...
2025-05-19 16:48:57 - gestor_estado - [DEBUG] -   GestorEstado: Actualizando 2 enemigos...
2025-05-19 16:48:57 - gestor_estado - [DEBUG] -   GestorEstado: Actualizando jugador...
2025-05-19 16:48:57 - gestor_estado - [DEBUG] -   GestorEstado: Actualizando 2 enemigos...
2025-05-19 16:48:57 - gestor_estado - [DEBUG] -   GestorEstado: Actualizando jugador...
2025-05-19 16:48:57 - gestor_estado - [DEBUG] -   GestorEstado: Actualizando 2 enemigos...
2025-05-19 16:48:57 - gestor_estado - [DEBUG] -   GestorEstado: Actualizando jugador...
2025-05-19 16:48:57 - gestor_estado - [DEBUG] -   GestorEstado: Actualizando 2 enemigos...
2025-05-19 16:48:57 - gestor_estado - [DEBUG] -   GestorEstado: Actualizando jugador...
2025-05-19 16:48:57 - gestor_estado - [DEBUG] -   GestorEstado: Actualizando 2 enemigos...
2025-05-19 16:48:57 - gestor_estado - [DEBUG] -   GestorEstado: Actualizando 2 enemigos...
2025-05-19 16:48:57 - gestor_estado - [DEBUG] -   GestorEstado: Actualizando jugador...
2025-05-19 16:48:58 - gestor_estado - [DEBUG] -   GestorEstado: Actualizando 2 enemigos...
2025-05-19 16:48:58 - gestor_estado - [DEBUG] -   GestorEstado: Actualizando jugador...
2025-05-19 16:48:58 - gestor_estado - [DEBUG] -   GestorEstado: Actualizando 2 enemigos...
2025-05-19 16:48:58 - gestor_estado - [DEBUG] -   GestorEstado: Actualizando jugador...
2025-05-19 16:48:58 - gestor_estado - [DEBUG] -   GestorEstado: Actualizando 2 enemigos...
2025-05-19 16:48:58 - gestor_estado - [DEBUG] -   GestorEstado: Actualizando jugador...
2025-05-19 16:48:58 - gestor_estado - [DEBUG] -   GestorEstado: Actualizando 2 enemigos...
2025-05-19 16:48:58 - gestor_estado - [DEBUG] -   GestorEstado: Actualizando jugador...
2025-05-19 16:48:58 - gestor_estado - [DEBUG] -   GestorEstado: Actualizando 2 enemigos...
2025-05-19 16:48:58 - gestor_estado - [DEBUG] -   GestorEstado: Actualizando jugador...
2025-05-19 16:48:58 - gestor_estado - [DEBUG] -   GestorEstado: Actualizando 2 enemigos...
2025-05-19 16:48:58 - gestor_estado - [DEBUG] -   GestorEstado: Actualizando jugador...
2025-05-19 16:48:58 - gestor_estado - [DEBUG] -   GestorEstado: Actualizando 2 enemigos...
2025-05-19 16:48:58 - gestor_estado - [DEBUG] -   GestorEstado: Actualizando jugador...
2025-05-19 16:48:58 - gestor_estado - [DEBUG] -   GestorEstado: Actualizando 2 enemigos...
2025-05-19 16:48:58 - gestor_estado - [DEBUG] -   GestorEstado: Actualizando jugador...
2025-05-19 16:48:58 - gestor_estado - [DEBUG] -   GestorEstado: Actualizando 2 enemigos...
2025-05-19 16:48:58 - gestor_estado - [DEBUG] -   GestorEstado: Actualizando jugador...
2025-05-19 16:48:58 - gestor_estado - [DEBUG] -   GestorEstado: Actualizando 2 enemigos...
2025-05-19 16:48:58 - gestor_estado - [DEBUG] -   GestorEstado: Actualizando jugador...
2025-05-19 16:48:58 - gestor_estado - [DEBUG] -   GestorEstado: Actualizando 2 enemigos...
2025-05-19 16:48:58 - gestor_estado - [DEBUG] -   GestorEstado: Actualizando jugador...
2025-05-19 16:48:58 - gestor_estado - [DEBUG] -   GestorEstado: Actualizando 2 enemigos...
2025-05-19 16:48:58 - gestor_estado - [DEBUG] -   GestorEstado: Actualizando jugador...
2025-05-19 16:48:58 - gestor_estado - [DEBUG] -   GestorEstado: Actualizando 2 enemigos...
2025-05-19 16:48:58 - gestor_estado - [DEBUG] -   GestorEstado: Actualizando jugador...
2025-05-19 16:48:58 - gestor_estado - [DEBUG] -   GestorEstado: Actualizando jugador...
2025-05-19 16:48:58 - gestor_estado - [DEBUG] -   GestorEstado: Actualizando 2 enemigos...
2025-05-19 16:48:58 - gestor_estado - [DEBUG] -   GestorEstado: Actualizando jugador...
2025-05-19 16:48:58 - gestor_estado - [DEBUG] -   GestorEstado: Actualizando 2 enemigos...
2025-05-19 16:48:58 - gestor_estado - [DEBUG] -   GestorEstado: Actualizando jugador...
2025-05-19 16:48:58 - gestor_estado - [DEBUG] -   GestorEstado: Actualizando 2 enemigos...
2025-05-19 16:48:58 - gestor_estado - [DEBUG] -   GestorEstado: Actualizando jugador...
2025-05-19 16:48:59 - gestor_estado - [DEBUG] -   GestorEstado: Actualizando 2 enemigos...
2025-05-19 16:48:59 - gestor_estado - [DEBUG] -   GestorEstado: Actualizando jugador...
2025-05-19 16:48:59 - gestor_estado - [DEBUG] -   GestorEstado: Actualizando 2 enemigos...
2025-05-19 16:48:59 - gestor_estado - [DEBUG] -   GestorEstado: Actualizando jugador...
2025-05-19 16:48:59 - gestor_estado - [DEBUG] -   GestorEstado: Actualizando 2 enemigos...
2025-05-19 16:48:59 - gestor_estado - [DEBUG] -   GestorEstado: Actualizando jugador...
2025-05-19 16:48:59 - gestor_estado - [DEBUG] -   GestorEstado: Actualizando 2 enemigos...
2025-05-19 16:48:59 - gestor_estado - [DEBUG] -   GestorEstado: Actualizando jugador...
2025-05-19 16:48:59 - gestor_estado - [DEBUG] -   GestorEstado: Actualizando 2 enemigos...
2025-05-19 16:48:59 - gestor_estado - [DEBUG] -   GestorEstado: Actualizando jugador...
2025-05-19 16:48:59 - gestor_estado - [DEBUG] -   GestorEstado: Actualizando 2 enemigos...
2025-05-19 16:48:59 - gestor_estado - [DEBUG] -   GestorEstado: Actualizando jugador...
2025-05-19 16:48:59 - gestor_estado - [DEBUG] -   GestorEstado: Actualizando 2 enemigos...
2025-05-19 16:48:59 - gestor_estado - [DEBUG] -   GestorEstado: Actualizando jugador...
2025-05-19 16:48:59 - gestor_estado - [DEBUG] -   GestorEstado: Actualizando 2 enemigos...
2025-05-19 16:48:59 - gestor_estado - [DEBUG] -   GestorEstado: Actualizando jugador...
2025-05-19 16:48:59 - gestor_estado - [DEBUG] -   GestorEstado: Actualizando 2 enemigos...
2025-05-19 16:48:59 - gestor_estado - [DEBUG] -   GestorEstado: Actualizando jugador...
2025-05-19 16:48:59 - gestor_estado - [DEBUG] -   GestorEstado: Actualizando 2 enemigos...
2025-05-19 16:48:59 - gestor_estado - [DEBUG] -   GestorEstado: Actualizando jugador...
2025-05-19 16:48:59 - gestor_estado - [DEBUG] -   GestorEstado: Actualizando 2 enemigos...
2025-05-19 16:48:59 - gestor_estado - [DEBUG] -   GestorEstado: Actualizando jugador...
2025-05-19 16:48:59 - gestor_estado - [DEBUG] -   GestorEstado: Actualizando 2 enemigos...
2025-05-19 16:48:59 - gestor_estado - [DEBUG] -   GestorEstado: Actualizando jugador...
2025-05-19 16:48:59 - gestor_estado - [DEBUG] -   GestorEstado: Actualizando 2 enemigos...
2025-05-19 16:48:59 - gestor_estado - [DEBUG] -   GestorEstado: Actualizando jugador...
2025-05-19 16:48:59 - gestor_estado - [DEBUG] -   GestorEstado: Actualizando 2 enemigos...
2025-05-19 16:48:59 - gestor_estado - [DEBUG] -   GestorEstado: Actualizando jugador...
2025-05-19 16:48:59 - gestor_estado - [DEBUG] -   GestorEstado: Actualizando 2 enemigos...
2025-05-19 16:48:59 - gestor_estado - [DEBUG] -   GestorEstado: Actualizando jugador...
2025-05-19 16:48:59 - gestor_estado - [DEBUG] -   GestorEstado: Actualizando 2 enemigos...
2025-05-19 16:48:59 - gestor_estado - [DEBUG] -   GestorEstado: Actualizando jugador...
2025-05-19 16:49:00 - gestor_estado - [DEBUG] -   GestorEstado: Actualizando 2 enemigos...
2025-05-19 16:49:00 - gestor_estado - [DEBUG] -   GestorEstado: Actualizando jugador...
2025-05-19 16:49:00 - gestor_estado - [DEBUG] -   GestorEstado: Actualizando 2 enemigos...
2025-05-19 16:49:00 - gestor_estado - [DEBUG] -   GestorEstado: Actualizando jugador...
2025-05-19 16:49:00 - gestor_estado - [DEBUG] -   GestorEstado: Actualizando 2 enemigos...
2025-05-19 16:49:00 - gestor_estado - [DEBUG] -   GestorEstado: Actualizando jugador...
2025-05-19 16:49:00 - gestor_estado - [DEBUG] -   GestorEstado: Actualizando 2 enemigos...
2025-05-19 16:49:00 - gestor_estado - [DEBUG] -   GestorEstado: Actualizando jugador...
2025-05-19 16:49:00 - gestor_estado - [DEBUG] -   GestorEstado: Actualizando 2 enemigos...
2025-05-19 16:49:00 - gestor_estado - [DEBUG] -   GestorEstado: Actualizando jugador...
2025-05-19 16:49:00 - gestor_estado - [DEBUG] -   GestorEstado: Actualizando 2 enemigos...
2025-05-19 16:49:00 - gestor_estado - [DEBUG] -   GestorEstado: Actualizando jugador...
2025-05-19 16:49:00 - gestor_estado - [DEBUG] -   GestorEstado: Actualizando 2 enemigos...
2025-05-19 16:49:00 - gestor_estado - [DEBUG] -   GestorEstado: Actualizando jugador...
2025-05-19 16:49:00 - gestor_estado - [DEBUG] -   GestorEstado: Actualizando 2 enemigos...
2025-05-19 16:49:00 - gestor_estado - [DEBUG] -   GestorEstado: Actualizando jugador...
2025-05-19 16:49:00 - gestor_estado - [DEBUG] -   GestorEstado: Actualizando 2 enemigos...
2025-05-19 16:49:00 - gestor_estado - [DEBUG] -   GestorEstado: Actualizando jugador...
2025-05-19 16:49:00 - gestor_estado - [DEBUG] -   GestorEstado: Actualizando 2 enemigos...
2025-05-19 16:49:00 - gestor_estado - [DEBUG] -   GestorEstado: Actualizando jugador...
2025-05-19 16:49:00 - gestor_estado - [DEBUG] -   GestorEstado: Actualizando 2 enemigos...
2025-05-19 16:49:00 - gestor_estado - [DEBUG] -   GestorEstado: Actualizando jugador...
2025-05-19 16:49:00 - gestor_estado - [DEBUG] -   GestorEstado: Actualizando 2 enemigos...
2025-05-19 16:49:00 - gestor_estado - [DEBUG] -   GestorEstado: Actualizando jugador...
2025-05-19 16:49:00 - gestor_estado - [DEBUG] -   GestorEstado: Actualizando 2 enemigos...
2025-05-19 16:49:00 - gestor_estado - [DEBUG] -   GestorEstado: Actualizando jugador...
2025-05-19 16:49:00 - gestor_estado - [DEBUG] -   GestorEstado: Actualizando 2 enemigos...
2025-05-19 16:49:00 - gestor_estado - [DEBUG] -   GestorEstado: Actualizando jugador...
2025-05-19 16:49:00 - gestor_estado - [DEBUG] -   GestorEstado: Actualizando 2 enemigos...
2025-05-19 16:49:00 - gestor_estado - [DEBUG] -   GestorEstado: Actualizando jugador...
2025-05-19 16:49:00 - gestor_estado - [DEBUG] -   GestorEstado: Actualizando 2 enemigos...
2025-05-19 16:49:00 - gestor_estado - [DEBUG] -   GestorEstado: Actualizando jugador...
2025-05-19 16:49:01 - gestor_estado - [DEBUG] -   GestorEstado: Actualizando 2 enemigos...
2025-05-19 16:49:01 - gestor_estado - [DEBUG] -   GestorEstado: Actualizando jugador...
2025-05-19 16:49:01 - gestor_estado - [DEBUG] -   GestorEstado: Actualizando 2 enemigos...
2025-05-19 16:49:01 - gestor_estado - [DEBUG] -   GestorEstado: Actualizando jugador...
2025-05-19 16:49:01 - gestor_estado - [DEBUG] -   GestorEstado: Actualizando 2 enemigos...
2025-05-19 16:49:01 - gestor_estado - [DEBUG] -   GestorEstado: Actualizando jugador...
2025-05-19 16:49:01 - gestor_estado - [DEBUG] -   GestorEstado: Actualizando 2 enemigos...
2025-05-19 16:49:01 - gestor_estado - [DEBUG] -   GestorEstado: Actualizando jugador...
2025-05-19 16:49:01 - gestor_estado - [DEBUG] -   GestorEstado: Actualizando 2 enemigos...
2025-05-19 16:49:01 - gestor_estado - [DEBUG] -   GestorEstado: Actualizando jugador...
2025-05-19 16:49:01 - gestor_estado - [DEBUG] -   GestorEstado: Actualizando 2 enemigos...
2025-05-19 16:49:01 - gestor_estado - [DEBUG] -   GestorEstado: Actualizando jugador...
2025-05-19 16:49:01 - gestor_estado - [DEBUG] -   GestorEstado: Actualizando 2 enemigos...
2025-05-19 16:49:01 - gestor_estado - [DEBUG] -   GestorEstado: Actualizando jugador...
2025-05-19 16:49:01 - gestor_estado - [DEBUG] -   GestorEstado: Actualizando 2 enemigos...
2025-05-19 16:49:01 - gestor_estado - [DEBUG] -   GestorEstado: Actualizando jugador...
2025-05-19 16:49:01 - gestor_estado - [DEBUG] -   GestorEstado: Actualizando 2 enemigos...
2025-05-19 16:49:01 - gestor_estado - [DEBUG] -   GestorEstado: Actualizando jugador...
2025-05-19 16:49:01 - gestor_estado - [DEBUG] -   GestorEstado: Actualizando 2 enemigos...
2025-05-19 16:49:01 - gestor_estado - [DEBUG] -   GestorEstado: Actualizando jugador...
2025-05-19 16:49:01 - gestor_estado - [DEBUG] -   GestorEstado: Actualizando 2 enemigos...
2025-05-19 16:49:01 - gestor_estado - [DEBUG] -   GestorEstado: Actualizando jugador...
2025-05-19 16:49:01 - gestor_estado - [DEBUG] -   GestorEstado: Actualizando 2 enemigos...
2025-05-19 16:49:01 - gestor_estado - [DEBUG] -   GestorEstado: Actualizando jugador...
2025-05-19 16:49:01 - gestor_estado - [DEBUG] -   GestorEstado: Actualizando 2 enemigos...
2025-05-19 16:49:01 - gestor_estado - [DEBUG] -   GestorEstado: Actualizando jugador...
2025-05-19 16:49:01 - gestor_estado - [DEBUG] -   GestorEstado: Actualizando 2 enemigos...
2025-05-19 16:49:01 - gestor_estado - [DEBUG] -   GestorEstado: Actualizando jugador...
2025-05-19 16:49:01 - gestor_estado - [DEBUG] -   GestorEstado: Actualizando 2 enemigos...
2025-05-19 16:49:01 - gestor_estado - [DEBUG] -   GestorEstado: Actualizando jugador...
2025-05-19 16:49:01 - gestor_estado - [DEBUG] -   GestorEstado: Actualizando 2 enemigos...
2025-05-19 16:49:01 - gestor_estado - [DEBUG] -   GestorEstado: Actualizando jugador...
2025-05-19 16:49:01 - gestor_estado - [DEBUG] -   GestorEstado: Actualizando 2 enemigos...
2025-05-19 16:49:01 - gestor_estado - [DEBUG] -   GestorEstado: Actualizando jugador...
2025-05-19 16:49:02 - gestor_estado - [DEBUG] -   GestorEstado: Actualizando 2 enemigos...
2025-05-19 16:49:02 - gestor_estado - [DEBUG] -   GestorEstado: Actualizando jugador...
2025-05-19 16:49:02 - gestor_estado - [DEBUG] -   GestorEstado: Actualizando 2 enemigos...
2025-05-19 16:49:02 - gestor_estado - [DEBUG] -   GestorEstado: Actualizando jugador...
2025-05-19 16:49:02 - gestor_estado - [DEBUG] -   GestorEstado: Actualizando 2 enemigos...
2025-05-19 16:49:02 - gestor_estado - [DEBUG] -   GestorEstado: Actualizando jugador...
2025-05-19 16:49:02 - gestor_estado - [DEBUG] -   GestorEstado: Actualizando 2 enemigos...
2025-05-19 16:49:02 - gestor_estado - [DEBUG] -   GestorEstado: Actualizando jugador...
2025-05-19 16:49:02 - gestor_estado - [DEBUG] -   GestorEstado: Actualizando 2 enemigos...
2025-05-19 16:49:02 - gestor_estado - [DEBUG] -   GestorEstado: Actualizando jugador...
2025-05-19 16:49:02 - gestor_estado - [DEBUG] -   GestorEstado: Actualizando 2 enemigos...
2025-05-19 16:49:02 - gestor_estado - [DEBUG] -   GestorEstado: Actualizando jugador...
2025-05-19 16:49:02 - gestor_estado - [DEBUG] -   GestorEstado: Actualizando 2 enemigos...
2025-05-19 16:49:02 - gestor_estado - [DEBUG] -   GestorEstado: Actualizando jugador...
2025-05-19 16:49:02 - gestor_estado - [DEBUG] -   GestorEstado: Actualizando 2 enemigos...
2025-05-19 16:49:02 - gestor_estado - [DEBUG] -   GestorEstado: Actualizando jugador...
2025-05-19 16:49:02 - gestor_estado - [DEBUG] -   GestorEstado: Actualizando 2 enemigos...
2025-05-19 16:49:02 - gestor_estado - [DEBUG] -   GestorEstado: Actualizando jugador...
2025-05-19 16:49:02 - gestor_estado - [DEBUG] -   GestorEstado: Actualizando 2 enemigos...
2025-05-19 16:49:02 - gestor_estado - [DEBUG] -   GestorEstado: Actualizando jugador...
2025-05-19 16:49:02 - gestor_estado - [DEBUG] -   GestorEstado: Actualizando 2 enemigos...
2025-05-19 16:49:02 - gestor_estado - [DEBUG] -   GestorEstado: Actualizando jugador...
2025-05-19 16:49:02 - gestor_estado - [DEBUG] -   GestorEstado: Actualizando 2 enemigos...
2025-05-19 16:49:02 - gestor_estado - [DEBUG] -   GestorEstado: Actualizando jugador...
2025-05-19 16:49:02 - gestor_estado - [DEBUG] -   GestorEstado: Actualizando 2 enemigos...
2025-05-19 16:49:02 - gestor_estado - [DEBUG] -   GestorEstado: Actualizando jugador...
2025-05-19 16:49:02 - gestor_estado - [DEBUG] -   GestorEstado: Actualizando 2 enemigos...
2025-05-19 16:49:02 - gestor_estado - [DEBUG] -   GestorEstado: Actualizando jugador...
2025-05-19 16:49:02 - gestor_estado - [DEBUG] -   GestorEstado: Actualizando 2 enemigos...
2025-05-19 16:49:02 - gestor_estado - [DEBUG] -   GestorEstado: Actualizando jugador...
2025-05-19 16:49:02 - gestor_estado - [DEBUG] -   GestorEstado: Actualizando 2 enemigos...
2025-05-19 16:49:02 - gestor_estado - [DEBUG] -   GestorEstado: Actualizando jugador...
2025-05-19 16:49:02 - gestor_estado - [DEBUG] -   GestorEstado: Actualizando 2 enemigos...
2025-05-19 16:49:02 - gestor_estado - [DEBUG] -   GestorEstado: Actualizando jugador...
2025-05-19 16:49:03 - gestor_estado - [DEBUG] -   GestorEstado: Actualizando 2 enemigos...
2025-05-19 16:49:03 - gestor_estado - [DEBUG] -   GestorEstado: Actualizando jugador...
2025-05-19 16:49:03 - gestor_estado - [DEBUG] -   GestorEstado: Actualizando 2 enemigos...
2025-05-19 16:49:03 - gestor_estado - [DEBUG] -   GestorEstado: Actualizando jugador...
2025-05-19 16:49:03 - gestor_estado - [DEBUG] -   GestorEstado: Actualizando 2 enemigos...
2025-05-19 16:49:03 - gestor_estado - [DEBUG] -   GestorEstado: Actualizando jugador...
2025-05-19 16:49:03 - gestor_estado - [DEBUG] -   GestorEstado: Actualizando 2 enemigos...
2025-05-19 16:49:03 - gestor_estado - [DEBUG] -   GestorEstado: Actualizando jugador...
2025-05-19 16:49:03 - gestor_estado - [DEBUG] -   GestorEstado: Actualizando 2 enemigos...
2025-05-19 16:49:03 - gestor_estado - [DEBUG] -   GestorEstado: Actualizando jugador...
2025-05-19 16:49:03 - gestor_estado - [DEBUG] -   GestorEstado: Jugador colisiona por contacto con: ['[Enemigo_2]']
2025-05-19 16:49:03 - gestor_estado - [DEBUG] -     GestorEstado: Jugador intentaría recibir 1 de daño por contacto de [Enemigo_2]. (DAÑO DESACTIVADO TEMPORALMENTE)
2025-05-19 16:49:03 - gestor_estado - [DEBUG] -   GestorEstado: Actualizando 2 enemigos...
2025-05-19 16:49:03 - gestor_estado - [DEBUG] -   GestorEstado: Actualizando jugador...
2025-05-19 16:49:03 - gestor_estado - [DEBUG] -   GestorEstado: Jugador colisiona por contacto con: ['[Enemigo_2]']
2025-05-19 16:49:03 - gestor_estado - [DEBUG] -     GestorEstado: Jugador intentaría recibir 1 de daño por contacto de [Enemigo_2]. (DAÑO DESACTIVADO TEMPORALMENTE)
2025-05-19 16:49:03 - gestor_estado - [DEBUG] -   GestorEstado: Actualizando 2 enemigos...
2025-05-19 16:49:03 - gestor_estado - [DEBUG] -   GestorEstado: Actualizando jugador...
2025-05-19 16:49:03 - gestor_estado - [DEBUG] -   GestorEstado: Jugador colisiona por contacto con: ['[Enemigo_2]']
2025-05-19 16:49:03 - gestor_estado - [DEBUG] -     GestorEstado: Jugador intentaría recibir 1 de daño por contacto de [Enemigo_2]. (DAÑO DESACTIVADO TEMPORALMENTE)
2025-05-19 16:49:03 - gestor_estado - [DEBUG] -   GestorEstado: Actualizando 2 enemigos...
2025-05-19 16:49:03 - gestor_estado - [DEBUG] -   GestorEstado: Actualizando jugador...
2025-05-19 16:49:03 - gestor_estado - [DEBUG] -   GestorEstado: Jugador colisiona por contacto con: ['[Enemigo_2]']
2025-05-19 16:49:03 - gestor_estado - [DEBUG] -     GestorEstado: Jugador intentaría recibir 1 de daño por contacto de [Enemigo_2]. (DAÑO DESACTIVADO TEMPORALMENTE)
