2025-05-19 16:48:47 - gestor_eventos - [DEBUG] - GestorEventos inicializado.
2025-05-19 16:48:47 - gestor_eventos - [DEBUG] - Procesando 11 eventos...
2025-05-19 16:48:47 - gestor_eventos - [DEBUG] -   Evento: AudioDeviceAdded (<Event(4352-AudioDeviceAdded {'which': 0, 'iscapture': 0})>)
2025-05-19 16:48:47 - gestor_eventos - [DEBUG] -   Evento: AudioDeviceAdded (<Event(4352-AudioDeviceAdded {'which': 0, 'iscapture': 1})>)
2025-05-19 16:48:47 - gestor_eventos - [DEBUG] -   Evento: WindowShown (<Event(32774-WindowShown {'window': None})>)
2025-05-19 16:48:47 - gestor_eventos - [DEBUG] -   Evento: ActiveEvent (<Event(32768-ActiveEvent {'gain': 1, 'state': 2})>)
2025-05-19 16:48:47 - gestor_eventos - [DEBUG] -   Evento: WindowFocusGained (<Event(32785-WindowFocusGained {'window': None})>)
2025-05-19 16:48:47 - gestor_eventos - [DEBUG] -   Evento: TextEditing (<Event(770-TextEditing {'text': '', 'start': 0, 'length': 0, 'window': None})>)
2025-05-19 16:48:47 - gestor_eventos - [DEBUG] -   Evento: ActiveEvent (<Event(32768-ActiveEvent {'gain': 1, 'state': 1})>)
2025-05-19 16:48:47 - gestor_eventos - [DEBUG] -   Evento: WindowEnter (<Event(32783-WindowEnter {'window': None})>)
2025-05-19 16:48:47 - gestor_eventos - [DEBUG] -   Evento: MouseMotion (<Event(1024-MouseMotion {'pos': (345, 390), 'rel': (0, 0), 'buttons': (0, 0, 0), 'touch': False, 'window': None})>)
2025-05-19 16:48:47 - gestor_eventos - [DEBUG] -   Evento: VideoExpose (<Event(32770-VideoExpose {})>)
2025-05-19 16:48:47 - gestor_eventos - [DEBUG] -   Evento: WindowExposed (<Event(32776-WindowExposed {'window': None})>)
2025-05-19 16:48:47 - gestor_eventos - [DEBUG] - Procesando 0 eventos...
2025-05-19 16:48:47 - gestor_eventos - [DEBUG] - Procesando 0 eventos...
2025-05-19 16:48:47 - gestor_eventos - [DEBUG] - Procesando 0 eventos...
2025-05-19 16:48:47 - gestor_eventos - [DEBUG] - Procesando 0 eventos...
2025-05-19 16:48:47 - gestor_eventos - [DEBUG] - Procesando 0 eventos...
2025-05-19 16:48:47 - gestor_eventos - [DEBUG] - Procesando 0 eventos...
2025-05-19 16:48:47 - gestor_eventos - [DEBUG] - Procesando 0 eventos...
2025-05-19 16:48:47 - gestor_eventos - [DEBUG] - Procesando 0 eventos...
2025-05-19 16:48:47 - gestor_eventos - [DEBUG] - Procesando 0 eventos...
2025-05-19 16:48:47 - gestor_eventos - [DEBUG] - Procesando 0 eventos...
2025-05-19 16:48:47 - gestor_eventos - [DEBUG] - Procesando 0 eventos...
2025-05-19 16:48:48 - gestor_eventos - [DEBUG] - Procesando 0 eventos...
2025-05-19 16:48:48 - gestor_eventos - [DEBUG] - Procesando 1 eventos...
2025-05-19 16:48:48 - gestor_eventos - [DEBUG] -   Evento: MouseMotion (<Event(1024-MouseMotion {'pos': (345, 389), 'rel': (0, -1), 'buttons': (0, 0, 0), 'touch': False, 'window': None})>)
2025-05-19 16:48:48 - gestor_eventos - [DEBUG] -   Evento: MouseMotion (<Event(1024-MouseMotion {'pos': (347, 388), 'rel': (2, -1), 'buttons': (0, 0, 0), 'touch': False, 'window': None})>)
2025-05-19 16:48:48 - gestor_eventos - [DEBUG] -   Evento: MouseMotion (<Event(1024-MouseMotion {'pos': (349, 387), 'rel': (2, -1), 'buttons': (0, 0, 0), 'touch': False, 'window': None})>)
2025-05-19 16:48:48 - gestor_eventos - [DEBUG] -   Evento: MouseMotion (<Event(1024-MouseMotion {'pos': (350, 386), 'rel': (1, -1), 'buttons': (0, 0, 0), 'touch': False, 'window': None})>)
2025-05-19 16:48:48 - gestor_eventos - [DEBUG] - Procesando 1 eventos...
2025-05-19 16:48:48 - gestor_eventos - [DEBUG] -   Evento: MouseMotion (<Event(1024-MouseMotion {'pos': (351, 386), 'rel': (1, 0), 'buttons': (0, 0, 0), 'touch': False, 'window': None})>)
2025-05-19 16:48:48 - gestor_eventos - [DEBUG] -   Evento: MouseMotion (<Event(1024-MouseMotion {'pos': (353, 386), 'rel': (2, 0), 'buttons': (0, 0, 0), 'touch': False, 'window': None})>)
2025-05-19 16:48:48 - gestor_eventos - [DEBUG] -   Evento: MouseMotion (<Event(1024-MouseMotion {'pos': (354, 385), 'rel': (1, -1), 'buttons': (0, 0, 0), 'touch': False, 'window': None})>)
2025-05-19 16:48:48 - gestor_eventos - [DEBUG] -   Evento: MouseMotion (<Event(1024-MouseMotion {'pos': (355, 385), 'rel': (1, 0), 'buttons': (0, 0, 0), 'touch': False, 'window': None})>)
2025-05-19 16:48:48 - gestor_eventos - [DEBUG] - Procesando 1 eventos...
2025-05-19 16:48:48 - gestor_eventos - [DEBUG] -   Evento: MouseMotion (<Event(1024-MouseMotion {'pos': (357, 385), 'rel': (2, 0), 'buttons': (0, 0, 0), 'touch': False, 'window': None})>)
2025-05-19 16:48:48 - gestor_eventos - [DEBUG] -   Evento: MouseMotion (<Event(1024-MouseMotion {'pos': (359, 385), 'rel': (2, 0), 'buttons': (0, 0, 0), 'touch': False, 'window': None})>)
2025-05-19 16:48:48 - gestor_eventos - [DEBUG] - Procesando 0 eventos...
2025-05-19 16:48:48 - gestor_eventos - [DEBUG] - Procesando 2 eventos...
2025-05-19 16:48:48 - gestor_eventos - [DEBUG] -   Evento: MouseMotion (<Event(1024-MouseMotion {'pos': (361, 385), 'rel': (2, 0), 'buttons': (0, 0, 0), 'touch': False, 'window': None})>)
2025-05-19 16:48:48 - gestor_eventos - [DEBUG] -   Evento: MouseMotion (<Event(1024-MouseMotion {'pos': (361, 386), 'rel': (0, 1), 'buttons': (0, 0, 0), 'touch': False, 'window': None})>)
2025-05-19 16:48:48 - gestor_eventos - [DEBUG] - Procesando 1 eventos...
2025-05-19 16:48:48 - gestor_eventos - [DEBUG] -   Evento: MouseMotion (<Event(1024-MouseMotion {'pos': (365, 389), 'rel': (4, 3), 'buttons': (0, 0, 0), 'touch': False, 'window': None})>)
2025-05-19 16:48:48 - gestor_eventos - [DEBUG] -   Evento: MouseMotion (<Event(1024-MouseMotion {'pos': (369, 391), 'rel': (4, 2), 'buttons': (0, 0, 0), 'touch': False, 'window': None})>)
2025-05-19 16:48:48 - gestor_eventos - [DEBUG] -   Evento: MouseMotion (<Event(1024-MouseMotion {'pos': (374, 393), 'rel': (5, 2), 'buttons': (0, 0, 0), 'touch': False, 'window': None})>)
2025-05-19 16:48:48 - gestor_eventos - [DEBUG] - Procesando 1 eventos...
2025-05-19 16:48:48 - gestor_eventos - [DEBUG] -   Evento: MouseMotion (<Event(1024-MouseMotion {'pos': (377, 394), 'rel': (3, 1), 'buttons': (0, 0, 0), 'touch': False, 'window': None})>)
2025-05-19 16:48:48 - gestor_eventos - [DEBUG] - Procesando 0 eventos...
2025-05-19 16:48:48 - gestor_eventos - [DEBUG] -   Evento: MouseMotion (<Event(1024-MouseMotion {'pos': (378, 394), 'rel': (1, 0), 'buttons': (0, 0, 0), 'touch': False, 'window': None})>)
2025-05-19 16:48:48 - gestor_eventos - [DEBUG] -   Evento: MouseMotion (<Event(1024-MouseMotion {'pos': (379, 394), 'rel': (1, 0), 'buttons': (0, 0, 0), 'touch': False, 'window': None})>)
2025-05-19 16:48:48 - gestor_eventos - [DEBUG] - Procesando 0 eventos...
2025-05-19 16:48:48 - gestor_eventos - [DEBUG] - Procesando 0 eventos...
2025-05-19 16:48:48 - gestor_eventos - [DEBUG] - Procesando 1 eventos...
2025-05-19 16:48:48 - gestor_eventos - [DEBUG] -   Evento: MouseMotion (<Event(1024-MouseMotion {'pos': (380, 394), 'rel': (1, 0), 'buttons': (0, 0, 0), 'touch': False, 'window': None})>)
2025-05-19 16:48:48 - gestor_eventos - [DEBUG] - Procesando 0 eventos...
2025-05-19 16:48:48 - gestor_eventos - [DEBUG] -   Evento: MouseButtonDown (<Event(1025-MouseButtonDown {'pos': (380, 394), 'button': 1, 'touch': False, 'window': None})>)
2025-05-19 16:48:48 - gestor_eventos - [DEBUG] - Procesando 0 eventos...
2025-05-19 16:48:48 - gestor_eventos - [DEBUG] - Procesando 0 eventos...
2025-05-19 16:48:48 - gestor_eventos - [DEBUG] - Procesando 1 eventos...
2025-05-19 16:48:48 - gestor_eventos - [DEBUG] -   Evento: MouseButtonUp (<Event(1026-MouseButtonUp {'pos': (380, 394), 'button': 1, 'touch': False, 'window': None})>)
2025-05-19 16:48:48 - gestor_eventos - [DEBUG] - Procesando 0 eventos...
2025-05-19 16:48:48 - gestor_eventos - [DEBUG] - Procesando 0 eventos...
2025-05-19 16:48:48 - gestor_eventos - [DEBUG] - Procesando 1 eventos...
2025-05-19 16:48:48 - gestor_eventos - [DEBUG] -   Evento: MouseMotion (<Event(1024-MouseMotion {'pos': (380, 391), 'rel': (0, -3), 'buttons': (0, 0, 0), 'touch': False, 'window': None})>)
2025-05-19 16:48:48 - gestor_eventos - [DEBUG] -   Evento: MouseMotion (<Event(1024-MouseMotion {'pos': (379, 387), 'rel': (-1, -4), 'buttons': (0, 0, 0), 'touch': False, 'window': None})>)
2025-05-19 16:48:48 - gestor_eventos - [DEBUG] -   Evento: MouseMotion (<Event(1024-MouseMotion {'pos': (378, 383), 'rel': (-1, -4), 'buttons': (0, 0, 0), 'touch': False, 'window': None})>)
2025-05-19 16:48:48 - gestor_eventos - [DEBUG] -   Evento: MouseMotion (<Event(1024-MouseMotion {'pos': (378, 380), 'rel': (0, -3), 'buttons': (0, 0, 0), 'touch': False, 'window': None})>)
2025-05-19 16:48:48 - gestor_eventos - [DEBUG] - Procesando 1 eventos...
2025-05-19 16:48:48 - gestor_eventos - [DEBUG] -   Evento: MouseMotion (<Event(1024-MouseMotion {'pos': (377, 377), 'rel': (-1, -3), 'buttons': (0, 0, 0), 'touch': False, 'window': None})>)
2025-05-19 16:48:48 - gestor_eventos - [DEBUG] - Procesando 4 eventos...
2025-05-19 16:48:48 - gestor_eventos - [DEBUG] -   Evento: MouseMotion (<Event(1024-MouseMotion {'pos': (376, 375), 'rel': (-1, -2), 'buttons': (0, 0, 0), 'touch': False, 'window': None})>)
2025-05-19 16:48:48 - gestor_eventos - [DEBUG] -   Evento: KeyDown (<Event(768-KeyDown {'unicode': 'd', 'key': 100, 'mod': 4096, 'scancode': 7, 'window': None})>)
2025-05-19 16:48:48 - gestor_eventos - [DEBUG] - GestorEventos: KEYDOWN d (100)
2025-05-19 16:48:48 - gestor_eventos - [DEBUG] -   Evento: TextInput (<Event(771-TextInput {'text': 'd', 'window': None})>)
2025-05-19 16:48:48 - gestor_eventos - [DEBUG] -   Evento: MouseMotion (<Event(1024-MouseMotion {'pos': (376, 374), 'rel': (0, -1), 'buttons': (0, 0, 0), 'touch': False, 'window': None})>)
2025-05-19 16:48:48 - gestor_eventos - [DEBUG] -   Evento: MouseMotion (<Event(1024-MouseMotion {'pos': (376, 373), 'rel': (0, -1), 'buttons': (0, 0, 0), 'touch': False, 'window': None})>)
2025-05-19 16:48:48 - gestor_eventos - [DEBUG] -   Evento: MouseMotion (<Event(1024-MouseMotion {'pos': (375, 372), 'rel': (-1, -1), 'buttons': (0, 0, 0), 'touch': False, 'window': None})>)
2025-05-19 16:48:48 - gestor_eventos - [DEBUG] - Procesando 1 eventos...
2025-05-19 16:48:48 - gestor_eventos - [DEBUG] -   Evento: MouseMotion (<Event(1024-MouseMotion {'pos': (375, 371), 'rel': (0, -1), 'buttons': (0, 0, 0), 'touch': False, 'window': None})>)
2025-05-19 16:48:49 - gestor_eventos - [DEBUG] -   Evento: MouseMotion (<Event(1024-MouseMotion {'pos': (374, 370), 'rel': (-1, -1), 'buttons': (0, 0, 0), 'touch': False, 'window': None})>)
2025-05-19 16:48:49 - gestor_eventos - [DEBUG] - Procesando 0 eventos...
2025-05-19 16:48:49 - gestor_eventos - [DEBUG] -   Evento: MouseMotion (<Event(1024-MouseMotion {'pos': (373, 369), 'rel': (-1, -1), 'buttons': (0, 0, 0), 'touch': False, 'window': None})>)
2025-05-19 16:48:49 - gestor_eventos - [DEBUG] - Procesando 0 eventos...
2025-05-19 16:48:49 - gestor_eventos - [DEBUG] - Procesando 0 eventos...
2025-05-19 16:48:49 - gestor_eventos - [DEBUG] - Procesando 1 eventos...
2025-05-19 16:48:49 - gestor_eventos - [DEBUG] -   Evento: MouseMotion (<Event(1024-MouseMotion {'pos': (372, 369), 'rel': (-1, 0), 'buttons': (0, 0, 0), 'touch': False, 'window': None})>)
2025-05-19 16:48:49 - gestor_eventos - [DEBUG] - Procesando 2 eventos...
2025-05-19 16:48:49 - gestor_eventos - [DEBUG] -   Evento: KeyDown (<Event(768-KeyDown {'unicode': ' ', 'key': 32, 'mod': 4096, 'scancode': 44, 'window': None})>)
2025-05-19 16:48:49 - gestor_eventos - [DEBUG] - GestorEventos: KEYDOWN space (32)
2025-05-19 16:48:49 - gestor_eventos - [DEBUG] - GestorEventos: K_SPACE (Atacar jugador) procesado.
2025-05-19 16:48:49 - gestor_eventos - [DEBUG] -   Evento: TextInput (<Event(771-TextInput {'text': ' ', 'window': None})>)
2025-05-19 16:48:49 - gestor_eventos - [DEBUG] -   Evento: MouseMotion (<Event(1024-MouseMotion {'pos': (371, 369), 'rel': (-1, 0), 'buttons': (0, 0, 0), 'touch': False, 'window': None})>)
2025-05-19 16:48:49 - gestor_eventos - [DEBUG] - Procesando 1 eventos...
2025-05-19 16:48:49 - gestor_eventos - [DEBUG] -   Evento: MouseMotion (<Event(1024-MouseMotion {'pos': (370, 369), 'rel': (-1, 0), 'buttons': (0, 0, 0), 'touch': False, 'window': None})>)
2025-05-19 16:48:49 - gestor_eventos - [DEBUG] -   Evento: MouseMotion (<Event(1024-MouseMotion {'pos': (369, 369), 'rel': (-1, 0), 'buttons': (0, 0, 0), 'touch': False, 'window': None})>)
2025-05-19 16:48:49 - gestor_eventos - [DEBUG] - Procesando 0 eventos...
2025-05-19 16:48:49 - gestor_eventos - [DEBUG] -   Evento: MouseMotion (<Event(1024-MouseMotion {'pos': (368, 370), 'rel': (-1, 1), 'buttons': (0, 0, 0), 'touch': False, 'window': None})>)
2025-05-19 16:48:49 - gestor_eventos - [DEBUG] - Procesando 1 eventos...
2025-05-19 16:48:49 - gestor_eventos - [DEBUG] -   Evento: MouseMotion (<Event(1024-MouseMotion {'pos': (367, 370), 'rel': (-1, 0), 'buttons': (0, 0, 0), 'touch': False, 'window': None})>)
2025-05-19 16:48:49 - gestor_eventos - [DEBUG] - Procesando 0 eventos...
2025-05-19 16:48:49 - gestor_eventos - [DEBUG] -   Evento: MouseMotion (<Event(1024-MouseMotion {'pos': (366, 370), 'rel': (-1, 0), 'buttons': (0, 0, 0), 'touch': False, 'window': None})>)
2025-05-19 16:48:49 - gestor_eventos - [DEBUG] - Procesando 2 eventos...
2025-05-19 16:48:49 - gestor_eventos - [DEBUG] -   Evento: MouseMotion (<Event(1024-MouseMotion {'pos': (365, 370), 'rel': (-1, 0), 'buttons': (0, 0, 0), 'touch': False, 'window': None})>)
2025-05-19 16:48:49 - gestor_eventos - [DEBUG] -   Evento: KeyUp (<Event(769-KeyUp {'unicode': ' ', 'key': 32, 'mod': 4096, 'scancode': 44, 'window': None})>)
2025-05-19 16:48:49 - gestor_eventos - [DEBUG] - Procesando 1 eventos...
2025-05-19 16:48:49 - gestor_eventos - [DEBUG] -   Evento: MouseMotion (<Event(1024-MouseMotion {'pos': (364, 370), 'rel': (-1, 0), 'buttons': (0, 0, 0), 'touch': False, 'window': None})>)
2025-05-19 16:48:49 - gestor_eventos - [DEBUG] -   Evento: MouseMotion (<Event(1024-MouseMotion {'pos': (363, 370), 'rel': (-1, 0), 'buttons': (0, 0, 0), 'touch': False, 'window': None})>)
2025-05-19 16:48:49 - gestor_eventos - [DEBUG] -   Evento: MouseMotion (<Event(1024-MouseMotion {'pos': (362, 370), 'rel': (-1, 0), 'buttons': (0, 0, 0), 'touch': False, 'window': None})>)
2025-05-19 16:48:49 - gestor_eventos - [DEBUG] -   Evento: MouseMotion (<Event(1024-MouseMotion {'pos': (361, 370), 'rel': (-1, 0), 'buttons': (0, 0, 0), 'touch': False, 'window': None})>)
2025-05-19 16:48:49 - gestor_eventos - [DEBUG] - Procesando 0 eventos...
2025-05-19 16:48:49 - gestor_eventos - [DEBUG] - Procesando 1 eventos...
2025-05-19 16:48:49 - gestor_eventos - [DEBUG] -   Evento: MouseMotion (<Event(1024-MouseMotion {'pos': (360, 370), 'rel': (-1, 0), 'buttons': (0, 0, 0), 'touch': False, 'window': None})>)
2025-05-19 16:48:49 - gestor_eventos - [DEBUG] -   Evento: MouseMotion (<Event(1024-MouseMotion {'pos': (358, 371), 'rel': (-2, 1), 'buttons': (0, 0, 0), 'touch': False, 'window': None})>)
2025-05-19 16:48:49 - gestor_eventos - [DEBUG] - Procesando 0 eventos...
2025-05-19 16:48:49 - gestor_eventos - [DEBUG] - Procesando 1 eventos...
2025-05-19 16:48:49 - gestor_eventos - [DEBUG] -   Evento: MouseMotion (<Event(1024-MouseMotion {'pos': (357, 371), 'rel': (-1, 0), 'buttons': (0, 0, 0), 'touch': False, 'window': None})>)
2025-05-19 16:48:49 - gestor_eventos - [DEBUG] -   Evento: MouseMotion (<Event(1024-MouseMotion {'pos': (356, 371), 'rel': (-1, 0), 'buttons': (0, 0, 0), 'touch': False, 'window': None})>)
2025-05-19 16:48:49 - gestor_eventos - [DEBUG] - Procesando 1 eventos...
2025-05-19 16:48:49 - gestor_eventos - [DEBUG] -   Evento: MouseMotion (<Event(1024-MouseMotion {'pos': (355, 371), 'rel': (-1, 0), 'buttons': (0, 0, 0), 'touch': False, 'window': None})>)
2025-05-19 16:48:49 - gestor_eventos - [DEBUG] - Procesando 0 eventos...
2025-05-19 16:48:49 - gestor_eventos - [DEBUG] -   Evento: MouseMotion (<Event(1024-MouseMotion {'pos': (354, 371), 'rel': (-1, 0), 'buttons': (0, 0, 0), 'touch': False, 'window': None})>)
2025-05-19 16:48:49 - gestor_eventos - [DEBUG] - Procesando 2 eventos...
2025-05-19 16:48:49 - gestor_eventos - [DEBUG] -   Evento: KeyDown (<Event(768-KeyDown {'unicode': 'a', 'key': 97, 'mod': 4096, 'scancode': 4, 'window': None})>)
2025-05-19 16:48:49 - gestor_eventos - [DEBUG] - GestorEventos: KEYDOWN a (97)
2025-05-19 16:48:49 - gestor_eventos - [DEBUG] -   Evento: TextInput (<Event(771-TextInput {'text': 'a', 'window': None})>)
2025-05-19 16:48:49 - gestor_eventos - [DEBUG] - Procesando 1 eventos...
2025-05-19 16:48:49 - gestor_eventos - [DEBUG] -   Evento: MouseMotion (<Event(1024-MouseMotion {'pos': (353, 371), 'rel': (-1, 0), 'buttons': (0, 0, 0), 'touch': False, 'window': None})>)
2025-05-19 16:48:49 - gestor_eventos - [DEBUG] -   Evento: MouseMotion (<Event(1024-MouseMotion {'pos': (352, 371), 'rel': (-1, 0), 'buttons': (0, 0, 0), 'touch': False, 'window': None})>)
2025-05-19 16:48:49 - gestor_eventos - [DEBUG] - Procesando 0 eventos...
2025-05-19 16:48:49 - gestor_eventos - [DEBUG] - Procesando 1 eventos...
2025-05-19 16:48:49 - gestor_eventos - [DEBUG] -   Evento: MouseMotion (<Event(1024-MouseMotion {'pos': (351, 371), 'rel': (-1, 0), 'buttons': (0, 0, 0), 'touch': False, 'window': None})>)
2025-05-19 16:48:49 - gestor_eventos - [DEBUG] - Procesando 0 eventos...
2025-05-19 16:48:49 - gestor_eventos - [DEBUG] -   Evento: MouseMotion (<Event(1024-MouseMotion {'pos': (350, 371), 'rel': (-1, 0), 'buttons': (0, 0, 0), 'touch': False, 'window': None})>)
2025-05-19 16:48:49 - gestor_eventos - [DEBUG] - Procesando 1 eventos...
2025-05-19 16:48:49 - gestor_eventos - [DEBUG] -   Evento: MouseMotion (<Event(1024-MouseMotion {'pos': (349, 371), 'rel': (-1, 0), 'buttons': (0, 0, 0), 'touch': False, 'window': None})>)
2025-05-19 16:48:49 - gestor_eventos - [DEBUG] -   Evento: MouseMotion (<Event(1024-MouseMotion {'pos': (348, 371), 'rel': (-1, 0), 'buttons': (0, 0, 0), 'touch': False, 'window': None})>)
2025-05-19 16:48:49 - gestor_eventos - [DEBUG] - Procesando 2 eventos...
2025-05-19 16:48:49 - gestor_eventos - [DEBUG] -   Evento: KeyDown (<Event(768-KeyDown {'unicode': ' ', 'key': 32, 'mod': 4096, 'scancode': 44, 'window': None})>)
2025-05-19 16:48:49 - gestor_eventos - [DEBUG] - GestorEventos: KEYDOWN space (32)
2025-05-19 16:48:49 - gestor_eventos - [DEBUG] - GestorEventos: K_SPACE (Atacar jugador) procesado.
2025-05-19 16:48:49 - gestor_eventos - [DEBUG] -   Evento: TextInput (<Event(771-TextInput {'text': ' ', 'window': None})>)
2025-05-19 16:48:49 - gestor_eventos - [DEBUG] -   Evento: MouseMotion (<Event(1024-MouseMotion {'pos': (347, 371), 'rel': (-1, 0), 'buttons': (0, 0, 0), 'touch': False, 'window': None})>)
2025-05-19 16:48:49 - gestor_eventos - [DEBUG] - Procesando 1 eventos...
2025-05-19 16:48:49 - gestor_eventos - [DEBUG] -   Evento: MouseMotion (<Event(1024-MouseMotion {'pos': (346, 371), 'rel': (-1, 0), 'buttons': (0, 0, 0), 'touch': False, 'window': None})>)
2025-05-19 16:48:49 - gestor_eventos - [DEBUG] -   Evento: KeyUp (<Event(769-KeyUp {'unicode': 'a', 'key': 97, 'mod': 4096, 'scancode': 4, 'window': None})>)
2025-05-19 16:48:49 - gestor_eventos - [DEBUG] -   Evento: MouseMotion (<Event(1024-MouseMotion {'pos': (345, 372), 'rel': (-1, 1), 'buttons': (0, 0, 0), 'touch': False, 'window': None})>)
2025-05-19 16:48:49 - gestor_eventos - [DEBUG] - Procesando 0 eventos...
2025-05-19 16:48:49 - gestor_eventos - [DEBUG] - Procesando 1 eventos...
2025-05-19 16:48:49 - gestor_eventos - [DEBUG] -   Evento: MouseMotion (<Event(1024-MouseMotion {'pos': (344, 372), 'rel': (-1, 0), 'buttons': (0, 0, 0), 'touch': False, 'window': None})>)
2025-05-19 16:48:49 - gestor_eventos - [DEBUG] -   Evento: MouseMotion (<Event(1024-MouseMotion {'pos': (343, 372), 'rel': (-1, 0), 'buttons': (0, 0, 0), 'touch': False, 'window': None})>)
2025-05-19 16:48:49 - gestor_eventos - [DEBUG] -   Evento: MouseMotion (<Event(1024-MouseMotion {'pos': (341, 372), 'rel': (-2, 0), 'buttons': (0, 0, 0), 'touch': False, 'window': None})>)
2025-05-19 16:48:49 - gestor_eventos - [DEBUG] - Procesando 0 eventos...
2025-05-19 16:48:49 - gestor_eventos - [DEBUG] - Procesando 1 eventos...
2025-05-19 16:48:49 - gestor_eventos - [DEBUG] -   Evento: MouseMotion (<Event(1024-MouseMotion {'pos': (340, 372), 'rel': (-1, 0), 'buttons': (0, 0, 0), 'touch': False, 'window': None})>)
2025-05-19 16:48:49 - gestor_eventos - [DEBUG] -   Evento: MouseMotion (<Event(1024-MouseMotion {'pos': (339, 373), 'rel': (-1, 1), 'buttons': (0, 0, 0), 'touch': False, 'window': None})>)
2025-05-19 16:48:50 - gestor_eventos - [DEBUG] -   Evento: MouseMotion (<Event(1024-MouseMotion {'pos': (338, 373), 'rel': (-1, 0), 'buttons': (0, 0, 0), 'touch': False, 'window': None})>)
2025-05-19 16:48:50 - gestor_eventos - [DEBUG] -   Evento: MouseMotion (<Event(1024-MouseMotion {'pos': (337, 373), 'rel': (-1, 0), 'buttons': (0, 0, 0), 'touch': False, 'window': None})>)
2025-05-19 16:48:50 - gestor_eventos - [DEBUG] - Procesando 0 eventos...
2025-05-19 16:48:50 - gestor_eventos - [DEBUG] - Procesando 1 eventos...
2025-05-19 16:48:50 - gestor_eventos - [DEBUG] -   Evento: MouseMotion (<Event(1024-MouseMotion {'pos': (336, 373), 'rel': (-1, 0), 'buttons': (0, 0, 0), 'touch': False, 'window': None})>)
2025-05-19 16:48:50 - gestor_eventos - [DEBUG] - Procesando 2 eventos...
2025-05-19 16:48:50 - gestor_eventos - [DEBUG] -   Evento: MouseMotion (<Event(1024-MouseMotion {'pos': (335, 373), 'rel': (-1, 0), 'buttons': (0, 0, 0), 'touch': False, 'window': None})>)
2025-05-19 16:48:50 - gestor_eventos - [DEBUG] -   Evento: KeyUp (<Event(769-KeyUp {'unicode': ' ', 'key': 32, 'mod': 4096, 'scancode': 44, 'window': None})>)
2025-05-19 16:48:50 - gestor_eventos - [DEBUG] -   Evento: MouseMotion (<Event(1024-MouseMotion {'pos': (334, 373), 'rel': (-1, 0), 'buttons': (0, 0, 0), 'touch': False, 'window': None})>)
2025-05-19 16:48:50 - gestor_eventos - [DEBUG] -   Evento: MouseMotion (<Event(1024-MouseMotion {'pos': (333, 373), 'rel': (-1, 0), 'buttons': (0, 0, 0), 'touch': False, 'window': None})>)
2025-05-19 16:48:50 - gestor_eventos - [DEBUG] - Procesando 1 eventos...
2025-05-19 16:48:50 - gestor_eventos - [DEBUG] -   Evento: MouseMotion (<Event(1024-MouseMotion {'pos': (332, 373), 'rel': (-1, 0), 'buttons': (0, 0, 0), 'touch': False, 'window': None})>)
2025-05-19 16:48:50 - gestor_eventos - [DEBUG] - Procesando 0 eventos...
2025-05-19 16:48:50 - gestor_eventos - [DEBUG] - Procesando 1 eventos...
2025-05-19 16:48:50 - gestor_eventos - [DEBUG] -   Evento: MouseMotion (<Event(1024-MouseMotion {'pos': (331, 374), 'rel': (-1, 1), 'buttons': (0, 0, 0), 'touch': False, 'window': None})>)
2025-05-19 16:48:50 - gestor_eventos - [DEBUG] - Procesando 0 eventos...
2025-05-19 16:48:50 - gestor_eventos - [DEBUG] -   Evento: MouseMotion (<Event(1024-MouseMotion {'pos': (330, 374), 'rel': (-1, 0), 'buttons': (0, 0, 0), 'touch': False, 'window': None})>)
2025-05-19 16:48:50 - gestor_eventos - [DEBUG] - Procesando 0 eventos...
2025-05-19 16:48:50 - gestor_eventos - [DEBUG] - Procesando 1 eventos...
2025-05-19 16:48:50 - gestor_eventos - [DEBUG] -   Evento: MouseMotion (<Event(1024-MouseMotion {'pos': (329, 374), 'rel': (-1, 0), 'buttons': (0, 0, 0), 'touch': False, 'window': None})>)
2025-05-19 16:48:50 - gestor_eventos - [DEBUG] - Procesando 2 eventos...
2025-05-19 16:48:50 - gestor_eventos - [DEBUG] -   Evento: KeyDown (<Event(768-KeyDown {'unicode': 'a', 'key': 97, 'mod': 4096, 'scancode': 4, 'window': None})>)
2025-05-19 16:48:50 - gestor_eventos - [DEBUG] - GestorEventos: KEYDOWN a (97)
2025-05-19 16:48:50 - gestor_eventos - [DEBUG] -   Evento: TextInput (<Event(771-TextInput {'text': 'a', 'window': None})>)
2025-05-19 16:48:50 - gestor_eventos - [DEBUG] -   Evento: MouseMotion (<Event(1024-MouseMotion {'pos': (328, 374), 'rel': (-1, 0), 'buttons': (0, 0, 0), 'touch': False, 'window': None})>)
2025-05-19 16:48:50 - gestor_eventos - [DEBUG] - Procesando 0 eventos...
2025-05-19 16:48:50 - gestor_eventos - [DEBUG] - Procesando 1 eventos...
2025-05-19 16:48:50 - gestor_eventos - [DEBUG] -   Evento: MouseMotion (<Event(1024-MouseMotion {'pos': (327, 374), 'rel': (-1, 0), 'buttons': (0, 0, 0), 'touch': False, 'window': None})>)
2025-05-19 16:48:50 - gestor_eventos - [DEBUG] - Procesando 3 eventos...
2025-05-19 16:48:50 - gestor_eventos - [DEBUG] -   Evento: KeyUp (<Event(769-KeyUp {'unicode': 'd', 'key': 100, 'mod': 4096, 'scancode': 7, 'window': None})>)
2025-05-19 16:48:50 - gestor_eventos - [DEBUG] -   Evento: KeyDown (<Event(768-KeyDown {'unicode': ' ', 'key': 32, 'mod': 4096, 'scancode': 44, 'window': None})>)
2025-05-19 16:48:50 - gestor_eventos - [DEBUG] - GestorEventos: KEYDOWN space (32)
2025-05-19 16:48:50 - gestor_eventos - [DEBUG] - GestorEventos: K_SPACE (Atacar jugador) procesado.
2025-05-19 16:48:50 - gestor_eventos - [DEBUG] -   Evento: TextInput (<Event(771-TextInput {'text': ' ', 'window': None})>)
2025-05-19 16:48:50 - gestor_eventos - [DEBUG] - Procesando 0 eventos...
2025-05-19 16:48:50 - gestor_eventos - [DEBUG] - Procesando 1 eventos...
2025-05-19 16:48:50 - gestor_eventos - [DEBUG] -   Evento: MouseMotion (<Event(1024-MouseMotion {'pos': (326, 374), 'rel': (-1, 0), 'buttons': (0, 0, 0), 'touch': False, 'window': None})>)
2025-05-19 16:48:50 - gestor_eventos - [DEBUG] -   Evento: MouseMotion (<Event(1024-MouseMotion {'pos': (326, 375), 'rel': (0, 1), 'buttons': (0, 0, 0), 'touch': False, 'window': None})>)
2025-05-19 16:48:50 - gestor_eventos - [DEBUG] - Procesando 0 eventos...
2025-05-19 16:48:50 - gestor_eventos - [DEBUG] - Procesando 1 eventos...
2025-05-19 16:48:50 - gestor_eventos - [DEBUG] -   Evento: MouseMotion (<Event(1024-MouseMotion {'pos': (325, 375), 'rel': (-1, 0), 'buttons': (0, 0, 0), 'touch': False, 'window': None})>)
2025-05-19 16:48:50 - gestor_eventos - [DEBUG] - Procesando 2 eventos...
2025-05-19 16:48:50 - gestor_eventos - [DEBUG] -   Evento: KeyDown (<Event(768-KeyDown {'unicode': 'd', 'key': 100, 'mod': 4096, 'scancode': 7, 'window': None})>)
2025-05-19 16:48:50 - gestor_eventos - [DEBUG] - GestorEventos: KEYDOWN d (100)
2025-05-19 16:48:50 - gestor_eventos - [DEBUG] -   Evento: TextInput (<Event(771-TextInput {'text': 'd', 'window': None})>)
2025-05-19 16:48:50 - gestor_eventos - [DEBUG] -   Evento: MouseMotion (<Event(1024-MouseMotion {'pos': (324, 375), 'rel': (-1, 0), 'buttons': (0, 0, 0), 'touch': False, 'window': None})>)
2025-05-19 16:48:50 - gestor_eventos - [DEBUG] -   Evento: KeyUp (<Event(769-KeyUp {'unicode': 'a', 'key': 97, 'mod': 4096, 'scancode': 4, 'window': None})>)
2025-05-19 16:48:50 - gestor_eventos - [DEBUG] - Procesando 1 eventos...
2025-05-19 16:48:50 - gestor_eventos - [DEBUG] -   Evento: MouseMotion (<Event(1024-MouseMotion {'pos': (323, 375), 'rel': (-1, 0), 'buttons': (0, 0, 0), 'touch': False, 'window': None})>)
2025-05-19 16:48:50 - gestor_eventos - [DEBUG] -   Evento: MouseMotion (<Event(1024-MouseMotion {'pos': (322, 375), 'rel': (-1, 0), 'buttons': (0, 0, 0), 'touch': False, 'window': None})>)
2025-05-19 16:48:50 - gestor_eventos - [DEBUG] - Procesando 2 eventos...
2025-05-19 16:48:50 - gestor_eventos - [DEBUG] -   Evento: KeyUp (<Event(769-KeyUp {'unicode': ' ', 'key': 32, 'mod': 4096, 'scancode': 44, 'window': None})>)
2025-05-19 16:48:50 - gestor_eventos - [DEBUG] -   Evento: MouseMotion (<Event(1024-MouseMotion {'pos': (321, 375), 'rel': (-1, 0), 'buttons': (0, 0, 0), 'touch': False, 'window': None})>)
2025-05-19 16:48:50 - gestor_eventos - [DEBUG] -   Evento: MouseMotion (<Event(1024-MouseMotion {'pos': (320, 375), 'rel': (-1, 0), 'buttons': (0, 0, 0), 'touch': False, 'window': None})>)
2025-05-19 16:48:50 - gestor_eventos - [DEBUG] - Procesando 0 eventos...
2025-05-19 16:48:50 - gestor_eventos - [DEBUG] - Procesando 0 eventos...
2025-05-19 16:48:50 - gestor_eventos - [DEBUG] - Procesando 0 eventos...
2025-05-19 16:48:50 - gestor_eventos - [DEBUG] - Procesando 0 eventos...
2025-05-19 16:48:50 - gestor_eventos - [DEBUG] - Procesando 1 eventos...
2025-05-19 16:48:50 - gestor_eventos - [DEBUG] -   Evento: MouseMotion (<Event(1024-MouseMotion {'pos': (319, 375), 'rel': (-1, 0), 'buttons': (0, 0, 0), 'touch': False, 'window': None})>)
2025-05-19 16:48:50 - gestor_eventos - [DEBUG] - Procesando 0 eventos...
2025-05-19 16:48:50 - gestor_eventos - [DEBUG] - Procesando 1 eventos...
2025-05-19 16:48:50 - gestor_eventos - [DEBUG] -   Evento: MouseMotion (<Event(1024-MouseMotion {'pos': (319, 376), 'rel': (0, 1), 'buttons': (0, 0, 0), 'touch': False, 'window': None})>)
2025-05-19 16:48:50 - gestor_eventos - [DEBUG] - Procesando 0 eventos...
2025-05-19 16:48:50 - gestor_eventos - [DEBUG] -   Evento: MouseMotion (<Event(1024-MouseMotion {'pos': (318, 376), 'rel': (-1, 0), 'buttons': (0, 0, 0), 'touch': False, 'window': None})>)
2025-05-19 16:48:51 - gestor_eventos - [DEBUG] - Procesando 2 eventos...
2025-05-19 16:48:51 - gestor_eventos - [DEBUG] -   Evento: KeyDown (<Event(768-KeyDown {'unicode': 'a', 'key': 97, 'mod': 4096, 'scancode': 4, 'window': None})>)
2025-05-19 16:48:51 - gestor_eventos - [DEBUG] - GestorEventos: KEYDOWN a (97)
2025-05-19 16:48:51 - gestor_eventos - [DEBUG] -   Evento: TextInput (<Event(771-TextInput {'text': 'a', 'window': None})>)
2025-05-19 16:48:51 - gestor_eventos - [DEBUG] - Procesando 0 eventos...
2025-05-19 16:48:51 - gestor_eventos - [DEBUG] - Procesando 1 eventos...
2025-05-19 16:48:51 - gestor_eventos - [DEBUG] -   Evento: MouseMotion (<Event(1024-MouseMotion {'pos': (317, 376), 'rel': (-1, 0), 'buttons': (0, 0, 0), 'touch': False, 'window': None})>)
2025-05-19 16:48:51 - gestor_eventos - [DEBUG] -   Evento: KeyUp (<Event(769-KeyUp {'unicode': 'd', 'key': 100, 'mod': 4096, 'scancode': 7, 'window': None})>)
2025-05-19 16:48:51 - gestor_eventos - [DEBUG] - Procesando 0 eventos...
2025-05-19 16:48:51 - gestor_eventos - [DEBUG] - Procesando 0 eventos...
2025-05-19 16:48:51 - gestor_eventos - [DEBUG] - Procesando 2 eventos...
2025-05-19 16:48:51 - gestor_eventos - [DEBUG] -   Evento: KeyDown (<Event(768-KeyDown {'unicode': ' ', 'key': 32, 'mod': 4096, 'scancode': 44, 'window': None})>)
2025-05-19 16:48:51 - gestor_eventos - [DEBUG] - GestorEventos: KEYDOWN space (32)
2025-05-19 16:48:51 - gestor_eventos - [DEBUG] - GestorEventos: K_SPACE (Atacar jugador) procesado.
2025-05-19 16:48:51 - gestor_eventos - [DEBUG] -   Evento: TextInput (<Event(771-TextInput {'text': ' ', 'window': None})>)
2025-05-19 16:48:51 - gestor_eventos - [DEBUG] - Procesando 1 eventos...
2025-05-19 16:48:51 - gestor_eventos - [DEBUG] -   Evento: MouseMotion (<Event(1024-MouseMotion {'pos': (316, 376), 'rel': (-1, 0), 'buttons': (0, 0, 0), 'touch': False, 'window': None})>)
2025-05-19 16:48:51 - gestor_eventos - [DEBUG] - Procesando 0 eventos...
2025-05-19 16:48:51 - gestor_eventos - [DEBUG] - Procesando 1 eventos...
2025-05-19 16:48:51 - gestor_eventos - [DEBUG] -   Evento: MouseMotion (<Event(1024-MouseMotion {'pos': (315, 377), 'rel': (-1, 1), 'buttons': (0, 0, 0), 'touch': False, 'window': None})>)
2025-05-19 16:48:51 - gestor_eventos - [DEBUG] -   Evento: MouseMotion (<Event(1024-MouseMotion {'pos': (314, 377), 'rel': (-1, 0), 'buttons': (0, 0, 0), 'touch': False, 'window': None})>)
2025-05-19 16:48:51 - gestor_eventos - [DEBUG] - Procesando 0 eventos...
2025-05-19 16:48:51 - gestor_eventos - [DEBUG] - Procesando 1 eventos...
2025-05-19 16:48:51 - gestor_eventos - [DEBUG] -   Evento: KeyUp (<Event(769-KeyUp {'unicode': 'a', 'key': 97, 'mod': 4096, 'scancode': 4, 'window': None})>)
2025-05-19 16:48:51 - gestor_eventos - [DEBUG] - Procesando 0 eventos...
2025-05-19 16:48:51 - gestor_eventos - [DEBUG] -   Evento: KeyUp (<Event(769-KeyUp {'unicode': ' ', 'key': 32, 'mod': 4096, 'scancode': 44, 'window': None})>)
2025-05-19 16:48:51 - gestor_eventos - [DEBUG] - Procesando 2 eventos...
2025-05-19 16:48:51 - gestor_eventos - [DEBUG] -   Evento: KeyDown (<Event(768-KeyDown {'unicode': 'd', 'key': 100, 'mod': 4096, 'scancode': 7, 'window': None})>)
2025-05-19 16:48:51 - gestor_eventos - [DEBUG] - GestorEventos: KEYDOWN d (100)
2025-05-19 16:48:51 - gestor_eventos - [DEBUG] -   Evento: TextInput (<Event(771-TextInput {'text': 'd', 'window': None})>)
2025-05-19 16:48:51 - gestor_eventos - [DEBUG] - Procesando 0 eventos...
2025-05-19 16:48:51 - gestor_eventos - [DEBUG] - Procesando 0 eventos...
2025-05-19 16:48:51 - gestor_eventos - [DEBUG] - Procesando 2 eventos...
2025-05-19 16:48:51 - gestor_eventos - [DEBUG] -   Evento: KeyDown (<Event(768-KeyDown {'unicode': 'a', 'key': 97, 'mod': 4096, 'scancode': 4, 'window': None})>)
2025-05-19 16:48:51 - gestor_eventos - [DEBUG] - GestorEventos: KEYDOWN a (97)
2025-05-19 16:48:51 - gestor_eventos - [DEBUG] -   Evento: TextInput (<Event(771-TextInput {'text': 'a', 'window': None})>)
2025-05-19 16:48:51 - gestor_eventos - [DEBUG] - Procesando 1 eventos...
2025-05-19 16:48:51 - gestor_eventos - [DEBUG] -   Evento: KeyUp (<Event(769-KeyUp {'unicode': 'd', 'key': 100, 'mod': 4096, 'scancode': 7, 'window': None})>)
2025-05-19 16:48:51 - gestor_eventos - [DEBUG] - Procesando 0 eventos...
2025-05-19 16:48:51 - gestor_eventos - [DEBUG] -   Evento: MouseMotion (<Event(1024-MouseMotion {'pos': (314, 378), 'rel': (0, 1), 'buttons': (0, 0, 0), 'touch': False, 'window': None})>)
2025-05-19 16:48:51 - gestor_eventos - [DEBUG] - Procesando 0 eventos...
2025-05-19 16:48:51 - gestor_eventos - [DEBUG] - Procesando 0 eventos...
2025-05-19 16:48:51 - gestor_eventos - [DEBUG] - Procesando 2 eventos...
2025-05-19 16:48:51 - gestor_eventos - [DEBUG] -   Evento: KeyDown (<Event(768-KeyDown {'unicode': 'd', 'key': 100, 'mod': 4096, 'scancode': 7, 'window': None})>)
2025-05-19 16:48:51 - gestor_eventos - [DEBUG] - GestorEventos: KEYDOWN d (100)
2025-05-19 16:48:51 - gestor_eventos - [DEBUG] -   Evento: TextInput (<Event(771-TextInput {'text': 'd', 'window': None})>)
2025-05-19 16:48:51 - gestor_eventos - [DEBUG] - Procesando 1 eventos...
2025-05-19 16:48:51 - gestor_eventos - [DEBUG] -   Evento: KeyUp (<Event(769-KeyUp {'unicode': 'a', 'key': 97, 'mod': 4096, 'scancode': 4, 'window': None})>)
2025-05-19 16:48:51 - gestor_eventos - [DEBUG] - Procesando 0 eventos...
2025-05-19 16:48:51 - gestor_eventos - [DEBUG] - Procesando 2 eventos...
2025-05-19 16:48:51 - gestor_eventos - [DEBUG] -   Evento: KeyDown (<Event(768-KeyDown {'unicode': 'a', 'key': 97, 'mod': 4096, 'scancode': 4, 'window': None})>)
2025-05-19 16:48:51 - gestor_eventos - [DEBUG] - GestorEventos: KEYDOWN a (97)
2025-05-19 16:48:51 - gestor_eventos - [DEBUG] -   Evento: TextInput (<Event(771-TextInput {'text': 'a', 'window': None})>)
2025-05-19 16:48:51 - gestor_eventos - [DEBUG] -   Evento: KeyDown (<Event(768-KeyDown {'unicode': ' ', 'key': 32, 'mod': 4096, 'scancode': 44, 'window': None})>)
2025-05-19 16:48:51 - gestor_eventos - [DEBUG] - GestorEventos: KEYDOWN space (32)
2025-05-19 16:48:51 - gestor_eventos - [DEBUG] - GestorEventos: K_SPACE (Atacar jugador) procesado.
2025-05-19 16:48:51 - gestor_eventos - [DEBUG] -   Evento: TextInput (<Event(771-TextInput {'text': ' ', 'window': None})>)
2025-05-19 16:48:51 - gestor_eventos - [DEBUG] - Procesando 0 eventos...
2025-05-19 16:48:51 - gestor_eventos - [DEBUG] - Procesando 1 eventos...
2025-05-19 16:48:51 - gestor_eventos - [DEBUG] -   Evento: KeyUp (<Event(769-KeyUp {'unicode': 'd', 'key': 100, 'mod': 4096, 'scancode': 7, 'window': None})>)
2025-05-19 16:48:51 - gestor_eventos - [DEBUG] - Procesando 0 eventos...
2025-05-19 16:48:52 - gestor_eventos - [DEBUG] - Procesando 0 eventos...
2025-05-19 16:48:52 - gestor_eventos - [DEBUG] - Procesando 2 eventos...
2025-05-19 16:48:52 - gestor_eventos - [DEBUG] -   Evento: MouseMotion (<Event(1024-MouseMotion {'pos': (313, 378), 'rel': (-1, 0), 'buttons': (0, 0, 0), 'touch': False, 'window': None})>)
2025-05-19 16:48:52 - gestor_eventos - [DEBUG] -   Evento: KeyUp (<Event(769-KeyUp {'unicode': ' ', 'key': 32, 'mod': 4096, 'scancode': 44, 'window': None})>)
2025-05-19 16:48:52 - gestor_eventos - [DEBUG] - Procesando 1 eventos...
2025-05-19 16:48:52 - gestor_eventos - [DEBUG] -   Evento: MouseMotion (<Event(1024-MouseMotion {'pos': (310, 378), 'rel': (-3, 0), 'buttons': (0, 0, 0), 'touch': False, 'window': None})>)
2025-05-19 16:48:52 - gestor_eventos - [DEBUG] -   Evento: MouseMotion (<Event(1024-MouseMotion {'pos': (308, 378), 'rel': (-2, 0), 'buttons': (0, 0, 0), 'touch': False, 'window': None})>)
2025-05-19 16:48:52 - gestor_eventos - [DEBUG] -   Evento: MouseMotion (<Event(1024-MouseMotion {'pos': (305, 378), 'rel': (-3, 0), 'buttons': (0, 0, 0), 'touch': False, 'window': None})>)
2025-05-19 16:48:52 - gestor_eventos - [DEBUG] -   Evento: MouseMotion (<Event(1024-MouseMotion {'pos': (303, 379), 'rel': (-2, 1), 'buttons': (0, 0, 0), 'touch': False, 'window': None})>)
2025-05-19 16:48:52 - gestor_eventos - [DEBUG] - Procesando 1 eventos...
2025-05-19 16:48:52 - gestor_eventos - [DEBUG] -   Evento: MouseMotion (<Event(1024-MouseMotion {'pos': (300, 380), 'rel': (-3, 1), 'buttons': (0, 0, 0), 'touch': False, 'window': None})>)
2025-05-19 16:48:52 - gestor_eventos - [DEBUG] -   Evento: MouseMotion (<Event(1024-MouseMotion {'pos': (298, 381), 'rel': (-2, 1), 'buttons': (0, 0, 0), 'touch': False, 'window': None})>)
2025-05-19 16:48:52 - gestor_eventos - [DEBUG] -   Evento: MouseMotion (<Event(1024-MouseMotion {'pos': (295, 383), 'rel': (-3, 2), 'buttons': (0, 0, 0), 'touch': False, 'window': None})>)
2025-05-19 16:48:52 - gestor_eventos - [DEBUG] - Procesando 4 eventos...
2025-05-19 16:48:52 - gestor_eventos - [DEBUG] -   Evento: MouseMotion (<Event(1024-MouseMotion {'pos': (293, 385), 'rel': (-2, 2), 'buttons': (0, 0, 0), 'touch': False, 'window': None})>)
2025-05-19 16:48:52 - gestor_eventos - [DEBUG] -   Evento: KeyDown (<Event(768-KeyDown {'unicode': ' ', 'key': 32, 'mod': 4096, 'scancode': 44, 'window': None})>)
2025-05-19 16:48:52 - gestor_eventos - [DEBUG] - GestorEventos: KEYDOWN space (32)
2025-05-19 16:48:52 - gestor_eventos - [DEBUG] - GestorEventos: K_SPACE (Atacar jugador) procesado.
2025-05-19 16:48:52 - gestor_eventos - [DEBUG] -   Evento: TextInput (<Event(771-TextInput {'text': ' ', 'window': None})>)
2025-05-19 16:48:52 - gestor_eventos - [DEBUG] -   Evento: MouseMotion (<Event(1024-MouseMotion {'pos': (292, 386), 'rel': (-1, 1), 'buttons': (0, 0, 0), 'touch': False, 'window': None})>)
2025-05-19 16:48:52 - gestor_eventos - [DEBUG] - Procesando 1 eventos...
2025-05-19 16:48:52 - gestor_eventos - [DEBUG] -   Evento: MouseMotion (<Event(1024-MouseMotion {'pos': (289, 389), 'rel': (-3, 3), 'buttons': (0, 0, 0), 'touch': False, 'window': None})>)
2025-05-19 16:48:52 - gestor_eventos - [DEBUG] -   Evento: MouseMotion (<Event(1024-MouseMotion {'pos': (286, 392), 'rel': (-3, 3), 'buttons': (0, 0, 0), 'touch': False, 'window': None})>)
2025-05-19 16:48:52 - gestor_eventos - [DEBUG] -   Evento: MouseMotion (<Event(1024-MouseMotion {'pos': (284, 394), 'rel': (-2, 2), 'buttons': (0, 0, 0), 'touch': False, 'window': None})>)
2025-05-19 16:48:52 - gestor_eventos - [DEBUG] - Procesando 1 eventos...
2025-05-19 16:48:52 - gestor_eventos - [DEBUG] -   Evento: MouseMotion (<Event(1024-MouseMotion {'pos': (283, 395), 'rel': (-1, 1), 'buttons': (0, 0, 0), 'touch': False, 'window': None})>)
2025-05-19 16:48:52 - gestor_eventos - [DEBUG] - Procesando 0 eventos...
2025-05-19 16:48:52 - gestor_eventos - [DEBUG] -   Evento: KeyUp (<Event(769-KeyUp {'unicode': 'a', 'key': 97, 'mod': 4096, 'scancode': 4, 'window': None})>)
2025-05-19 16:48:52 - gestor_eventos - [DEBUG] - Procesando 1 eventos...
2025-05-19 16:48:52 - gestor_eventos - [DEBUG] -   Evento: KeyUp (<Event(769-KeyUp {'unicode': ' ', 'key': 32, 'mod': 4096, 'scancode': 44, 'window': None})>)
2025-05-19 16:48:52 - gestor_eventos - [DEBUG] - Procesando 0 eventos...
2025-05-19 16:48:52 - gestor_eventos - [DEBUG] - Procesando 2 eventos...
2025-05-19 16:48:52 - gestor_eventos - [DEBUG] -   Evento: KeyDown (<Event(768-KeyDown {'unicode': 'a', 'key': 97, 'mod': 4096, 'scancode': 4, 'window': None})>)
2025-05-19 16:48:52 - gestor_eventos - [DEBUG] - GestorEventos: KEYDOWN a (97)
2025-05-19 16:48:52 - gestor_eventos - [DEBUG] -   Evento: TextInput (<Event(771-TextInput {'text': 'a', 'window': None})>)
2025-05-19 16:48:52 - gestor_eventos - [DEBUG] - Procesando 0 eventos...
2025-05-19 16:48:52 - gestor_eventos - [DEBUG] - Procesando 2 eventos...
2025-05-19 16:48:52 - gestor_eventos - [DEBUG] -   Evento: KeyDown (<Event(768-KeyDown {'unicode': ' ', 'key': 32, 'mod': 4096, 'scancode': 44, 'window': None})>)
2025-05-19 16:48:52 - gestor_eventos - [DEBUG] - GestorEventos: KEYDOWN space (32)
2025-05-19 16:48:52 - gestor_eventos - [DEBUG] - GestorEventos: K_SPACE (Atacar jugador) procesado.
2025-05-19 16:48:52 - gestor_eventos - [DEBUG] -   Evento: TextInput (<Event(771-TextInput {'text': ' ', 'window': None})>)
2025-05-19 16:48:52 - gestor_eventos - [DEBUG] - Procesando 0 eventos...
2025-05-19 16:48:52 - gestor_eventos - [DEBUG] - Procesando 1 eventos...
2025-05-19 16:48:52 - gestor_eventos - [DEBUG] -   Evento: KeyUp (<Event(769-KeyUp {'unicode': ' ', 'key': 32, 'mod': 4096, 'scancode': 44, 'window': None})>)
2025-05-19 16:48:52 - gestor_eventos - [DEBUG] - Procesando 0 eventos...
2025-05-19 16:48:52 - gestor_eventos - [DEBUG] - Procesando 0 eventos...
2025-05-19 16:48:52 - gestor_eventos - [DEBUG] - Procesando 2 eventos...
2025-05-19 16:48:52 - gestor_eventos - [DEBUG] -   Evento: KeyDown (<Event(768-KeyDown {'unicode': ' ', 'key': 32, 'mod': 4096, 'scancode': 44, 'window': None})>)
2025-05-19 16:48:52 - gestor_eventos - [DEBUG] - GestorEventos: KEYDOWN space (32)
2025-05-19 16:48:52 - gestor_eventos - [DEBUG] - GestorEventos: K_SPACE (Atacar jugador) procesado.
2025-05-19 16:48:52 - gestor_eventos - [DEBUG] -   Evento: TextInput (<Event(771-TextInput {'text': ' ', 'window': None})>)
2025-05-19 16:48:52 - gestor_eventos - [DEBUG] - Procesando 0 eventos...
2025-05-19 16:48:52 - gestor_eventos - [DEBUG] - Procesando 1 eventos...
2025-05-19 16:48:52 - gestor_eventos - [DEBUG] -   Evento: KeyUp (<Event(769-KeyUp {'unicode': ' ', 'key': 32, 'mod': 4096, 'scancode': 44, 'window': None})>)
2025-05-19 16:48:52 - gestor_eventos - [DEBUG] - Procesando 0 eventos...
2025-05-19 16:48:52 - gestor_eventos - [DEBUG] - Procesando 2 eventos...
2025-05-19 16:48:52 - gestor_eventos - [DEBUG] -   Evento: KeyDown (<Event(768-KeyDown {'unicode': ' ', 'key': 32, 'mod': 4096, 'scancode': 44, 'window': None})>)
2025-05-19 16:48:52 - gestor_eventos - [DEBUG] - GestorEventos: KEYDOWN space (32)
2025-05-19 16:48:52 - gestor_eventos - [DEBUG] - GestorEventos: K_SPACE (Atacar jugador) procesado.
2025-05-19 16:48:52 - gestor_eventos - [DEBUG] -   Evento: TextInput (<Event(771-TextInput {'text': ' ', 'window': None})>)
2025-05-19 16:48:52 - gestor_eventos - [DEBUG] - Procesando 0 eventos...
2025-05-19 16:48:52 - gestor_eventos - [DEBUG] - Procesando 1 eventos...
2025-05-19 16:48:52 - gestor_eventos - [DEBUG] -   Evento: MouseMotion (<Event(1024-MouseMotion {'pos': (281, 397), 'rel': (-2, 2), 'buttons': (0, 0, 0), 'touch': False, 'window': None})>)
2025-05-19 16:48:52 - gestor_eventos - [DEBUG] -   Evento: MouseMotion (<Event(1024-MouseMotion {'pos': (278, 400), 'rel': (-3, 3), 'buttons': (0, 0, 0), 'touch': False, 'window': None})>)
2025-05-19 16:48:52 - gestor_eventos - [DEBUG] -   Evento: MouseMotion (<Event(1024-MouseMotion {'pos': (274, 403), 'rel': (-4, 3), 'buttons': (0, 0, 0), 'touch': False, 'window': None})>)
2025-05-19 16:48:52 - gestor_eventos - [DEBUG] - Procesando 2 eventos...
2025-05-19 16:48:52 - gestor_eventos - [DEBUG] -   Evento: KeyUp (<Event(769-KeyUp {'unicode': ' ', 'key': 32, 'mod': 4096, 'scancode': 44, 'window': None})>)
2025-05-19 16:48:52 - gestor_eventos - [DEBUG] -   Evento: MouseMotion (<Event(1024-MouseMotion {'pos': (270, 408), 'rel': (-4, 5), 'buttons': (0, 0, 0), 'touch': False, 'window': None})>)
2025-05-19 16:48:52 - gestor_eventos - [DEBUG] - Procesando 1 eventos...
2025-05-19 16:48:52 - gestor_eventos - [DEBUG] -   Evento: MouseMotion (<Event(1024-MouseMotion {'pos': (266, 412), 'rel': (-4, 4), 'buttons': (0, 0, 0), 'touch': False, 'window': None})>)
2025-05-19 16:48:52 - gestor_eventos - [DEBUG] -   Evento: MouseMotion (<Event(1024-MouseMotion {'pos': (263, 416), 'rel': (-3, 4), 'buttons': (0, 0, 0), 'touch': False, 'window': None})>)
2025-05-19 16:48:52 - gestor_eventos - [DEBUG] -   Evento: MouseMotion (<Event(1024-MouseMotion {'pos': (260, 419), 'rel': (-3, 3), 'buttons': (0, 0, 0), 'touch': False, 'window': None})>)
2025-05-19 16:48:52 - gestor_eventos - [DEBUG] -   Evento: MouseMotion (<Event(1024-MouseMotion {'pos': (258, 421), 'rel': (-2, 2), 'buttons': (0, 0, 0), 'touch': False, 'window': None})>)
2025-05-19 16:48:52 - gestor_eventos - [DEBUG] - Procesando 3 eventos...
2025-05-19 16:48:52 - gestor_eventos - [DEBUG] -   Evento: KeyDown (<Event(768-KeyDown {'unicode': ' ', 'key': 32, 'mod': 4096, 'scancode': 44, 'window': None})>)
2025-05-19 16:48:52 - gestor_eventos - [DEBUG] - GestorEventos: KEYDOWN space (32)
2025-05-19 16:48:52 - gestor_eventos - [DEBUG] - GestorEventos: K_SPACE (Atacar jugador) procesado.
2025-05-19 16:48:52 - gestor_eventos - [DEBUG] -   Evento: TextInput (<Event(771-TextInput {'text': ' ', 'window': None})>)
2025-05-19 16:48:52 - gestor_eventos - [DEBUG] -   Evento: MouseMotion (<Event(1024-MouseMotion {'pos': (257, 423), 'rel': (-1, 2), 'buttons': (0, 0, 0), 'touch': False, 'window': None})>)
2025-05-19 16:48:53 - gestor_eventos - [DEBUG] - Procesando 0 eventos...
2025-05-19 16:48:53 - gestor_eventos - [DEBUG] - Procesando 1 eventos...
2025-05-19 16:48:53 - gestor_eventos - [DEBUG] -   Evento: KeyUp (<Event(769-KeyUp {'unicode': ' ', 'key': 32, 'mod': 4096, 'scancode': 44, 'window': None})>)
2025-05-19 16:48:53 - gestor_eventos - [DEBUG] - Procesando 0 eventos...
2025-05-19 16:48:53 - gestor_eventos - [DEBUG] - Procesando 2 eventos...
2025-05-19 16:48:53 - gestor_eventos - [DEBUG] -   Evento: KeyDown (<Event(768-KeyDown {'unicode': ' ', 'key': 32, 'mod': 4096, 'scancode': 44, 'window': None})>)
2025-05-19 16:48:53 - gestor_eventos - [DEBUG] - GestorEventos: KEYDOWN space (32)
2025-05-19 16:48:53 - gestor_eventos - [DEBUG] - GestorEventos: K_SPACE (Atacar jugador) procesado.
2025-05-19 16:48:53 - gestor_eventos - [DEBUG] -   Evento: TextInput (<Event(771-TextInput {'text': ' ', 'window': None})>)
2025-05-19 16:48:53 - gestor_eventos - [DEBUG] - Procesando 0 eventos...
2025-05-19 16:48:53 - gestor_eventos - [DEBUG] - Procesando 1 eventos...
2025-05-19 16:48:53 - gestor_eventos - [DEBUG] -   Evento: MouseMotion (<Event(1024-MouseMotion {'pos': (257, 422), 'rel': (0, -1), 'buttons': (0, 0, 0), 'touch': False, 'window': None})>)
2025-05-19 16:48:53 - gestor_eventos - [DEBUG] -   Evento: MouseMotion (<Event(1024-MouseMotion {'pos': (256, 422), 'rel': (-1, 0), 'buttons': (0, 0, 0), 'touch': False, 'window': None})>)
2025-05-19 16:48:53 - gestor_eventos - [DEBUG] - Procesando 0 eventos...
2025-05-19 16:48:53 - gestor_eventos - [DEBUG] - Procesando 1 eventos...
2025-05-19 16:48:53 - gestor_eventos - [DEBUG] -   Evento: KeyUp (<Event(769-KeyUp {'unicode': ' ', 'key': 32, 'mod': 4096, 'scancode': 44, 'window': None})>)
2025-05-19 16:48:53 - gestor_eventos - [DEBUG] - Procesando 0 eventos...
2025-05-19 16:48:53 - gestor_eventos - [DEBUG] - Procesando 2 eventos...
2025-05-19 16:48:53 - gestor_eventos - [DEBUG] -   Evento: KeyDown (<Event(768-KeyDown {'unicode': ' ', 'key': 32, 'mod': 4096, 'scancode': 44, 'window': None})>)
2025-05-19 16:48:53 - gestor_eventos - [DEBUG] - GestorEventos: KEYDOWN space (32)
2025-05-19 16:48:53 - gestor_eventos - [DEBUG] - GestorEventos: K_SPACE (Atacar jugador) procesado.
2025-05-19 16:48:53 - gestor_eventos - [DEBUG] -   Evento: TextInput (<Event(771-TextInput {'text': ' ', 'window': None})>)
2025-05-19 16:48:53 - gestor_eventos - [DEBUG] - Procesando 0 eventos...
2025-05-19 16:48:53 - gestor_eventos - [DEBUG] - Procesando 0 eventos...
2025-05-19 16:48:53 - gestor_eventos - [DEBUG] - Procesando 1 eventos...
2025-05-19 16:48:53 - gestor_eventos - [DEBUG] -   Evento: KeyUp (<Event(769-KeyUp {'unicode': ' ', 'key': 32, 'mod': 4096, 'scancode': 44, 'window': None})>)
2025-05-19 16:48:53 - gestor_eventos - [DEBUG] - Procesando 0 eventos...
2025-05-19 16:48:53 - gestor_eventos - [DEBUG] - Procesando 2 eventos...
2025-05-19 16:48:53 - gestor_eventos - [DEBUG] -   Evento: KeyDown (<Event(768-KeyDown {'unicode': ' ', 'key': 32, 'mod': 4096, 'scancode': 44, 'window': None})>)
2025-05-19 16:48:53 - gestor_eventos - [DEBUG] - GestorEventos: KEYDOWN space (32)
2025-05-19 16:48:53 - gestor_eventos - [DEBUG] - GestorEventos: K_SPACE (Atacar jugador) procesado.
2025-05-19 16:48:53 - gestor_eventos - [DEBUG] -   Evento: TextInput (<Event(771-TextInput {'text': ' ', 'window': None})>)
2025-05-19 16:48:53 - gestor_eventos - [DEBUG] - Procesando 0 eventos...
2025-05-19 16:48:53 - gestor_eventos - [DEBUG] - Procesando 0 eventos...
2025-05-19 16:48:53 - gestor_eventos - [DEBUG] - Procesando 1 eventos...
2025-05-19 16:48:53 - gestor_eventos - [DEBUG] -   Evento: KeyUp (<Event(769-KeyUp {'unicode': ' ', 'key': 32, 'mod': 4096, 'scancode': 44, 'window': None})>)
2025-05-19 16:48:53 - gestor_eventos - [DEBUG] - Procesando 0 eventos...
2025-05-19 16:48:53 - gestor_eventos - [DEBUG] - Procesando 2 eventos...
2025-05-19 16:48:53 - gestor_eventos - [DEBUG] -   Evento: KeyDown (<Event(768-KeyDown {'unicode': ' ', 'key': 32, 'mod': 4096, 'scancode': 44, 'window': None})>)
2025-05-19 16:48:53 - gestor_eventos - [DEBUG] - GestorEventos: KEYDOWN space (32)
2025-05-19 16:48:53 - gestor_eventos - [DEBUG] - GestorEventos: K_SPACE (Atacar jugador) procesado.
2025-05-19 16:48:53 - gestor_eventos - [DEBUG] -   Evento: TextInput (<Event(771-TextInput {'text': ' ', 'window': None})>)
2025-05-19 16:48:53 - gestor_eventos - [DEBUG] - Procesando 0 eventos...
2025-05-19 16:48:53 - gestor_eventos - [DEBUG] - Procesando 0 eventos...
2025-05-19 16:48:53 - gestor_eventos - [DEBUG] - Procesando 1 eventos...
2025-05-19 16:48:53 - gestor_eventos - [DEBUG] -   Evento: KeyUp (<Event(769-KeyUp {'unicode': ' ', 'key': 32, 'mod': 4096, 'scancode': 44, 'window': None})>)
2025-05-19 16:48:53 - gestor_eventos - [DEBUG] - Procesando 0 eventos...
2025-05-19 16:48:53 - gestor_eventos - [DEBUG] - Procesando 1 eventos...
2025-05-19 16:48:53 - gestor_eventos - [DEBUG] -   Evento: KeyUp (<Event(769-KeyUp {'unicode': 'a', 'key': 97, 'mod': 4096, 'scancode': 4, 'window': None})>)
2025-05-19 16:48:53 - gestor_eventos - [DEBUG] - Procesando 0 eventos...
2025-05-19 16:48:53 - gestor_eventos - [DEBUG] - Procesando 0 eventos...
2025-05-19 16:48:54 - gestor_eventos - [DEBUG] - Procesando 0 eventos...
2025-05-19 16:48:54 - gestor_eventos - [DEBUG] - Procesando 0 eventos...
2025-05-19 16:48:54 - gestor_eventos - [DEBUG] - Procesando 0 eventos...
2025-05-19 16:48:54 - gestor_eventos - [DEBUG] - Procesando 0 eventos...
2025-05-19 16:48:54 - gestor_eventos - [DEBUG] - Procesando 2 eventos...
2025-05-19 16:48:54 - gestor_eventos - [DEBUG] -   Evento: KeyDown (<Event(768-KeyDown {'unicode': 'a', 'key': 97, 'mod': 4096, 'scancode': 4, 'window': None})>)
2025-05-19 16:48:54 - gestor_eventos - [DEBUG] - GestorEventos: KEYDOWN a (97)
2025-05-19 16:48:54 - gestor_eventos - [DEBUG] -   Evento: TextInput (<Event(771-TextInput {'text': 'a', 'window': None})>)
2025-05-19 16:48:54 - gestor_eventos - [DEBUG] - Procesando 0 eventos...
2025-05-19 16:48:54 - gestor_eventos - [DEBUG] - Procesando 0 eventos...
2025-05-19 16:48:54 - gestor_eventos - [DEBUG] - Procesando 0 eventos...
2025-05-19 16:48:54 - gestor_eventos - [DEBUG] - Procesando 0 eventos...
2025-05-19 16:48:54 - gestor_eventos - [DEBUG] - Procesando 0 eventos...
2025-05-19 16:48:54 - gestor_eventos - [DEBUG] - Procesando 0 eventos...
2025-05-19 16:48:54 - gestor_eventos - [DEBUG] - Procesando 2 eventos...
2025-05-19 16:48:54 - gestor_eventos - [DEBUG] -   Evento: KeyDown (<Event(768-KeyDown {'unicode': ' ', 'key': 32, 'mod': 4096, 'scancode': 44, 'window': None})>)
2025-05-19 16:48:54 - gestor_eventos - [DEBUG] - GestorEventos: KEYDOWN space (32)
2025-05-19 16:48:54 - gestor_eventos - [DEBUG] - GestorEventos: K_SPACE (Atacar jugador) procesado.
2025-05-19 16:48:54 - gestor_eventos - [DEBUG] -   Evento: TextInput (<Event(771-TextInput {'text': ' ', 'window': None})>)
2025-05-19 16:48:54 - gestor_eventos - [DEBUG] - Procesando 1 eventos...
2025-05-19 16:48:54 - gestor_eventos - [DEBUG] -   Evento: KeyUp (<Event(769-KeyUp {'unicode': 'a', 'key': 97, 'mod': 4096, 'scancode': 4, 'window': None})>)
2025-05-19 16:48:54 - gestor_eventos - [DEBUG] - Procesando 0 eventos...
2025-05-19 16:48:54 - gestor_eventos - [DEBUG] - Procesando 0 eventos...
2025-05-19 16:48:54 - gestor_eventos - [DEBUG] - Procesando 0 eventos...
2025-05-19 16:48:54 - gestor_eventos - [DEBUG] - Procesando 1 eventos...
2025-05-19 16:48:54 - gestor_eventos - [DEBUG] -   Evento: KeyUp (<Event(769-KeyUp {'unicode': ' ', 'key': 32, 'mod': 4096, 'scancode': 44, 'window': None})>)
2025-05-19 16:48:54 - gestor_eventos - [DEBUG] - Procesando 0 eventos...
2025-05-19 16:48:54 - gestor_eventos - [DEBUG] - Procesando 0 eventos...
2025-05-19 16:48:54 - gestor_eventos - [DEBUG] - Procesando 0 eventos...
2025-05-19 16:48:55 - gestor_eventos - [DEBUG] - Procesando 0 eventos...
2025-05-19 16:48:55 - gestor_eventos - [DEBUG] - Procesando 0 eventos...
2025-05-19 16:48:55 - gestor_eventos - [DEBUG] - Procesando 2 eventos...
2025-05-19 16:48:55 - gestor_eventos - [DEBUG] -   Evento: KeyDown (<Event(768-KeyDown {'unicode': ' ', 'key': 32, 'mod': 4096, 'scancode': 44, 'window': None})>)
2025-05-19 16:48:55 - gestor_eventos - [DEBUG] - GestorEventos: KEYDOWN space (32)
2025-05-19 16:48:55 - gestor_eventos - [DEBUG] - GestorEventos: K_SPACE (Atacar jugador) procesado.
2025-05-19 16:48:55 - gestor_eventos - [DEBUG] -   Evento: TextInput (<Event(771-TextInput {'text': ' ', 'window': None})>)
2025-05-19 16:48:55 - gestor_eventos - [DEBUG] - Procesando 0 eventos...
2025-05-19 16:48:55 - gestor_eventos - [DEBUG] - Procesando 0 eventos...
2025-05-19 16:48:55 - gestor_eventos - [DEBUG] - Procesando 0 eventos...
2025-05-19 16:48:55 - gestor_eventos - [DEBUG] - Procesando 0 eventos...
2025-05-19 16:48:55 - gestor_eventos - [DEBUG] - Procesando 1 eventos...
2025-05-19 16:48:55 - gestor_eventos - [DEBUG] -   Evento: KeyUp (<Event(769-KeyUp {'unicode': ' ', 'key': 32, 'mod': 4096, 'scancode': 44, 'window': None})>)
2025-05-19 16:48:55 - gestor_eventos - [DEBUG] - Procesando 0 eventos...
2025-05-19 16:48:55 - gestor_eventos - [DEBUG] - Procesando 0 eventos...
2025-05-19 16:48:55 - gestor_eventos - [DEBUG] - Procesando 2 eventos...
2025-05-19 16:48:55 - gestor_eventos - [DEBUG] -   Evento: KeyDown (<Event(768-KeyDown {'unicode': ' ', 'key': 32, 'mod': 4096, 'scancode': 44, 'window': None})>)
2025-05-19 16:48:55 - gestor_eventos - [DEBUG] - GestorEventos: KEYDOWN space (32)
2025-05-19 16:48:55 - gestor_eventos - [DEBUG] - GestorEventos: K_SPACE (Atacar jugador) procesado.
2025-05-19 16:48:55 - gestor_eventos - [DEBUG] -   Evento: TextInput (<Event(771-TextInput {'text': ' ', 'window': None})>)
2025-05-19 16:48:55 - gestor_eventos - [DEBUG] - Procesando 0 eventos...
2025-05-19 16:48:55 - gestor_eventos - [DEBUG] - Procesando 0 eventos...
2025-05-19 16:48:55 - gestor_eventos - [DEBUG] - Procesando 0 eventos...
2025-05-19 16:48:55 - gestor_eventos - [DEBUG] - Procesando 0 eventos...
2025-05-19 16:48:55 - gestor_eventos - [DEBUG] - Procesando 0 eventos...
2025-05-19 16:48:55 - gestor_eventos - [DEBUG] - Procesando 0 eventos...
2025-05-19 16:48:55 - gestor_eventos - [DEBUG] - Procesando 0 eventos...
2025-05-19 16:48:55 - gestor_eventos - [DEBUG] - Procesando 1 eventos...
2025-05-19 16:48:55 - gestor_eventos - [DEBUG] -   Evento: KeyUp (<Event(769-KeyUp {'unicode': ' ', 'key': 32, 'mod': 4096, 'scancode': 44, 'window': None})>)
2025-05-19 16:48:55 - gestor_eventos - [DEBUG] - Procesando 0 eventos...
2025-05-19 16:48:56 - gestor_eventos - [DEBUG] - Procesando 0 eventos...
2025-05-19 16:48:56 - gestor_eventos - [DEBUG] - Procesando 0 eventos...
2025-05-19 16:48:56 - gestor_eventos - [DEBUG] - Procesando 0 eventos...
2025-05-19 16:48:56 - gestor_eventos - [DEBUG] - Procesando 0 eventos...
2025-05-19 16:48:56 - gestor_eventos - [DEBUG] - Procesando 0 eventos...
2025-05-19 16:48:56 - gestor_eventos - [DEBUG] - Procesando 0 eventos...
2025-05-19 16:48:56 - gestor_eventos - [DEBUG] - Procesando 0 eventos...
2025-05-19 16:48:56 - gestor_eventos - [DEBUG] - Procesando 0 eventos...
2025-05-19 16:48:56 - gestor_eventos - [DEBUG] - Procesando 1 eventos...
2025-05-19 16:48:56 - gestor_eventos - [DEBUG] -   Evento: MouseMotion (<Event(1024-MouseMotion {'pos': (261, 420), 'rel': (5, -2), 'buttons': (0, 0, 0), 'touch': False, 'window': None})>)
2025-05-19 16:48:56 - gestor_eventos - [DEBUG] -   Evento: MouseMotion (<Event(1024-MouseMotion {'pos': (263, 420), 'rel': (2, 0), 'buttons': (0, 0, 0), 'touch': False, 'window': None})>)
2025-05-19 16:48:56 - gestor_eventos - [DEBUG] - Procesando 0 eventos...
2025-05-19 16:48:56 - gestor_eventos - [DEBUG] - Procesando 0 eventos...
2025-05-19 16:48:56 - gestor_eventos - [DEBUG] - Procesando 0 eventos...
2025-05-19 16:48:56 - gestor_eventos - [DEBUG] - Procesando 2 eventos...
2025-05-19 16:48:56 - gestor_eventos - [DEBUG] -   Evento: KeyDown (<Event(768-KeyDown {'unicode': 's', 'key': 115, 'mod': 4096, 'scancode': 22, 'window': None})>)
2025-05-19 16:48:56 - gestor_eventos - [DEBUG] - GestorEventos: KEYDOWN s (115)
2025-05-19 16:48:56 - gestor_eventos - [DEBUG] -   Evento: TextInput (<Event(771-TextInput {'text': 's', 'window': None})>)
2025-05-19 16:48:56 - gestor_eventos - [DEBUG] - Procesando 0 eventos...
2025-05-19 16:48:56 - gestor_eventos - [DEBUG] - Procesando 0 eventos...
2025-05-19 16:48:56 - gestor_eventos - [DEBUG] - Procesando 0 eventos...
2025-05-19 16:48:56 - gestor_eventos - [DEBUG] - Procesando 0 eventos...
2025-05-19 16:48:56 - gestor_eventos - [DEBUG] - Procesando 0 eventos...
2025-05-19 16:48:57 - gestor_eventos - [DEBUG] - Procesando 0 eventos...
2025-05-19 16:48:57 - gestor_eventos - [DEBUG] - Procesando 0 eventos...
2025-05-19 16:48:57 - gestor_eventos - [DEBUG] - Procesando 1 eventos...
2025-05-19 16:48:57 - gestor_eventos - [DEBUG] -   Evento: KeyDown (<Event(768-KeyDown {'unicode': '', 'key': 1073741902, 'mod': 4096, 'scancode': 78, 'window': None})>)
2025-05-19 16:48:57 - gestor_eventos - [DEBUG] - GestorEventos: KEYDOWN page down (1073741902)
2025-05-19 16:48:57 - gestor_eventos - [DEBUG] - GestorEventos: K_PAGEDOWN. Nuevo perfil ataque: ataque_offset_distancia
2025-05-19 16:48:57 - gestor_eventos - [DEBUG] - Procesando 0 eventos...
2025-05-19 16:48:57 - gestor_eventos - [DEBUG] - Procesando 0 eventos...
2025-05-19 16:48:57 - gestor_eventos - [DEBUG] - Procesando 2 eventos...
2025-05-19 16:48:57 - gestor_eventos - [DEBUG] -   Evento: KeyDown (<Event(768-KeyDown {'unicode': 'a', 'key': 97, 'mod': 4096, 'scancode': 4, 'window': None})>)
2025-05-19 16:48:57 - gestor_eventos - [DEBUG] - GestorEventos: KEYDOWN a (97)
2025-05-19 16:48:57 - gestor_eventos - [DEBUG] -   Evento: TextInput (<Event(771-TextInput {'text': 'a', 'window': None})>)
2025-05-19 16:48:57 - gestor_eventos - [DEBUG] -   Evento: KeyUp (<Event(769-KeyUp {'unicode': '', 'key': 1073741902, 'mod': 4096, 'scancode': 78, 'window': None})>)
2025-05-19 16:48:57 - gestor_eventos - [DEBUG] -   Evento: KeyUp (<Event(769-KeyUp {'unicode': 's', 'key': 115, 'mod': 4096, 'scancode': 22, 'window': None})>)
2025-05-19 16:48:57 - gestor_eventos - [DEBUG] - Procesando 0 eventos...
2025-05-19 16:48:57 - gestor_eventos - [DEBUG] - Procesando 0 eventos...
2025-05-19 16:48:57 - gestor_eventos - [DEBUG] - Procesando 2 eventos...
2025-05-19 16:48:57 - gestor_eventos - [DEBUG] -   Evento: KeyDown (<Event(768-KeyDown {'unicode': ' ', 'key': 32, 'mod': 4096, 'scancode': 44, 'window': None})>)
2025-05-19 16:48:57 - gestor_eventos - [DEBUG] - GestorEventos: KEYDOWN space (32)
2025-05-19 16:48:57 - gestor_eventos - [DEBUG] - GestorEventos: K_SPACE (Atacar jugador) procesado.
2025-05-19 16:48:57 - gestor_eventos - [DEBUG] -   Evento: TextInput (<Event(771-TextInput {'text': ' ', 'window': None})>)
2025-05-19 16:48:57 - gestor_eventos - [DEBUG] - Procesando 0 eventos...
2025-05-19 16:48:57 - gestor_eventos - [DEBUG] - Procesando 0 eventos...
2025-05-19 16:48:57 - gestor_eventos - [DEBUG] - Procesando 0 eventos...
2025-05-19 16:48:57 - gestor_eventos - [DEBUG] - Procesando 1 eventos...
2025-05-19 16:48:57 - gestor_eventos - [DEBUG] -   Evento: KeyUp (<Event(769-KeyUp {'unicode': ' ', 'key': 32, 'mod': 4096, 'scancode': 44, 'window': None})>)
2025-05-19 16:48:57 - gestor_eventos - [DEBUG] - Procesando 0 eventos...
2025-05-19 16:48:57 - gestor_eventos - [DEBUG] - Procesando 0 eventos...
2025-05-19 16:48:57 - gestor_eventos - [DEBUG] - Procesando 0 eventos...
2025-05-19 16:48:57 - gestor_eventos - [DEBUG] - Procesando 0 eventos...
2025-05-19 16:48:57 - gestor_eventos - [DEBUG] - Procesando 0 eventos...
2025-05-19 16:48:57 - gestor_eventos - [DEBUG] - Procesando 0 eventos...
2025-05-19 16:48:58 - gestor_eventos - [DEBUG] - Procesando 0 eventos...
2025-05-19 16:48:58 - gestor_eventos - [DEBUG] - Procesando 0 eventos...
2025-05-19 16:48:58 - gestor_eventos - [DEBUG] - Procesando 0 eventos...
2025-05-19 16:48:58 - gestor_eventos - [DEBUG] - Procesando 0 eventos...
2025-05-19 16:48:58 - gestor_eventos - [DEBUG] - Procesando 0 eventos...
2025-05-19 16:48:58 - gestor_eventos - [DEBUG] - Procesando 0 eventos...
2025-05-19 16:48:58 - gestor_eventos - [DEBUG] - Procesando 0 eventos...
2025-05-19 16:48:58 - gestor_eventos - [DEBUG] - Procesando 0 eventos...
2025-05-19 16:48:58 - gestor_eventos - [DEBUG] - Procesando 2 eventos...
2025-05-19 16:48:58 - gestor_eventos - [DEBUG] -   Evento: KeyDown (<Event(768-KeyDown {'unicode': 'd', 'key': 100, 'mod': 4096, 'scancode': 7, 'window': None})>)
2025-05-19 16:48:58 - gestor_eventos - [DEBUG] - GestorEventos: KEYDOWN d (100)
2025-05-19 16:48:58 - gestor_eventos - [DEBUG] -   Evento: TextInput (<Event(771-TextInput {'text': 'd', 'window': None})>)
2025-05-19 16:48:58 - gestor_eventos - [DEBUG] - Procesando 0 eventos...
2025-05-19 16:48:58 - gestor_eventos - [DEBUG] - Procesando 2 eventos...
2025-05-19 16:48:58 - gestor_eventos - [DEBUG] -   Evento: KeyDown (<Event(768-KeyDown {'unicode': ' ', 'key': 32, 'mod': 4096, 'scancode': 44, 'window': None})>)
2025-05-19 16:48:58 - gestor_eventos - [DEBUG] - GestorEventos: KEYDOWN space (32)
2025-05-19 16:48:58 - gestor_eventos - [DEBUG] - GestorEventos: K_SPACE (Atacar jugador) procesado.
2025-05-19 16:48:58 - gestor_eventos - [DEBUG] -   Evento: TextInput (<Event(771-TextInput {'text': ' ', 'window': None})>)
2025-05-19 16:48:58 - gestor_eventos - [DEBUG] - Procesando 0 eventos...
2025-05-19 16:48:58 - gestor_eventos - [DEBUG] - Procesando 0 eventos...
2025-05-19 16:48:58 - gestor_eventos - [DEBUG] - Procesando 1 eventos...
2025-05-19 16:48:58 - gestor_eventos - [DEBUG] -   Evento: KeyUp (<Event(769-KeyUp {'unicode': 'd', 'key': 100, 'mod': 4096, 'scancode': 7, 'window': None})>)
2025-05-19 16:48:58 - gestor_eventos - [DEBUG] - Procesando 0 eventos...
2025-05-19 16:48:58 - gestor_eventos - [DEBUG] - Procesando 0 eventos...
2025-05-19 16:48:58 - gestor_eventos - [DEBUG] - Procesando 1 eventos...
2025-05-19 16:48:58 - gestor_eventos - [DEBUG] -   Evento: KeyUp (<Event(769-KeyUp {'unicode': ' ', 'key': 32, 'mod': 4096, 'scancode': 44, 'window': None})>)
2025-05-19 16:48:58 - gestor_eventos - [DEBUG] - Procesando 0 eventos...
2025-05-19 16:48:58 - gestor_eventos - [DEBUG] - Procesando 0 eventos...
2025-05-19 16:48:58 - gestor_eventos - [DEBUG] - Procesando 0 eventos...
2025-05-19 16:48:59 - gestor_eventos - [DEBUG] - Procesando 0 eventos...
2025-05-19 16:48:59 - gestor_eventos - [DEBUG] - Procesando 0 eventos...
2025-05-19 16:48:59 - gestor_eventos - [DEBUG] - Procesando 0 eventos...
2025-05-19 16:48:59 - gestor_eventos - [DEBUG] - Procesando 0 eventos...
2025-05-19 16:48:59 - gestor_eventos - [DEBUG] - Procesando 0 eventos...
2025-05-19 16:48:59 - gestor_eventos - [DEBUG] - Procesando 0 eventos...
2025-05-19 16:48:59 - gestor_eventos - [DEBUG] - Procesando 0 eventos...
2025-05-19 16:48:59 - gestor_eventos - [DEBUG] - Procesando 0 eventos...
2025-05-19 16:48:59 - gestor_eventos - [DEBUG] - Procesando 0 eventos...
2025-05-19 16:48:59 - gestor_eventos - [DEBUG] - Procesando 0 eventos...
2025-05-19 16:48:59 - gestor_eventos - [DEBUG] - Procesando 0 eventos...
2025-05-19 16:48:59 - gestor_eventos - [DEBUG] - Procesando 0 eventos...
2025-05-19 16:48:59 - gestor_eventos - [DEBUG] - Procesando 2 eventos...
2025-05-19 16:48:59 - gestor_eventos - [DEBUG] -   Evento: KeyDown (<Event(768-KeyDown {'unicode': ' ', 'key': 32, 'mod': 4096, 'scancode': 44, 'window': None})>)
2025-05-19 16:48:59 - gestor_eventos - [DEBUG] - GestorEventos: KEYDOWN space (32)
2025-05-19 16:48:59 - gestor_eventos - [DEBUG] - GestorEventos: K_SPACE (Atacar jugador) procesado.
2025-05-19 16:48:59 - gestor_eventos - [DEBUG] -   Evento: TextInput (<Event(771-TextInput {'text': ' ', 'window': None})>)
2025-05-19 16:48:59 - gestor_eventos - [DEBUG] - Procesando 0 eventos...
2025-05-19 16:48:59 - gestor_eventos - [DEBUG] - Procesando 0 eventos...
2025-05-19 16:48:59 - gestor_eventos - [DEBUG] - Procesando 0 eventos...
2025-05-19 16:48:59 - gestor_eventos - [DEBUG] - Procesando 0 eventos...
2025-05-19 16:49:00 - gestor_eventos - [DEBUG] - Procesando 1 eventos...
2025-05-19 16:49:00 - gestor_eventos - [DEBUG] -   Evento: KeyUp (<Event(769-KeyUp {'unicode': ' ', 'key': 32, 'mod': 4096, 'scancode': 44, 'window': None})>)
2025-05-19 16:49:00 - gestor_eventos - [DEBUG] - Procesando 0 eventos...
2025-05-19 16:49:00 - gestor_eventos - [DEBUG] - Procesando 2 eventos...
2025-05-19 16:49:00 - gestor_eventos - [DEBUG] -   Evento: KeyDown (<Event(768-KeyDown {'unicode': 'd', 'key': 100, 'mod': 4096, 'scancode': 7, 'window': None})>)
2025-05-19 16:49:00 - gestor_eventos - [DEBUG] - GestorEventos: KEYDOWN d (100)
2025-05-19 16:49:00 - gestor_eventos - [DEBUG] -   Evento: TextInput (<Event(771-TextInput {'text': 'd', 'window': None})>)
2025-05-19 16:49:00 - gestor_eventos - [DEBUG] - Procesando 0 eventos...
2025-05-19 16:49:00 - gestor_eventos - [DEBUG] - Procesando 1 eventos...
2025-05-19 16:49:00 - gestor_eventos - [DEBUG] -   Evento: KeyUp (<Event(769-KeyUp {'unicode': 'a', 'key': 97, 'mod': 4096, 'scancode': 4, 'window': None})>)
2025-05-19 16:49:00 - gestor_eventos - [DEBUG] - Procesando 0 eventos...
2025-05-19 16:49:00 - gestor_eventos - [DEBUG] - Procesando 0 eventos...
2025-05-19 16:49:00 - gestor_eventos - [DEBUG] - Procesando 2 eventos...
2025-05-19 16:49:00 - gestor_eventos - [DEBUG] -   Evento: KeyDown (<Event(768-KeyDown {'unicode': 'a', 'key': 97, 'mod': 4096, 'scancode': 4, 'window': None})>)
2025-05-19 16:49:00 - gestor_eventos - [DEBUG] - GestorEventos: KEYDOWN a (97)
2025-05-19 16:49:00 - gestor_eventos - [DEBUG] -   Evento: TextInput (<Event(771-TextInput {'text': 'a', 'window': None})>)
2025-05-19 16:49:00 - gestor_eventos - [DEBUG] - Procesando 0 eventos...
2025-05-19 16:49:00 - gestor_eventos - [DEBUG] - Procesando 1 eventos...
2025-05-19 16:49:00 - gestor_eventos - [DEBUG] -   Evento: KeyUp (<Event(769-KeyUp {'unicode': 'd', 'key': 100, 'mod': 4096, 'scancode': 7, 'window': None})>)
2025-05-19 16:49:00 - gestor_eventos - [DEBUG] - Procesando 0 eventos...
2025-05-19 16:49:00 - gestor_eventos - [DEBUG] - Procesando 0 eventos...
2025-05-19 16:49:00 - gestor_eventos - [DEBUG] - Procesando 2 eventos...
2025-05-19 16:49:00 - gestor_eventos - [DEBUG] -   Evento: KeyDown (<Event(768-KeyDown {'unicode': ' ', 'key': 32, 'mod': 4096, 'scancode': 44, 'window': None})>)
2025-05-19 16:49:00 - gestor_eventos - [DEBUG] - GestorEventos: KEYDOWN space (32)
2025-05-19 16:49:00 - gestor_eventos - [DEBUG] - GestorEventos: K_SPACE (Atacar jugador) procesado.
2025-05-19 16:49:00 - gestor_eventos - [DEBUG] -   Evento: TextInput (<Event(771-TextInput {'text': ' ', 'window': None})>)
2025-05-19 16:49:00 - gestor_eventos - [DEBUG] - Procesando 0 eventos...
2025-05-19 16:49:00 - gestor_eventos - [DEBUG] - Procesando 0 eventos...
2025-05-19 16:49:00 - gestor_eventos - [DEBUG] - Procesando 1 eventos...
2025-05-19 16:49:00 - gestor_eventos - [DEBUG] -   Evento: KeyUp (<Event(769-KeyUp {'unicode': ' ', 'key': 32, 'mod': 4096, 'scancode': 44, 'window': None})>)
2025-05-19 16:49:00 - gestor_eventos - [DEBUG] - Procesando 0 eventos...
2025-05-19 16:49:00 - gestor_eventos - [DEBUG] - Procesando 0 eventos...
2025-05-19 16:49:00 - gestor_eventos - [DEBUG] - Procesando 0 eventos...
2025-05-19 16:49:00 - gestor_eventos - [DEBUG] - Procesando 0 eventos...
2025-05-19 16:49:00 - gestor_eventos - [DEBUG] - Procesando 0 eventos...
2025-05-19 16:49:00 - gestor_eventos - [DEBUG] - Procesando 0 eventos...
2025-05-19 16:49:00 - gestor_eventos - [DEBUG] - Procesando 0 eventos...
2025-05-19 16:49:01 - gestor_eventos - [DEBUG] - Procesando 0 eventos...
2025-05-19 16:49:01 - gestor_eventos - [DEBUG] - Procesando 0 eventos...
2025-05-19 16:49:01 - gestor_eventos - [DEBUG] - Procesando 2 eventos...
2025-05-19 16:49:01 - gestor_eventos - [DEBUG] -   Evento: KeyDown (<Event(768-KeyDown {'unicode': 'd', 'key': 100, 'mod': 4096, 'scancode': 7, 'window': None})>)
2025-05-19 16:49:01 - gestor_eventos - [DEBUG] - GestorEventos: KEYDOWN d (100)
2025-05-19 16:49:01 - gestor_eventos - [DEBUG] -   Evento: TextInput (<Event(771-TextInput {'text': 'd', 'window': None})>)
2025-05-19 16:49:01 - gestor_eventos - [DEBUG] - Procesando 0 eventos...
2025-05-19 16:49:01 - gestor_eventos - [DEBUG] - Procesando 1 eventos...
2025-05-19 16:49:01 - gestor_eventos - [DEBUG] -   Evento: KeyUp (<Event(769-KeyUp {'unicode': 'a', 'key': 97, 'mod': 4096, 'scancode': 4, 'window': None})>)
2025-05-19 16:49:01 - gestor_eventos - [DEBUG] - Procesando 0 eventos...
2025-05-19 16:49:01 - gestor_eventos - [DEBUG] - Procesando 2 eventos...
2025-05-19 16:49:01 - gestor_eventos - [DEBUG] -   Evento: KeyDown (<Event(768-KeyDown {'unicode': ' ', 'key': 32, 'mod': 4096, 'scancode': 44, 'window': None})>)
2025-05-19 16:49:01 - gestor_eventos - [DEBUG] - GestorEventos: KEYDOWN space (32)
2025-05-19 16:49:01 - gestor_eventos - [DEBUG] - GestorEventos: K_SPACE (Atacar jugador) procesado.
2025-05-19 16:49:01 - gestor_eventos - [DEBUG] -   Evento: TextInput (<Event(771-TextInput {'text': ' ', 'window': None})>)
2025-05-19 16:49:01 - gestor_eventos - [DEBUG] - Procesando 0 eventos...
2025-05-19 16:49:01 - gestor_eventos - [DEBUG] - Procesando 0 eventos...
2025-05-19 16:49:01 - gestor_eventos - [DEBUG] - Procesando 2 eventos...
2025-05-19 16:49:01 - gestor_eventos - [DEBUG] -   Evento: KeyDown (<Event(768-KeyDown {'unicode': 'a', 'key': 97, 'mod': 4096, 'scancode': 4, 'window': None})>)
2025-05-19 16:49:01 - gestor_eventos - [DEBUG] - GestorEventos: KEYDOWN a (97)
2025-05-19 16:49:01 - gestor_eventos - [DEBUG] -   Evento: TextInput (<Event(771-TextInput {'text': 'a', 'window': None})>)
2025-05-19 16:49:01 - gestor_eventos - [DEBUG] - Procesando 1 eventos...
2025-05-19 16:49:01 - gestor_eventos - [DEBUG] -   Evento: KeyUp (<Event(769-KeyUp {'unicode': 'd', 'key': 100, 'mod': 4096, 'scancode': 7, 'window': None})>)
2025-05-19 16:49:01 - gestor_eventos - [DEBUG] - Procesando 0 eventos...
2025-05-19 16:49:01 - gestor_eventos - [DEBUG] - Procesando 0 eventos...
2025-05-19 16:49:01 - gestor_eventos - [DEBUG] - Procesando 0 eventos...
2025-05-19 16:49:01 - gestor_eventos - [DEBUG] - Procesando 0 eventos...
2025-05-19 16:49:01 - gestor_eventos - [DEBUG] - Procesando 1 eventos...
2025-05-19 16:49:01 - gestor_eventos - [DEBUG] -   Evento: KeyUp (<Event(769-KeyUp {'unicode': ' ', 'key': 32, 'mod': 4096, 'scancode': 44, 'window': None})>)
2025-05-19 16:49:01 - gestor_eventos - [DEBUG] - Procesando 0 eventos...
2025-05-19 16:49:01 - gestor_eventos - [DEBUG] - Procesando 0 eventos...
2025-05-19 16:49:01 - gestor_eventos - [DEBUG] - Procesando 0 eventos...
2025-05-19 16:49:01 - gestor_eventos - [DEBUG] - Procesando 0 eventos...
2025-05-19 16:49:01 - gestor_eventos - [DEBUG] - Procesando 0 eventos...
2025-05-19 16:49:01 - gestor_eventos - [DEBUG] - Procesando 0 eventos...
2025-05-19 16:49:02 - gestor_eventos - [DEBUG] - Procesando 0 eventos...
2025-05-19 16:49:02 - gestor_eventos - [DEBUG] - Procesando 0 eventos...
2025-05-19 16:49:02 - gestor_eventos - [DEBUG] - Procesando 1 eventos...
2025-05-19 16:49:02 - gestor_eventos - [DEBUG] -   Evento: TextInput (<Event(771-TextInput {'text': 'a', 'window': None})>)
2025-05-19 16:49:02 - gestor_eventos - [DEBUG] - Procesando 0 eventos...
2025-05-19 16:49:02 - gestor_eventos - [DEBUG] - Procesando 1 eventos...
2025-05-19 16:49:02 - gestor_eventos - [DEBUG] -   Evento: TextInput (<Event(771-TextInput {'text': 'a', 'window': None})>)
2025-05-19 16:49:02 - gestor_eventos - [DEBUG] - Procesando 0 eventos...
2025-05-19 16:49:02 - gestor_eventos - [DEBUG] - Procesando 1 eventos...
2025-05-19 16:49:02 - gestor_eventos - [DEBUG] -   Evento: TextInput (<Event(771-TextInput {'text': 'a', 'window': None})>)
2025-05-19 16:49:02 - gestor_eventos - [DEBUG] - Procesando 0 eventos...
2025-05-19 16:49:02 - gestor_eventos - [DEBUG] - Procesando 1 eventos...
2025-05-19 16:49:02 - gestor_eventos - [DEBUG] -   Evento: TextInput (<Event(771-TextInput {'text': 'a', 'window': None})>)
2025-05-19 16:49:02 - gestor_eventos - [DEBUG] - Procesando 0 eventos...
2025-05-19 16:49:02 - gestor_eventos - [DEBUG] - Procesando 1 eventos...
2025-05-19 16:49:02 - gestor_eventos - [DEBUG] -   Evento: TextInput (<Event(771-TextInput {'text': 'a', 'window': None})>)
2025-05-19 16:49:02 - gestor_eventos - [DEBUG] - Procesando 0 eventos...
2025-05-19 16:49:02 - gestor_eventos - [DEBUG] - Procesando 1 eventos...
2025-05-19 16:49:02 - gestor_eventos - [DEBUG] -   Evento: TextInput (<Event(771-TextInput {'text': 'a', 'window': None})>)
2025-05-19 16:49:02 - gestor_eventos - [DEBUG] - Procesando 0 eventos...
2025-05-19 16:49:02 - gestor_eventos - [DEBUG] - Procesando 3 eventos...
2025-05-19 16:49:02 - gestor_eventos - [DEBUG] -   Evento: TextInput (<Event(771-TextInput {'text': 'a', 'window': None})>)
2025-05-19 16:49:02 - gestor_eventos - [DEBUG] -   Evento: KeyDown (<Event(768-KeyDown {'unicode': 'd', 'key': 100, 'mod': 4096, 'scancode': 7, 'window': None})>)
2025-05-19 16:49:02 - gestor_eventos - [DEBUG] - GestorEventos: KEYDOWN d (100)
2025-05-19 16:49:02 - gestor_eventos - [DEBUG] -   Evento: TextInput (<Event(771-TextInput {'text': 'd', 'window': None})>)
2025-05-19 16:49:02 - gestor_eventos - [DEBUG] - Procesando 1 eventos...
2025-05-19 16:49:02 - gestor_eventos - [DEBUG] -   Evento: KeyUp (<Event(769-KeyUp {'unicode': 'a', 'key': 97, 'mod': 4096, 'scancode': 4, 'window': None})>)
2025-05-19 16:49:02 - gestor_eventos - [DEBUG] - Procesando 0 eventos...
2025-05-19 16:49:02 - gestor_eventos - [DEBUG] - Procesando 2 eventos...
2025-05-19 16:49:02 - gestor_eventos - [DEBUG] -   Evento: KeyDown (<Event(768-KeyDown {'unicode': ' ', 'key': 32, 'mod': 4096, 'scancode': 44, 'window': None})>)
2025-05-19 16:49:02 - gestor_eventos - [DEBUG] - GestorEventos: KEYDOWN space (32)
2025-05-19 16:49:02 - gestor_eventos - [DEBUG] - GestorEventos: K_SPACE (Atacar jugador) procesado.
2025-05-19 16:49:02 - gestor_eventos - [DEBUG] -   Evento: TextInput (<Event(771-TextInput {'text': ' ', 'window': None})>)
2025-05-19 16:49:02 - gestor_eventos - [DEBUG] - Procesando 0 eventos...
2025-05-19 16:49:02 - gestor_eventos - [DEBUG] - Procesando 0 eventos...
2025-05-19 16:49:02 - gestor_eventos - [DEBUG] - Procesando 0 eventos...
2025-05-19 16:49:02 - gestor_eventos - [DEBUG] - Procesando 1 eventos...
2025-05-19 16:49:02 - gestor_eventos - [DEBUG] -   Evento: KeyUp (<Event(769-KeyUp {'unicode': 'd', 'key': 100, 'mod': 4096, 'scancode': 7, 'window': None})>)
2025-05-19 16:49:02 - gestor_eventos - [DEBUG] - Procesando 0 eventos...
2025-05-19 16:49:02 - gestor_eventos - [DEBUG] - Procesando 0 eventos...
2025-05-19 16:49:02 - gestor_eventos - [DEBUG] - Procesando 0 eventos...
2025-05-19 16:49:03 - gestor_eventos - [DEBUG] - Procesando 1 eventos...
2025-05-19 16:49:03 - gestor_eventos - [DEBUG] -   Evento: KeyUp (<Event(769-KeyUp {'unicode': ' ', 'key': 32, 'mod': 4096, 'scancode': 44, 'window': None})>)
2025-05-19 16:49:03 - gestor_eventos - [DEBUG] - Procesando 0 eventos...
2025-05-19 16:49:03 - gestor_eventos - [DEBUG] - Procesando 0 eventos...
2025-05-19 16:49:03 - gestor_eventos - [DEBUG] - Procesando 0 eventos...
2025-05-19 16:49:03 - gestor_eventos - [DEBUG] - Procesando 0 eventos...
2025-05-19 16:49:03 - gestor_eventos - [DEBUG] - Procesando 0 eventos...
2025-05-19 16:49:03 - gestor_eventos - [DEBUG] - Procesando 0 eventos...
2025-05-19 16:49:03 - gestor_eventos - [DEBUG] - Procesando 0 eventos...
2025-05-19 16:49:03 - gestor_eventos - [DEBUG] - Procesando 0 eventos...
2025-05-19 16:49:03 - gestor_eventos - [DEBUG] - Procesando 1 eventos...
2025-05-19 16:49:03 - gestor_eventos - [DEBUG] -   Evento: KeyDown (<Event(768-KeyDown {'unicode': '\x1b', 'key': 27, 'mod': 4096, 'scancode': 41, 'window': None})>)
2025-05-19 16:49:03 - gestor_eventos - [DEBUG] - GestorEventos: KEYDOWN escape (27)
2025-05-19 16:49:03 - gestor_eventos - [INFO] - GestorEventos: Solicitud de SALIR recibida (ESCAPE).
