2025-05-19 16:48:47 - juego - [INFO] - Iniciando Pygame y módulos del juego...
2025-05-19 16:48:47 - juego - [DEBUG] - Pygame y fuentes inicializados.
2025-05-19 16:48:47 - juego - [DEBUG] - GestorNivel instanciado.
2025-05-19 16:48:47 - juego - [DEBUG] - GestorEventos instanciado.
2025-05-19 16:48:47 - juego - [DEBUG] - GestorEstado instanciado.
2025-05-19 16:48:47 - juego - [DEBUG] - Renderer instanciado.
2025-05-19 16:48:47 - juego - [INFO] - Juego inicializado y listo para ejecutarse.
2025-05-19 16:48:47 - juego - [DEBUG] -   Detalles inicialización: Pantalla: 800x600, Zoom inicial: 1.2
2025-05-19 16:48:47 - juego - [INFO] - Bucle principal iniciado.
2025-05-19 16:48:47 - juego - [DEBUG] - MENSAJE DE PRUEBA REPETIDO PARA FILTRO
2025-05-19 16:48:47 - juego - [DEBUG] - Procesando eventos Pygame...
2025-05-19 16:48:47 - juego - [DEBUG] - Iniciando ciclo de renderizado...
2025-05-19 16:48:47 - juego - [DEBUG] - Ciclo de renderizado completado (flip ejecutado).
2025-05-19 16:48:47 - juego - [DEBUG] - MENSAJE DE PRUEBA REPETIDO PARA FILTRO
2025-05-19 16:48:47 - juego - [DEBUG] - Procesando eventos Pygame...
2025-05-19 16:48:47 - juego - [DEBUG] - Iniciando ciclo de renderizado...
2025-05-19 16:48:47 - juego - [DEBUG] - Ciclo de renderizado completado (flip ejecutado).
2025-05-19 16:48:47 - juego - [DEBUG] - MENSAJE DE PRUEBA REPETIDO PARA FILTRO
2025-05-19 16:48:47 - juego - [DEBUG] - Procesando eventos Pygame...
2025-05-19 16:48:47 - juego - [DEBUG] - Iniciando ciclo de renderizado...
2025-05-19 16:48:47 - juego - [DEBUG] - Ciclo de renderizado completado (flip ejecutado).
2025-05-19 16:48:47 - juego - [DEBUG] - MENSAJE DE PRUEBA REPETIDO PARA FILTRO
2025-05-19 16:48:47 - juego - [DEBUG] - Procesando eventos Pygame...
2025-05-19 16:48:47 - juego - [DEBUG] - Iniciando ciclo de renderizado...
2025-05-19 16:48:47 - juego - [DEBUG] - Ciclo de renderizado completado (flip ejecutado).
2025-05-19 16:48:47 - juego - [DEBUG] - MENSAJE DE PRUEBA REPETIDO PARA FILTRO
2025-05-19 16:48:47 - juego - [DEBUG] - Procesando eventos Pygame...
2025-05-19 16:48:47 - juego - [DEBUG] - Iniciando ciclo de renderizado...
2025-05-19 16:48:47 - juego - [DEBUG] - Ciclo de renderizado completado (flip ejecutado).
2025-05-19 16:48:47 - juego - [DEBUG] - MENSAJE DE PRUEBA REPETIDO PARA FILTRO
2025-05-19 16:48:47 - juego - [DEBUG] - Procesando eventos Pygame...
2025-05-19 16:48:47 - juego - [DEBUG] - Iniciando ciclo de renderizado...
2025-05-19 16:48:47 - juego - [DEBUG] - Ciclo de renderizado completado (flip ejecutado).
2025-05-19 16:48:47 - juego - [DEBUG] - MENSAJE DE PRUEBA REPETIDO PARA FILTRO
2025-05-19 16:48:47 - juego - [DEBUG] - Procesando eventos Pygame...
2025-05-19 16:48:47 - juego - [DEBUG] - Iniciando ciclo de renderizado...
2025-05-19 16:48:47 - juego - [DEBUG] - Ciclo de renderizado completado (flip ejecutado).
2025-05-19 16:48:47 - juego - [DEBUG] - MENSAJE DE PRUEBA REPETIDO PARA FILTRO
2025-05-19 16:48:47 - juego - [DEBUG] - Procesando eventos Pygame...
2025-05-19 16:48:47 - juego - [DEBUG] - Iniciando ciclo de renderizado...
2025-05-19 16:48:47 - juego - [DEBUG] - Ciclo de renderizado completado (flip ejecutado).
2025-05-19 16:48:47 - juego - [DEBUG] - MENSAJE DE PRUEBA REPETIDO PARA FILTRO
2025-05-19 16:48:47 - juego - [DEBUG] - Procesando eventos Pygame...
2025-05-19 16:48:47 - juego - [DEBUG] - Iniciando ciclo de renderizado...
2025-05-19 16:48:47 - juego - [DEBUG] - Ciclo de renderizado completado (flip ejecutado).
2025-05-19 16:48:47 - juego - [DEBUG] - MENSAJE DE PRUEBA REPETIDO PARA FILTRO
2025-05-19 16:48:47 - juego - [DEBUG] - Procesando eventos Pygame...
2025-05-19 16:48:47 - juego - [DEBUG] - Iniciando ciclo de renderizado...
2025-05-19 16:48:47 - juego - [DEBUG] - Ciclo de renderizado completado (flip ejecutado).
2025-05-19 16:48:47 - juego - [DEBUG] - MENSAJE DE PRUEBA REPETIDO PARA FILTRO
2025-05-19 16:48:47 - juego - [DEBUG] - Procesando eventos Pygame...
2025-05-19 16:48:47 - juego - [DEBUG] - Iniciando ciclo de renderizado...
2025-05-19 16:48:47 - juego - [DEBUG] - Ciclo de renderizado completado (flip ejecutado).
2025-05-19 16:48:48 - juego - [DEBUG] - MENSAJE DE PRUEBA REPETIDO PARA FILTRO
2025-05-19 16:48:48 - juego - [DEBUG] - Procesando eventos Pygame...
2025-05-19 16:48:48 - juego - [DEBUG] - Iniciando ciclo de renderizado...
2025-05-19 16:48:48 - juego - [DEBUG] - Ciclo de renderizado completado (flip ejecutado).
2025-05-19 16:48:48 - juego - [DEBUG] - MENSAJE DE PRUEBA REPETIDO PARA FILTRO
2025-05-19 16:48:48 - juego - [DEBUG] - Procesando eventos Pygame...
2025-05-19 16:48:48 - juego - [DEBUG] - Iniciando ciclo de renderizado...
2025-05-19 16:48:48 - juego - [DEBUG] - Ciclo de renderizado completado (flip ejecutado).
2025-05-19 16:48:48 - juego - [DEBUG] - MENSAJE DE PRUEBA REPETIDO PARA FILTRO
2025-05-19 16:48:48 - juego - [DEBUG] - Procesando eventos Pygame...
2025-05-19 16:48:48 - juego - [DEBUG] - Iniciando ciclo de renderizado...
2025-05-19 16:48:48 - juego - [DEBUG] - Ciclo de renderizado completado (flip ejecutado).
2025-05-19 16:48:48 - juego - [DEBUG] - MENSAJE DE PRUEBA REPETIDO PARA FILTRO
2025-05-19 16:48:48 - juego - [DEBUG] - Procesando eventos Pygame...
2025-05-19 16:48:48 - juego - [DEBUG] - Iniciando ciclo de renderizado...
2025-05-19 16:48:48 - juego - [DEBUG] - Ciclo de renderizado completado (flip ejecutado).
2025-05-19 16:48:48 - juego - [DEBUG] - MENSAJE DE PRUEBA REPETIDO PARA FILTRO
2025-05-19 16:48:48 - juego - [DEBUG] - Procesando eventos Pygame...
2025-05-19 16:48:48 - juego - [DEBUG] - Iniciando ciclo de renderizado...
2025-05-19 16:48:48 - juego - [DEBUG] - Ciclo de renderizado completado (flip ejecutado).
2025-05-19 16:48:48 - juego - [DEBUG] - MENSAJE DE PRUEBA REPETIDO PARA FILTRO
2025-05-19 16:48:48 - juego - [DEBUG] - Procesando eventos Pygame...
2025-05-19 16:48:48 - juego - [DEBUG] - Iniciando ciclo de renderizado...
2025-05-19 16:48:48 - juego - [DEBUG] - Ciclo de renderizado completado (flip ejecutado).
2025-05-19 16:48:48 - juego - [DEBUG] - Iniciando ciclo de renderizado...
2025-05-19 16:48:48 - juego - [DEBUG] - Ciclo de renderizado completado (flip ejecutado).
2025-05-19 16:48:48 - juego - [DEBUG] - MENSAJE DE PRUEBA REPETIDO PARA FILTRO
2025-05-19 16:48:48 - juego - [DEBUG] - Procesando eventos Pygame...
2025-05-19 16:48:48 - juego - [DEBUG] - Iniciando ciclo de renderizado...
2025-05-19 16:48:48 - juego - [DEBUG] - Ciclo de renderizado completado (flip ejecutado).
2025-05-19 16:48:48 - juego - [DEBUG] - MENSAJE DE PRUEBA REPETIDO PARA FILTRO
2025-05-19 16:48:48 - juego - [DEBUG] - Procesando eventos Pygame...
2025-05-19 16:48:48 - juego - [DEBUG] - Iniciando ciclo de renderizado...
2025-05-19 16:48:48 - juego - [DEBUG] - Ciclo de renderizado completado (flip ejecutado).
2025-05-19 16:48:48 - juego - [DEBUG] - MENSAJE DE PRUEBA REPETIDO PARA FILTRO
2025-05-19 16:48:48 - juego - [DEBUG] - Procesando eventos Pygame...
2025-05-19 16:48:48 - juego - [DEBUG] - Iniciando ciclo de renderizado...
2025-05-19 16:48:48 - juego - [DEBUG] - Ciclo de renderizado completado (flip ejecutado).
2025-05-19 16:48:48 - juego - [DEBUG] - MENSAJE DE PRUEBA REPETIDO PARA FILTRO
2025-05-19 16:48:48 - juego - [DEBUG] - Procesando eventos Pygame...
2025-05-19 16:48:48 - juego - [DEBUG] - Iniciando ciclo de renderizado...
2025-05-19 16:48:48 - juego - [DEBUG] - Ciclo de renderizado completado (flip ejecutado).
2025-05-19 16:48:48 - juego - [DEBUG] - MENSAJE DE PRUEBA REPETIDO PARA FILTRO
2025-05-19 16:48:48 - juego - [DEBUG] - Procesando eventos Pygame...
2025-05-19 16:48:48 - juego - [DEBUG] - Iniciando ciclo de renderizado...
2025-05-19 16:48:48 - juego - [DEBUG] - Ciclo de renderizado completado (flip ejecutado).
2025-05-19 16:48:48 - juego - [DEBUG] - MENSAJE DE PRUEBA REPETIDO PARA FILTRO
2025-05-19 16:48:48 - juego - [DEBUG] - Procesando eventos Pygame...
2025-05-19 16:48:48 - juego - [DEBUG] - Iniciando ciclo de renderizado...
2025-05-19 16:48:48 - juego - [DEBUG] - Ciclo de renderizado completado (flip ejecutado).
2025-05-19 16:48:48 - juego - [DEBUG] - MENSAJE DE PRUEBA REPETIDO PARA FILTRO
2025-05-19 16:48:48 - juego - [DEBUG] - Procesando eventos Pygame...
2025-05-19 16:48:48 - juego - [DEBUG] - Iniciando ciclo de renderizado...
2025-05-19 16:48:48 - juego - [DEBUG] - Ciclo de renderizado completado (flip ejecutado).
2025-05-19 16:48:48 - juego - [DEBUG] - MENSAJE DE PRUEBA REPETIDO PARA FILTRO
2025-05-19 16:48:48 - juego - [DEBUG] - Procesando eventos Pygame...
2025-05-19 16:48:48 - juego - [DEBUG] - Iniciando ciclo de renderizado...
2025-05-19 16:48:48 - juego - [DEBUG] - Ciclo de renderizado completado (flip ejecutado).
2025-05-19 16:48:48 - juego - [DEBUG] - MENSAJE DE PRUEBA REPETIDO PARA FILTRO
2025-05-19 16:48:48 - juego - [DEBUG] - Procesando eventos Pygame...
2025-05-19 16:48:48 - juego - [DEBUG] - Iniciando ciclo de renderizado...
2025-05-19 16:48:48 - juego - [DEBUG] - Ciclo de renderizado completado (flip ejecutado).
2025-05-19 16:48:49 - juego - [DEBUG] - MENSAJE DE PRUEBA REPETIDO PARA FILTRO
2025-05-19 16:48:49 - juego - [DEBUG] - Procesando eventos Pygame...
2025-05-19 16:48:49 - juego - [DEBUG] - Iniciando ciclo de renderizado...
2025-05-19 16:48:49 - juego - [DEBUG] - Ciclo de renderizado completado (flip ejecutado).
2025-05-19 16:48:49 - juego - [DEBUG] - MENSAJE DE PRUEBA REPETIDO PARA FILTRO
2025-05-19 16:48:49 - juego - [DEBUG] - Procesando eventos Pygame...
2025-05-19 16:48:49 - juego - [DEBUG] - Iniciando ciclo de renderizado...
2025-05-19 16:48:49 - juego - [DEBUG] - Ciclo de renderizado completado (flip ejecutado).
2025-05-19 16:48:49 - juego - [DEBUG] - MENSAJE DE PRUEBA REPETIDO PARA FILTRO
2025-05-19 16:48:49 - juego - [DEBUG] - Procesando eventos Pygame...
2025-05-19 16:48:49 - juego - [DEBUG] - Iniciando ciclo de renderizado...
2025-05-19 16:48:49 - juego - [DEBUG] - Ciclo de renderizado completado (flip ejecutado).
2025-05-19 16:48:49 - juego - [DEBUG] - MENSAJE DE PRUEBA REPETIDO PARA FILTRO
2025-05-19 16:48:49 - juego - [DEBUG] - Procesando eventos Pygame...
2025-05-19 16:48:49 - juego - [DEBUG] - Iniciando ciclo de renderizado...
2025-05-19 16:48:49 - juego - [DEBUG] - Ciclo de renderizado completado (flip ejecutado).
2025-05-19 16:48:49 - juego - [DEBUG] - MENSAJE DE PRUEBA REPETIDO PARA FILTRO
2025-05-19 16:48:49 - juego - [DEBUG] - Procesando eventos Pygame...
2025-05-19 16:48:49 - juego - [DEBUG] - Iniciando ciclo de renderizado...
2025-05-19 16:48:49 - juego - [DEBUG] - Ciclo de renderizado completado (flip ejecutado).
2025-05-19 16:48:49 - juego - [DEBUG] - MENSAJE DE PRUEBA REPETIDO PARA FILTRO
2025-05-19 16:48:49 - juego - [DEBUG] - Procesando eventos Pygame...
2025-05-19 16:48:49 - juego - [DEBUG] - Iniciando ciclo de renderizado...
2025-05-19 16:48:49 - juego - [DEBUG] - Ciclo de renderizado completado (flip ejecutado).
2025-05-19 16:48:49 - juego - [DEBUG] - MENSAJE DE PRUEBA REPETIDO PARA FILTRO
2025-05-19 16:48:49 - juego - [DEBUG] - Procesando eventos Pygame...
2025-05-19 16:48:49 - juego - [DEBUG] - MENSAJE DE PRUEBA REPETIDO PARA FILTRO
2025-05-19 16:48:49 - juego - [DEBUG] - Iniciando ciclo de renderizado...
2025-05-19 16:48:49 - juego - [DEBUG] - Ciclo de renderizado completado (flip ejecutado).
2025-05-19 16:48:49 - juego - [DEBUG] - Procesando eventos Pygame...
2025-05-19 16:48:49 - juego - [DEBUG] - MENSAJE DE PRUEBA REPETIDO PARA FILTRO
2025-05-19 16:48:49 - juego - [DEBUG] - Iniciando ciclo de renderizado...
2025-05-19 16:48:49 - juego - [DEBUG] - Ciclo de renderizado completado (flip ejecutado).
2025-05-19 16:48:49 - juego - [DEBUG] - Procesando eventos Pygame...
2025-05-19 16:48:49 - juego - [DEBUG] - MENSAJE DE PRUEBA REPETIDO PARA FILTRO
2025-05-19 16:48:49 - juego - [DEBUG] - Procesando eventos Pygame...
2025-05-19 16:48:49 - juego - [DEBUG] - Iniciando ciclo de renderizado...
2025-05-19 16:48:49 - juego - [DEBUG] - Ciclo de renderizado completado (flip ejecutado).
2025-05-19 16:48:49 - juego - [DEBUG] - MENSAJE DE PRUEBA REPETIDO PARA FILTRO
2025-05-19 16:48:49 - juego - [DEBUG] - Procesando eventos Pygame...
2025-05-19 16:48:49 - juego - [DEBUG] - Iniciando ciclo de renderizado...
2025-05-19 16:48:49 - juego - [DEBUG] - Ciclo de renderizado completado (flip ejecutado).
2025-05-19 16:48:49 - juego - [DEBUG] - MENSAJE DE PRUEBA REPETIDO PARA FILTRO
2025-05-19 16:48:49 - juego - [DEBUG] - Procesando eventos Pygame...
2025-05-19 16:48:49 - juego - [DEBUG] - Iniciando ciclo de renderizado...
2025-05-19 16:48:49 - juego - [DEBUG] - Ciclo de renderizado completado (flip ejecutado).
2025-05-19 16:48:49 - juego - [DEBUG] - MENSAJE DE PRUEBA REPETIDO PARA FILTRO
2025-05-19 16:48:49 - juego - [DEBUG] - Procesando eventos Pygame...
2025-05-19 16:48:49 - juego - [DEBUG] - Iniciando ciclo de renderizado...
2025-05-19 16:48:49 - juego - [DEBUG] - Ciclo de renderizado completado (flip ejecutado).
2025-05-19 16:48:49 - juego - [DEBUG] - MENSAJE DE PRUEBA REPETIDO PARA FILTRO
2025-05-19 16:48:49 - juego - [DEBUG] - Procesando eventos Pygame...
2025-05-19 16:48:49 - juego - [DEBUG] - Iniciando ciclo de renderizado...
2025-05-19 16:48:49 - juego - [DEBUG] - Ciclo de renderizado completado (flip ejecutado).
2025-05-19 16:48:49 - juego - [DEBUG] - MENSAJE DE PRUEBA REPETIDO PARA FILTRO
2025-05-19 16:48:49 - juego - [DEBUG] - Procesando eventos Pygame...
2025-05-19 16:48:49 - juego - [DEBUG] - Iniciando ciclo de renderizado...
2025-05-19 16:48:49 - juego - [DEBUG] - Ciclo de renderizado completado (flip ejecutado).
2025-05-19 16:48:49 - juego - [DEBUG] - MENSAJE DE PRUEBA REPETIDO PARA FILTRO
2025-05-19 16:48:49 - juego - [DEBUG] - Procesando eventos Pygame...
2025-05-19 16:48:49 - juego - [DEBUG] - Iniciando ciclo de renderizado...
2025-05-19 16:48:49 - juego - [DEBUG] - Ciclo de renderizado completado (flip ejecutado).
2025-05-19 16:48:49 - juego - [DEBUG] - MENSAJE DE PRUEBA REPETIDO PARA FILTRO
2025-05-19 16:48:49 - juego - [DEBUG] - Procesando eventos Pygame...
2025-05-19 16:48:49 - juego - [DEBUG] - Iniciando ciclo de renderizado...
2025-05-19 16:48:49 - juego - [DEBUG] - Ciclo de renderizado completado (flip ejecutado).
2025-05-19 16:48:50 - juego - [DEBUG] - MENSAJE DE PRUEBA REPETIDO PARA FILTRO
2025-05-19 16:48:50 - juego - [DEBUG] - Procesando eventos Pygame...
2025-05-19 16:48:50 - juego - [DEBUG] - Iniciando ciclo de renderizado...
2025-05-19 16:48:50 - juego - [DEBUG] - Ciclo de renderizado completado (flip ejecutado).
2025-05-19 16:48:50 - juego - [DEBUG] - MENSAJE DE PRUEBA REPETIDO PARA FILTRO
2025-05-19 16:48:50 - juego - [DEBUG] - Procesando eventos Pygame...
2025-05-19 16:48:50 - juego - [DEBUG] - Iniciando ciclo de renderizado...
2025-05-19 16:48:50 - juego - [DEBUG] - Ciclo de renderizado completado (flip ejecutado).
2025-05-19 16:48:50 - juego - [DEBUG] - MENSAJE DE PRUEBA REPETIDO PARA FILTRO
2025-05-19 16:48:50 - juego - [DEBUG] - Procesando eventos Pygame...
2025-05-19 16:48:50 - juego - [DEBUG] - Iniciando ciclo de renderizado...
2025-05-19 16:48:50 - juego - [DEBUG] - Ciclo de renderizado completado (flip ejecutado).
2025-05-19 16:48:50 - juego - [DEBUG] - MENSAJE DE PRUEBA REPETIDO PARA FILTRO
2025-05-19 16:48:50 - juego - [DEBUG] - Procesando eventos Pygame...
2025-05-19 16:48:50 - juego - [DEBUG] - Iniciando ciclo de renderizado...
2025-05-19 16:48:50 - juego - [DEBUG] - Ciclo de renderizado completado (flip ejecutado).
2025-05-19 16:48:50 - juego - [DEBUG] - MENSAJE DE PRUEBA REPETIDO PARA FILTRO
2025-05-19 16:48:50 - juego - [DEBUG] - Procesando eventos Pygame...
2025-05-19 16:48:50 - juego - [DEBUG] - Iniciando ciclo de renderizado...
2025-05-19 16:48:50 - juego - [DEBUG] - Ciclo de renderizado completado (flip ejecutado).
2025-05-19 16:48:50 - juego - [DEBUG] - MENSAJE DE PRUEBA REPETIDO PARA FILTRO
2025-05-19 16:48:50 - juego - [DEBUG] - Procesando eventos Pygame...
2025-05-19 16:48:50 - juego - [DEBUG] - Iniciando ciclo de renderizado...
2025-05-19 16:48:50 - juego - [DEBUG] - Ciclo de renderizado completado (flip ejecutado).
2025-05-19 16:48:50 - juego - [DEBUG] - MENSAJE DE PRUEBA REPETIDO PARA FILTRO
2025-05-19 16:48:50 - juego - [DEBUG] - Procesando eventos Pygame...
2025-05-19 16:48:50 - juego - [DEBUG] - Iniciando ciclo de renderizado...
2025-05-19 16:48:50 - juego - [DEBUG] - Ciclo de renderizado completado (flip ejecutado).
2025-05-19 16:48:50 - juego - [DEBUG] - MENSAJE DE PRUEBA REPETIDO PARA FILTRO
2025-05-19 16:48:50 - juego - [DEBUG] - Procesando eventos Pygame...
2025-05-19 16:48:50 - juego - [DEBUG] - Iniciando ciclo de renderizado...
2025-05-19 16:48:50 - juego - [DEBUG] - Ciclo de renderizado completado (flip ejecutado).
2025-05-19 16:48:50 - juego - [DEBUG] - MENSAJE DE PRUEBA REPETIDO PARA FILTRO
2025-05-19 16:48:50 - juego - [DEBUG] - Procesando eventos Pygame...
2025-05-19 16:48:50 - juego - [DEBUG] - Iniciando ciclo de renderizado...
2025-05-19 16:48:50 - juego - [DEBUG] - Ciclo de renderizado completado (flip ejecutado).
2025-05-19 16:48:50 - juego - [DEBUG] - MENSAJE DE PRUEBA REPETIDO PARA FILTRO
2025-05-19 16:48:50 - juego - [DEBUG] - Procesando eventos Pygame...
2025-05-19 16:48:50 - juego - [DEBUG] - Iniciando ciclo de renderizado...
2025-05-19 16:48:50 - juego - [DEBUG] - Ciclo de renderizado completado (flip ejecutado).
2025-05-19 16:48:50 - juego - [DEBUG] - MENSAJE DE PRUEBA REPETIDO PARA FILTRO
2025-05-19 16:48:50 - juego - [DEBUG] - Procesando eventos Pygame...
2025-05-19 16:48:50 - juego - [DEBUG] - Iniciando ciclo de renderizado...
2025-05-19 16:48:50 - juego - [DEBUG] - Ciclo de renderizado completado (flip ejecutado).
2025-05-19 16:48:50 - juego - [DEBUG] - MENSAJE DE PRUEBA REPETIDO PARA FILTRO
2025-05-19 16:48:50 - juego - [DEBUG] - Procesando eventos Pygame...
2025-05-19 16:48:50 - juego - [DEBUG] - Iniciando ciclo de renderizado...
2025-05-19 16:48:50 - juego - [DEBUG] - Ciclo de renderizado completado (flip ejecutado).
2025-05-19 16:48:50 - juego - [DEBUG] - MENSAJE DE PRUEBA REPETIDO PARA FILTRO
2025-05-19 16:48:50 - juego - [DEBUG] - Procesando eventos Pygame...
2025-05-19 16:48:50 - juego - [DEBUG] - Iniciando ciclo de renderizado...
2025-05-19 16:48:50 - juego - [DEBUG] - Ciclo de renderizado completado (flip ejecutado).
2025-05-19 16:48:50 - juego - [DEBUG] - MENSAJE DE PRUEBA REPETIDO PARA FILTRO
2025-05-19 16:48:50 - juego - [DEBUG] - Procesando eventos Pygame...
2025-05-19 16:48:50 - juego - [DEBUG] - Iniciando ciclo de renderizado...
2025-05-19 16:48:50 - juego - [DEBUG] - Ciclo de renderizado completado (flip ejecutado).
2025-05-19 16:48:50 - juego - [DEBUG] - MENSAJE DE PRUEBA REPETIDO PARA FILTRO
2025-05-19 16:48:50 - juego - [DEBUG] - Procesando eventos Pygame...
2025-05-19 16:48:50 - juego - [DEBUG] - Iniciando ciclo de renderizado...
2025-05-19 16:48:50 - juego - [DEBUG] - Ciclo de renderizado completado (flip ejecutado).
2025-05-19 16:48:50 - juego - [DEBUG] - MENSAJE DE PRUEBA REPETIDO PARA FILTRO
2025-05-19 16:48:50 - juego - [DEBUG] - Procesando eventos Pygame...
2025-05-19 16:48:50 - juego - [DEBUG] - Iniciando ciclo de renderizado...
2025-05-19 16:48:50 - juego - [DEBUG] - Ciclo de renderizado completado (flip ejecutado).
2025-05-19 16:48:51 - juego - [DEBUG] - MENSAJE DE PRUEBA REPETIDO PARA FILTRO
2025-05-19 16:48:51 - juego - [DEBUG] - Procesando eventos Pygame...
2025-05-19 16:48:51 - juego - [DEBUG] - Iniciando ciclo de renderizado...
2025-05-19 16:48:51 - juego - [DEBUG] - Ciclo de renderizado completado (flip ejecutado).
2025-05-19 16:48:51 - juego - [DEBUG] - MENSAJE DE PRUEBA REPETIDO PARA FILTRO
2025-05-19 16:48:51 - juego - [DEBUG] - Procesando eventos Pygame...
2025-05-19 16:48:51 - juego - [DEBUG] - Iniciando ciclo de renderizado...
2025-05-19 16:48:51 - juego - [DEBUG] - Ciclo de renderizado completado (flip ejecutado).
2025-05-19 16:48:51 - juego - [DEBUG] - MENSAJE DE PRUEBA REPETIDO PARA FILTRO
2025-05-19 16:48:51 - juego - [DEBUG] - Procesando eventos Pygame...
2025-05-19 16:48:51 - juego - [DEBUG] - Iniciando ciclo de renderizado...
2025-05-19 16:48:51 - juego - [DEBUG] - Ciclo de renderizado completado (flip ejecutado).
2025-05-19 16:48:51 - juego - [DEBUG] - MENSAJE DE PRUEBA REPETIDO PARA FILTRO
2025-05-19 16:48:51 - juego - [DEBUG] - Procesando eventos Pygame...
2025-05-19 16:48:51 - juego - [DEBUG] - Iniciando ciclo de renderizado...
2025-05-19 16:48:51 - juego - [DEBUG] - Ciclo de renderizado completado (flip ejecutado).
2025-05-19 16:48:51 - juego - [DEBUG] - MENSAJE DE PRUEBA REPETIDO PARA FILTRO
2025-05-19 16:48:51 - juego - [DEBUG] - Procesando eventos Pygame...
2025-05-19 16:48:51 - juego - [DEBUG] - Iniciando ciclo de renderizado...
2025-05-19 16:48:51 - juego - [DEBUG] - Ciclo de renderizado completado (flip ejecutado).
2025-05-19 16:48:51 - juego - [DEBUG] - MENSAJE DE PRUEBA REPETIDO PARA FILTRO
2025-05-19 16:48:51 - juego - [DEBUG] - Procesando eventos Pygame...
2025-05-19 16:48:51 - juego - [DEBUG] - Iniciando ciclo de renderizado...
2025-05-19 16:48:51 - juego - [DEBUG] - Ciclo de renderizado completado (flip ejecutado).
2025-05-19 16:48:51 - juego - [DEBUG] - MENSAJE DE PRUEBA REPETIDO PARA FILTRO
2025-05-19 16:48:51 - juego - [DEBUG] - Procesando eventos Pygame...
2025-05-19 16:48:51 - juego - [DEBUG] - Iniciando ciclo de renderizado...
2025-05-19 16:48:51 - juego - [DEBUG] - Ciclo de renderizado completado (flip ejecutado).
2025-05-19 16:48:51 - juego - [DEBUG] - MENSAJE DE PRUEBA REPETIDO PARA FILTRO
2025-05-19 16:48:51 - juego - [DEBUG] - Procesando eventos Pygame...
2025-05-19 16:48:51 - juego - [DEBUG] - Iniciando ciclo de renderizado...
2025-05-19 16:48:51 - juego - [DEBUG] - Ciclo de renderizado completado (flip ejecutado).
2025-05-19 16:48:51 - juego - [DEBUG] - MENSAJE DE PRUEBA REPETIDO PARA FILTRO
2025-05-19 16:48:51 - juego - [DEBUG] - Procesando eventos Pygame...
2025-05-19 16:48:51 - juego - [DEBUG] - Iniciando ciclo de renderizado...
2025-05-19 16:48:51 - juego - [DEBUG] - Ciclo de renderizado completado (flip ejecutado).
2025-05-19 16:48:51 - juego - [DEBUG] - MENSAJE DE PRUEBA REPETIDO PARA FILTRO
2025-05-19 16:48:51 - juego - [DEBUG] - Procesando eventos Pygame...
2025-05-19 16:48:51 - juego - [DEBUG] - Iniciando ciclo de renderizado...
2025-05-19 16:48:51 - juego - [DEBUG] - Ciclo de renderizado completado (flip ejecutado).
2025-05-19 16:48:51 - juego - [DEBUG] - MENSAJE DE PRUEBA REPETIDO PARA FILTRO
2025-05-19 16:48:51 - juego - [DEBUG] - Procesando eventos Pygame...
2025-05-19 16:48:51 - juego - [DEBUG] - Iniciando ciclo de renderizado...
2025-05-19 16:48:51 - juego - [DEBUG] - Ciclo de renderizado completado (flip ejecutado).
2025-05-19 16:48:51 - juego - [DEBUG] - MENSAJE DE PRUEBA REPETIDO PARA FILTRO
2025-05-19 16:48:51 - juego - [DEBUG] - Procesando eventos Pygame...
2025-05-19 16:48:51 - juego - [DEBUG] - Iniciando ciclo de renderizado...
2025-05-19 16:48:51 - juego - [DEBUG] - Ciclo de renderizado completado (flip ejecutado).
2025-05-19 16:48:51 - juego - [DEBUG] - MENSAJE DE PRUEBA REPETIDO PARA FILTRO
2025-05-19 16:48:51 - juego - [DEBUG] - Procesando eventos Pygame...
2025-05-19 16:48:51 - juego - [DEBUG] - Iniciando ciclo de renderizado...
2025-05-19 16:48:51 - juego - [DEBUG] - Ciclo de renderizado completado (flip ejecutado).
2025-05-19 16:48:51 - juego - [DEBUG] - MENSAJE DE PRUEBA REPETIDO PARA FILTRO
2025-05-19 16:48:51 - juego - [DEBUG] - Procesando eventos Pygame...
2025-05-19 16:48:51 - juego - [DEBUG] - Iniciando ciclo de renderizado...
2025-05-19 16:48:51 - juego - [DEBUG] - Ciclo de renderizado completado (flip ejecutado).
2025-05-19 16:48:51 - juego - [DEBUG] - MENSAJE DE PRUEBA REPETIDO PARA FILTRO
2025-05-19 16:48:51 - juego - [DEBUG] - Procesando eventos Pygame...
2025-05-19 16:48:51 - juego - [DEBUG] - Iniciando ciclo de renderizado...
2025-05-19 16:48:51 - juego - [DEBUG] - Ciclo de renderizado completado (flip ejecutado).
2025-05-19 16:48:51 - juego - [DEBUG] - MENSAJE DE PRUEBA REPETIDO PARA FILTRO
2025-05-19 16:48:51 - juego - [DEBUG] - Procesando eventos Pygame...
2025-05-19 16:48:51 - juego - [DEBUG] - Iniciando ciclo de renderizado...
2025-05-19 16:48:51 - juego - [DEBUG] - Ciclo de renderizado completado (flip ejecutado).
2025-05-19 16:48:52 - juego - [DEBUG] - MENSAJE DE PRUEBA REPETIDO PARA FILTRO
2025-05-19 16:48:52 - juego - [DEBUG] - Procesando eventos Pygame...
2025-05-19 16:48:52 - juego - [DEBUG] - Iniciando ciclo de renderizado...
2025-05-19 16:48:52 - juego - [DEBUG] - Ciclo de renderizado completado (flip ejecutado).
2025-05-19 16:48:52 - juego - [DEBUG] - MENSAJE DE PRUEBA REPETIDO PARA FILTRO
2025-05-19 16:48:52 - juego - [DEBUG] - Procesando eventos Pygame...
2025-05-19 16:48:52 - juego - [DEBUG] - Iniciando ciclo de renderizado...
2025-05-19 16:48:52 - juego - [DEBUG] - Ciclo de renderizado completado (flip ejecutado).
2025-05-19 16:48:52 - juego - [DEBUG] - MENSAJE DE PRUEBA REPETIDO PARA FILTRO
2025-05-19 16:48:52 - juego - [DEBUG] - Procesando eventos Pygame...
2025-05-19 16:48:52 - juego - [DEBUG] - Iniciando ciclo de renderizado...
2025-05-19 16:48:52 - juego - [DEBUG] - Ciclo de renderizado completado (flip ejecutado).
2025-05-19 16:48:52 - juego - [DEBUG] - MENSAJE DE PRUEBA REPETIDO PARA FILTRO
2025-05-19 16:48:52 - juego - [DEBUG] - Procesando eventos Pygame...
2025-05-19 16:48:52 - juego - [DEBUG] - Iniciando ciclo de renderizado...
2025-05-19 16:48:52 - juego - [DEBUG] - Ciclo de renderizado completado (flip ejecutado).
2025-05-19 16:48:52 - juego - [DEBUG] - MENSAJE DE PRUEBA REPETIDO PARA FILTRO
2025-05-19 16:48:52 - juego - [DEBUG] - Procesando eventos Pygame...
2025-05-19 16:48:52 - juego - [DEBUG] - Iniciando ciclo de renderizado...
2025-05-19 16:48:52 - juego - [DEBUG] - Ciclo de renderizado completado (flip ejecutado).
2025-05-19 16:48:52 - juego - [DEBUG] - MENSAJE DE PRUEBA REPETIDO PARA FILTRO
2025-05-19 16:48:52 - juego - [DEBUG] - Procesando eventos Pygame...
2025-05-19 16:48:52 - juego - [DEBUG] - Iniciando ciclo de renderizado...
2025-05-19 16:48:52 - juego - [DEBUG] - Ciclo de renderizado completado (flip ejecutado).
2025-05-19 16:48:52 - juego - [DEBUG] - MENSAJE DE PRUEBA REPETIDO PARA FILTRO
2025-05-19 16:48:52 - juego - [DEBUG] - Procesando eventos Pygame...
2025-05-19 16:48:52 - juego - [DEBUG] - Iniciando ciclo de renderizado...
2025-05-19 16:48:52 - juego - [DEBUG] - Ciclo de renderizado completado (flip ejecutado).
2025-05-19 16:48:52 - juego - [DEBUG] - MENSAJE DE PRUEBA REPETIDO PARA FILTRO
2025-05-19 16:48:52 - juego - [DEBUG] - Procesando eventos Pygame...
2025-05-19 16:48:52 - juego - [DEBUG] - Iniciando ciclo de renderizado...
2025-05-19 16:48:52 - juego - [DEBUG] - Ciclo de renderizado completado (flip ejecutado).
2025-05-19 16:48:52 - juego - [DEBUG] - MENSAJE DE PRUEBA REPETIDO PARA FILTRO
2025-05-19 16:48:52 - juego - [DEBUG] - Procesando eventos Pygame...
2025-05-19 16:48:52 - juego - [DEBUG] - Iniciando ciclo de renderizado...
2025-05-19 16:48:52 - juego - [DEBUG] - Ciclo de renderizado completado (flip ejecutado).
2025-05-19 16:48:52 - juego - [DEBUG] - MENSAJE DE PRUEBA REPETIDO PARA FILTRO
2025-05-19 16:48:52 - juego - [DEBUG] - Procesando eventos Pygame...
2025-05-19 16:48:52 - juego - [DEBUG] - Iniciando ciclo de renderizado...
2025-05-19 16:48:52 - juego - [DEBUG] - Ciclo de renderizado completado (flip ejecutado).
2025-05-19 16:48:52 - juego - [DEBUG] - MENSAJE DE PRUEBA REPETIDO PARA FILTRO
2025-05-19 16:48:52 - juego - [DEBUG] - Procesando eventos Pygame...
2025-05-19 16:48:52 - juego - [DEBUG] - Iniciando ciclo de renderizado...
2025-05-19 16:48:52 - juego - [DEBUG] - Ciclo de renderizado completado (flip ejecutado).
2025-05-19 16:48:52 - juego - [DEBUG] - MENSAJE DE PRUEBA REPETIDO PARA FILTRO
2025-05-19 16:48:52 - juego - [DEBUG] - Procesando eventos Pygame...
2025-05-19 16:48:52 - juego - [DEBUG] - Iniciando ciclo de renderizado...
2025-05-19 16:48:52 - juego - [DEBUG] - Ciclo de renderizado completado (flip ejecutado).
2025-05-19 16:48:52 - juego - [DEBUG] - MENSAJE DE PRUEBA REPETIDO PARA FILTRO
2025-05-19 16:48:52 - juego - [DEBUG] - Procesando eventos Pygame...
2025-05-19 16:48:52 - juego - [DEBUG] - Iniciando ciclo de renderizado...
2025-05-19 16:48:52 - juego - [DEBUG] - Ciclo de renderizado completado (flip ejecutado).
2025-05-19 16:48:52 - juego - [DEBUG] - MENSAJE DE PRUEBA REPETIDO PARA FILTRO
2025-05-19 16:48:52 - juego - [DEBUG] - Procesando eventos Pygame...
2025-05-19 16:48:52 - juego - [DEBUG] - Iniciando ciclo de renderizado...
2025-05-19 16:48:52 - juego - [DEBUG] - Ciclo de renderizado completado (flip ejecutado).
2025-05-19 16:48:52 - juego - [DEBUG] - MENSAJE DE PRUEBA REPETIDO PARA FILTRO
2025-05-19 16:48:52 - juego - [DEBUG] - Procesando eventos Pygame...
2025-05-19 16:48:52 - juego - [DEBUG] - Iniciando ciclo de renderizado...
2025-05-19 16:48:52 - juego - [DEBUG] - Ciclo de renderizado completado (flip ejecutado).
2025-05-19 16:48:52 - juego - [DEBUG] - MENSAJE DE PRUEBA REPETIDO PARA FILTRO
2025-05-19 16:48:52 - juego - [DEBUG] - Procesando eventos Pygame...
2025-05-19 16:48:52 - juego - [DEBUG] - Iniciando ciclo de renderizado...
2025-05-19 16:48:52 - juego - [DEBUG] - Ciclo de renderizado completado (flip ejecutado).
2025-05-19 16:48:53 - juego - [DEBUG] - MENSAJE DE PRUEBA REPETIDO PARA FILTRO
2025-05-19 16:48:53 - juego - [DEBUG] - Procesando eventos Pygame...
2025-05-19 16:48:53 - juego - [DEBUG] - Iniciando ciclo de renderizado...
2025-05-19 16:48:53 - juego - [DEBUG] - Ciclo de renderizado completado (flip ejecutado).
2025-05-19 16:48:53 - juego - [DEBUG] - MENSAJE DE PRUEBA REPETIDO PARA FILTRO
2025-05-19 16:48:53 - juego - [DEBUG] - Procesando eventos Pygame...
2025-05-19 16:48:53 - juego - [DEBUG] - Iniciando ciclo de renderizado...
2025-05-19 16:48:53 - juego - [DEBUG] - Ciclo de renderizado completado (flip ejecutado).
2025-05-19 16:48:53 - juego - [DEBUG] - MENSAJE DE PRUEBA REPETIDO PARA FILTRO
2025-05-19 16:48:53 - juego - [DEBUG] - Procesando eventos Pygame...
2025-05-19 16:48:53 - juego - [DEBUG] - Iniciando ciclo de renderizado...
2025-05-19 16:48:53 - juego - [DEBUG] - Ciclo de renderizado completado (flip ejecutado).
2025-05-19 16:48:53 - juego - [DEBUG] - MENSAJE DE PRUEBA REPETIDO PARA FILTRO
2025-05-19 16:48:53 - juego - [DEBUG] - Procesando eventos Pygame...
2025-05-19 16:48:53 - juego - [DEBUG] - Iniciando ciclo de renderizado...
2025-05-19 16:48:53 - juego - [DEBUG] - Ciclo de renderizado completado (flip ejecutado).
2025-05-19 16:48:53 - juego - [DEBUG] - MENSAJE DE PRUEBA REPETIDO PARA FILTRO
2025-05-19 16:48:53 - juego - [DEBUG] - Procesando eventos Pygame...
2025-05-19 16:48:53 - juego - [DEBUG] - Iniciando ciclo de renderizado...
2025-05-19 16:48:53 - juego - [DEBUG] - Ciclo de renderizado completado (flip ejecutado).
2025-05-19 16:48:53 - juego - [DEBUG] - MENSAJE DE PRUEBA REPETIDO PARA FILTRO
2025-05-19 16:48:53 - juego - [DEBUG] - Procesando eventos Pygame...
2025-05-19 16:48:53 - juego - [DEBUG] - Iniciando ciclo de renderizado...
2025-05-19 16:48:53 - juego - [DEBUG] - Ciclo de renderizado completado (flip ejecutado).
2025-05-19 16:48:53 - juego - [DEBUG] - MENSAJE DE PRUEBA REPETIDO PARA FILTRO
2025-05-19 16:48:53 - juego - [DEBUG] - Procesando eventos Pygame...
2025-05-19 16:48:53 - juego - [DEBUG] - Iniciando ciclo de renderizado...
2025-05-19 16:48:53 - juego - [DEBUG] - Ciclo de renderizado completado (flip ejecutado).
2025-05-19 16:48:53 - juego - [DEBUG] - MENSAJE DE PRUEBA REPETIDO PARA FILTRO
2025-05-19 16:48:53 - juego - [DEBUG] - Procesando eventos Pygame...
2025-05-19 16:48:53 - juego - [DEBUG] - Iniciando ciclo de renderizado...
2025-05-19 16:48:53 - juego - [DEBUG] - Ciclo de renderizado completado (flip ejecutado).
2025-05-19 16:48:53 - juego - [DEBUG] - MENSAJE DE PRUEBA REPETIDO PARA FILTRO
2025-05-19 16:48:53 - juego - [DEBUG] - Procesando eventos Pygame...
2025-05-19 16:48:53 - juego - [DEBUG] - Iniciando ciclo de renderizado...
2025-05-19 16:48:53 - juego - [DEBUG] - Ciclo de renderizado completado (flip ejecutado).
2025-05-19 16:48:53 - juego - [DEBUG] - MENSAJE DE PRUEBA REPETIDO PARA FILTRO
2025-05-19 16:48:53 - juego - [DEBUG] - Procesando eventos Pygame...
2025-05-19 16:48:53 - juego - [DEBUG] - Iniciando ciclo de renderizado...
2025-05-19 16:48:53 - juego - [DEBUG] - Ciclo de renderizado completado (flip ejecutado).
2025-05-19 16:48:53 - juego - [DEBUG] - MENSAJE DE PRUEBA REPETIDO PARA FILTRO
2025-05-19 16:48:53 - juego - [DEBUG] - Procesando eventos Pygame...
2025-05-19 16:48:53 - juego - [DEBUG] - Iniciando ciclo de renderizado...
2025-05-19 16:48:53 - juego - [DEBUG] - Ciclo de renderizado completado (flip ejecutado).
2025-05-19 16:48:53 - juego - [DEBUG] - MENSAJE DE PRUEBA REPETIDO PARA FILTRO
2025-05-19 16:48:53 - juego - [DEBUG] - Procesando eventos Pygame...
2025-05-19 16:48:53 - juego - [DEBUG] - Iniciando ciclo de renderizado...
2025-05-19 16:48:53 - juego - [DEBUG] - Ciclo de renderizado completado (flip ejecutado).
2025-05-19 16:48:53 - juego - [DEBUG] - MENSAJE DE PRUEBA REPETIDO PARA FILTRO
2025-05-19 16:48:53 - juego - [DEBUG] - Procesando eventos Pygame...
2025-05-19 16:48:53 - juego - [DEBUG] - Iniciando ciclo de renderizado...
2025-05-19 16:48:53 - juego - [DEBUG] - Ciclo de renderizado completado (flip ejecutado).
2025-05-19 16:48:53 - juego - [DEBUG] - MENSAJE DE PRUEBA REPETIDO PARA FILTRO
2025-05-19 16:48:53 - juego - [DEBUG] - Procesando eventos Pygame...
2025-05-19 16:48:53 - juego - [DEBUG] - Iniciando ciclo de renderizado...
2025-05-19 16:48:53 - juego - [DEBUG] - Ciclo de renderizado completado (flip ejecutado).
2025-05-19 16:48:53 - juego - [DEBUG] - MENSAJE DE PRUEBA REPETIDO PARA FILTRO
2025-05-19 16:48:53 - juego - [DEBUG] - Procesando eventos Pygame...
2025-05-19 16:48:53 - juego - [DEBUG] - Iniciando ciclo de renderizado...
2025-05-19 16:48:53 - juego - [DEBUG] - Ciclo de renderizado completado (flip ejecutado).
2025-05-19 16:48:53 - juego - [DEBUG] - MENSAJE DE PRUEBA REPETIDO PARA FILTRO
2025-05-19 16:48:53 - juego - [DEBUG] - Procesando eventos Pygame...
2025-05-19 16:48:53 - juego - [DEBUG] - Iniciando ciclo de renderizado...
2025-05-19 16:48:53 - juego - [DEBUG] - Ciclo de renderizado completado (flip ejecutado).
2025-05-19 16:48:54 - juego - [DEBUG] - MENSAJE DE PRUEBA REPETIDO PARA FILTRO
2025-05-19 16:48:54 - juego - [DEBUG] - Procesando eventos Pygame...
2025-05-19 16:48:54 - juego - [DEBUG] - Iniciando ciclo de renderizado...
2025-05-19 16:48:54 - juego - [DEBUG] - Ciclo de renderizado completado (flip ejecutado).
2025-05-19 16:48:54 - juego - [DEBUG] - MENSAJE DE PRUEBA REPETIDO PARA FILTRO
2025-05-19 16:48:54 - juego - [DEBUG] - Procesando eventos Pygame...
2025-05-19 16:48:54 - juego - [DEBUG] - Iniciando ciclo de renderizado...
2025-05-19 16:48:54 - juego - [DEBUG] - Ciclo de renderizado completado (flip ejecutado).
2025-05-19 16:48:54 - juego - [DEBUG] - MENSAJE DE PRUEBA REPETIDO PARA FILTRO
2025-05-19 16:48:54 - juego - [DEBUG] - Procesando eventos Pygame...
2025-05-19 16:48:54 - juego - [DEBUG] - Iniciando ciclo de renderizado...
2025-05-19 16:48:54 - juego - [DEBUG] - Ciclo de renderizado completado (flip ejecutado).
2025-05-19 16:48:54 - juego - [DEBUG] - MENSAJE DE PRUEBA REPETIDO PARA FILTRO
2025-05-19 16:48:54 - juego - [DEBUG] - Procesando eventos Pygame...
2025-05-19 16:48:54 - juego - [DEBUG] - Iniciando ciclo de renderizado...
2025-05-19 16:48:54 - juego - [DEBUG] - Ciclo de renderizado completado (flip ejecutado).
2025-05-19 16:48:54 - juego - [DEBUG] - Iniciando ciclo de renderizado...
2025-05-19 16:48:54 - juego - [DEBUG] - Ciclo de renderizado completado (flip ejecutado).
2025-05-19 16:48:54 - juego - [DEBUG] - MENSAJE DE PRUEBA REPETIDO PARA FILTRO
2025-05-19 16:48:54 - juego - [DEBUG] - Procesando eventos Pygame...
2025-05-19 16:48:54 - juego - [DEBUG] - Iniciando ciclo de renderizado...
2025-05-19 16:48:54 - juego - [DEBUG] - Ciclo de renderizado completado (flip ejecutado).
2025-05-19 16:48:54 - juego - [DEBUG] - MENSAJE DE PRUEBA REPETIDO PARA FILTRO
2025-05-19 16:48:54 - juego - [DEBUG] - Procesando eventos Pygame...
2025-05-19 16:48:54 - juego - [DEBUG] - Iniciando ciclo de renderizado...
2025-05-19 16:48:54 - juego - [DEBUG] - Ciclo de renderizado completado (flip ejecutado).
2025-05-19 16:48:54 - juego - [DEBUG] - MENSAJE DE PRUEBA REPETIDO PARA FILTRO
2025-05-19 16:48:54 - juego - [DEBUG] - Procesando eventos Pygame...
2025-05-19 16:48:54 - juego - [DEBUG] - Iniciando ciclo de renderizado...
2025-05-19 16:48:54 - juego - [DEBUG] - Ciclo de renderizado completado (flip ejecutado).
2025-05-19 16:48:54 - juego - [DEBUG] - MENSAJE DE PRUEBA REPETIDO PARA FILTRO
2025-05-19 16:48:54 - juego - [DEBUG] - Procesando eventos Pygame...
2025-05-19 16:48:54 - juego - [DEBUG] - Iniciando ciclo de renderizado...
2025-05-19 16:48:54 - juego - [DEBUG] - Ciclo de renderizado completado (flip ejecutado).
2025-05-19 16:48:54 - juego - [DEBUG] - MENSAJE DE PRUEBA REPETIDO PARA FILTRO
2025-05-19 16:48:54 - juego - [DEBUG] - Procesando eventos Pygame...
2025-05-19 16:48:54 - juego - [DEBUG] - Iniciando ciclo de renderizado...
2025-05-19 16:48:54 - juego - [DEBUG] - Ciclo de renderizado completado (flip ejecutado).
2025-05-19 16:48:54 - juego - [DEBUG] - MENSAJE DE PRUEBA REPETIDO PARA FILTRO
2025-05-19 16:48:54 - juego - [DEBUG] - Procesando eventos Pygame...
2025-05-19 16:48:54 - juego - [DEBUG] - Iniciando ciclo de renderizado...
2025-05-19 16:48:54 - juego - [DEBUG] - Ciclo de renderizado completado (flip ejecutado).
2025-05-19 16:48:54 - juego - [DEBUG] - MENSAJE DE PRUEBA REPETIDO PARA FILTRO
2025-05-19 16:48:54 - juego - [DEBUG] - Procesando eventos Pygame...
2025-05-19 16:48:54 - juego - [DEBUG] - MENSAJE DE PRUEBA REPETIDO PARA FILTRO
2025-05-19 16:48:54 - juego - [DEBUG] - Procesando eventos Pygame...
2025-05-19 16:48:54 - juego - [DEBUG] - Iniciando ciclo de renderizado...
2025-05-19 16:48:54 - juego - [DEBUG] - Ciclo de renderizado completado (flip ejecutado).
2025-05-19 16:48:54 - juego - [DEBUG] - MENSAJE DE PRUEBA REPETIDO PARA FILTRO
2025-05-19 16:48:54 - juego - [DEBUG] - Procesando eventos Pygame...
2025-05-19 16:48:54 - juego - [DEBUG] - Iniciando ciclo de renderizado...
2025-05-19 16:48:54 - juego - [DEBUG] - Ciclo de renderizado completado (flip ejecutado).
2025-05-19 16:48:54 - juego - [DEBUG] - Iniciando ciclo de renderizado...
2025-05-19 16:48:54 - juego - [DEBUG] - Ciclo de renderizado completado (flip ejecutado).
2025-05-19 16:48:54 - juego - [DEBUG] - MENSAJE DE PRUEBA REPETIDO PARA FILTRO
2025-05-19 16:48:54 - juego - [DEBUG] - Procesando eventos Pygame...
2025-05-19 16:48:54 - juego - [DEBUG] - Iniciando ciclo de renderizado...
2025-05-19 16:48:54 - juego - [DEBUG] - Ciclo de renderizado completado (flip ejecutado).
2025-05-19 16:48:54 - juego - [DEBUG] - MENSAJE DE PRUEBA REPETIDO PARA FILTRO
2025-05-19 16:48:54 - juego - [DEBUG] - Procesando eventos Pygame...
2025-05-19 16:48:54 - juego - [DEBUG] - Iniciando ciclo de renderizado...
2025-05-19 16:48:54 - juego - [DEBUG] - Ciclo de renderizado completado (flip ejecutado).
2025-05-19 16:48:54 - juego - [DEBUG] - MENSAJE DE PRUEBA REPETIDO PARA FILTRO
2025-05-19 16:48:54 - juego - [DEBUG] - Procesando eventos Pygame...
2025-05-19 16:48:55 - juego - [DEBUG] - Iniciando ciclo de renderizado...
2025-05-19 16:48:55 - juego - [DEBUG] - Ciclo de renderizado completado (flip ejecutado).
2025-05-19 16:48:55 - juego - [DEBUG] - MENSAJE DE PRUEBA REPETIDO PARA FILTRO
2025-05-19 16:48:55 - juego - [DEBUG] - Procesando eventos Pygame...
2025-05-19 16:48:55 - juego - [DEBUG] - Iniciando ciclo de renderizado...
2025-05-19 16:48:55 - juego - [DEBUG] - Ciclo de renderizado completado (flip ejecutado).
2025-05-19 16:48:55 - juego - [DEBUG] - MENSAJE DE PRUEBA REPETIDO PARA FILTRO
2025-05-19 16:48:55 - juego - [DEBUG] - Procesando eventos Pygame...
2025-05-19 16:48:55 - juego - [DEBUG] - Iniciando ciclo de renderizado...
2025-05-19 16:48:55 - juego - [DEBUG] - Ciclo de renderizado completado (flip ejecutado).
2025-05-19 16:48:55 - juego - [DEBUG] - MENSAJE DE PRUEBA REPETIDO PARA FILTRO
2025-05-19 16:48:55 - juego - [DEBUG] - Procesando eventos Pygame...
2025-05-19 16:48:55 - juego - [DEBUG] - Iniciando ciclo de renderizado...
2025-05-19 16:48:55 - juego - [DEBUG] - Ciclo de renderizado completado (flip ejecutado).
2025-05-19 16:48:55 - juego - [DEBUG] - MENSAJE DE PRUEBA REPETIDO PARA FILTRO
2025-05-19 16:48:55 - juego - [DEBUG] - Procesando eventos Pygame...
2025-05-19 16:48:55 - juego - [DEBUG] - Iniciando ciclo de renderizado...
2025-05-19 16:48:55 - juego - [DEBUG] - Ciclo de renderizado completado (flip ejecutado).
2025-05-19 16:48:55 - juego - [DEBUG] - MENSAJE DE PRUEBA REPETIDO PARA FILTRO
2025-05-19 16:48:55 - juego - [DEBUG] - Procesando eventos Pygame...
2025-05-19 16:48:55 - juego - [DEBUG] - MENSAJE DE PRUEBA REPETIDO PARA FILTRO
2025-05-19 16:48:55 - juego - [DEBUG] - Procesando eventos Pygame...
2025-05-19 16:48:55 - juego - [DEBUG] - Iniciando ciclo de renderizado...
2025-05-19 16:48:55 - juego - [DEBUG] - Ciclo de renderizado completado (flip ejecutado).
2025-05-19 16:48:55 - juego - [DEBUG] - MENSAJE DE PRUEBA REPETIDO PARA FILTRO
2025-05-19 16:48:55 - juego - [DEBUG] - Procesando eventos Pygame...
2025-05-19 16:48:55 - juego - [DEBUG] - Iniciando ciclo de renderizado...
2025-05-19 16:48:55 - juego - [DEBUG] - Ciclo de renderizado completado (flip ejecutado).
2025-05-19 16:48:55 - juego - [DEBUG] - MENSAJE DE PRUEBA REPETIDO PARA FILTRO
2025-05-19 16:48:55 - juego - [DEBUG] - Procesando eventos Pygame...
2025-05-19 16:48:55 - juego - [DEBUG] - Iniciando ciclo de renderizado...
2025-05-19 16:48:55 - juego - [DEBUG] - Ciclo de renderizado completado (flip ejecutado).
2025-05-19 16:48:55 - juego - [DEBUG] - MENSAJE DE PRUEBA REPETIDO PARA FILTRO
2025-05-19 16:48:55 - juego - [DEBUG] - Procesando eventos Pygame...
2025-05-19 16:48:55 - juego - [DEBUG] - Iniciando ciclo de renderizado...
2025-05-19 16:48:55 - juego - [DEBUG] - Ciclo de renderizado completado (flip ejecutado).
2025-05-19 16:48:55 - juego - [DEBUG] - MENSAJE DE PRUEBA REPETIDO PARA FILTRO
2025-05-19 16:48:55 - juego - [DEBUG] - Procesando eventos Pygame...
2025-05-19 16:48:55 - juego - [DEBUG] - Iniciando ciclo de renderizado...
2025-05-19 16:48:55 - juego - [DEBUG] - Ciclo de renderizado completado (flip ejecutado).
2025-05-19 16:48:55 - juego - [DEBUG] - MENSAJE DE PRUEBA REPETIDO PARA FILTRO
2025-05-19 16:48:55 - juego - [DEBUG] - Procesando eventos Pygame...
2025-05-19 16:48:55 - juego - [DEBUG] - Iniciando ciclo de renderizado...
2025-05-19 16:48:55 - juego - [DEBUG] - Ciclo de renderizado completado (flip ejecutado).
2025-05-19 16:48:55 - juego - [DEBUG] - MENSAJE DE PRUEBA REPETIDO PARA FILTRO
2025-05-19 16:48:55 - juego - [DEBUG] - Procesando eventos Pygame...
2025-05-19 16:48:55 - juego - [DEBUG] - Iniciando ciclo de renderizado...
2025-05-19 16:48:55 - juego - [DEBUG] - Ciclo de renderizado completado (flip ejecutado).
2025-05-19 16:48:55 - juego - [DEBUG] - MENSAJE DE PRUEBA REPETIDO PARA FILTRO
2025-05-19 16:48:55 - juego - [DEBUG] - Procesando eventos Pygame...
2025-05-19 16:48:55 - juego - [DEBUG] - Iniciando ciclo de renderizado...
2025-05-19 16:48:55 - juego - [DEBUG] - Ciclo de renderizado completado (flip ejecutado).
2025-05-19 16:48:55 - juego - [DEBUG] - MENSAJE DE PRUEBA REPETIDO PARA FILTRO
2025-05-19 16:48:55 - juego - [DEBUG] - Procesando eventos Pygame...
2025-05-19 16:48:55 - juego - [DEBUG] - Iniciando ciclo de renderizado...
2025-05-19 16:48:55 - juego - [DEBUG] - Ciclo de renderizado completado (flip ejecutado).
2025-05-19 16:48:55 - juego - [DEBUG] - MENSAJE DE PRUEBA REPETIDO PARA FILTRO
2025-05-19 16:48:55 - juego - [DEBUG] - Procesando eventos Pygame...
2025-05-19 16:48:55 - juego - [DEBUG] - Iniciando ciclo de renderizado...
2025-05-19 16:48:55 - juego - [DEBUG] - Ciclo de renderizado completado (flip ejecutado).
2025-05-19 16:48:55 - juego - [DEBUG] - MENSAJE DE PRUEBA REPETIDO PARA FILTRO
2025-05-19 16:48:55 - juego - [DEBUG] - Iniciando ciclo de renderizado...
2025-05-19 16:48:55 - juego - [DEBUG] - Ciclo de renderizado completado (flip ejecutado).
2025-05-19 16:48:55 - juego - [DEBUG] - Procesando eventos Pygame...
2025-05-19 16:48:56 - juego - [DEBUG] - MENSAJE DE PRUEBA REPETIDO PARA FILTRO
2025-05-19 16:48:56 - juego - [DEBUG] - Iniciando ciclo de renderizado...
2025-05-19 16:48:56 - juego - [DEBUG] - Ciclo de renderizado completado (flip ejecutado).
2025-05-19 16:48:56 - juego - [DEBUG] - Procesando eventos Pygame...
2025-05-19 16:48:56 - juego - [DEBUG] - MENSAJE DE PRUEBA REPETIDO PARA FILTRO
2025-05-19 16:48:56 - juego - [DEBUG] - Procesando eventos Pygame...
2025-05-19 16:48:56 - juego - [DEBUG] - Iniciando ciclo de renderizado...
2025-05-19 16:48:56 - juego - [DEBUG] - Ciclo de renderizado completado (flip ejecutado).
2025-05-19 16:48:56 - juego - [DEBUG] - MENSAJE DE PRUEBA REPETIDO PARA FILTRO
2025-05-19 16:48:56 - juego - [DEBUG] - Procesando eventos Pygame...
2025-05-19 16:48:56 - juego - [DEBUG] - Iniciando ciclo de renderizado...
2025-05-19 16:48:56 - juego - [DEBUG] - Ciclo de renderizado completado (flip ejecutado).
2025-05-19 16:48:56 - juego - [DEBUG] - MENSAJE DE PRUEBA REPETIDO PARA FILTRO
2025-05-19 16:48:56 - juego - [DEBUG] - Procesando eventos Pygame...
2025-05-19 16:48:56 - juego - [DEBUG] - Iniciando ciclo de renderizado...
2025-05-19 16:48:56 - juego - [DEBUG] - Ciclo de renderizado completado (flip ejecutado).
2025-05-19 16:48:56 - juego - [DEBUG] - MENSAJE DE PRUEBA REPETIDO PARA FILTRO
2025-05-19 16:48:56 - juego - [DEBUG] - Procesando eventos Pygame...
2025-05-19 16:48:56 - juego - [DEBUG] - Iniciando ciclo de renderizado...
2025-05-19 16:48:56 - juego - [DEBUG] - Ciclo de renderizado completado (flip ejecutado).
2025-05-19 16:48:56 - juego - [DEBUG] - MENSAJE DE PRUEBA REPETIDO PARA FILTRO
2025-05-19 16:48:56 - juego - [DEBUG] - Procesando eventos Pygame...
2025-05-19 16:48:56 - juego - [DEBUG] - Iniciando ciclo de renderizado...
2025-05-19 16:48:56 - juego - [DEBUG] - Ciclo de renderizado completado (flip ejecutado).
2025-05-19 16:48:56 - juego - [DEBUG] - MENSAJE DE PRUEBA REPETIDO PARA FILTRO
2025-05-19 16:48:56 - juego - [DEBUG] - Procesando eventos Pygame...
2025-05-19 16:48:56 - juego - [DEBUG] - Iniciando ciclo de renderizado...
2025-05-19 16:48:56 - juego - [DEBUG] - Ciclo de renderizado completado (flip ejecutado).
2025-05-19 16:48:56 - juego - [DEBUG] - MENSAJE DE PRUEBA REPETIDO PARA FILTRO
2025-05-19 16:48:56 - juego - [DEBUG] - Procesando eventos Pygame...
2025-05-19 16:48:56 - juego - [DEBUG] - Iniciando ciclo de renderizado...
2025-05-19 16:48:56 - juego - [DEBUG] - Ciclo de renderizado completado (flip ejecutado).
2025-05-19 16:48:56 - juego - [DEBUG] - MENSAJE DE PRUEBA REPETIDO PARA FILTRO
2025-05-19 16:48:56 - juego - [DEBUG] - Procesando eventos Pygame...
2025-05-19 16:48:56 - juego - [DEBUG] - Iniciando ciclo de renderizado...
2025-05-19 16:48:56 - juego - [DEBUG] - Ciclo de renderizado completado (flip ejecutado).
2025-05-19 16:48:56 - juego - [DEBUG] - MENSAJE DE PRUEBA REPETIDO PARA FILTRO
2025-05-19 16:48:56 - juego - [DEBUG] - Procesando eventos Pygame...
2025-05-19 16:48:56 - juego - [DEBUG] - Iniciando ciclo de renderizado...
2025-05-19 16:48:56 - juego - [DEBUG] - Ciclo de renderizado completado (flip ejecutado).
2025-05-19 16:48:56 - juego - [DEBUG] - MENSAJE DE PRUEBA REPETIDO PARA FILTRO
2025-05-19 16:48:56 - juego - [DEBUG] - Procesando eventos Pygame...
2025-05-19 16:48:56 - juego - [DEBUG] - Iniciando ciclo de renderizado...
2025-05-19 16:48:56 - juego - [DEBUG] - Ciclo de renderizado completado (flip ejecutado).
2025-05-19 16:48:56 - juego - [DEBUG] - MENSAJE DE PRUEBA REPETIDO PARA FILTRO
2025-05-19 16:48:56 - juego - [DEBUG] - Procesando eventos Pygame...
2025-05-19 16:48:56 - juego - [DEBUG] - Iniciando ciclo de renderizado...
2025-05-19 16:48:56 - juego - [DEBUG] - Ciclo de renderizado completado (flip ejecutado).
2025-05-19 16:48:56 - juego - [DEBUG] - MENSAJE DE PRUEBA REPETIDO PARA FILTRO
2025-05-19 16:48:56 - juego - [DEBUG] - Procesando eventos Pygame...
2025-05-19 16:48:56 - juego - [DEBUG] - Iniciando ciclo de renderizado...
2025-05-19 16:48:56 - juego - [DEBUG] - Ciclo de renderizado completado (flip ejecutado).
2025-05-19 16:48:56 - juego - [DEBUG] - MENSAJE DE PRUEBA REPETIDO PARA FILTRO
2025-05-19 16:48:56 - juego - [DEBUG] - Procesando eventos Pygame...
2025-05-19 16:48:56 - juego - [DEBUG] - Iniciando ciclo de renderizado...
2025-05-19 16:48:56 - juego - [DEBUG] - Ciclo de renderizado completado (flip ejecutado).
2025-05-19 16:48:56 - juego - [DEBUG] - MENSAJE DE PRUEBA REPETIDO PARA FILTRO
2025-05-19 16:48:56 - juego - [DEBUG] - Procesando eventos Pygame...
2025-05-19 16:48:56 - juego - [DEBUG] - Iniciando ciclo de renderizado...
2025-05-19 16:48:56 - juego - [DEBUG] - Ciclo de renderizado completado (flip ejecutado).
2025-05-19 16:48:56 - juego - [DEBUG] - MENSAJE DE PRUEBA REPETIDO PARA FILTRO
2025-05-19 16:48:56 - juego - [DEBUG] - Procesando eventos Pygame...
2025-05-19 16:48:56 - juego - [DEBUG] - Iniciando ciclo de renderizado...
2025-05-19 16:48:56 - juego - [DEBUG] - Ciclo de renderizado completado (flip ejecutado).
2025-05-19 16:48:57 - juego - [DEBUG] - MENSAJE DE PRUEBA REPETIDO PARA FILTRO
2025-05-19 16:48:57 - juego - [DEBUG] - Procesando eventos Pygame...
2025-05-19 16:48:57 - juego - [DEBUG] - Iniciando ciclo de renderizado...
2025-05-19 16:48:57 - juego - [DEBUG] - Ciclo de renderizado completado (flip ejecutado).
2025-05-19 16:48:57 - juego - [DEBUG] - MENSAJE DE PRUEBA REPETIDO PARA FILTRO
2025-05-19 16:48:57 - juego - [DEBUG] - Procesando eventos Pygame...
2025-05-19 16:48:57 - juego - [DEBUG] - Iniciando ciclo de renderizado...
2025-05-19 16:48:57 - juego - [DEBUG] - Ciclo de renderizado completado (flip ejecutado).
2025-05-19 16:48:57 - juego - [DEBUG] - MENSAJE DE PRUEBA REPETIDO PARA FILTRO
2025-05-19 16:48:57 - juego - [DEBUG] - MENSAJE DE PRUEBA REPETIDO PARA FILTRO
2025-05-19 16:48:57 - juego - [DEBUG] - Procesando eventos Pygame...
2025-05-19 16:48:57 - juego - [DEBUG] - Iniciando ciclo de renderizado...
2025-05-19 16:48:57 - juego - [DEBUG] - Ciclo de renderizado completado (flip ejecutado).
2025-05-19 16:48:57 - juego - [DEBUG] - MENSAJE DE PRUEBA REPETIDO PARA FILTRO
2025-05-19 16:48:57 - juego - [DEBUG] - Procesando eventos Pygame...
2025-05-19 16:48:57 - juego - [DEBUG] - Iniciando ciclo de renderizado...
2025-05-19 16:48:57 - juego - [DEBUG] - Ciclo de renderizado completado (flip ejecutado).
2025-05-19 16:48:57 - juego - [DEBUG] - Iniciando ciclo de renderizado...
2025-05-19 16:48:57 - juego - [DEBUG] - Ciclo de renderizado completado (flip ejecutado).
2025-05-19 16:48:57 - juego - [DEBUG] - MENSAJE DE PRUEBA REPETIDO PARA FILTRO
2025-05-19 16:48:57 - juego - [DEBUG] - Procesando eventos Pygame...
2025-05-19 16:48:57 - juego - [DEBUG] - Iniciando ciclo de renderizado...
2025-05-19 16:48:57 - juego - [DEBUG] - Ciclo de renderizado completado (flip ejecutado).
2025-05-19 16:48:57 - juego - [DEBUG] - MENSAJE DE PRUEBA REPETIDO PARA FILTRO
2025-05-19 16:48:57 - juego - [DEBUG] - Procesando eventos Pygame...
2025-05-19 16:48:57 - juego - [DEBUG] - Iniciando ciclo de renderizado...
2025-05-19 16:48:57 - juego - [DEBUG] - Ciclo de renderizado completado (flip ejecutado).
2025-05-19 16:48:57 - juego - [DEBUG] - MENSAJE DE PRUEBA REPETIDO PARA FILTRO
2025-05-19 16:48:57 - juego - [DEBUG] - Procesando eventos Pygame...
2025-05-19 16:48:57 - juego - [DEBUG] - Iniciando ciclo de renderizado...
2025-05-19 16:48:57 - juego - [DEBUG] - Ciclo de renderizado completado (flip ejecutado).
2025-05-19 16:48:57 - juego - [DEBUG] - MENSAJE DE PRUEBA REPETIDO PARA FILTRO
2025-05-19 16:48:57 - juego - [DEBUG] - Procesando eventos Pygame...
2025-05-19 16:48:57 - juego - [DEBUG] - Iniciando ciclo de renderizado...
2025-05-19 16:48:57 - juego - [DEBUG] - Ciclo de renderizado completado (flip ejecutado).
2025-05-19 16:48:57 - juego - [DEBUG] - MENSAJE DE PRUEBA REPETIDO PARA FILTRO
2025-05-19 16:48:57 - juego - [DEBUG] - Procesando eventos Pygame...
2025-05-19 16:48:57 - juego - [DEBUG] - Iniciando ciclo de renderizado...
2025-05-19 16:48:57 - juego - [DEBUG] - Ciclo de renderizado completado (flip ejecutado).
2025-05-19 16:48:57 - juego - [DEBUG] - MENSAJE DE PRUEBA REPETIDO PARA FILTRO
2025-05-19 16:48:57 - juego - [DEBUG] - Procesando eventos Pygame...
2025-05-19 16:48:57 - juego - [DEBUG] - Iniciando ciclo de renderizado...
2025-05-19 16:48:57 - juego - [DEBUG] - Ciclo de renderizado completado (flip ejecutado).
2025-05-19 16:48:57 - juego - [DEBUG] - MENSAJE DE PRUEBA REPETIDO PARA FILTRO
2025-05-19 16:48:57 - juego - [DEBUG] - Procesando eventos Pygame...
2025-05-19 16:48:57 - juego - [DEBUG] - Iniciando ciclo de renderizado...
2025-05-19 16:48:57 - juego - [DEBUG] - Ciclo de renderizado completado (flip ejecutado).
2025-05-19 16:48:57 - juego - [DEBUG] - MENSAJE DE PRUEBA REPETIDO PARA FILTRO
2025-05-19 16:48:57 - juego - [DEBUG] - Procesando eventos Pygame...
2025-05-19 16:48:57 - juego - [DEBUG] - Iniciando ciclo de renderizado...
2025-05-19 16:48:57 - juego - [DEBUG] - Ciclo de renderizado completado (flip ejecutado).
2025-05-19 16:48:57 - juego - [DEBUG] - MENSAJE DE PRUEBA REPETIDO PARA FILTRO
2025-05-19 16:48:57 - juego - [DEBUG] - Procesando eventos Pygame...
2025-05-19 16:48:57 - juego - [DEBUG] - Iniciando ciclo de renderizado...
2025-05-19 16:48:57 - juego - [DEBUG] - Ciclo de renderizado completado (flip ejecutado).
2025-05-19 16:48:57 - juego - [DEBUG] - MENSAJE DE PRUEBA REPETIDO PARA FILTRO
2025-05-19 16:48:57 - juego - [DEBUG] - Procesando eventos Pygame...
2025-05-19 16:48:57 - juego - [DEBUG] - MENSAJE DE PRUEBA REPETIDO PARA FILTRO
2025-05-19 16:48:57 - juego - [DEBUG] - Procesando eventos Pygame...
2025-05-19 16:48:57 - juego - [DEBUG] - Iniciando ciclo de renderizado...
2025-05-19 16:48:57 - juego - [DEBUG] - Ciclo de renderizado completado (flip ejecutado).
2025-05-19 16:48:58 - juego - [DEBUG] - MENSAJE DE PRUEBA REPETIDO PARA FILTRO
2025-05-19 16:48:58 - juego - [DEBUG] - Procesando eventos Pygame...
2025-05-19 16:48:58 - juego - [DEBUG] - Iniciando ciclo de renderizado...
2025-05-19 16:48:58 - juego - [DEBUG] - Ciclo de renderizado completado (flip ejecutado).
2025-05-19 16:48:58 - juego - [DEBUG] - MENSAJE DE PRUEBA REPETIDO PARA FILTRO
2025-05-19 16:48:58 - juego - [DEBUG] - Procesando eventos Pygame...
2025-05-19 16:48:58 - juego - [DEBUG] - Iniciando ciclo de renderizado...
2025-05-19 16:48:58 - juego - [DEBUG] - Ciclo de renderizado completado (flip ejecutado).
2025-05-19 16:48:58 - juego - [DEBUG] - MENSAJE DE PRUEBA REPETIDO PARA FILTRO
2025-05-19 16:48:58 - juego - [DEBUG] - Procesando eventos Pygame...
2025-05-19 16:48:58 - juego - [DEBUG] - Iniciando ciclo de renderizado...
2025-05-19 16:48:58 - juego - [DEBUG] - Ciclo de renderizado completado (flip ejecutado).
2025-05-19 16:48:58 - juego - [DEBUG] - MENSAJE DE PRUEBA REPETIDO PARA FILTRO
2025-05-19 16:48:58 - juego - [DEBUG] - Procesando eventos Pygame...
2025-05-19 16:48:58 - juego - [DEBUG] - Iniciando ciclo de renderizado...
2025-05-19 16:48:58 - juego - [DEBUG] - Ciclo de renderizado completado (flip ejecutado).
2025-05-19 16:48:58 - juego - [DEBUG] - MENSAJE DE PRUEBA REPETIDO PARA FILTRO
2025-05-19 16:48:58 - juego - [DEBUG] - Procesando eventos Pygame...
2025-05-19 16:48:58 - juego - [DEBUG] - Iniciando ciclo de renderizado...
2025-05-19 16:48:58 - juego - [DEBUG] - Ciclo de renderizado completado (flip ejecutado).
2025-05-19 16:48:58 - juego - [DEBUG] - MENSAJE DE PRUEBA REPETIDO PARA FILTRO
2025-05-19 16:48:58 - juego - [DEBUG] - Procesando eventos Pygame...
2025-05-19 16:48:58 - juego - [DEBUG] - Iniciando ciclo de renderizado...
2025-05-19 16:48:58 - juego - [DEBUG] - Ciclo de renderizado completado (flip ejecutado).
2025-05-19 16:48:58 - juego - [DEBUG] - MENSAJE DE PRUEBA REPETIDO PARA FILTRO
2025-05-19 16:48:58 - juego - [DEBUG] - Procesando eventos Pygame...
2025-05-19 16:48:58 - juego - [DEBUG] - Iniciando ciclo de renderizado...
2025-05-19 16:48:58 - juego - [DEBUG] - Ciclo de renderizado completado (flip ejecutado).
2025-05-19 16:48:58 - juego - [DEBUG] - MENSAJE DE PRUEBA REPETIDO PARA FILTRO
2025-05-19 16:48:58 - juego - [DEBUG] - Procesando eventos Pygame...
2025-05-19 16:48:58 - juego - [DEBUG] - Iniciando ciclo de renderizado...
2025-05-19 16:48:58 - juego - [DEBUG] - Ciclo de renderizado completado (flip ejecutado).
2025-05-19 16:48:58 - juego - [DEBUG] - MENSAJE DE PRUEBA REPETIDO PARA FILTRO
2025-05-19 16:48:58 - juego - [DEBUG] - Procesando eventos Pygame...
2025-05-19 16:48:58 - juego - [DEBUG] - Iniciando ciclo de renderizado...
2025-05-19 16:48:58 - juego - [DEBUG] - Ciclo de renderizado completado (flip ejecutado).
2025-05-19 16:48:58 - juego - [DEBUG] - Ciclo de renderizado completado (flip ejecutado).
2025-05-19 16:48:58 - juego - [DEBUG] - MENSAJE DE PRUEBA REPETIDO PARA FILTRO
2025-05-19 16:48:58 - juego - [DEBUG] - Procesando eventos Pygame...
2025-05-19 16:48:58 - juego - [DEBUG] - Iniciando ciclo de renderizado...
2025-05-19 16:48:58 - juego - [DEBUG] - Ciclo de renderizado completado (flip ejecutado).
2025-05-19 16:48:58 - juego - [DEBUG] - MENSAJE DE PRUEBA REPETIDO PARA FILTRO
2025-05-19 16:48:58 - juego - [DEBUG] - Procesando eventos Pygame...
2025-05-19 16:48:58 - juego - [DEBUG] - Iniciando ciclo de renderizado...
2025-05-19 16:48:58 - juego - [DEBUG] - Ciclo de renderizado completado (flip ejecutado).
2025-05-19 16:48:58 - juego - [DEBUG] - MENSAJE DE PRUEBA REPETIDO PARA FILTRO
2025-05-19 16:48:58 - juego - [DEBUG] - Procesando eventos Pygame...
2025-05-19 16:48:58 - juego - [DEBUG] - Iniciando ciclo de renderizado...
2025-05-19 16:48:58 - juego - [DEBUG] - Ciclo de renderizado completado (flip ejecutado).
2025-05-19 16:48:58 - juego - [DEBUG] - MENSAJE DE PRUEBA REPETIDO PARA FILTRO
2025-05-19 16:48:58 - juego - [DEBUG] - Procesando eventos Pygame...
2025-05-19 16:48:58 - juego - [DEBUG] - Iniciando ciclo de renderizado...
2025-05-19 16:48:58 - juego - [DEBUG] - Ciclo de renderizado completado (flip ejecutado).
2025-05-19 16:48:58 - juego - [DEBUG] - Iniciando ciclo de renderizado...
2025-05-19 16:48:58 - juego - [DEBUG] - MENSAJE DE PRUEBA REPETIDO PARA FILTRO
2025-05-19 16:48:58 - juego - [DEBUG] - Procesando eventos Pygame...
2025-05-19 16:48:58 - juego - [DEBUG] - Ciclo de renderizado completado (flip ejecutado).
2025-05-19 16:48:58 - juego - [DEBUG] - Iniciando ciclo de renderizado...
2025-05-19 16:48:58 - juego - [DEBUG] - MENSAJE DE PRUEBA REPETIDO PARA FILTRO
2025-05-19 16:48:58 - juego - [DEBUG] - Procesando eventos Pygame...
2025-05-19 16:48:58 - juego - [DEBUG] - Ciclo de renderizado completado (flip ejecutado).
2025-05-19 16:48:58 - juego - [DEBUG] - Iniciando ciclo de renderizado...
2025-05-19 16:48:58 - juego - [DEBUG] - MENSAJE DE PRUEBA REPETIDO PARA FILTRO
2025-05-19 16:48:58 - juego - [DEBUG] - Procesando eventos Pygame...
2025-05-19 16:48:58 - juego - [DEBUG] - Ciclo de renderizado completado (flip ejecutado).
2025-05-19 16:48:58 - juego - [DEBUG] - Iniciando ciclo de renderizado...
2025-05-19 16:48:59 - juego - [DEBUG] - MENSAJE DE PRUEBA REPETIDO PARA FILTRO
2025-05-19 16:48:59 - juego - [DEBUG] - Procesando eventos Pygame...
2025-05-19 16:48:59 - juego - [DEBUG] - Ciclo de renderizado completado (flip ejecutado).
2025-05-19 16:48:59 - juego - [DEBUG] - Iniciando ciclo de renderizado...
2025-05-19 16:48:59 - juego - [DEBUG] - MENSAJE DE PRUEBA REPETIDO PARA FILTRO
2025-05-19 16:48:59 - juego - [DEBUG] - Procesando eventos Pygame...
2025-05-19 16:48:59 - juego - [DEBUG] - Ciclo de renderizado completado (flip ejecutado).
2025-05-19 16:48:59 - juego - [DEBUG] - Iniciando ciclo de renderizado...
2025-05-19 16:48:59 - juego - [DEBUG] - MENSAJE DE PRUEBA REPETIDO PARA FILTRO
2025-05-19 16:48:59 - juego - [DEBUG] - Procesando eventos Pygame...
2025-05-19 16:48:59 - juego - [DEBUG] - Ciclo de renderizado completado (flip ejecutado).
2025-05-19 16:48:59 - juego - [DEBUG] - Iniciando ciclo de renderizado...
2025-05-19 16:48:59 - juego - [DEBUG] - MENSAJE DE PRUEBA REPETIDO PARA FILTRO
2025-05-19 16:48:59 - juego - [DEBUG] - Procesando eventos Pygame...
2025-05-19 16:48:59 - juego - [DEBUG] - Ciclo de renderizado completado (flip ejecutado).
2025-05-19 16:48:59 - juego - [DEBUG] - Iniciando ciclo de renderizado...
2025-05-19 16:48:59 - juego - [DEBUG] - MENSAJE DE PRUEBA REPETIDO PARA FILTRO
2025-05-19 16:48:59 - juego - [DEBUG] - Procesando eventos Pygame...
2025-05-19 16:48:59 - juego - [DEBUG] - Ciclo de renderizado completado (flip ejecutado).
2025-05-19 16:48:59 - juego - [DEBUG] - Iniciando ciclo de renderizado...
2025-05-19 16:48:59 - juego - [DEBUG] - MENSAJE DE PRUEBA REPETIDO PARA FILTRO
2025-05-19 16:48:59 - juego - [DEBUG] - Procesando eventos Pygame...
2025-05-19 16:48:59 - juego - [DEBUG] - Ciclo de renderizado completado (flip ejecutado).
2025-05-19 16:48:59 - juego - [DEBUG] - Iniciando ciclo de renderizado...
2025-05-19 16:48:59 - juego - [DEBUG] - MENSAJE DE PRUEBA REPETIDO PARA FILTRO
2025-05-19 16:48:59 - juego - [DEBUG] - Procesando eventos Pygame...
2025-05-19 16:48:59 - juego - [DEBUG] - Ciclo de renderizado completado (flip ejecutado).
2025-05-19 16:48:59 - juego - [DEBUG] - Iniciando ciclo de renderizado...
2025-05-19 16:48:59 - juego - [DEBUG] - MENSAJE DE PRUEBA REPETIDO PARA FILTRO
2025-05-19 16:48:59 - juego - [DEBUG] - Procesando eventos Pygame...
2025-05-19 16:48:59 - juego - [DEBUG] - Ciclo de renderizado completado (flip ejecutado).
2025-05-19 16:48:59 - juego - [DEBUG] - Iniciando ciclo de renderizado...
2025-05-19 16:48:59 - juego - [DEBUG] - MENSAJE DE PRUEBA REPETIDO PARA FILTRO
2025-05-19 16:48:59 - juego - [DEBUG] - Procesando eventos Pygame...
2025-05-19 16:48:59 - juego - [DEBUG] - Ciclo de renderizado completado (flip ejecutado).
2025-05-19 16:48:59 - juego - [DEBUG] - Iniciando ciclo de renderizado...
2025-05-19 16:48:59 - juego - [DEBUG] - MENSAJE DE PRUEBA REPETIDO PARA FILTRO
2025-05-19 16:48:59 - juego - [DEBUG] - Procesando eventos Pygame...
2025-05-19 16:48:59 - juego - [DEBUG] - Ciclo de renderizado completado (flip ejecutado).
2025-05-19 16:48:59 - juego - [DEBUG] - Iniciando ciclo de renderizado...
2025-05-19 16:48:59 - juego - [DEBUG] - MENSAJE DE PRUEBA REPETIDO PARA FILTRO
2025-05-19 16:48:59 - juego - [DEBUG] - Procesando eventos Pygame...
2025-05-19 16:48:59 - juego - [DEBUG] - Ciclo de renderizado completado (flip ejecutado).
2025-05-19 16:48:59 - juego - [DEBUG] - MENSAJE DE PRUEBA REPETIDO PARA FILTRO
2025-05-19 16:48:59 - juego - [DEBUG] - Procesando eventos Pygame...
2025-05-19 16:48:59 - juego - [DEBUG] - Iniciando ciclo de renderizado...
2025-05-19 16:48:59 - juego - [DEBUG] - Ciclo de renderizado completado (flip ejecutado).
2025-05-19 16:48:59 - juego - [DEBUG] - MENSAJE DE PRUEBA REPETIDO PARA FILTRO
2025-05-19 16:48:59 - juego - [DEBUG] - Procesando eventos Pygame...
2025-05-19 16:48:59 - juego - [DEBUG] - Iniciando ciclo de renderizado...
2025-05-19 16:48:59 - juego - [DEBUG] - Ciclo de renderizado completado (flip ejecutado).
2025-05-19 16:48:59 - juego - [DEBUG] - MENSAJE DE PRUEBA REPETIDO PARA FILTRO
2025-05-19 16:48:59 - juego - [DEBUG] - Procesando eventos Pygame...
2025-05-19 16:48:59 - juego - [DEBUG] - Iniciando ciclo de renderizado...
2025-05-19 16:48:59 - juego - [DEBUG] - Ciclo de renderizado completado (flip ejecutado).
2025-05-19 16:48:59 - juego - [DEBUG] - MENSAJE DE PRUEBA REPETIDO PARA FILTRO
2025-05-19 16:48:59 - juego - [DEBUG] - Procesando eventos Pygame...
2025-05-19 16:48:59 - juego - [DEBUG] - Iniciando ciclo de renderizado...
2025-05-19 16:48:59 - juego - [DEBUG] - Ciclo de renderizado completado (flip ejecutado).
2025-05-19 16:48:59 - juego - [DEBUG] - MENSAJE DE PRUEBA REPETIDO PARA FILTRO
2025-05-19 16:48:59 - juego - [DEBUG] - Procesando eventos Pygame...
2025-05-19 16:48:59 - juego - [DEBUG] - Iniciando ciclo de renderizado...
2025-05-19 16:48:59 - juego - [DEBUG] - Ciclo de renderizado completado (flip ejecutado).
2025-05-19 16:49:00 - juego - [DEBUG] - MENSAJE DE PRUEBA REPETIDO PARA FILTRO
2025-05-19 16:49:00 - juego - [DEBUG] - Procesando eventos Pygame...
2025-05-19 16:49:00 - juego - [DEBUG] - Iniciando ciclo de renderizado...
2025-05-19 16:49:00 - juego - [DEBUG] - Ciclo de renderizado completado (flip ejecutado).
2025-05-19 16:49:00 - juego - [DEBUG] - MENSAJE DE PRUEBA REPETIDO PARA FILTRO
2025-05-19 16:49:00 - juego - [DEBUG] - Procesando eventos Pygame...
2025-05-19 16:49:00 - juego - [DEBUG] - Iniciando ciclo de renderizado...
2025-05-19 16:49:00 - juego - [DEBUG] - Ciclo de renderizado completado (flip ejecutado).
2025-05-19 16:49:00 - juego - [DEBUG] - MENSAJE DE PRUEBA REPETIDO PARA FILTRO
2025-05-19 16:49:00 - juego - [DEBUG] - Procesando eventos Pygame...
2025-05-19 16:49:00 - juego - [DEBUG] - Iniciando ciclo de renderizado...
2025-05-19 16:49:00 - juego - [DEBUG] - Ciclo de renderizado completado (flip ejecutado).
2025-05-19 16:49:00 - juego - [DEBUG] - MENSAJE DE PRUEBA REPETIDO PARA FILTRO
2025-05-19 16:49:00 - juego - [DEBUG] - Procesando eventos Pygame...
2025-05-19 16:49:00 - juego - [DEBUG] - Iniciando ciclo de renderizado...
2025-05-19 16:49:00 - juego - [DEBUG] - Ciclo de renderizado completado (flip ejecutado).
2025-05-19 16:49:00 - juego - [DEBUG] - MENSAJE DE PRUEBA REPETIDO PARA FILTRO
2025-05-19 16:49:00 - juego - [DEBUG] - Procesando eventos Pygame...
2025-05-19 16:49:00 - juego - [DEBUG] - Iniciando ciclo de renderizado...
2025-05-19 16:49:00 - juego - [DEBUG] - Ciclo de renderizado completado (flip ejecutado).
2025-05-19 16:49:00 - juego - [DEBUG] - MENSAJE DE PRUEBA REPETIDO PARA FILTRO
2025-05-19 16:49:00 - juego - [DEBUG] - Procesando eventos Pygame...
2025-05-19 16:49:00 - juego - [DEBUG] - Iniciando ciclo de renderizado...
2025-05-19 16:49:00 - juego - [DEBUG] - Ciclo de renderizado completado (flip ejecutado).
2025-05-19 16:49:00 - juego - [DEBUG] - MENSAJE DE PRUEBA REPETIDO PARA FILTRO
2025-05-19 16:49:00 - juego - [DEBUG] - Procesando eventos Pygame...
2025-05-19 16:49:00 - juego - [DEBUG] - Iniciando ciclo de renderizado...
2025-05-19 16:49:00 - juego - [DEBUG] - Ciclo de renderizado completado (flip ejecutado).
2025-05-19 16:49:00 - juego - [DEBUG] - MENSAJE DE PRUEBA REPETIDO PARA FILTRO
2025-05-19 16:49:00 - juego - [DEBUG] - Procesando eventos Pygame...
2025-05-19 16:49:00 - juego - [DEBUG] - Iniciando ciclo de renderizado...
2025-05-19 16:49:00 - juego - [DEBUG] - Ciclo de renderizado completado (flip ejecutado).
2025-05-19 16:49:00 - juego - [DEBUG] - MENSAJE DE PRUEBA REPETIDO PARA FILTRO
2025-05-19 16:49:00 - juego - [DEBUG] - Procesando eventos Pygame...
2025-05-19 16:49:00 - juego - [DEBUG] - Iniciando ciclo de renderizado...
2025-05-19 16:49:00 - juego - [DEBUG] - Ciclo de renderizado completado (flip ejecutado).
2025-05-19 16:49:00 - juego - [DEBUG] - MENSAJE DE PRUEBA REPETIDO PARA FILTRO
2025-05-19 16:49:00 - juego - [DEBUG] - Procesando eventos Pygame...
2025-05-19 16:49:00 - juego - [DEBUG] - Iniciando ciclo de renderizado...
2025-05-19 16:49:00 - juego - [DEBUG] - Ciclo de renderizado completado (flip ejecutado).
2025-05-19 16:49:00 - juego - [DEBUG] - MENSAJE DE PRUEBA REPETIDO PARA FILTRO
2025-05-19 16:49:00 - juego - [DEBUG] - Procesando eventos Pygame...
2025-05-19 16:49:00 - juego - [DEBUG] - Iniciando ciclo de renderizado...
2025-05-19 16:49:00 - juego - [DEBUG] - Ciclo de renderizado completado (flip ejecutado).
2025-05-19 16:49:00 - juego - [DEBUG] - MENSAJE DE PRUEBA REPETIDO PARA FILTRO
2025-05-19 16:49:00 - juego - [DEBUG] - Procesando eventos Pygame...
2025-05-19 16:49:00 - juego - [DEBUG] - Iniciando ciclo de renderizado...
2025-05-19 16:49:00 - juego - [DEBUG] - Ciclo de renderizado completado (flip ejecutado).
2025-05-19 16:49:00 - juego - [DEBUG] - MENSAJE DE PRUEBA REPETIDO PARA FILTRO
2025-05-19 16:49:00 - juego - [DEBUG] - Procesando eventos Pygame...
2025-05-19 16:49:00 - juego - [DEBUG] - Iniciando ciclo de renderizado...
2025-05-19 16:49:00 - juego - [DEBUG] - Ciclo de renderizado completado (flip ejecutado).
2025-05-19 16:49:00 - juego - [DEBUG] - MENSAJE DE PRUEBA REPETIDO PARA FILTRO
2025-05-19 16:49:00 - juego - [DEBUG] - Procesando eventos Pygame...
2025-05-19 16:49:00 - juego - [DEBUG] - Iniciando ciclo de renderizado...
2025-05-19 16:49:00 - juego - [DEBUG] - Ciclo de renderizado completado (flip ejecutado).
2025-05-19 16:49:00 - juego - [DEBUG] - MENSAJE DE PRUEBA REPETIDO PARA FILTRO
2025-05-19 16:49:00 - juego - [DEBUG] - Procesando eventos Pygame...
2025-05-19 16:49:00 - juego - [DEBUG] - Iniciando ciclo de renderizado...
2025-05-19 16:49:00 - juego - [DEBUG] - Ciclo de renderizado completado (flip ejecutado).
2025-05-19 16:49:00 - juego - [DEBUG] - MENSAJE DE PRUEBA REPETIDO PARA FILTRO
2025-05-19 16:49:00 - juego - [DEBUG] - Procesando eventos Pygame...
2025-05-19 16:49:00 - juego - [DEBUG] - Iniciando ciclo de renderizado...
2025-05-19 16:49:00 - juego - [DEBUG] - Ciclo de renderizado completado (flip ejecutado).
2025-05-19 16:49:01 - juego - [DEBUG] - MENSAJE DE PRUEBA REPETIDO PARA FILTRO
2025-05-19 16:49:01 - juego - [DEBUG] - Procesando eventos Pygame...
2025-05-19 16:49:01 - juego - [DEBUG] - Iniciando ciclo de renderizado...
2025-05-19 16:49:01 - juego - [DEBUG] - Ciclo de renderizado completado (flip ejecutado).
2025-05-19 16:49:01 - juego - [DEBUG] - MENSAJE DE PRUEBA REPETIDO PARA FILTRO
2025-05-19 16:49:01 - juego - [DEBUG] - Procesando eventos Pygame...
2025-05-19 16:49:01 - juego - [DEBUG] - Iniciando ciclo de renderizado...
2025-05-19 16:49:01 - juego - [DEBUG] - Ciclo de renderizado completado (flip ejecutado).
2025-05-19 16:49:01 - juego - [DEBUG] - MENSAJE DE PRUEBA REPETIDO PARA FILTRO
2025-05-19 16:49:01 - juego - [DEBUG] - Procesando eventos Pygame...
2025-05-19 16:49:01 - juego - [DEBUG] - Iniciando ciclo de renderizado...
2025-05-19 16:49:01 - juego - [DEBUG] - Ciclo de renderizado completado (flip ejecutado).
2025-05-19 16:49:01 - juego - [DEBUG] - MENSAJE DE PRUEBA REPETIDO PARA FILTRO
2025-05-19 16:49:01 - juego - [DEBUG] - Procesando eventos Pygame...
2025-05-19 16:49:01 - juego - [DEBUG] - Iniciando ciclo de renderizado...
2025-05-19 16:49:01 - juego - [DEBUG] - Ciclo de renderizado completado (flip ejecutado).
2025-05-19 16:49:01 - juego - [DEBUG] - MENSAJE DE PRUEBA REPETIDO PARA FILTRO
2025-05-19 16:49:01 - juego - [DEBUG] - Procesando eventos Pygame...
2025-05-19 16:49:01 - juego - [DEBUG] - Iniciando ciclo de renderizado...
2025-05-19 16:49:01 - juego - [DEBUG] - Ciclo de renderizado completado (flip ejecutado).
2025-05-19 16:49:01 - juego - [DEBUG] - MENSAJE DE PRUEBA REPETIDO PARA FILTRO
2025-05-19 16:49:01 - juego - [DEBUG] - Procesando eventos Pygame...
2025-05-19 16:49:01 - juego - [DEBUG] - Iniciando ciclo de renderizado...
2025-05-19 16:49:01 - juego - [DEBUG] - Ciclo de renderizado completado (flip ejecutado).
2025-05-19 16:49:01 - juego - [DEBUG] - MENSAJE DE PRUEBA REPETIDO PARA FILTRO
2025-05-19 16:49:01 - juego - [DEBUG] - Procesando eventos Pygame...
2025-05-19 16:49:01 - juego - [DEBUG] - Iniciando ciclo de renderizado...
2025-05-19 16:49:01 - juego - [DEBUG] - Ciclo de renderizado completado (flip ejecutado).
2025-05-19 16:49:01 - juego - [DEBUG] - MENSAJE DE PRUEBA REPETIDO PARA FILTRO
2025-05-19 16:49:01 - juego - [DEBUG] - Procesando eventos Pygame...
2025-05-19 16:49:01 - juego - [DEBUG] - Iniciando ciclo de renderizado...
2025-05-19 16:49:01 - juego - [DEBUG] - Ciclo de renderizado completado (flip ejecutado).
2025-05-19 16:49:01 - juego - [DEBUG] - MENSAJE DE PRUEBA REPETIDO PARA FILTRO
2025-05-19 16:49:01 - juego - [DEBUG] - Procesando eventos Pygame...
2025-05-19 16:49:01 - juego - [DEBUG] - Iniciando ciclo de renderizado...
2025-05-19 16:49:01 - juego - [DEBUG] - Ciclo de renderizado completado (flip ejecutado).
2025-05-19 16:49:01 - juego - [DEBUG] - MENSAJE DE PRUEBA REPETIDO PARA FILTRO
2025-05-19 16:49:01 - juego - [DEBUG] - Procesando eventos Pygame...
2025-05-19 16:49:01 - juego - [DEBUG] - Iniciando ciclo de renderizado...
2025-05-19 16:49:01 - juego - [DEBUG] - Ciclo de renderizado completado (flip ejecutado).
2025-05-19 16:49:01 - juego - [DEBUG] - MENSAJE DE PRUEBA REPETIDO PARA FILTRO
2025-05-19 16:49:01 - juego - [DEBUG] - Procesando eventos Pygame...
2025-05-19 16:49:01 - juego - [DEBUG] - Iniciando ciclo de renderizado...
2025-05-19 16:49:01 - juego - [DEBUG] - Ciclo de renderizado completado (flip ejecutado).
2025-05-19 16:49:01 - juego - [DEBUG] - MENSAJE DE PRUEBA REPETIDO PARA FILTRO
2025-05-19 16:49:01 - juego - [DEBUG] - Procesando eventos Pygame...
2025-05-19 16:49:01 - juego - [DEBUG] - Iniciando ciclo de renderizado...
2025-05-19 16:49:01 - juego - [DEBUG] - Ciclo de renderizado completado (flip ejecutado).
2025-05-19 16:49:01 - juego - [DEBUG] - MENSAJE DE PRUEBA REPETIDO PARA FILTRO
2025-05-19 16:49:01 - juego - [DEBUG] - Procesando eventos Pygame...
2025-05-19 16:49:01 - juego - [DEBUG] - Iniciando ciclo de renderizado...
2025-05-19 16:49:01 - juego - [DEBUG] - Ciclo de renderizado completado (flip ejecutado).
2025-05-19 16:49:01 - juego - [DEBUG] - MENSAJE DE PRUEBA REPETIDO PARA FILTRO
2025-05-19 16:49:01 - juego - [DEBUG] - Procesando eventos Pygame...
2025-05-19 16:49:01 - juego - [DEBUG] - Iniciando ciclo de renderizado...
2025-05-19 16:49:01 - juego - [DEBUG] - Ciclo de renderizado completado (flip ejecutado).
2025-05-19 16:49:01 - juego - [DEBUG] - MENSAJE DE PRUEBA REPETIDO PARA FILTRO
2025-05-19 16:49:01 - juego - [DEBUG] - Procesando eventos Pygame...
2025-05-19 16:49:01 - juego - [DEBUG] - Iniciando ciclo de renderizado...
2025-05-19 16:49:01 - juego - [DEBUG] - Ciclo de renderizado completado (flip ejecutado).
2025-05-19 16:49:01 - juego - [DEBUG] - MENSAJE DE PRUEBA REPETIDO PARA FILTRO
2025-05-19 16:49:01 - juego - [DEBUG] - Procesando eventos Pygame...
2025-05-19 16:49:01 - juego - [DEBUG] - Iniciando ciclo de renderizado...
2025-05-19 16:49:01 - juego - [DEBUG] - Ciclo de renderizado completado (flip ejecutado).
2025-05-19 16:49:01 - juego - [DEBUG] - MENSAJE DE PRUEBA REPETIDO PARA FILTRO
2025-05-19 16:49:01 - juego - [DEBUG] - Procesando eventos Pygame...
2025-05-19 16:49:01 - juego - [DEBUG] - Iniciando ciclo de renderizado...
2025-05-19 16:49:01 - juego - [DEBUG] - Ciclo de renderizado completado (flip ejecutado).
2025-05-19 16:49:02 - juego - [DEBUG] - MENSAJE DE PRUEBA REPETIDO PARA FILTRO
2025-05-19 16:49:02 - juego - [DEBUG] - Procesando eventos Pygame...
2025-05-19 16:49:02 - juego - [DEBUG] - Iniciando ciclo de renderizado...
2025-05-19 16:49:02 - juego - [DEBUG] - Ciclo de renderizado completado (flip ejecutado).
2025-05-19 16:49:02 - juego - [DEBUG] - MENSAJE DE PRUEBA REPETIDO PARA FILTRO
2025-05-19 16:49:02 - juego - [DEBUG] - Procesando eventos Pygame...
2025-05-19 16:49:02 - juego - [DEBUG] - Iniciando ciclo de renderizado...
2025-05-19 16:49:02 - juego - [DEBUG] - Ciclo de renderizado completado (flip ejecutado).
2025-05-19 16:49:02 - juego - [DEBUG] - MENSAJE DE PRUEBA REPETIDO PARA FILTRO
2025-05-19 16:49:02 - juego - [DEBUG] - Procesando eventos Pygame...
2025-05-19 16:49:02 - juego - [DEBUG] - Iniciando ciclo de renderizado...
2025-05-19 16:49:02 - juego - [DEBUG] - Ciclo de renderizado completado (flip ejecutado).
2025-05-19 16:49:02 - juego - [DEBUG] - MENSAJE DE PRUEBA REPETIDO PARA FILTRO
2025-05-19 16:49:02 - juego - [DEBUG] - Procesando eventos Pygame...
2025-05-19 16:49:02 - juego - [DEBUG] - Iniciando ciclo de renderizado...
2025-05-19 16:49:02 - juego - [DEBUG] - Ciclo de renderizado completado (flip ejecutado).
2025-05-19 16:49:02 - juego - [DEBUG] - MENSAJE DE PRUEBA REPETIDO PARA FILTRO
2025-05-19 16:49:02 - juego - [DEBUG] - Procesando eventos Pygame...
2025-05-19 16:49:02 - juego - [DEBUG] - Iniciando ciclo de renderizado...
2025-05-19 16:49:02 - juego - [DEBUG] - Ciclo de renderizado completado (flip ejecutado).
2025-05-19 16:49:02 - juego - [DEBUG] - MENSAJE DE PRUEBA REPETIDO PARA FILTRO
2025-05-19 16:49:02 - juego - [DEBUG] - Procesando eventos Pygame...
2025-05-19 16:49:02 - juego - [DEBUG] - Iniciando ciclo de renderizado...
2025-05-19 16:49:02 - juego - [DEBUG] - Ciclo de renderizado completado (flip ejecutado).
2025-05-19 16:49:02 - juego - [DEBUG] - MENSAJE DE PRUEBA REPETIDO PARA FILTRO
2025-05-19 16:49:02 - juego - [DEBUG] - Procesando eventos Pygame...
2025-05-19 16:49:02 - juego - [DEBUG] - Iniciando ciclo de renderizado...
2025-05-19 16:49:02 - juego - [DEBUG] - Ciclo de renderizado completado (flip ejecutado).
2025-05-19 16:49:02 - juego - [DEBUG] - MENSAJE DE PRUEBA REPETIDO PARA FILTRO
2025-05-19 16:49:02 - juego - [DEBUG] - Procesando eventos Pygame...
2025-05-19 16:49:02 - juego - [DEBUG] - Iniciando ciclo de renderizado...
2025-05-19 16:49:02 - juego - [DEBUG] - Ciclo de renderizado completado (flip ejecutado).
2025-05-19 16:49:02 - juego - [DEBUG] - MENSAJE DE PRUEBA REPETIDO PARA FILTRO
2025-05-19 16:49:02 - juego - [DEBUG] - Procesando eventos Pygame...
2025-05-19 16:49:02 - juego - [DEBUG] - Iniciando ciclo de renderizado...
2025-05-19 16:49:02 - juego - [DEBUG] - Ciclo de renderizado completado (flip ejecutado).
2025-05-19 16:49:02 - juego - [DEBUG] - MENSAJE DE PRUEBA REPETIDO PARA FILTRO
2025-05-19 16:49:02 - juego - [DEBUG] - Procesando eventos Pygame...
2025-05-19 16:49:02 - juego - [DEBUG] - Iniciando ciclo de renderizado...
2025-05-19 16:49:02 - juego - [DEBUG] - Ciclo de renderizado completado (flip ejecutado).
2025-05-19 16:49:02 - juego - [DEBUG] - MENSAJE DE PRUEBA REPETIDO PARA FILTRO
2025-05-19 16:49:02 - juego - [DEBUG] - Procesando eventos Pygame...
2025-05-19 16:49:02 - juego - [DEBUG] - Iniciando ciclo de renderizado...
2025-05-19 16:49:02 - juego - [DEBUG] - Ciclo de renderizado completado (flip ejecutado).
2025-05-19 16:49:02 - juego - [DEBUG] - MENSAJE DE PRUEBA REPETIDO PARA FILTRO
2025-05-19 16:49:02 - juego - [DEBUG] - Procesando eventos Pygame...
2025-05-19 16:49:02 - juego - [DEBUG] - Iniciando ciclo de renderizado...
2025-05-19 16:49:02 - juego - [DEBUG] - Ciclo de renderizado completado (flip ejecutado).
2025-05-19 16:49:02 - juego - [DEBUG] - MENSAJE DE PRUEBA REPETIDO PARA FILTRO
2025-05-19 16:49:02 - juego - [DEBUG] - Procesando eventos Pygame...
2025-05-19 16:49:02 - juego - [DEBUG] - Iniciando ciclo de renderizado...
2025-05-19 16:49:02 - juego - [DEBUG] - Ciclo de renderizado completado (flip ejecutado).
2025-05-19 16:49:02 - juego - [DEBUG] - MENSAJE DE PRUEBA REPETIDO PARA FILTRO
2025-05-19 16:49:02 - juego - [DEBUG] - Procesando eventos Pygame...
2025-05-19 16:49:02 - juego - [DEBUG] - Iniciando ciclo de renderizado...
2025-05-19 16:49:02 - juego - [DEBUG] - Ciclo de renderizado completado (flip ejecutado).
2025-05-19 16:49:02 - juego - [DEBUG] - MENSAJE DE PRUEBA REPETIDO PARA FILTRO
2025-05-19 16:49:02 - juego - [DEBUG] - Procesando eventos Pygame...
2025-05-19 16:49:02 - juego - [DEBUG] - Iniciando ciclo de renderizado...
2025-05-19 16:49:02 - juego - [DEBUG] - Ciclo de renderizado completado (flip ejecutado).
2025-05-19 16:49:02 - juego - [DEBUG] - MENSAJE DE PRUEBA REPETIDO PARA FILTRO
2025-05-19 16:49:02 - juego - [DEBUG] - Procesando eventos Pygame...
2025-05-19 16:49:02 - juego - [DEBUG] - Iniciando ciclo de renderizado...
2025-05-19 16:49:02 - juego - [DEBUG] - Ciclo de renderizado completado (flip ejecutado).
2025-05-19 16:49:02 - juego - [DEBUG] - MENSAJE DE PRUEBA REPETIDO PARA FILTRO
2025-05-19 16:49:02 - juego - [DEBUG] - Procesando eventos Pygame...
2025-05-19 16:49:02 - juego - [DEBUG] - Iniciando ciclo de renderizado...
2025-05-19 16:49:02 - juego - [DEBUG] - Ciclo de renderizado completado (flip ejecutado).
2025-05-19 16:49:03 - juego - [DEBUG] - MENSAJE DE PRUEBA REPETIDO PARA FILTRO
2025-05-19 16:49:03 - juego - [DEBUG] - Procesando eventos Pygame...
2025-05-19 16:49:03 - juego - [DEBUG] - Iniciando ciclo de renderizado...
2025-05-19 16:49:03 - juego - [DEBUG] - Ciclo de renderizado completado (flip ejecutado).
2025-05-19 16:49:03 - juego - [DEBUG] - MENSAJE DE PRUEBA REPETIDO PARA FILTRO
2025-05-19 16:49:03 - juego - [DEBUG] - Procesando eventos Pygame...
2025-05-19 16:49:03 - juego - [DEBUG] - Iniciando ciclo de renderizado...
2025-05-19 16:49:03 - juego - [DEBUG] - Ciclo de renderizado completado (flip ejecutado).
2025-05-19 16:49:03 - juego - [DEBUG] - MENSAJE DE PRUEBA REPETIDO PARA FILTRO
2025-05-19 16:49:03 - juego - [DEBUG] - Procesando eventos Pygame...
2025-05-19 16:49:03 - juego - [DEBUG] - Iniciando ciclo de renderizado...
2025-05-19 16:49:03 - juego - [DEBUG] - Ciclo de renderizado completado (flip ejecutado).
2025-05-19 16:49:03 - juego - [DEBUG] - MENSAJE DE PRUEBA REPETIDO PARA FILTRO
2025-05-19 16:49:03 - juego - [DEBUG] - Procesando eventos Pygame...
2025-05-19 16:49:03 - juego - [DEBUG] - Iniciando ciclo de renderizado...
2025-05-19 16:49:03 - juego - [DEBUG] - Ciclo de renderizado completado (flip ejecutado).
2025-05-19 16:49:03 - juego - [DEBUG] - MENSAJE DE PRUEBA REPETIDO PARA FILTRO
2025-05-19 16:49:03 - juego - [DEBUG] - Procesando eventos Pygame...
2025-05-19 16:49:03 - juego - [DEBUG] - Iniciando ciclo de renderizado...
2025-05-19 16:49:03 - juego - [DEBUG] - Ciclo de renderizado completado (flip ejecutado).
2025-05-19 16:49:03 - juego - [DEBUG] - MENSAJE DE PRUEBA REPETIDO PARA FILTRO
2025-05-19 16:49:03 - juego - [DEBUG] - Procesando eventos Pygame...
2025-05-19 16:49:03 - juego - [DEBUG] - Iniciando ciclo de renderizado...
2025-05-19 16:49:03 - juego - [DEBUG] - Ciclo de renderizado completado (flip ejecutado).
2025-05-19 16:49:03 - juego - [DEBUG] - MENSAJE DE PRUEBA REPETIDO PARA FILTRO
2025-05-19 16:49:03 - juego - [DEBUG] - Procesando eventos Pygame...
2025-05-19 16:49:03 - juego - [DEBUG] - Iniciando ciclo de renderizado...
2025-05-19 16:49:03 - juego - [DEBUG] - Ciclo de renderizado completado (flip ejecutado).
2025-05-19 16:49:03 - juego - [DEBUG] - MENSAJE DE PRUEBA REPETIDO PARA FILTRO
2025-05-19 16:49:03 - juego - [DEBUG] - Procesando eventos Pygame...
2025-05-19 16:49:03 - juego - [DEBUG] - Iniciando ciclo de renderizado...
2025-05-19 16:49:03 - juego - [DEBUG] - Ciclo de renderizado completado (flip ejecutado).
2025-05-19 16:49:03 - juego - [DEBUG] - MENSAJE DE PRUEBA REPETIDO PARA FILTRO
2025-05-19 16:49:03 - juego - [DEBUG] - Procesando eventos Pygame...
2025-05-19 16:49:03 - juego - [DEBUG] - Solicitud de salir del juego procesada.
2025-05-19 16:49:03 - juego - [INFO] - Saliendo de Pygame y del sistema...
