2025-05-19 16:53:46 - gestor_estado - [DEBUG] - GestorEstado inicializado.
2025-05-19 16:53:46 - gestor_estado - [DEBUG] -   GestorEstado: Actualizando 2 enemigos...
2025-05-19 16:53:46 - gestor_estado - [DEBUG] -   GestorEstado: Actualizando jugador...
2025-05-19 16:53:46 - gestor_estado - [DEBUG] -   GestorEstado: Actualizando 2 enemigos...
2025-05-19 16:53:46 - gestor_estado - [DEBUG] -   GestorEstado: Actualizando jugador...
2025-05-19 16:53:46 - gestor_estado - [DEBUG] -   GestorEstado: Actualizando 2 enemigos...
2025-05-19 16:53:46 - gestor_estado - [DEBUG] -   GestorEstado: Actualizando jugador...
2025-05-19 16:53:46 - gestor_estado - [DEBUG] -   GestorEstado: Actualizando 2 enemigos...
2025-05-19 16:53:46 - gestor_estado - [DEBUG] -   GestorEstado: Actualizando jugador...
2025-05-19 16:53:46 - gestor_estado - [DEBUG] -   GestorEstado: Actualizando 2 enemigos...
2025-05-19 16:53:46 - gestor_estado - [DEBUG] -   GestorEstado: Actualizando jugador...
2025-05-19 16:53:46 - gestor_estado - [DEBUG] -   GestorEstado: Actualizando 2 enemigos...
2025-05-19 16:53:46 - gestor_estado - [DEBUG] -   GestorEstado: Actualizando jugador...
2025-05-19 16:53:47 - gestor_estado - [DEBUG] -   GestorEstado: Actualizando 2 enemigos...
2025-05-19 16:53:47 - gestor_estado - [DEBUG] -   GestorEstado: Actualizando jugador...
2025-05-19 16:53:47 - gestor_estado - [DEBUG] -   GestorEstado: Actualizando 2 enemigos...
2025-05-19 16:53:47 - gestor_estado - [DEBUG] -   GestorEstado: Actualizando jugador...
2025-05-19 16:53:47 - gestor_estado - [DEBUG] -   GestorEstado: Actualizando 2 enemigos...
2025-05-19 16:53:47 - gestor_estado - [DEBUG] -   GestorEstado: Actualizando jugador...
2025-05-19 16:53:47 - gestor_estado - [DEBUG] -   GestorEstado: Actualizando 2 enemigos...
2025-05-19 16:53:47 - gestor_estado - [DEBUG] -   GestorEstado: Actualizando jugador...
2025-05-19 16:53:47 - gestor_estado - [DEBUG] -   GestorEstado: Actualizando 2 enemigos...
2025-05-19 16:53:47 - gestor_estado - [DEBUG] -   GestorEstado: Actualizando jugador...
2025-05-19 16:53:47 - gestor_estado - [DEBUG] -   GestorEstado: Actualizando 2 enemigos...
2025-05-19 16:53:47 - gestor_estado - [DEBUG] -   GestorEstado: Actualizando jugador...
2025-05-19 16:53:47 - gestor_estado - [DEBUG] -   GestorEstado: Actualizando 2 enemigos...
2025-05-19 16:53:47 - gestor_estado - [DEBUG] -   GestorEstado: Actualizando jugador...
2025-05-19 16:53:47 - gestor_estado - [DEBUG] -   GestorEstado: Actualizando 2 enemigos...
2025-05-19 16:53:47 - gestor_estado - [DEBUG] -   GestorEstado: Actualizando jugador...
2025-05-19 16:53:47 - gestor_estado - [DEBUG] -   GestorEstado: Actualizando 2 enemigos...
2025-05-19 16:53:47 - gestor_estado - [DEBUG] -   GestorEstado: Actualizando jugador...
2025-05-19 16:53:47 - gestor_estado - [DEBUG] -   GestorEstado: Actualizando 2 enemigos...
2025-05-19 16:53:47 - gestor_estado - [DEBUG] -   GestorEstado: Actualizando jugador...
2025-05-19 16:53:47 - gestor_estado - [DEBUG] -   GestorEstado: Actualizando 2 enemigos...
2025-05-19 16:53:47 - gestor_estado - [DEBUG] -   GestorEstado: Actualizando jugador...
2025-05-19 16:53:47 - gestor_estado - [DEBUG] -   GestorEstado: Actualizando 2 enemigos...
2025-05-19 16:53:47 - gestor_estado - [DEBUG] -   GestorEstado: Actualizando jugador...
2025-05-19 16:53:47 - gestor_estado - [DEBUG] -   GestorEstado: Actualizando 2 enemigos...
2025-05-19 16:53:47 - gestor_estado - [DEBUG] -   GestorEstado: Actualizando jugador...
2025-05-19 16:53:47 - gestor_estado - [DEBUG] -   GestorEstado: Actualizando 2 enemigos...
2025-05-19 16:53:47 - gestor_estado - [DEBUG] -   GestorEstado: Actualizando jugador...
2025-05-19 16:53:47 - gestor_estado - [DEBUG] -   GestorEstado: Actualizando 2 enemigos...
2025-05-19 16:53:47 - gestor_estado - [DEBUG] -   GestorEstado: Actualizando jugador...
2025-05-19 16:53:47 - gestor_estado - [DEBUG] -   GestorEstado: Actualizando 2 enemigos...
2025-05-19 16:53:47 - gestor_estado - [DEBUG] -   GestorEstado: Actualizando jugador...
2025-05-19 16:53:48 - gestor_estado - [DEBUG] -   GestorEstado: Actualizando 2 enemigos...
2025-05-19 16:53:48 - gestor_estado - [DEBUG] -   GestorEstado: Actualizando jugador...
2025-05-19 16:53:48 - gestor_estado - [DEBUG] -   GestorEstado: Actualizando 2 enemigos...
2025-05-19 16:53:48 - gestor_estado - [DEBUG] -   GestorEstado: Actualizando jugador...
2025-05-19 16:53:48 - gestor_estado - [DEBUG] -   GestorEstado: Actualizando 2 enemigos...
2025-05-19 16:53:48 - gestor_estado - [DEBUG] -   GestorEstado: Actualizando jugador...
2025-05-19 16:53:48 - gestor_estado - [DEBUG] -   GestorEstado: Actualizando 2 enemigos...
2025-05-19 16:53:48 - gestor_estado - [DEBUG] -   GestorEstado: Actualizando jugador...
2025-05-19 16:53:48 - gestor_estado - [DEBUG] -   GestorEstado: Actualizando 2 enemigos...
2025-05-19 16:53:48 - gestor_estado - [DEBUG] -   GestorEstado: Actualizando jugador...
2025-05-19 16:53:48 - gestor_estado - [DEBUG] -   GestorEstado: Actualizando jugador...
2025-05-19 16:53:48 - gestor_estado - [DEBUG] -   GestorEstado: Actualizando 2 enemigos...
2025-05-19 16:53:48 - gestor_estado - [DEBUG] -   GestorEstado: Actualizando jugador...
2025-05-19 16:53:48 - gestor_estado - [DEBUG] -   GestorEstado: Actualizando 2 enemigos...
2025-05-19 16:53:48 - gestor_estado - [DEBUG] -   GestorEstado: Actualizando jugador...
2025-05-19 16:53:48 - gestor_estado - [DEBUG] -   GestorEstado: Actualizando 2 enemigos...
2025-05-19 16:53:48 - gestor_estado - [DEBUG] -   GestorEstado: Actualizando jugador...
2025-05-19 16:53:48 - gestor_estado - [DEBUG] -   GestorEstado: Actualizando 2 enemigos...
2025-05-19 16:53:48 - gestor_estado - [DEBUG] -   GestorEstado: Actualizando jugador...
2025-05-19 16:53:48 - gestor_estado - [DEBUG] -   GestorEstado: Actualizando 2 enemigos...
2025-05-19 16:53:48 - gestor_estado - [DEBUG] -   GestorEstado: Actualizando 2 enemigos...
2025-05-19 16:53:48 - gestor_estado - [DEBUG] -   GestorEstado: Actualizando jugador...
2025-05-19 16:53:48 - gestor_estado - [DEBUG] -   GestorEstado: Actualizando 2 enemigos...
2025-05-19 16:53:48 - gestor_estado - [DEBUG] -   GestorEstado: Actualizando jugador...
2025-05-19 16:53:48 - gestor_estado - [DEBUG] -   GestorEstado: Actualizando 2 enemigos...
2025-05-19 16:53:48 - gestor_estado - [DEBUG] -   GestorEstado: Actualizando jugador...
2025-05-19 16:53:48 - gestor_estado - [DEBUG] -   GestorEstado: Actualizando 2 enemigos...
2025-05-19 16:53:48 - gestor_estado - [DEBUG] -   GestorEstado: Actualizando jugador...
2025-05-19 16:53:48 - gestor_estado - [DEBUG] -   GestorEstado: Actualizando 2 enemigos...
2025-05-19 16:53:48 - gestor_estado - [DEBUG] -   GestorEstado: Actualizando jugador...
2025-05-19 16:53:48 - gestor_estado - [DEBUG] -   GestorEstado: Actualizando 2 enemigos...
2025-05-19 16:53:48 - gestor_estado - [DEBUG] -   GestorEstado: Actualizando jugador...
2025-05-19 16:53:48 - gestor_estado - [DEBUG] -   GestorEstado: Actualizando 2 enemigos...
2025-05-19 16:53:48 - gestor_estado - [DEBUG] -   GestorEstado: Actualizando jugador...
2025-05-19 16:53:48 - gestor_estado - [DEBUG] -   GestorEstado: Actualizando 2 enemigos...
2025-05-19 16:53:48 - gestor_estado - [DEBUG] -   GestorEstado: Actualizando jugador...
2025-05-19 16:53:49 - gestor_estado - [DEBUG] -   GestorEstado: Actualizando 2 enemigos...
2025-05-19 16:53:49 - gestor_estado - [DEBUG] -   GestorEstado: Actualizando jugador...
2025-05-19 16:53:49 - gestor_estado - [DEBUG] -   GestorEstado: Actualizando 2 enemigos...
2025-05-19 16:53:49 - gestor_estado - [DEBUG] -   GestorEstado: Actualizando jugador...
2025-05-19 16:53:49 - gestor_estado - [DEBUG] -   GestorEstado: Actualizando 2 enemigos...
2025-05-19 16:53:49 - gestor_estado - [DEBUG] -   GestorEstado: Actualizando jugador...
2025-05-19 16:53:49 - gestor_estado - [DEBUG] -   GestorEstado: Actualizando jugador...
2025-05-19 16:53:49 - gestor_estado - [DEBUG] -   GestorEstado: Actualizando 2 enemigos...
2025-05-19 16:53:49 - gestor_estado - [DEBUG] -   GestorEstado: Actualizando jugador...
2025-05-19 16:53:49 - gestor_estado - [DEBUG] -   GestorEstado: Actualizando 2 enemigos...
2025-05-19 16:53:49 - gestor_estado - [DEBUG] -   GestorEstado: Actualizando jugador...
2025-05-19 16:53:49 - gestor_estado - [DEBUG] -   GestorEstado: Actualizando 2 enemigos...
2025-05-19 16:53:49 - gestor_estado - [DEBUG] -   GestorEstado: Actualizando jugador...
2025-05-19 16:53:49 - gestor_estado - [DEBUG] -   GestorEstado: Actualizando 2 enemigos...
2025-05-19 16:53:49 - gestor_estado - [DEBUG] -   GestorEstado: Actualizando jugador...
2025-05-19 16:53:49 - gestor_estado - [DEBUG] -   GestorEstado: Actualizando 2 enemigos...
2025-05-19 16:53:49 - gestor_estado - [DEBUG] -   GestorEstado: Actualizando jugador...
2025-05-19 16:53:49 - gestor_estado - [DEBUG] -   GestorEstado: Actualizando 2 enemigos...
2025-05-19 16:53:49 - gestor_estado - [DEBUG] -   GestorEstado: Actualizando jugador...
2025-05-19 16:53:49 - gestor_estado - [DEBUG] -   GestorEstado: Actualizando 2 enemigos...
2025-05-19 16:53:49 - gestor_estado - [DEBUG] -   GestorEstado: Actualizando jugador...
2025-05-19 16:53:49 - gestor_estado - [DEBUG] -   GestorEstado: Actualizando 2 enemigos...
2025-05-19 16:53:49 - gestor_estado - [DEBUG] -   GestorEstado: Actualizando jugador...
2025-05-19 16:53:49 - gestor_estado - [DEBUG] -   GestorEstado: Actualizando 2 enemigos...
2025-05-19 16:53:49 - gestor_estado - [DEBUG] -   GestorEstado: Actualizando jugador...
2025-05-19 16:53:49 - gestor_estado - [DEBUG] -   GestorEstado: Actualizando 2 enemigos...
2025-05-19 16:53:49 - gestor_estado - [DEBUG] -   GestorEstado: Actualizando jugador...
2025-05-19 16:53:49 - gestor_estado - [DEBUG] -   GestorEstado: Actualizando 2 enemigos...
2025-05-19 16:53:49 - gestor_estado - [DEBUG] -   GestorEstado: Actualizando jugador...
2025-05-19 16:53:49 - gestor_estado - [DEBUG] -   GestorEstado: Actualizando 2 enemigos...
2025-05-19 16:53:49 - gestor_estado - [DEBUG] -   GestorEstado: Actualizando jugador...
2025-05-19 16:53:49 - gestor_estado - [DEBUG] -   GestorEstado: Actualizando 2 enemigos...
2025-05-19 16:53:49 - gestor_estado - [DEBUG] -   GestorEstado: Actualizando jugador...
2025-05-19 16:53:50 - gestor_estado - [DEBUG] -   GestorEstado: Actualizando 2 enemigos...
2025-05-19 16:53:50 - gestor_estado - [DEBUG] -   GestorEstado: Actualizando jugador...
2025-05-19 16:53:50 - gestor_estado - [DEBUG] -   GestorEstado: Actualizando 2 enemigos...
2025-05-19 16:53:50 - gestor_estado - [DEBUG] -   GestorEstado: Actualizando jugador...
2025-05-19 16:53:50 - gestor_estado - [DEBUG] -   GestorEstado: Actualizando 2 enemigos...
2025-05-19 16:53:50 - gestor_estado - [DEBUG] -   GestorEstado: Actualizando jugador...
2025-05-19 16:53:50 - gestor_estado - [DEBUG] -   GestorEstado: Actualizando 2 enemigos...
2025-05-19 16:53:50 - gestor_estado - [DEBUG] -   GestorEstado: Actualizando jugador...
2025-05-19 16:53:50 - gestor_estado - [DEBUG] -   GestorEstado: Actualizando 2 enemigos...
2025-05-19 16:53:50 - gestor_estado - [DEBUG] -   GestorEstado: Actualizando jugador...
2025-05-19 16:53:50 - gestor_estado - [DEBUG] -   GestorEstado: Actualizando 2 enemigos...
2025-05-19 16:53:50 - gestor_estado - [DEBUG] -   GestorEstado: Actualizando jugador...
2025-05-19 16:53:50 - gestor_estado - [DEBUG] -   GestorEstado: Actualizando 2 enemigos...
2025-05-19 16:53:50 - gestor_estado - [DEBUG] -   GestorEstado: Actualizando 2 enemigos...
2025-05-19 16:53:50 - gestor_estado - [DEBUG] -   GestorEstado: Actualizando jugador...
2025-05-19 16:53:50 - gestor_estado - [DEBUG] -   GestorEstado: Actualizando 2 enemigos...
2025-05-19 16:53:50 - gestor_estado - [DEBUG] -   GestorEstado: Actualizando jugador...
2025-05-19 16:53:50 - gestor_estado - [DEBUG] -   GestorEstado: Actualizando 2 enemigos...
2025-05-19 16:53:50 - gestor_estado - [DEBUG] -   GestorEstado: Actualizando jugador...
2025-05-19 16:53:50 - gestor_estado - [DEBUG] -   GestorEstado: Actualizando 2 enemigos...
2025-05-19 16:53:50 - gestor_estado - [DEBUG] -   GestorEstado: Actualizando jugador...
2025-05-19 16:53:50 - gestor_estado - [DEBUG] -   GestorEstado: Actualizando 2 enemigos...
2025-05-19 16:53:50 - gestor_estado - [DEBUG] -   GestorEstado: Actualizando jugador...
2025-05-19 16:53:50 - gestor_estado - [DEBUG] -   GestorEstado: Actualizando 2 enemigos...
2025-05-19 16:53:50 - gestor_estado - [DEBUG] -   GestorEstado: Actualizando jugador...
2025-05-19 16:53:50 - gestor_estado - [DEBUG] -   GestorEstado: Actualizando 2 enemigos...
2025-05-19 16:53:50 - gestor_estado - [DEBUG] -   GestorEstado: Actualizando jugador...
2025-05-19 16:53:50 - gestor_estado - [DEBUG] -   GestorEstado: Actualizando 2 enemigos...
2025-05-19 16:53:50 - gestor_estado - [DEBUG] -   GestorEstado: Actualizando jugador...
2025-05-19 16:53:50 - gestor_estado - [DEBUG] -   GestorEstado: Actualizando 2 enemigos...
2025-05-19 16:53:50 - gestor_estado - [DEBUG] -   GestorEstado: Actualizando jugador...
2025-05-19 16:53:50 - gestor_estado - [DEBUG] -   GestorEstado: Actualizando 2 enemigos...
2025-05-19 16:53:50 - gestor_estado - [DEBUG] -   GestorEstado: Actualizando jugador...
2025-05-19 16:53:51 - gestor_estado - [DEBUG] -   GestorEstado: Actualizando 2 enemigos...
2025-05-19 16:53:51 - gestor_estado - [DEBUG] -   GestorEstado: Actualizando jugador...
2025-05-19 16:53:51 - gestor_estado - [DEBUG] -   GestorEstado: Actualizando 2 enemigos...
2025-05-19 16:53:51 - gestor_estado - [DEBUG] -   GestorEstado: Actualizando jugador...
2025-05-19 16:53:51 - gestor_estado - [DEBUG] -   GestorEstado: Actualizando 2 enemigos...
2025-05-19 16:53:51 - gestor_estado - [DEBUG] -   GestorEstado: Actualizando jugador...
2025-05-19 16:53:51 - gestor_estado - [DEBUG] -   GestorEstado: Actualizando 2 enemigos...
2025-05-19 16:53:51 - gestor_estado - [DEBUG] -   GestorEstado: Actualizando jugador...
2025-05-19 16:53:51 - gestor_estado - [DEBUG] -   GestorEstado: Actualizando 2 enemigos...
2025-05-19 16:53:51 - gestor_estado - [DEBUG] -   GestorEstado: Actualizando jugador...
2025-05-19 16:53:51 - gestor_estado - [DEBUG] -   GestorEstado: Actualizando 2 enemigos...
2025-05-19 16:53:51 - gestor_estado - [DEBUG] -   GestorEstado: Actualizando jugador...
2025-05-19 16:53:51 - gestor_estado - [DEBUG] -   GestorEstado: Actualizando 2 enemigos...
2025-05-19 16:53:51 - gestor_estado - [DEBUG] -   GestorEstado: Actualizando jugador...
2025-05-19 16:53:51 - gestor_estado - [DEBUG] -   GestorEstado: Actualizando 2 enemigos...
2025-05-19 16:53:51 - gestor_estado - [DEBUG] -   GestorEstado: Actualizando jugador...
2025-05-19 16:53:51 - gestor_estado - [DEBUG] -   GestorEstado: Actualizando 2 enemigos...
2025-05-19 16:53:51 - gestor_estado - [DEBUG] -   GestorEstado: Actualizando jugador...
2025-05-19 16:53:51 - gestor_estado - [DEBUG] -   GestorEstado: Actualizando 2 enemigos...
2025-05-19 16:53:51 - gestor_estado - [DEBUG] -   GestorEstado: Actualizando jugador...
2025-05-19 16:53:51 - gestor_estado - [DEBUG] -   GestorEstado: Actualizando 2 enemigos...
2025-05-19 16:53:51 - gestor_estado - [DEBUG] -   GestorEstado: Actualizando jugador...
2025-05-19 16:53:51 - gestor_estado - [DEBUG] -   GestorEstado: Actualizando 2 enemigos...
2025-05-19 16:53:51 - gestor_estado - [DEBUG] -   GestorEstado: Actualizando jugador...
2025-05-19 16:53:51 - gestor_estado - [DEBUG] -   GestorEstado: Actualizando 2 enemigos...
2025-05-19 16:53:51 - gestor_estado - [DEBUG] -   GestorEstado: Actualizando jugador...
2025-05-19 16:53:51 - gestor_estado - [DEBUG] -   GestorEstado: Actualizando 2 enemigos...
2025-05-19 16:53:51 - gestor_estado - [DEBUG] -   GestorEstado: Actualizando jugador...
2025-05-19 16:53:51 - gestor_estado - [DEBUG] -   GestorEstado: Actualizando 2 enemigos...
2025-05-19 16:53:51 - gestor_estado - [DEBUG] -   GestorEstado: Actualizando jugador...
2025-05-19 16:53:51 - gestor_estado - [DEBUG] -   GestorEstado: Actualizando 2 enemigos...
2025-05-19 16:53:51 - gestor_estado - [DEBUG] -   GestorEstado: Actualizando jugador...
2025-05-19 16:53:52 - gestor_estado - [DEBUG] -   GestorEstado: Actualizando 2 enemigos...
2025-05-19 16:53:52 - gestor_estado - [DEBUG] -   GestorEstado: Actualizando jugador...
2025-05-19 16:53:52 - gestor_estado - [DEBUG] -   GestorEstado: Actualizando 2 enemigos...
2025-05-19 16:53:52 - gestor_estado - [DEBUG] -   GestorEstado: Actualizando jugador...
2025-05-19 16:53:52 - gestor_estado - [DEBUG] -   GestorEstado: Actualizando 2 enemigos...
2025-05-19 16:53:52 - gestor_estado - [DEBUG] -   GestorEstado: Actualizando jugador...
2025-05-19 16:53:52 - gestor_estado - [DEBUG] -   GestorEstado: Actualizando 2 enemigos...
2025-05-19 16:53:52 - gestor_estado - [DEBUG] -   GestorEstado: Actualizando jugador...
2025-05-19 16:53:52 - gestor_estado - [DEBUG] -   GestorEstado: Actualizando 2 enemigos...
2025-05-19 16:53:52 - gestor_estado - [DEBUG] -   GestorEstado: Actualizando jugador...
2025-05-19 16:53:52 - gestor_estado - [DEBUG] -   GestorEstado: Actualizando 2 enemigos...
2025-05-19 16:53:52 - gestor_estado - [DEBUG] -   GestorEstado: Actualizando jugador...
2025-05-19 16:53:52 - gestor_estado - [DEBUG] -   GestorEstado: Actualizando 2 enemigos...
2025-05-19 16:53:52 - gestor_estado - [DEBUG] -   GestorEstado: Actualizando jugador...
2025-05-19 16:53:52 - gestor_estado - [DEBUG] -   GestorEstado: Actualizando 2 enemigos...
2025-05-19 16:53:52 - gestor_estado - [DEBUG] -   GestorEstado: Actualizando jugador...
2025-05-19 16:53:52 - gestor_estado - [DEBUG] -   GestorEstado: Actualizando 2 enemigos...
2025-05-19 16:53:52 - gestor_estado - [DEBUG] -   GestorEstado: Actualizando jugador...
2025-05-19 16:53:52 - gestor_estado - [DEBUG] -   GestorEstado: Actualizando 2 enemigos...
2025-05-19 16:53:52 - gestor_estado - [DEBUG] -   GestorEstado: Actualizando jugador...
2025-05-19 16:53:52 - gestor_estado - [DEBUG] -   GestorEstado: Actualizando 2 enemigos...
2025-05-19 16:53:52 - gestor_estado - [DEBUG] -   GestorEstado: Actualizando jugador...
2025-05-19 16:53:52 - gestor_estado - [DEBUG] -   GestorEstado: Actualizando jugador...
2025-05-19 16:53:52 - gestor_estado - [DEBUG] -   GestorEstado: Actualizando 2 enemigos...
2025-05-19 16:53:52 - gestor_estado - [DEBUG] -   GestorEstado: Actualizando jugador...
2025-05-19 16:53:52 - gestor_estado - [DEBUG] -   GestorEstado: Actualizando 2 enemigos...
2025-05-19 16:53:52 - gestor_estado - [DEBUG] -   GestorEstado: Actualizando jugador...
2025-05-19 16:53:52 - gestor_estado - [DEBUG] -   GestorEstado: Actualizando 2 enemigos...
2025-05-19 16:53:52 - gestor_estado - [DEBUG] -   GestorEstado: Actualizando jugador...
2025-05-19 16:53:52 - gestor_estado - [DEBUG] -   GestorEstado: Actualizando 2 enemigos...
2025-05-19 16:53:52 - gestor_estado - [DEBUG] -   GestorEstado: Actualizando jugador...
2025-05-19 16:53:52 - gestor_estado - [DEBUG] -   GestorEstado: Actualizando 2 enemigos...
2025-05-19 16:53:52 - gestor_estado - [DEBUG] -   GestorEstado: Actualizando jugador...
2025-05-19 16:53:53 - gestor_estado - [DEBUG] -   GestorEstado: Actualizando 2 enemigos...
2025-05-19 16:53:53 - gestor_estado - [DEBUG] -   GestorEstado: Actualizando jugador...
2025-05-19 16:53:53 - gestor_estado - [DEBUG] -   GestorEstado: Actualizando 2 enemigos...
2025-05-19 16:53:53 - gestor_estado - [DEBUG] -   GestorEstado: Actualizando jugador...
2025-05-19 16:53:53 - gestor_estado - [DEBUG] -   GestorEstado: Actualizando 2 enemigos...
2025-05-19 16:53:53 - gestor_estado - [DEBUG] -   GestorEstado: Actualizando jugador...
2025-05-19 16:53:53 - gestor_estado - [DEBUG] -   GestorEstado: Actualizando 2 enemigos...
2025-05-19 16:53:53 - gestor_estado - [DEBUG] -   GestorEstado: Actualizando jugador...
2025-05-19 16:53:53 - gestor_estado - [DEBUG] -   GestorEstado: Actualizando 2 enemigos...
2025-05-19 16:53:53 - gestor_estado - [DEBUG] -   GestorEstado: Actualizando jugador...
2025-05-19 16:53:53 - gestor_estado - [DEBUG] -   GestorEstado: Actualizando 2 enemigos...
2025-05-19 16:53:53 - gestor_estado - [DEBUG] -   GestorEstado: Actualizando jugador...
2025-05-19 16:53:53 - gestor_estado - [DEBUG] -   GestorEstado: Actualizando 2 enemigos...
2025-05-19 16:53:53 - gestor_estado - [DEBUG] -   GestorEstado: Actualizando jugador...
2025-05-19 16:53:53 - gestor_estado - [DEBUG] -   GestorEstado: Actualizando 2 enemigos...
2025-05-19 16:53:53 - gestor_estado - [DEBUG] -   GestorEstado: Actualizando jugador...
2025-05-19 16:53:53 - gestor_estado - [DEBUG] -   GestorEstado: Actualizando 2 enemigos...
2025-05-19 16:53:53 - gestor_estado - [DEBUG] -   GestorEstado: Actualizando jugador...
2025-05-19 16:53:53 - gestor_estado - [DEBUG] -   GestorEstado: Actualizando 2 enemigos...
2025-05-19 16:53:53 - gestor_estado - [DEBUG] -   GestorEstado: Actualizando jugador...
2025-05-19 16:53:53 - gestor_estado - [DEBUG] -   GestorEstado: Actualizando 2 enemigos...
2025-05-19 16:53:53 - gestor_estado - [DEBUG] -   GestorEstado: Actualizando jugador...
2025-05-19 16:53:53 - gestor_estado - [DEBUG] -   GestorEstado: Actualizando 2 enemigos...
2025-05-19 16:53:53 - gestor_estado - [DEBUG] -   GestorEstado: Actualizando jugador...
2025-05-19 16:53:53 - gestor_estado - [DEBUG] -   GestorEstado: Jugador colisiona por contacto con: ['[Enemigo_1]']
2025-05-19 16:53:53 - gestor_estado - [DEBUG] -     GestorEstado: Jugador intentaría recibir 1 de daño por contacto de [Enemigo_1]. (DAÑO DESACTIVADO TEMPORALMENTE)
2025-05-19 16:53:53 - gestor_estado - [DEBUG] -   GestorEstado: Actualizando 2 enemigos...
2025-05-19 16:53:53 - gestor_estado - [DEBUG] -   GestorEstado: Actualizando jugador...
2025-05-19 16:53:53 - gestor_estado - [DEBUG] -   GestorEstado: Jugador colisiona por contacto con: ['[Enemigo_1]']
2025-05-19 16:53:53 - gestor_estado - [DEBUG] -     GestorEstado: Jugador intentaría recibir 1 de daño por contacto de [Enemigo_1]. (DAÑO DESACTIVADO TEMPORALMENTE)
