2025-05-19 16:53:46 - gestor_eventos - [DEBUG] - GestorEventos inicializado.
2025-05-19 16:53:46 - gestor_eventos - [DEBUG] - Procesando 11 eventos...
2025-05-19 16:53:46 - gestor_eventos - [DEBUG] - Evento: <Event(4352-AudioDeviceAdded {'which': 0, 'iscapture': 0})>
2025-05-19 16:53:46 - gestor_eventos - [DEBUG] - Evento: <Event(4352-AudioDeviceAdded {'which': 0, 'iscapture': 1})>
2025-05-19 16:53:46 - gestor_eventos - [DEBUG] - Evento: <Event(32774-WindowShown {'window': None})>
2025-05-19 16:53:46 - gestor_eventos - [DEBUG] - Evento: <Event(32768-ActiveEvent {'gain': 1, 'state': 2})>
2025-05-19 16:53:46 - gestor_eventos - [DEBUG] - Evento: <Event(32785-WindowFocusGained {'window': None})>
2025-05-19 16:53:46 - gestor_eventos - [DEBUG] - Evento: <Event(770-TextEditing {'text': '', 'start': 0, 'length': 0, 'window': None})>
2025-05-19 16:53:46 - gestor_eventos - [DEBUG] - Evento: <Event(32768-ActiveEvent {'gain': 1, 'state': 1})>
2025-05-19 16:53:46 - gestor_eventos - [DEBUG] - Evento: <Event(32783-WindowEnter {'window': None})>
2025-05-19 16:53:46 - gestor_eventos - [DEBUG] - Evento: <Event(1024-MouseMotion {'pos': (795, 281), 'rel': (0, 0), 'buttons': (0, 0, 0), 'touch': False, 'window': None})>
2025-05-19 16:53:46 - gestor_eventos - [DEBUG] - Evento: <Event(32770-VideoExpose {})>
2025-05-19 16:53:46 - gestor_eventos - [DEBUG] - Evento: <Event(32776-WindowExposed {'window': None})>
2025-05-19 16:53:46 - gestor_eventos - [DEBUG] - Procesando 0 eventos...
2025-05-19 16:53:46 - gestor_eventos - [DEBUG] - Procesando 0 eventos...
2025-05-19 16:53:46 - gestor_eventos - [DEBUG] - Procesando 0 eventos...
2025-05-19 16:53:46 - gestor_eventos - [DEBUG] - Procesando 0 eventos...
2025-05-19 16:53:46 - gestor_eventos - [DEBUG] - Procesando 0 eventos...
2025-05-19 16:53:46 - gestor_eventos - [DEBUG] - Procesando 0 eventos...
2025-05-19 16:53:47 - gestor_eventos - [DEBUG] - Procesando 0 eventos...
2025-05-19 16:53:47 - gestor_eventos - [DEBUG] - Procesando 1 eventos...
2025-05-19 16:53:47 - gestor_eventos - [DEBUG] - Evento: <Event(1024-MouseMotion {'pos': (791, 281), 'rel': (-4, 0), 'buttons': (0, 0, 0), 'touch': False, 'window': None})>
2025-05-19 16:53:47 - gestor_eventos - [DEBUG] - Evento: <Event(1024-MouseMotion {'pos': (785, 287), 'rel': (-6, 6), 'buttons': (0, 0, 0), 'touch': False, 'window': None})>
2025-05-19 16:53:47 - gestor_eventos - [DEBUG] - Evento: <Event(1024-MouseMotion {'pos': (778, 295), 'rel': (-7, 8), 'buttons': (0, 0, 0), 'touch': False, 'window': None})>
2025-05-19 16:53:47 - gestor_eventos - [DEBUG] - Evento: <Event(1024-MouseMotion {'pos': (767, 309), 'rel': (-11, 14), 'buttons': (0, 0, 0), 'touch': False, 'window': None})>
2025-05-19 16:53:47 - gestor_eventos - [DEBUG] - Procesando 1 eventos...
2025-05-19 16:53:47 - gestor_eventos - [DEBUG] - Evento: <Event(1024-MouseMotion {'pos': (754, 322), 'rel': (-13, 13), 'buttons': (0, 0, 0), 'touch': False, 'window': None})>
2025-05-19 16:53:47 - gestor_eventos - [DEBUG] - Evento: <Event(1024-MouseMotion {'pos': (742, 335), 'rel': (-12, 13), 'buttons': (0, 0, 0), 'touch': False, 'window': None})>
2025-05-19 16:53:47 - gestor_eventos - [DEBUG] - Evento: <Event(1024-MouseMotion {'pos': (731, 346), 'rel': (-11, 11), 'buttons': (0, 0, 0), 'touch': False, 'window': None})>
2025-05-19 16:53:47 - gestor_eventos - [DEBUG] - Evento: <Event(1024-MouseMotion {'pos': (721, 354), 'rel': (-10, 8), 'buttons': (0, 0, 0), 'touch': False, 'window': None})>
2025-05-19 16:53:47 - gestor_eventos - [DEBUG] - Procesando 2 eventos...
2025-05-19 16:53:47 - gestor_eventos - [DEBUG] - Evento: <Event(1024-MouseMotion {'pos': (710, 361), 'rel': (-11, 7), 'buttons': (0, 0, 0), 'touch': False, 'window': None})>
2025-05-19 16:53:47 - gestor_eventos - [DEBUG] - Evento: <Event(1024-MouseMotion {'pos': (708, 361), 'rel': (-2, 0), 'buttons': (0, 0, 0), 'touch': False, 'window': None})>
2025-05-19 16:53:47 - gestor_eventos - [DEBUG] - Procesando 1 eventos...
2025-05-19 16:53:47 - gestor_eventos - [DEBUG] - Evento: <Event(1024-MouseMotion {'pos': (696, 365), 'rel': (-12, 4), 'buttons': (0, 0, 0), 'touch': False, 'window': None})>
2025-05-19 16:53:47 - gestor_eventos - [DEBUG] - Evento: <Event(1024-MouseMotion {'pos': (683, 370), 'rel': (-13, 5), 'buttons': (0, 0, 0), 'touch': False, 'window': None})>
2025-05-19 16:53:47 - gestor_eventos - [DEBUG] - Evento: <Event(1024-MouseMotion {'pos': (669, 375), 'rel': (-14, 5), 'buttons': (0, 0, 0), 'touch': False, 'window': None})>
2025-05-19 16:53:47 - gestor_eventos - [DEBUG] - Procesando 1 eventos...
2025-05-19 16:53:47 - gestor_eventos - [DEBUG] - Evento: <Event(1024-MouseMotion {'pos': (661, 378), 'rel': (-8, 3), 'buttons': (0, 0, 0), 'touch': False, 'window': None})>
2025-05-19 16:53:47 - gestor_eventos - [DEBUG] - Evento: <Event(1024-MouseMotion {'pos': (656, 380), 'rel': (-5, 2), 'buttons': (0, 0, 0), 'touch': False, 'window': None})>
2025-05-19 16:53:47 - gestor_eventos - [DEBUG] - Evento: <Event(1024-MouseMotion {'pos': (652, 381), 'rel': (-4, 1), 'buttons': (0, 0, 0), 'touch': False, 'window': None})>
2025-05-19 16:53:47 - gestor_eventos - [DEBUG] - Evento: <Event(1024-MouseMotion {'pos': (651, 381), 'rel': (-1, 0), 'buttons': (0, 0, 0), 'touch': False, 'window': None})>
2025-05-19 16:53:47 - gestor_eventos - [DEBUG] - Procesando 1 eventos...
2025-05-19 16:53:47 - gestor_eventos - [DEBUG] - Evento: <Event(1024-MouseMotion {'pos': (648, 382), 'rel': (-3, 1), 'buttons': (0, 0, 0), 'touch': False, 'window': None})>
2025-05-19 16:53:47 - gestor_eventos - [DEBUG] - Procesando 0 eventos...
2025-05-19 16:53:47 - gestor_eventos - [DEBUG] - Procesando 1 eventos...
2025-05-19 16:53:47 - gestor_eventos - [DEBUG] - Evento: <Event(1024-MouseMotion {'pos': (647, 381), 'rel': (-1, -1), 'buttons': (0, 0, 0), 'touch': False, 'window': None})>
2025-05-19 16:53:47 - gestor_eventos - [DEBUG] - Evento: <Event(1024-MouseMotion {'pos': (646, 380), 'rel': (-1, -1), 'buttons': (0, 0, 0), 'touch': False, 'window': None})>
2025-05-19 16:53:47 - gestor_eventos - [DEBUG] - Evento: <Event(1024-MouseMotion {'pos': (645, 379), 'rel': (-1, -1), 'buttons': (0, 0, 0), 'touch': False, 'window': None})>
2025-05-19 16:53:47 - gestor_eventos - [DEBUG] - Evento: <Event(1024-MouseMotion {'pos': (645, 377), 'rel': (0, -2), 'buttons': (0, 0, 0), 'touch': False, 'window': None})>
2025-05-19 16:53:47 - gestor_eventos - [DEBUG] - Procesando 1 eventos...
2025-05-19 16:53:47 - gestor_eventos - [DEBUG] - Evento: <Event(1024-MouseMotion {'pos': (645, 375), 'rel': (0, -2), 'buttons': (0, 0, 0), 'touch': False, 'window': None})>
2025-05-19 16:53:47 - gestor_eventos - [DEBUG] - Procesando 0 eventos...
2025-05-19 16:53:47 - gestor_eventos - [DEBUG] - Evento: <Event(1024-MouseMotion {'pos': (645, 374), 'rel': (0, -1), 'buttons': (0, 0, 0), 'touch': False, 'window': None})>
2025-05-19 16:53:47 - gestor_eventos - [DEBUG] - Procesando 2 eventos...
2025-05-19 16:53:47 - gestor_eventos - [DEBUG] - Evento: <Event(1024-MouseMotion {'pos': (643, 373), 'rel': (-2, -1), 'buttons': (0, 0, 0), 'touch': False, 'window': None})>
2025-05-19 16:53:47 - gestor_eventos - [DEBUG] - Evento: <Event(1024-MouseMotion {'pos': (642, 372), 'rel': (-1, -1), 'buttons': (0, 0, 0), 'touch': False, 'window': None})>
2025-05-19 16:53:47 - gestor_eventos - [DEBUG] - Evento: <Event(1024-MouseMotion {'pos': (639, 370), 'rel': (-3, -2), 'buttons': (0, 0, 0), 'touch': False, 'window': None})>
2025-05-19 16:53:47 - gestor_eventos - [DEBUG] - Evento: <Event(1024-MouseMotion {'pos': (638, 370), 'rel': (-1, 0), 'buttons': (0, 0, 0), 'touch': False, 'window': None})>
2025-05-19 16:53:47 - gestor_eventos - [DEBUG] - Procesando 1 eventos...
2025-05-19 16:53:47 - gestor_eventos - [DEBUG] - Evento: <Event(1024-MouseMotion {'pos': (632, 366), 'rel': (-6, -4), 'buttons': (0, 0, 0), 'touch': False, 'window': None})>
2025-05-19 16:53:47 - gestor_eventos - [DEBUG] - Evento: <Event(1024-MouseMotion {'pos': (623, 361), 'rel': (-9, -5), 'buttons': (0, 0, 0), 'touch': False, 'window': None})>
2025-05-19 16:53:47 - gestor_eventos - [DEBUG] - Evento: <Event(1024-MouseMotion {'pos': (612, 356), 'rel': (-11, -5), 'buttons': (0, 0, 0), 'touch': False, 'window': None})>
2025-05-19 16:53:47 - gestor_eventos - [DEBUG] - Procesando 1 eventos...
2025-05-19 16:53:47 - gestor_eventos - [DEBUG] - Evento: <Event(1024-MouseMotion {'pos': (596, 350), 'rel': (-16, -6), 'buttons': (0, 0, 0), 'touch': False, 'window': None})>
2025-05-19 16:53:47 - gestor_eventos - [DEBUG] - Evento: <Event(1024-MouseMotion {'pos': (579, 346), 'rel': (-17, -4), 'buttons': (0, 0, 0), 'touch': False, 'window': None})>
2025-05-19 16:53:47 - gestor_eventos - [DEBUG] - Evento: <Event(1024-MouseMotion {'pos': (558, 343), 'rel': (-21, -3), 'buttons': (0, 0, 0), 'touch': False, 'window': None})>
2025-05-19 16:53:47 - gestor_eventos - [DEBUG] - Procesando 1 eventos...
2025-05-19 16:53:47 - gestor_eventos - [DEBUG] - Evento: <Event(1024-MouseMotion {'pos': (538, 342), 'rel': (-20, -1), 'buttons': (0, 0, 0), 'touch': False, 'window': None})>
2025-05-19 16:53:47 - gestor_eventos - [DEBUG] - Evento: <Event(1024-MouseMotion {'pos': (522, 342), 'rel': (-16, 0), 'buttons': (0, 0, 0), 'touch': False, 'window': None})>
2025-05-19 16:53:47 - gestor_eventos - [DEBUG] - Evento: <Event(1024-MouseMotion {'pos': (513, 343), 'rel': (-9, 1), 'buttons': (0, 0, 0), 'touch': False, 'window': None})>
2025-05-19 16:53:47 - gestor_eventos - [DEBUG] - Evento: <Event(1024-MouseMotion {'pos': (507, 344), 'rel': (-6, 1), 'buttons': (0, 0, 0), 'touch': False, 'window': None})>
2025-05-19 16:53:47 - gestor_eventos - [DEBUG] - Procesando 1 eventos...
2025-05-19 16:53:47 - gestor_eventos - [DEBUG] - Evento: <Event(1024-MouseMotion {'pos': (504, 344), 'rel': (-3, 0), 'buttons': (0, 0, 0), 'touch': False, 'window': None})>
2025-05-19 16:53:47 - gestor_eventos - [DEBUG] - Evento: <Event(1024-MouseMotion {'pos': (503, 344), 'rel': (-1, 0), 'buttons': (0, 0, 0), 'touch': False, 'window': None})>
2025-05-19 16:53:47 - gestor_eventos - [DEBUG] - Procesando 0 eventos...
2025-05-19 16:53:47 - gestor_eventos - [DEBUG] - Evento: <Event(1024-MouseMotion {'pos': (502, 344), 'rel': (-1, 0), 'buttons': (0, 0, 0), 'touch': False, 'window': None})>
2025-05-19 16:53:47 - gestor_eventos - [DEBUG] - Procesando 1 eventos...
2025-05-19 16:53:47 - gestor_eventos - [DEBUG] - Evento: <Event(1024-MouseMotion {'pos': (500, 342), 'rel': (-2, -2), 'buttons': (0, 0, 0), 'touch': False, 'window': None})>
2025-05-19 16:53:47 - gestor_eventos - [DEBUG] - Evento: <Event(1024-MouseMotion {'pos': (494, 337), 'rel': (-6, -5), 'buttons': (0, 0, 0), 'touch': False, 'window': None})>
2025-05-19 16:53:47 - gestor_eventos - [DEBUG] - Evento: <Event(1024-MouseMotion {'pos': (486, 332), 'rel': (-8, -5), 'buttons': (0, 0, 0), 'touch': False, 'window': None})>
2025-05-19 16:53:47 - gestor_eventos - [DEBUG] - Procesando 1 eventos...
2025-05-19 16:53:47 - gestor_eventos - [DEBUG] - Evento: <Event(1024-MouseMotion {'pos': (477, 326), 'rel': (-9, -6), 'buttons': (0, 0, 0), 'touch': False, 'window': None})>
2025-05-19 16:53:47 - gestor_eventos - [DEBUG] - Evento: <Event(1024-MouseMotion {'pos': (468, 322), 'rel': (-9, -4), 'buttons': (0, 0, 0), 'touch': False, 'window': None})>
2025-05-19 16:53:47 - gestor_eventos - [DEBUG] - Evento: <Event(1024-MouseMotion {'pos': (461, 319), 'rel': (-7, -3), 'buttons': (0, 0, 0), 'touch': False, 'window': None})>
2025-05-19 16:53:47 - gestor_eventos - [DEBUG] - Evento: <Event(1024-MouseMotion {'pos': (457, 317), 'rel': (-4, -2), 'buttons': (0, 0, 0), 'touch': False, 'window': None})>
2025-05-19 16:53:47 - gestor_eventos - [DEBUG] - Procesando 1 eventos...
2025-05-19 16:53:47 - gestor_eventos - [DEBUG] - Evento: <Event(1024-MouseMotion {'pos': (454, 315), 'rel': (-3, -2), 'buttons': (0, 0, 0), 'touch': False, 'window': None})>
2025-05-19 16:53:47 - gestor_eventos - [DEBUG] - Procesando 2 eventos...
2025-05-19 16:53:47 - gestor_eventos - [DEBUG] - Evento: <Event(1024-MouseMotion {'pos': (453, 314), 'rel': (-1, -1), 'buttons': (0, 0, 0), 'touch': False, 'window': None})>
2025-05-19 16:53:47 - gestor_eventos - [DEBUG] - Evento: <Event(1025-MouseButtonDown {'pos': (453, 314), 'button': 1, 'touch': False, 'window': None})>
2025-05-19 16:53:47 - gestor_eventos - [DEBUG] - Evento: <Event(1024-MouseMotion {'pos': (452, 314), 'rel': (-1, 0), 'buttons': (1, 0, 0), 'touch': False, 'window': None})>
2025-05-19 16:53:47 - gestor_eventos - [DEBUG] - Procesando 0 eventos...
2025-05-19 16:53:48 - gestor_eventos - [DEBUG] - Procesando 1 eventos...
2025-05-19 16:53:48 - gestor_eventos - [DEBUG] - Evento: <Event(1024-MouseMotion {'pos': (453, 314), 'rel': (1, 0), 'buttons': (1, 0, 0), 'touch': False, 'window': None})>
2025-05-19 16:53:48 - gestor_eventos - [DEBUG] - Evento: <Event(1024-MouseMotion {'pos': (453, 315), 'rel': (0, 1), 'buttons': (1, 0, 0), 'touch': False, 'window': None})>
2025-05-19 16:53:48 - gestor_eventos - [DEBUG] - Evento: <Event(1024-MouseMotion {'pos': (453, 318), 'rel': (0, 3), 'buttons': (1, 0, 0), 'touch': False, 'window': None})>
2025-05-19 16:53:48 - gestor_eventos - [DEBUG] - Procesando 2 eventos...
2025-05-19 16:53:48 - gestor_eventos - [DEBUG] - Evento: <Event(1024-MouseMotion {'pos': (453, 322), 'rel': (0, 4), 'buttons': (1, 0, 0), 'touch': False, 'window': None})>
2025-05-19 16:53:48 - gestor_eventos - [DEBUG] - Evento: <Event(1026-MouseButtonUp {'pos': (453, 322), 'button': 1, 'touch': False, 'window': None})>
2025-05-19 16:53:48 - gestor_eventos - [DEBUG] - Procesando 1 eventos...
2025-05-19 16:53:48 - gestor_eventos - [DEBUG] - Evento: <Event(1024-MouseMotion {'pos': (453, 326), 'rel': (0, 4), 'buttons': (0, 0, 0), 'touch': False, 'window': None})>
2025-05-19 16:53:48 - gestor_eventos - [DEBUG] - Evento: <Event(1024-MouseMotion {'pos': (452, 328), 'rel': (-1, 2), 'buttons': (0, 0, 0), 'touch': False, 'window': None})>
2025-05-19 16:53:48 - gestor_eventos - [DEBUG] - Evento: <Event(1024-MouseMotion {'pos': (451, 332), 'rel': (-1, 4), 'buttons': (0, 0, 0), 'touch': False, 'window': None})>
2025-05-19 16:53:48 - gestor_eventos - [DEBUG] - Procesando 1 eventos...
2025-05-19 16:53:48 - gestor_eventos - [DEBUG] - Evento: <Event(1024-MouseMotion {'pos': (449, 336), 'rel': (-2, 4), 'buttons': (0, 0, 0), 'touch': False, 'window': None})>
2025-05-19 16:53:48 - gestor_eventos - [DEBUG] - Evento: <Event(1024-MouseMotion {'pos': (447, 341), 'rel': (-2, 5), 'buttons': (0, 0, 0), 'touch': False, 'window': None})>
2025-05-19 16:53:48 - gestor_eventos - [DEBUG] - Evento: <Event(1024-MouseMotion {'pos': (445, 345), 'rel': (-2, 4), 'buttons': (0, 0, 0), 'touch': False, 'window': None})>
2025-05-19 16:53:48 - gestor_eventos - [DEBUG] - Evento: <Event(1024-MouseMotion {'pos': (445, 346), 'rel': (0, 1), 'buttons': (0, 0, 0), 'touch': False, 'window': None})>
2025-05-19 16:53:48 - gestor_eventos - [DEBUG] - Procesando 0 eventos...
2025-05-19 16:53:48 - gestor_eventos - [DEBUG] - Procesando 2 eventos...
2025-05-19 16:53:48 - gestor_eventos - [DEBUG] - Evento: <Event(768-KeyDown {'unicode': 'd', 'key': 100, 'mod': 4096, 'scancode': 7, 'window': None})>
2025-05-19 16:53:48 - gestor_eventos - [DEBUG] - GestorEventos: KEYDOWN d (100)
2025-05-19 16:53:48 - gestor_eventos - [DEBUG] - Evento: <Event(771-TextInput {'text': 'd', 'window': None})>
2025-05-19 16:53:48 - gestor_eventos - [DEBUG] - Procesando 0 eventos...
2025-05-19 16:53:48 - gestor_eventos - [DEBUG] - Procesando 0 eventos...
2025-05-19 16:53:48 - gestor_eventos - [DEBUG] - Procesando 1 eventos...
2025-05-19 16:53:48 - gestor_eventos - [DEBUG] - Evento: <Event(1024-MouseMotion {'pos': (444, 347), 'rel': (-1, 1), 'buttons': (0, 0, 0), 'touch': False, 'window': None})>
2025-05-19 16:53:48 - gestor_eventos - [DEBUG] - Evento: <Event(1024-MouseMotion {'pos': (442, 348), 'rel': (-2, 1), 'buttons': (0, 0, 0), 'touch': False, 'window': None})>
2025-05-19 16:53:48 - gestor_eventos - [DEBUG] - Evento: <Event(1024-MouseMotion {'pos': (439, 350), 'rel': (-3, 2), 'buttons': (0, 0, 0), 'touch': False, 'window': None})>
2025-05-19 16:53:48 - gestor_eventos - [DEBUG] - Evento: <Event(1024-MouseMotion {'pos': (435, 353), 'rel': (-4, 3), 'buttons': (0, 0, 0), 'touch': False, 'window': None})>
2025-05-19 16:53:48 - gestor_eventos - [DEBUG] - Procesando 1 eventos...
2025-05-19 16:53:48 - gestor_eventos - [DEBUG] - Evento: <Event(1024-MouseMotion {'pos': (431, 356), 'rel': (-4, 3), 'buttons': (0, 0, 0), 'touch': False, 'window': None})>
2025-05-19 16:53:48 - gestor_eventos - [DEBUG] - Procesando 4 eventos...
2025-05-19 16:53:48 - gestor_eventos - [DEBUG] - Evento: <Event(1024-MouseMotion {'pos': (429, 358), 'rel': (-2, 2), 'buttons': (0, 0, 0), 'touch': False, 'window': None})>
2025-05-19 16:53:48 - gestor_eventos - [DEBUG] - Evento: <Event(768-KeyDown {'unicode': 'a', 'key': 97, 'mod': 4096, 'scancode': 4, 'window': None})>
2025-05-19 16:53:48 - gestor_eventos - [DEBUG] - GestorEventos: KEYDOWN a (97)
2025-05-19 16:53:48 - gestor_eventos - [DEBUG] - Evento: <Event(771-TextInput {'text': 'a', 'window': None})>
2025-05-19 16:53:48 - gestor_eventos - [DEBUG] - Evento: <Event(1024-MouseMotion {'pos': (428, 359), 'rel': (-1, 1), 'buttons': (0, 0, 0), 'touch': False, 'window': None})>
2025-05-19 16:53:48 - gestor_eventos - [DEBUG] - Evento: <Event(1024-MouseMotion {'pos': (425, 362), 'rel': (-3, 3), 'buttons': (0, 0, 0), 'touch': False, 'window': None})>
2025-05-19 16:53:48 - gestor_eventos - [DEBUG] - Procesando 1 eventos...
2025-05-19 16:53:48 - gestor_eventos - [DEBUG] - Evento: <Event(1024-MouseMotion {'pos': (423, 365), 'rel': (-2, 3), 'buttons': (0, 0, 0), 'touch': False, 'window': None})>
2025-05-19 16:53:48 - gestor_eventos - [DEBUG] - Evento: <Event(1024-MouseMotion {'pos': (422, 366), 'rel': (-1, 1), 'buttons': (0, 0, 0), 'touch': False, 'window': None})>
2025-05-19 16:53:48 - gestor_eventos - [DEBUG] - Evento: <Event(1024-MouseMotion {'pos': (421, 366), 'rel': (-1, 0), 'buttons': (0, 0, 0), 'touch': False, 'window': None})>
2025-05-19 16:53:48 - gestor_eventos - [DEBUG] - Procesando 0 eventos...
2025-05-19 16:53:48 - gestor_eventos - [DEBUG] - Procesando 2 eventos...
2025-05-19 16:53:48 - gestor_eventos - [DEBUG] - Evento: <Event(768-KeyDown {'unicode': ' ', 'key': 32, 'mod': 4096, 'scancode': 44, 'window': None})>
2025-05-19 16:53:48 - gestor_eventos - [DEBUG] - GestorEventos: KEYDOWN space (32)
2025-05-19 16:53:48 - gestor_eventos - [DEBUG] - GestorEventos: K_SPACE (Atacar jugador) procesado.
2025-05-19 16:53:48 - gestor_eventos - [DEBUG] - Evento: <Event(771-TextInput {'text': ' ', 'window': None})>
2025-05-19 16:53:48 - gestor_eventos - [DEBUG] - Procesando 0 eventos...
2025-05-19 16:53:48 - gestor_eventos - [DEBUG] - Procesando 1 eventos...
2025-05-19 16:53:48 - gestor_eventos - [DEBUG] - Evento: <Event(769-KeyUp {'unicode': 'd', 'key': 100, 'mod': 4096, 'scancode': 7, 'window': None})>
2025-05-19 16:53:48 - gestor_eventos - [DEBUG] - Procesando 0 eventos...
2025-05-19 16:53:48 - gestor_eventos - [DEBUG] - Procesando 1 eventos...
2025-05-19 16:53:48 - gestor_eventos - [DEBUG] - Evento: <Event(1024-MouseMotion {'pos': (420, 367), 'rel': (-1, 1), 'buttons': (0, 0, 0), 'touch': False, 'window': None})>
2025-05-19 16:53:48 - gestor_eventos - [DEBUG] - Evento: <Event(1024-MouseMotion {'pos': (419, 368), 'rel': (-1, 1), 'buttons': (0, 0, 0), 'touch': False, 'window': None})>
2025-05-19 16:53:48 - gestor_eventos - [DEBUG] - Evento: <Event(1024-MouseMotion {'pos': (417, 369), 'rel': (-2, 1), 'buttons': (0, 0, 0), 'touch': False, 'window': None})>
2025-05-19 16:53:48 - gestor_eventos - [DEBUG] - Evento: <Event(1024-MouseMotion {'pos': (416, 371), 'rel': (-1, 2), 'buttons': (0, 0, 0), 'touch': False, 'window': None})>
2025-05-19 16:53:48 - gestor_eventos - [DEBUG] - Procesando 1 eventos...
2025-05-19 16:53:48 - gestor_eventos - [DEBUG] - Evento: <Event(1024-MouseMotion {'pos': (415, 371), 'rel': (-1, 0), 'buttons': (0, 0, 0), 'touch': False, 'window': None})>
2025-05-19 16:53:48 - gestor_eventos - [DEBUG] - Procesando 2 eventos...
2025-05-19 16:53:48 - gestor_eventos - [DEBUG] - Evento: <Event(1024-MouseMotion {'pos': (415, 372), 'rel': (0, 1), 'buttons': (0, 0, 0), 'touch': False, 'window': None})>
2025-05-19 16:53:48 - gestor_eventos - [DEBUG] - Evento: <Event(769-KeyUp {'unicode': ' ', 'key': 32, 'mod': 4096, 'scancode': 44, 'window': None})>
2025-05-19 16:53:48 - gestor_eventos - [DEBUG] - Procesando 0 eventos...
2025-05-19 16:53:48 - gestor_eventos - [DEBUG] - Procesando 0 eventos...
2025-05-19 16:53:48 - gestor_eventos - [DEBUG] - Procesando 0 eventos...
2025-05-19 16:53:48 - gestor_eventos - [DEBUG] - Procesando 2 eventos...
2025-05-19 16:53:48 - gestor_eventos - [DEBUG] - Evento: <Event(768-KeyDown {'unicode': 'd', 'key': 100, 'mod': 4096, 'scancode': 7, 'window': None})>
2025-05-19 16:53:48 - gestor_eventos - [DEBUG] - GestorEventos: KEYDOWN d (100)
2025-05-19 16:53:48 - gestor_eventos - [DEBUG] - Evento: <Event(771-TextInput {'text': 'd', 'window': None})>
2025-05-19 16:53:48 - gestor_eventos - [DEBUG] - Procesando 0 eventos...
2025-05-19 16:53:49 - gestor_eventos - [DEBUG] - Procesando 0 eventos...
2025-05-19 16:53:49 - gestor_eventos - [DEBUG] - Procesando 0 eventos...
2025-05-19 16:53:49 - gestor_eventos - [DEBUG] - Procesando 2 eventos...
2025-05-19 16:53:49 - gestor_eventos - [DEBUG] - Evento: <Event(768-KeyDown {'unicode': 's', 'key': 115, 'mod': 4096, 'scancode': 22, 'window': None})>
2025-05-19 16:53:49 - gestor_eventos - [DEBUG] - GestorEventos: KEYDOWN s (115)
2025-05-19 16:53:49 - gestor_eventos - [DEBUG] - Evento: <Event(771-TextInput {'text': 's', 'window': None})>
2025-05-19 16:53:49 - gestor_eventos - [DEBUG] - Procesando 0 eventos...
2025-05-19 16:53:49 - gestor_eventos - [DEBUG] - Procesando 0 eventos...
2025-05-19 16:53:49 - gestor_eventos - [DEBUG] - Procesando 1 eventos...
2025-05-19 16:53:49 - gestor_eventos - [DEBUG] - Evento: <Event(769-KeyUp {'unicode': 'a', 'key': 97, 'mod': 4096, 'scancode': 4, 'window': None})>
2025-05-19 16:53:49 - gestor_eventos - [DEBUG] - Procesando 0 eventos...
2025-05-19 16:53:49 - gestor_eventos - [DEBUG] - Procesando 0 eventos...
2025-05-19 16:53:49 - gestor_eventos - [DEBUG] - Procesando 0 eventos...
2025-05-19 16:53:49 - gestor_eventos - [DEBUG] - Procesando 2 eventos...
2025-05-19 16:53:49 - gestor_eventos - [DEBUG] - Evento: <Event(768-KeyDown {'unicode': 'a', 'key': 97, 'mod': 4096, 'scancode': 4, 'window': None})>
2025-05-19 16:53:49 - gestor_eventos - [DEBUG] - GestorEventos: KEYDOWN a (97)
2025-05-19 16:53:49 - gestor_eventos - [DEBUG] - Evento: <Event(771-TextInput {'text': 'a', 'window': None})>
2025-05-19 16:53:49 - gestor_eventos - [DEBUG] - Procesando 0 eventos...
2025-05-19 16:53:49 - gestor_eventos - [DEBUG] - Procesando 2 eventos...
2025-05-19 16:53:49 - gestor_eventos - [DEBUG] - Evento: <Event(769-KeyUp {'unicode': 'd', 'key': 100, 'mod': 4096, 'scancode': 7, 'window': None})>
2025-05-19 16:53:49 - gestor_eventos - [DEBUG] - Evento: <Event(769-KeyUp {'unicode': 's', 'key': 115, 'mod': 4096, 'scancode': 22, 'window': None})>
2025-05-19 16:53:49 - gestor_eventos - [DEBUG] - Procesando 0 eventos...
2025-05-19 16:53:49 - gestor_eventos - [DEBUG] - Procesando 0 eventos...
2025-05-19 16:53:49 - gestor_eventos - [DEBUG] - Procesando 2 eventos...
2025-05-19 16:53:49 - gestor_eventos - [DEBUG] - Evento: <Event(768-KeyDown {'unicode': 'w', 'key': 119, 'mod': 4096, 'scancode': 26, 'window': None})>
2025-05-19 16:53:49 - gestor_eventos - [DEBUG] - GestorEventos: KEYDOWN w (119)
2025-05-19 16:53:49 - gestor_eventos - [DEBUG] - Evento: <Event(771-TextInput {'text': 'w', 'window': None})>
2025-05-19 16:53:49 - gestor_eventos - [DEBUG] - Procesando 0 eventos...
2025-05-19 16:53:49 - gestor_eventos - [DEBUG] - Procesando 1 eventos...
2025-05-19 16:53:49 - gestor_eventos - [DEBUG] - Evento: <Event(769-KeyUp {'unicode': 'a', 'key': 97, 'mod': 4096, 'scancode': 4, 'window': None})>
2025-05-19 16:53:49 - gestor_eventos - [DEBUG] - Procesando 2 eventos...
2025-05-19 16:53:49 - gestor_eventos - [DEBUG] - Evento: <Event(768-KeyDown {'unicode': ' ', 'key': 32, 'mod': 4096, 'scancode': 44, 'window': None})>
2025-05-19 16:53:49 - gestor_eventos - [DEBUG] - GestorEventos: KEYDOWN space (32)
2025-05-19 16:53:49 - gestor_eventos - [DEBUG] - GestorEventos: K_SPACE (Atacar jugador) procesado.
2025-05-19 16:53:49 - gestor_eventos - [DEBUG] - Evento: <Event(771-TextInput {'text': ' ', 'window': None})>
2025-05-19 16:53:49 - gestor_eventos - [DEBUG] - Procesando 0 eventos...
2025-05-19 16:53:49 - gestor_eventos - [DEBUG] - Procesando 0 eventos...
2025-05-19 16:53:49 - gestor_eventos - [DEBUG] - Procesando 2 eventos...
2025-05-19 16:53:49 - gestor_eventos - [DEBUG] - Evento: <Event(768-KeyDown {'unicode': 'd', 'key': 100, 'mod': 4096, 'scancode': 7, 'window': None})>
2025-05-19 16:53:49 - gestor_eventos - [DEBUG] - GestorEventos: KEYDOWN d (100)
2025-05-19 16:53:49 - gestor_eventos - [DEBUG] - Evento: <Event(771-TextInput {'text': 'd', 'window': None})>
2025-05-19 16:53:49 - gestor_eventos - [DEBUG] - Evento: <Event(768-KeyDown {'unicode': 'a', 'key': 97, 'mod': 4096, 'scancode': 4, 'window': None})>
2025-05-19 16:53:49 - gestor_eventos - [DEBUG] - GestorEventos: KEYDOWN a (97)
2025-05-19 16:53:49 - gestor_eventos - [DEBUG] - Evento: <Event(771-TextInput {'text': 'a', 'window': None})>
2025-05-19 16:53:49 - gestor_eventos - [DEBUG] - Procesando 0 eventos...
2025-05-19 16:53:49 - gestor_eventos - [DEBUG] - Procesando 1 eventos...
2025-05-19 16:53:49 - gestor_eventos - [DEBUG] - Evento: <Event(1024-MouseMotion {'pos': (414, 372), 'rel': (-1, 0), 'buttons': (0, 0, 0), 'touch': False, 'window': None})>
2025-05-19 16:53:49 - gestor_eventos - [DEBUG] - Procesando 0 eventos...
2025-05-19 16:53:49 - gestor_eventos - [DEBUG] - Evento: <Event(1024-MouseMotion {'pos': (413, 372), 'rel': (-1, 0), 'buttons': (0, 0, 0), 'touch': False, 'window': None})>
2025-05-19 16:53:49 - gestor_eventos - [DEBUG] - Procesando 2 eventos...
2025-05-19 16:53:49 - gestor_eventos - [DEBUG] - Evento: <Event(1024-MouseMotion {'pos': (412, 372), 'rel': (-1, 0), 'buttons': (0, 0, 0), 'touch': False, 'window': None})>
2025-05-19 16:53:49 - gestor_eventos - [DEBUG] - Evento: <Event(769-KeyUp {'unicode': 'w', 'key': 119, 'mod': 4096, 'scancode': 26, 'window': None})>
2025-05-19 16:53:50 - gestor_eventos - [DEBUG] - Procesando 0 eventos...
2025-05-19 16:53:50 - gestor_eventos - [DEBUG] - Procesando 1 eventos...
2025-05-19 16:53:50 - gestor_eventos - [DEBUG] - Evento: <Event(769-KeyUp {'unicode': ' ', 'key': 32, 'mod': 4096, 'scancode': 44, 'window': None})>
2025-05-19 16:53:50 - gestor_eventos - [DEBUG] - Procesando 0 eventos...
2025-05-19 16:53:50 - gestor_eventos - [DEBUG] - Procesando 0 eventos...
2025-05-19 16:53:50 - gestor_eventos - [DEBUG] - Procesando 0 eventos...
2025-05-19 16:53:50 - gestor_eventos - [DEBUG] - Procesando 0 eventos...
2025-05-19 16:53:50 - gestor_eventos - [DEBUG] - Procesando 0 eventos...
2025-05-19 16:53:50 - gestor_eventos - [DEBUG] - Procesando 0 eventos...
2025-05-19 16:53:50 - gestor_eventos - [DEBUG] - Procesando 0 eventos...
2025-05-19 16:53:50 - gestor_eventos - [DEBUG] - Procesando 1 eventos...
2025-05-19 16:53:50 - gestor_eventos - [DEBUG] - Evento: <Event(769-KeyUp {'unicode': 'd', 'key': 100, 'mod': 4096, 'scancode': 7, 'window': None})>
2025-05-19 16:53:50 - gestor_eventos - [DEBUG] - Procesando 0 eventos...
2025-05-19 16:53:50 - gestor_eventos - [DEBUG] - Procesando 2 eventos...
2025-05-19 16:53:50 - gestor_eventos - [DEBUG] - Evento: <Event(768-KeyDown {'unicode': ' ', 'key': 32, 'mod': 4096, 'scancode': 44, 'window': None})>
2025-05-19 16:53:50 - gestor_eventos - [DEBUG] - GestorEventos: KEYDOWN space (32)
2025-05-19 16:53:50 - gestor_eventos - [DEBUG] - GestorEventos: K_SPACE (Atacar jugador) procesado.
2025-05-19 16:53:50 - gestor_eventos - [DEBUG] - Evento: <Event(771-TextInput {'text': ' ', 'window': None})>
2025-05-19 16:53:50 - gestor_eventos - [DEBUG] - Procesando 0 eventos...
2025-05-19 16:53:50 - gestor_eventos - [DEBUG] - Procesando 0 eventos...
2025-05-19 16:53:50 - gestor_eventos - [DEBUG] - Procesando 1 eventos...
2025-05-19 16:53:50 - gestor_eventos - [DEBUG] - Evento: <Event(769-KeyUp {'unicode': ' ', 'key': 32, 'mod': 4096, 'scancode': 44, 'window': None})>
2025-05-19 16:53:50 - gestor_eventos - [DEBUG] - Procesando 0 eventos...
2025-05-19 16:53:50 - gestor_eventos - [DEBUG] - Procesando 2 eventos...
2025-05-19 16:53:50 - gestor_eventos - [DEBUG] - Evento: <Event(768-KeyDown {'unicode': ' ', 'key': 32, 'mod': 4096, 'scancode': 44, 'window': None})>
2025-05-19 16:53:50 - gestor_eventos - [DEBUG] - GestorEventos: KEYDOWN space (32)
2025-05-19 16:53:50 - gestor_eventos - [DEBUG] - GestorEventos: K_SPACE (Atacar jugador) procesado.
2025-05-19 16:53:50 - gestor_eventos - [DEBUG] - Evento: <Event(771-TextInput {'text': ' ', 'window': None})>
2025-05-19 16:53:50 - gestor_eventos - [DEBUG] - Procesando 0 eventos...
2025-05-19 16:53:50 - gestor_eventos - [DEBUG] - Procesando 0 eventos...
2025-05-19 16:53:50 - gestor_eventos - [DEBUG] - Procesando 1 eventos...
2025-05-19 16:53:50 - gestor_eventos - [DEBUG] - Evento: <Event(769-KeyUp {'unicode': ' ', 'key': 32, 'mod': 4096, 'scancode': 44, 'window': None})>
2025-05-19 16:53:50 - gestor_eventos - [DEBUG] - Procesando 0 eventos...
2025-05-19 16:53:50 - gestor_eventos - [DEBUG] - Procesando 0 eventos...
2025-05-19 16:53:50 - gestor_eventos - [DEBUG] - Procesando 0 eventos...
2025-05-19 16:53:51 - gestor_eventos - [DEBUG] - Procesando 0 eventos...
2025-05-19 16:53:51 - gestor_eventos - [DEBUG] - Procesando 2 eventos...
2025-05-19 16:53:51 - gestor_eventos - [DEBUG] - Evento: <Event(768-KeyDown {'unicode': 'd', 'key': 100, 'mod': 4096, 'scancode': 7, 'window': None})>
2025-05-19 16:53:51 - gestor_eventos - [DEBUG] - GestorEventos: KEYDOWN d (100)
2025-05-19 16:53:51 - gestor_eventos - [DEBUG] - Evento: <Event(771-TextInput {'text': 'd', 'window': None})>
2025-05-19 16:53:51 - gestor_eventos - [DEBUG] - Procesando 0 eventos...
2025-05-19 16:53:51 - gestor_eventos - [DEBUG] - Procesando 0 eventos...
2025-05-19 16:53:51 - gestor_eventos - [DEBUG] - Procesando 1 eventos...
2025-05-19 16:53:51 - gestor_eventos - [DEBUG] - Evento: <Event(1024-MouseMotion {'pos': (412, 373), 'rel': (0, 1), 'buttons': (0, 0, 0), 'touch': False, 'window': None})>
2025-05-19 16:53:51 - gestor_eventos - [DEBUG] - Evento: <Event(1024-MouseMotion {'pos': (411, 374), 'rel': (-1, 1), 'buttons': (0, 0, 0), 'touch': False, 'window': None})>
2025-05-19 16:53:51 - gestor_eventos - [DEBUG] - Evento: <Event(1024-MouseMotion {'pos': (410, 375), 'rel': (-1, 1), 'buttons': (0, 0, 0), 'touch': False, 'window': None})>
2025-05-19 16:53:51 - gestor_eventos - [DEBUG] - Procesando 0 eventos...
2025-05-19 16:53:51 - gestor_eventos - [DEBUG] - Procesando 1 eventos...
2025-05-19 16:53:51 - gestor_eventos - [DEBUG] - Evento: <Event(1024-MouseMotion {'pos': (409, 375), 'rel': (-1, 0), 'buttons': (0, 0, 0), 'touch': False, 'window': None})>
2025-05-19 16:53:51 - gestor_eventos - [DEBUG] - Evento: <Event(769-KeyUp {'unicode': 'd', 'key': 100, 'mod': 4096, 'scancode': 7, 'window': None})>
2025-05-19 16:53:51 - gestor_eventos - [DEBUG] - Evento: <Event(1024-MouseMotion {'pos': (408, 376), 'rel': (-1, 1), 'buttons': (0, 0, 0), 'touch': False, 'window': None})>
2025-05-19 16:53:51 - gestor_eventos - [DEBUG] - Procesando 1 eventos...
2025-05-19 16:53:51 - gestor_eventos - [DEBUG] - Evento: <Event(1024-MouseMotion {'pos': (405, 380), 'rel': (-3, 4), 'buttons': (0, 0, 0), 'touch': False, 'window': None})>
2025-05-19 16:53:51 - gestor_eventos - [DEBUG] - Evento: <Event(1024-MouseMotion {'pos': (397, 388), 'rel': (-8, 8), 'buttons': (0, 0, 0), 'touch': False, 'window': None})>
2025-05-19 16:53:51 - gestor_eventos - [DEBUG] - Evento: <Event(1024-MouseMotion {'pos': (389, 400), 'rel': (-8, 12), 'buttons': (0, 0, 0), 'touch': False, 'window': None})>
2025-05-19 16:53:51 - gestor_eventos - [DEBUG] - Evento: <Event(1024-MouseMotion {'pos': (381, 412), 'rel': (-8, 12), 'buttons': (0, 0, 0), 'touch': False, 'window': None})>
2025-05-19 16:53:51 - gestor_eventos - [DEBUG] - Procesando 1 eventos...
2025-05-19 16:53:51 - gestor_eventos - [DEBUG] - Evento: <Event(1024-MouseMotion {'pos': (374, 420), 'rel': (-7, 8), 'buttons': (0, 0, 0), 'touch': False, 'window': None})>
2025-05-19 16:53:51 - gestor_eventos - [DEBUG] - Evento: <Event(1024-MouseMotion {'pos': (372, 421), 'rel': (-2, 1), 'buttons': (0, 0, 0), 'touch': False, 'window': None})>
2025-05-19 16:53:51 - gestor_eventos - [DEBUG] - Procesando 0 eventos...
2025-05-19 16:53:51 - gestor_eventos - [DEBUG] - Evento: <Event(1024-MouseMotion {'pos': (371, 421), 'rel': (-1, 0), 'buttons': (0, 0, 0), 'touch': False, 'window': None})>
2025-05-19 16:53:51 - gestor_eventos - [DEBUG] - Procesando 1 eventos...
2025-05-19 16:53:51 - gestor_eventos - [DEBUG] - Evento: <Event(1024-MouseMotion {'pos': (370, 420), 'rel': (-1, -1), 'buttons': (0, 0, 0), 'touch': False, 'window': None})>
2025-05-19 16:53:51 - gestor_eventos - [DEBUG] - Evento: <Event(1024-MouseMotion {'pos': (369, 420), 'rel': (-1, 0), 'buttons': (0, 0, 0), 'touch': False, 'window': None})>
2025-05-19 16:53:51 - gestor_eventos - [DEBUG] - Procesando 0 eventos...
2025-05-19 16:53:51 - gestor_eventos - [DEBUG] - Procesando 0 eventos...
2025-05-19 16:53:51 - gestor_eventos - [DEBUG] - Procesando 2 eventos...
2025-05-19 16:53:51 - gestor_eventos - [DEBUG] - Evento: <Event(768-KeyDown {'unicode': ' ', 'key': 32, 'mod': 4096, 'scancode': 44, 'window': None})>
2025-05-19 16:53:51 - gestor_eventos - [DEBUG] - GestorEventos: KEYDOWN space (32)
2025-05-19 16:53:51 - gestor_eventos - [DEBUG] - GestorEventos: K_SPACE (Atacar jugador) procesado.
2025-05-19 16:53:51 - gestor_eventos - [DEBUG] - Evento: <Event(771-TextInput {'text': ' ', 'window': None})>
2025-05-19 16:53:51 - gestor_eventos - [DEBUG] - Procesando 0 eventos...
2025-05-19 16:53:51 - gestor_eventos - [DEBUG] - Procesando 0 eventos...
2025-05-19 16:53:51 - gestor_eventos - [DEBUG] - Procesando 1 eventos...
2025-05-19 16:53:51 - gestor_eventos - [DEBUG] - Evento: <Event(1024-MouseMotion {'pos': (368, 420), 'rel': (-1, 0), 'buttons': (0, 0, 0), 'touch': False, 'window': None})>
2025-05-19 16:53:51 - gestor_eventos - [DEBUG] - Procesando 2 eventos...
2025-05-19 16:53:51 - gestor_eventos - [DEBUG] - Evento: <Event(769-KeyUp {'unicode': ' ', 'key': 32, 'mod': 4096, 'scancode': 44, 'window': None})>
2025-05-19 16:53:51 - gestor_eventos - [DEBUG] - Evento: <Event(1024-MouseMotion {'pos': (366, 420), 'rel': (-2, 0), 'buttons': (0, 0, 0), 'touch': False, 'window': None})>
2025-05-19 16:53:51 - gestor_eventos - [DEBUG] - Evento: <Event(1024-MouseMotion {'pos': (364, 420), 'rel': (-2, 0), 'buttons': (0, 0, 0), 'touch': False, 'window': None})>
2025-05-19 16:53:51 - gestor_eventos - [DEBUG] - Procesando 1 eventos...
2025-05-19 16:53:51 - gestor_eventos - [DEBUG] - Evento: <Event(1024-MouseMotion {'pos': (362, 421), 'rel': (-2, 1), 'buttons': (0, 0, 0), 'touch': False, 'window': None})>
2025-05-19 16:53:51 - gestor_eventos - [DEBUG] - Evento: <Event(1024-MouseMotion {'pos': (359, 421), 'rel': (-3, 0), 'buttons': (0, 0, 0), 'touch': False, 'window': None})>
2025-05-19 16:53:51 - gestor_eventos - [DEBUG] - Evento: <Event(1024-MouseMotion {'pos': (356, 423), 'rel': (-3, 2), 'buttons': (0, 0, 0), 'touch': False, 'window': None})>
2025-05-19 16:53:51 - gestor_eventos - [DEBUG] - Procesando 2 eventos...
2025-05-19 16:53:51 - gestor_eventos - [DEBUG] - Evento: <Event(1024-MouseMotion {'pos': (354, 424), 'rel': (-2, 1), 'buttons': (0, 0, 0), 'touch': False, 'window': None})>
2025-05-19 16:53:51 - gestor_eventos - [DEBUG] - Evento: <Event(1024-MouseMotion {'pos': (353, 425), 'rel': (-1, 1), 'buttons': (0, 0, 0), 'touch': False, 'window': None})>
2025-05-19 16:53:51 - gestor_eventos - [DEBUG] - Procesando 1 eventos...
2025-05-19 16:53:51 - gestor_eventos - [DEBUG] - Evento: <Event(1024-MouseMotion {'pos': (350, 427), 'rel': (-3, 2), 'buttons': (0, 0, 0), 'touch': False, 'window': None})>
2025-05-19 16:53:51 - gestor_eventos - [DEBUG] - Evento: <Event(1024-MouseMotion {'pos': (348, 429), 'rel': (-2, 2), 'buttons': (0, 0, 0), 'touch': False, 'window': None})>
2025-05-19 16:53:51 - gestor_eventos - [DEBUG] - Evento: <Event(1024-MouseMotion {'pos': (348, 430), 'rel': (0, 1), 'buttons': (0, 0, 0), 'touch': False, 'window': None})>
2025-05-19 16:53:51 - gestor_eventos - [DEBUG] - Evento: <Event(1024-MouseMotion {'pos': (345, 432), 'rel': (-3, 2), 'buttons': (0, 0, 0), 'touch': False, 'window': None})>
2025-05-19 16:53:51 - gestor_eventos - [DEBUG] - Evento: <Event(1024-MouseMotion {'pos': (344, 434), 'rel': (-1, 2), 'buttons': (0, 0, 0), 'touch': False, 'window': None})>
2025-05-19 16:53:51 - gestor_eventos - [DEBUG] - Procesando 1 eventos...
2025-05-19 16:53:51 - gestor_eventos - [DEBUG] - Evento: <Event(1024-MouseMotion {'pos': (342, 435), 'rel': (-2, 1), 'buttons': (0, 0, 0), 'touch': False, 'window': None})>
2025-05-19 16:53:51 - gestor_eventos - [DEBUG] - Evento: <Event(1024-MouseMotion {'pos': (341, 436), 'rel': (-1, 1), 'buttons': (0, 0, 0), 'touch': False, 'window': None})>
2025-05-19 16:53:51 - gestor_eventos - [DEBUG] - Evento: <Event(1024-MouseMotion {'pos': (340, 437), 'rel': (-1, 1), 'buttons': (0, 0, 0), 'touch': False, 'window': None})>
2025-05-19 16:53:51 - gestor_eventos - [DEBUG] - Procesando 1 eventos...
2025-05-19 16:53:51 - gestor_eventos - [DEBUG] - Evento: <Event(1024-MouseMotion {'pos': (338, 439), 'rel': (-2, 2), 'buttons': (0, 0, 0), 'touch': False, 'window': None})>
2025-05-19 16:53:51 - gestor_eventos - [DEBUG] - Evento: <Event(1024-MouseMotion {'pos': (336, 442), 'rel': (-2, 3), 'buttons': (0, 0, 0), 'touch': False, 'window': None})>
2025-05-19 16:53:51 - gestor_eventos - [DEBUG] - Evento: <Event(1024-MouseMotion {'pos': (331, 447), 'rel': (-5, 5), 'buttons': (0, 0, 0), 'touch': False, 'window': None})>
2025-05-19 16:53:52 - gestor_eventos - [DEBUG] - Procesando 1 eventos...
2025-05-19 16:53:52 - gestor_eventos - [DEBUG] - Evento: <Event(1024-MouseMotion {'pos': (326, 453), 'rel': (-5, 6), 'buttons': (0, 0, 0), 'touch': False, 'window': None})>
2025-05-19 16:53:52 - gestor_eventos - [DEBUG] - Procesando 5 eventos...
2025-05-19 16:53:52 - gestor_eventos - [DEBUG] - Evento: <Event(1024-MouseMotion {'pos': (324, 454), 'rel': (-2, 1), 'buttons': (0, 0, 0), 'touch': False, 'window': None})>
2025-05-19 16:53:52 - gestor_eventos - [DEBUG] - Evento: <Event(768-KeyDown {'unicode': ' ', 'key': 32, 'mod': 4096, 'scancode': 44, 'window': None})>
2025-05-19 16:53:52 - gestor_eventos - [DEBUG] - GestorEventos: KEYDOWN space (32)
2025-05-19 16:53:52 - gestor_eventos - [DEBUG] - GestorEventos: K_SPACE (Atacar jugador) procesado.
2025-05-19 16:53:52 - gestor_eventos - [DEBUG] - Evento: <Event(771-TextInput {'text': ' ', 'window': None})>
2025-05-19 16:53:52 - gestor_eventos - [DEBUG] - Evento: <Event(1024-MouseMotion {'pos': (320, 460), 'rel': (-4, 6), 'buttons': (0, 0, 0), 'touch': False, 'window': None})>
2025-05-19 16:53:52 - gestor_eventos - [DEBUG] - Evento: <Event(1024-MouseMotion {'pos': (319, 460), 'rel': (-1, 0), 'buttons': (0, 0, 0), 'touch': False, 'window': None})>
2025-05-19 16:53:52 - gestor_eventos - [DEBUG] - Evento: <Event(1024-MouseMotion {'pos': (313, 467), 'rel': (-6, 7), 'buttons': (0, 0, 0), 'touch': False, 'window': None})>
2025-05-19 16:53:52 - gestor_eventos - [DEBUG] - Evento: <Event(1024-MouseMotion {'pos': (309, 472), 'rel': (-4, 5), 'buttons': (0, 0, 0), 'touch': False, 'window': None})>
2025-05-19 16:53:52 - gestor_eventos - [DEBUG] - Procesando 1 eventos...
2025-05-19 16:53:52 - gestor_eventos - [DEBUG] - Evento: <Event(1024-MouseMotion {'pos': (305, 476), 'rel': (-4, 4), 'buttons': (0, 0, 0), 'touch': False, 'window': None})>
2025-05-19 16:53:52 - gestor_eventos - [DEBUG] - Evento: <Event(1024-MouseMotion {'pos': (303, 479), 'rel': (-2, 3), 'buttons': (0, 0, 0), 'touch': False, 'window': None})>
2025-05-19 16:53:52 - gestor_eventos - [DEBUG] - Evento: <Event(1024-MouseMotion {'pos': (301, 481), 'rel': (-2, 2), 'buttons': (0, 0, 0), 'touch': False, 'window': None})>
2025-05-19 16:53:52 - gestor_eventos - [DEBUG] - Procesando 1 eventos...
2025-05-19 16:53:52 - gestor_eventos - [DEBUG] - Evento: <Event(1024-MouseMotion {'pos': (299, 483), 'rel': (-2, 2), 'buttons': (0, 0, 0), 'touch': False, 'window': None})>
2025-05-19 16:53:52 - gestor_eventos - [DEBUG] - Procesando 2 eventos...
2025-05-19 16:53:52 - gestor_eventos - [DEBUG] - Evento: <Event(769-KeyUp {'unicode': ' ', 'key': 32, 'mod': 4096, 'scancode': 44, 'window': None})>
2025-05-19 16:53:52 - gestor_eventos - [DEBUG] - Evento: <Event(1024-MouseMotion {'pos': (297, 484), 'rel': (-2, 1), 'buttons': (0, 0, 0), 'touch': False, 'window': None})>
2025-05-19 16:53:52 - gestor_eventos - [DEBUG] - Evento: <Event(1024-MouseMotion {'pos': (295, 487), 'rel': (-2, 3), 'buttons': (0, 0, 0), 'touch': False, 'window': None})>
2025-05-19 16:53:52 - gestor_eventos - [DEBUG] - Procesando 1 eventos...
2025-05-19 16:53:52 - gestor_eventos - [DEBUG] - Evento: <Event(1024-MouseMotion {'pos': (294, 489), 'rel': (-1, 2), 'buttons': (0, 0, 0), 'touch': False, 'window': None})>
2025-05-19 16:53:52 - gestor_eventos - [DEBUG] - Evento: <Event(1024-MouseMotion {'pos': (292, 491), 'rel': (-2, 2), 'buttons': (0, 0, 0), 'touch': False, 'window': None})>
2025-05-19 16:53:52 - gestor_eventos - [DEBUG] - Evento: <Event(1024-MouseMotion {'pos': (290, 493), 'rel': (-2, 2), 'buttons': (0, 0, 0), 'touch': False, 'window': None})>
2025-05-19 16:53:52 - gestor_eventos - [DEBUG] - Procesando 4 eventos...
2025-05-19 16:53:52 - gestor_eventos - [DEBUG] - Evento: <Event(1024-MouseMotion {'pos': (289, 494), 'rel': (-1, 1), 'buttons': (0, 0, 0), 'touch': False, 'window': None})>
2025-05-19 16:53:52 - gestor_eventos - [DEBUG] - Evento: <Event(768-KeyDown {'unicode': ' ', 'key': 32, 'mod': 4096, 'scancode': 44, 'window': None})>
2025-05-19 16:53:52 - gestor_eventos - [DEBUG] - GestorEventos: KEYDOWN space (32)
2025-05-19 16:53:52 - gestor_eventos - [DEBUG] - GestorEventos: K_SPACE (Atacar jugador) procesado.
2025-05-19 16:53:52 - gestor_eventos - [DEBUG] - Evento: <Event(771-TextInput {'text': ' ', 'window': None})>
2025-05-19 16:53:52 - gestor_eventos - [DEBUG] - Evento: <Event(1024-MouseMotion {'pos': (288, 495), 'rel': (-1, 1), 'buttons': (0, 0, 0), 'touch': False, 'window': None})>
2025-05-19 16:53:52 - gestor_eventos - [DEBUG] - Procesando 1 eventos...
2025-05-19 16:53:52 - gestor_eventos - [DEBUG] - Evento: <Event(1024-MouseMotion {'pos': (288, 496), 'rel': (0, 1), 'buttons': (0, 0, 0), 'touch': False, 'window': None})>
2025-05-19 16:53:52 - gestor_eventos - [DEBUG] - Procesando 0 eventos...
2025-05-19 16:53:52 - gestor_eventos - [DEBUG] - Procesando 1 eventos...
2025-05-19 16:53:52 - gestor_eventos - [DEBUG] - Evento: <Event(769-KeyUp {'unicode': ' ', 'key': 32, 'mod': 4096, 'scancode': 44, 'window': None})>
2025-05-19 16:53:52 - gestor_eventos - [DEBUG] - Procesando 0 eventos...
2025-05-19 16:53:52 - gestor_eventos - [DEBUG] - Procesando 2 eventos...
2025-05-19 16:53:52 - gestor_eventos - [DEBUG] - Evento: <Event(768-KeyDown {'unicode': ' ', 'key': 32, 'mod': 4096, 'scancode': 44, 'window': None})>
2025-05-19 16:53:52 - gestor_eventos - [DEBUG] - GestorEventos: KEYDOWN space (32)
2025-05-19 16:53:52 - gestor_eventos - [DEBUG] - GestorEventos: K_SPACE (Atacar jugador) procesado.
2025-05-19 16:53:52 - gestor_eventos - [DEBUG] - Evento: <Event(771-TextInput {'text': ' ', 'window': None})>
2025-05-19 16:53:52 - gestor_eventos - [DEBUG] - Procesando 0 eventos...
2025-05-19 16:53:52 - gestor_eventos - [DEBUG] - Procesando 0 eventos...
2025-05-19 16:53:52 - gestor_eventos - [DEBUG] - Procesando 1 eventos...
2025-05-19 16:53:52 - gestor_eventos - [DEBUG] - Evento: <Event(769-KeyUp {'unicode': ' ', 'key': 32, 'mod': 4096, 'scancode': 44, 'window': None})>
2025-05-19 16:53:52 - gestor_eventos - [DEBUG] - Procesando 0 eventos...
2025-05-19 16:53:52 - gestor_eventos - [DEBUG] - Procesando 4 eventos...
2025-05-19 16:53:52 - gestor_eventos - [DEBUG] - Evento: <Event(768-KeyDown {'unicode': ' ', 'key': 32, 'mod': 4096, 'scancode': 44, 'window': None})>
2025-05-19 16:53:52 - gestor_eventos - [DEBUG] - GestorEventos: KEYDOWN space (32)
2025-05-19 16:53:52 - gestor_eventos - [DEBUG] - GestorEventos: K_SPACE (Atacar jugador) procesado.
2025-05-19 16:53:52 - gestor_eventos - [DEBUG] - Evento: <Event(771-TextInput {'text': ' ', 'window': None})>
2025-05-19 16:53:52 - gestor_eventos - [DEBUG] - Evento: <Event(768-KeyDown {'unicode': 'w', 'key': 119, 'mod': 4096, 'scancode': 26, 'window': None})>
2025-05-19 16:53:52 - gestor_eventos - [DEBUG] - GestorEventos: KEYDOWN w (119)
2025-05-19 16:53:52 - gestor_eventos - [DEBUG] - Evento: <Event(771-TextInput {'text': 'w', 'window': None})>
2025-05-19 16:53:52 - gestor_eventos - [DEBUG] - Procesando 0 eventos...
2025-05-19 16:53:52 - gestor_eventos - [DEBUG] - Procesando 1 eventos...
2025-05-19 16:53:52 - gestor_eventos - [DEBUG] - Evento: <Event(1024-MouseMotion {'pos': (287, 496), 'rel': (-1, 0), 'buttons': (0, 0, 0), 'touch': False, 'window': None})>
2025-05-19 16:53:52 - gestor_eventos - [DEBUG] - Evento: <Event(1024-MouseMotion {'pos': (286, 497), 'rel': (-1, 1), 'buttons': (0, 0, 0), 'touch': False, 'window': None})>
2025-05-19 16:53:52 - gestor_eventos - [DEBUG] - Evento: <Event(1024-MouseMotion {'pos': (286, 498), 'rel': (0, 1), 'buttons': (0, 0, 0), 'touch': False, 'window': None})>
2025-05-19 16:53:52 - gestor_eventos - [DEBUG] - Procesando 0 eventos...
2025-05-19 16:53:52 - gestor_eventos - [DEBUG] - Procesando 1 eventos...
2025-05-19 16:53:52 - gestor_eventos - [DEBUG] - Evento: <Event(769-KeyUp {'unicode': ' ', 'key': 32, 'mod': 4096, 'scancode': 44, 'window': None})>
2025-05-19 16:53:52 - gestor_eventos - [DEBUG] - Evento: <Event(769-KeyUp {'unicode': 'w', 'key': 119, 'mod': 4096, 'scancode': 26, 'window': None})>
2025-05-19 16:53:52 - gestor_eventos - [DEBUG] - Procesando 0 eventos...
2025-05-19 16:53:52 - gestor_eventos - [DEBUG] - Procesando 2 eventos...
2025-05-19 16:53:52 - gestor_eventos - [DEBUG] - Evento: <Event(768-KeyDown {'unicode': ' ', 'key': 32, 'mod': 4096, 'scancode': 44, 'window': None})>
2025-05-19 16:53:52 - gestor_eventos - [DEBUG] - GestorEventos: KEYDOWN space (32)
2025-05-19 16:53:52 - gestor_eventos - [DEBUG] - GestorEventos: K_SPACE (Atacar jugador) procesado.
2025-05-19 16:53:52 - gestor_eventos - [DEBUG] - Evento: <Event(771-TextInput {'text': ' ', 'window': None})>
2025-05-19 16:53:52 - gestor_eventos - [DEBUG] - Procesando 0 eventos...
2025-05-19 16:53:52 - gestor_eventos - [DEBUG] - Evento: <Event(768-KeyDown {'unicode': 's', 'key': 115, 'mod': 4096, 'scancode': 22, 'window': None})>
2025-05-19 16:53:52 - gestor_eventos - [DEBUG] - GestorEventos: KEYDOWN s (115)
2025-05-19 16:53:52 - gestor_eventos - [DEBUG] - Evento: <Event(771-TextInput {'text': 's', 'window': None})>
2025-05-19 16:53:52 - gestor_eventos - [DEBUG] - Procesando 0 eventos...
2025-05-19 16:53:52 - gestor_eventos - [DEBUG] - Procesando 1 eventos...
2025-05-19 16:53:52 - gestor_eventos - [DEBUG] - Evento: <Event(769-KeyUp {'unicode': ' ', 'key': 32, 'mod': 4096, 'scancode': 44, 'window': None})>
2025-05-19 16:53:52 - gestor_eventos - [DEBUG] - Procesando 2 eventos...
2025-05-19 16:53:52 - gestor_eventos - [DEBUG] - Evento: <Event(768-KeyDown {'unicode': 'd', 'key': 100, 'mod': 4096, 'scancode': 7, 'window': None})>
2025-05-19 16:53:52 - gestor_eventos - [DEBUG] - GestorEventos: KEYDOWN d (100)
2025-05-19 16:53:52 - gestor_eventos - [DEBUG] - Evento: <Event(771-TextInput {'text': 'd', 'window': None})>
2025-05-19 16:53:52 - gestor_eventos - [DEBUG] - Evento: <Event(769-KeyUp {'unicode': 'a', 'key': 97, 'mod': 4096, 'scancode': 4, 'window': None})>
2025-05-19 16:53:52 - gestor_eventos - [DEBUG] - Procesando 1 eventos...
2025-05-19 16:53:52 - gestor_eventos - [DEBUG] - Evento: <Event(1024-MouseMotion {'pos': (285, 499), 'rel': (-1, 1), 'buttons': (0, 0, 0), 'touch': False, 'window': None})>
2025-05-19 16:53:52 - gestor_eventos - [DEBUG] - Procesando 3 eventos...
2025-05-19 16:53:52 - gestor_eventos - [DEBUG] - Evento: <Event(1024-MouseMotion {'pos': (284, 499), 'rel': (-1, 0), 'buttons': (0, 0, 0), 'touch': False, 'window': None})>
2025-05-19 16:53:52 - gestor_eventos - [DEBUG] - Evento: <Event(768-KeyDown {'unicode': ' ', 'key': 32, 'mod': 4096, 'scancode': 44, 'window': None})>
2025-05-19 16:53:52 - gestor_eventos - [DEBUG] - GestorEventos: KEYDOWN space (32)
2025-05-19 16:53:52 - gestor_eventos - [DEBUG] - GestorEventos: K_SPACE (Atacar jugador) procesado.
2025-05-19 16:53:52 - gestor_eventos - [DEBUG] - Evento: <Event(771-TextInput {'text': ' ', 'window': None})>
2025-05-19 16:53:52 - gestor_eventos - [DEBUG] - Evento: <Event(1024-MouseMotion {'pos': (283, 501), 'rel': (-1, 2), 'buttons': (0, 0, 0), 'touch': False, 'window': None})>
2025-05-19 16:53:53 - gestor_eventos - [DEBUG] - Procesando 5 eventos...
2025-05-19 16:53:53 - gestor_eventos - [DEBUG] - Evento: <Event(769-KeyUp {'unicode': 's', 'key': 115, 'mod': 4096, 'scancode': 22, 'window': None})>
2025-05-19 16:53:53 - gestor_eventos - [DEBUG] - Evento: <Event(1024-MouseMotion {'pos': (282, 501), 'rel': (-1, 0), 'buttons': (0, 0, 0), 'touch': False, 'window': None})>
2025-05-19 16:53:53 - gestor_eventos - [DEBUG] - Evento: <Event(768-KeyDown {'unicode': 'a', 'key': 97, 'mod': 4096, 'scancode': 4, 'window': None})>
2025-05-19 16:53:53 - gestor_eventos - [DEBUG] - GestorEventos: KEYDOWN a (97)
2025-05-19 16:53:53 - gestor_eventos - [DEBUG] - Evento: <Event(771-TextInput {'text': 'a', 'window': None})>
2025-05-19 16:53:53 - gestor_eventos - [DEBUG] - Evento: <Event(1024-MouseMotion {'pos': (279, 504), 'rel': (-3, 3), 'buttons': (0, 0, 0), 'touch': False, 'window': None})>
2025-05-19 16:53:53 - gestor_eventos - [DEBUG] - Procesando 1 eventos...
2025-05-19 16:53:53 - gestor_eventos - [DEBUG] - Evento: <Event(1024-MouseMotion {'pos': (277, 505), 'rel': (-2, 1), 'buttons': (0, 0, 0), 'touch': False, 'window': None})>
2025-05-19 16:53:53 - gestor_eventos - [DEBUG] - Evento: <Event(1024-MouseMotion {'pos': (275, 507), 'rel': (-2, 2), 'buttons': (0, 0, 0), 'touch': False, 'window': None})>
2025-05-19 16:53:53 - gestor_eventos - [DEBUG] - Procesando 0 eventos...
2025-05-19 16:53:53 - gestor_eventos - [DEBUG] - Evento: <Event(769-KeyUp {'unicode': 'd', 'key': 100, 'mod': 4096, 'scancode': 7, 'window': None})>
2025-05-19 16:53:53 - gestor_eventos - [DEBUG] - Procesando 2 eventos...
2025-05-19 16:53:53 - gestor_eventos - [DEBUG] - Evento: <Event(769-KeyUp {'unicode': ' ', 'key': 32, 'mod': 4096, 'scancode': 44, 'window': None})>
2025-05-19 16:53:53 - gestor_eventos - [DEBUG] - Evento: <Event(1024-MouseMotion {'pos': (274, 507), 'rel': (-1, 0), 'buttons': (0, 0, 0), 'touch': False, 'window': None})>
2025-05-19 16:53:53 - gestor_eventos - [DEBUG] - Procesando 0 eventos...
2025-05-19 16:53:53 - gestor_eventos - [DEBUG] - Evento: <Event(768-KeyDown {'unicode': 's', 'key': 115, 'mod': 4096, 'scancode': 22, 'window': None})>
2025-05-19 16:53:53 - gestor_eventos - [DEBUG] - GestorEventos: KEYDOWN s (115)
2025-05-19 16:53:53 - gestor_eventos - [DEBUG] - Evento: <Event(771-TextInput {'text': 's', 'window': None})>
2025-05-19 16:53:53 - gestor_eventos - [DEBUG] - Procesando 3 eventos...
2025-05-19 16:53:53 - gestor_eventos - [DEBUG] - Evento: <Event(768-KeyDown {'unicode': ' ', 'key': 32, 'mod': 4096, 'scancode': 44, 'window': None})>
2025-05-19 16:53:53 - gestor_eventos - [DEBUG] - GestorEventos: KEYDOWN space (32)
2025-05-19 16:53:53 - gestor_eventos - [DEBUG] - GestorEventos: K_SPACE (Atacar jugador) procesado.
2025-05-19 16:53:53 - gestor_eventos - [DEBUG] - Evento: <Event(771-TextInput {'text': ' ', 'window': None})>
2025-05-19 16:53:53 - gestor_eventos - [DEBUG] - Evento: <Event(1024-MouseMotion {'pos': (273, 507), 'rel': (-1, 0), 'buttons': (0, 0, 0), 'touch': False, 'window': None})>
2025-05-19 16:53:53 - gestor_eventos - [DEBUG] - Evento: <Event(768-KeyDown {'unicode': 'd', 'key': 100, 'mod': 4096, 'scancode': 7, 'window': None})>
2025-05-19 16:53:53 - gestor_eventos - [DEBUG] - GestorEventos: KEYDOWN d (100)
2025-05-19 16:53:53 - gestor_eventos - [DEBUG] - Evento: <Event(771-TextInput {'text': 'd', 'window': None})>
2025-05-19 16:53:53 - gestor_eventos - [DEBUG] - Evento: <Event(1024-MouseMotion {'pos': (273, 508), 'rel': (0, 1), 'buttons': (0, 0, 0), 'touch': False, 'window': None})>
2025-05-19 16:53:53 - gestor_eventos - [DEBUG] - Procesando 1 eventos...
2025-05-19 16:53:53 - gestor_eventos - [DEBUG] - Evento: <Event(1024-MouseMotion {'pos': (271, 508), 'rel': (-2, 0), 'buttons': (0, 0, 0), 'touch': False, 'window': None})>
2025-05-19 16:53:53 - gestor_eventos - [DEBUG] - Evento: <Event(769-KeyUp {'unicode': 's', 'key': 115, 'mod': 4096, 'scancode': 22, 'window': None})>
2025-05-19 16:53:53 - gestor_eventos - [DEBUG] - Procesando 0 eventos...
2025-05-19 16:53:53 - gestor_eventos - [DEBUG] - Procesando 1 eventos...
2025-05-19 16:53:53 - gestor_eventos - [DEBUG] - Evento: <Event(769-KeyUp {'unicode': ' ', 'key': 32, 'mod': 4096, 'scancode': 44, 'window': None})>
2025-05-19 16:53:53 - gestor_eventos - [DEBUG] - Procesando 0 eventos...
2025-05-19 16:53:53 - gestor_eventos - [DEBUG] - Evento: <Event(769-KeyUp {'unicode': 'd', 'key': 100, 'mod': 4096, 'scancode': 7, 'window': None})>
2025-05-19 16:53:53 - gestor_eventos - [DEBUG] - Procesando 4 eventos...
2025-05-19 16:53:53 - gestor_eventos - [DEBUG] - Evento: <Event(768-KeyDown {'unicode': ' ', 'key': 32, 'mod': 4096, 'scancode': 44, 'window': None})>
2025-05-19 16:53:53 - gestor_eventos - [DEBUG] - GestorEventos: KEYDOWN space (32)
2025-05-19 16:53:53 - gestor_eventos - [DEBUG] - GestorEventos: K_SPACE (Atacar jugador) procesado.
2025-05-19 16:53:53 - gestor_eventos - [DEBUG] - Evento: <Event(771-TextInput {'text': ' ', 'window': None})>
2025-05-19 16:53:53 - gestor_eventos - [DEBUG] - Evento: <Event(768-KeyDown {'unicode': 'w', 'key': 119, 'mod': 4096, 'scancode': 26, 'window': None})>
2025-05-19 16:53:53 - gestor_eventos - [DEBUG] - GestorEventos: KEYDOWN w (119)
2025-05-19 16:53:53 - gestor_eventos - [DEBUG] - Evento: <Event(771-TextInput {'text': 'w', 'window': None})>
2025-05-19 16:53:53 - gestor_eventos - [DEBUG] - Procesando 0 eventos...
2025-05-19 16:53:53 - gestor_eventos - [DEBUG] - Procesando 2 eventos...
2025-05-19 16:53:53 - gestor_eventos - [DEBUG] - Evento: <Event(768-KeyDown {'unicode': 'd', 'key': 100, 'mod': 4096, 'scancode': 7, 'window': None})>
2025-05-19 16:53:53 - gestor_eventos - [DEBUG] - GestorEventos: KEYDOWN d (100)
2025-05-19 16:53:53 - gestor_eventos - [DEBUG] - Evento: <Event(771-TextInput {'text': 'd', 'window': None})>
2025-05-19 16:53:53 - gestor_eventos - [DEBUG] - Evento: <Event(769-KeyUp {'unicode': 'a', 'key': 97, 'mod': 4096, 'scancode': 4, 'window': None})>
2025-05-19 16:53:53 - gestor_eventos - [DEBUG] - Evento: <Event(769-KeyUp {'unicode': ' ', 'key': 32, 'mod': 4096, 'scancode': 44, 'window': None})>
2025-05-19 16:53:53 - gestor_eventos - [DEBUG] - Procesando 0 eventos...
2025-05-19 16:53:53 - gestor_eventos - [DEBUG] - Procesando 1 eventos...
2025-05-19 16:53:53 - gestor_eventos - [DEBUG] - Evento: <Event(769-KeyUp {'unicode': 'w', 'key': 119, 'mod': 4096, 'scancode': 26, 'window': None})>
2025-05-19 16:53:53 - gestor_eventos - [DEBUG] - Procesando 4 eventos...
2025-05-19 16:53:53 - gestor_eventos - [DEBUG] - Evento: <Event(768-KeyDown {'unicode': ' ', 'key': 32, 'mod': 4096, 'scancode': 44, 'window': None})>
2025-05-19 16:53:53 - gestor_eventos - [DEBUG] - GestorEventos: KEYDOWN space (32)
2025-05-19 16:53:53 - gestor_eventos - [DEBUG] - GestorEventos: K_SPACE (Atacar jugador) procesado.
2025-05-19 16:53:53 - gestor_eventos - [DEBUG] - Evento: <Event(771-TextInput {'text': ' ', 'window': None})>
2025-05-19 16:53:53 - gestor_eventos - [DEBUG] - Evento: <Event(768-KeyDown {'unicode': 'a', 'key': 97, 'mod': 4096, 'scancode': 4, 'window': None})>
2025-05-19 16:53:53 - gestor_eventos - [DEBUG] - GestorEventos: KEYDOWN a (97)
2025-05-19 16:53:53 - gestor_eventos - [DEBUG] - Evento: <Event(771-TextInput {'text': 'a', 'window': None})>
2025-05-19 16:53:53 - gestor_eventos - [DEBUG] - Procesando 0 eventos...
2025-05-19 16:53:53 - gestor_eventos - [DEBUG] - Procesando 1 eventos...
2025-05-19 16:53:53 - gestor_eventos - [DEBUG] - Evento: <Event(769-KeyUp {'unicode': 'd', 'key': 100, 'mod': 4096, 'scancode': 7, 'window': None})>
2025-05-19 16:53:53 - gestor_eventos - [DEBUG] - Procesando 0 eventos...
2025-05-19 16:53:53 - gestor_eventos - [DEBUG] - Evento: <Event(769-KeyUp {'unicode': ' ', 'key': 32, 'mod': 4096, 'scancode': 44, 'window': None})>
2025-05-19 16:53:53 - gestor_eventos - [DEBUG] - Procesando 1 eventos...
2025-05-19 16:53:53 - gestor_eventos - [DEBUG] - Evento: <Event(1024-MouseMotion {'pos': (269, 510), 'rel': (-2, 2), 'buttons': (0, 0, 0), 'touch': False, 'window': None})>
2025-05-19 16:53:53 - gestor_eventos - [DEBUG] - Procesando 3 eventos...
2025-05-19 16:53:53 - gestor_eventos - [DEBUG] - Evento: <Event(1024-MouseMotion {'pos': (267, 511), 'rel': (-2, 1), 'buttons': (0, 0, 0), 'touch': False, 'window': None})>
2025-05-19 16:53:53 - gestor_eventos - [DEBUG] - Evento: <Event(769-KeyUp {'unicode': 'a', 'key': 97, 'mod': 4096, 'scancode': 4, 'window': None})>
2025-05-19 16:53:53 - gestor_eventos - [DEBUG] - Evento: <Event(1024-MouseMotion {'pos': (264, 513), 'rel': (-3, 2), 'buttons': (0, 0, 0), 'touch': False, 'window': None})>
2025-05-19 16:53:53 - gestor_eventos - [DEBUG] - Evento: <Event(1024-MouseMotion {'pos': (259, 517), 'rel': (-5, 4), 'buttons': (0, 0, 0), 'touch': False, 'window': None})>
2025-05-19 16:53:53 - gestor_eventos - [DEBUG] - Evento: <Event(1024-MouseMotion {'pos': (253, 520), 'rel': (-6, 3), 'buttons': (0, 0, 0), 'touch': False, 'window': None})>
2025-05-19 16:53:53 - gestor_eventos - [DEBUG] - Procesando 1 eventos...
2025-05-19 16:53:53 - gestor_eventos - [DEBUG] - Evento: <Event(1024-MouseMotion {'pos': (248, 522), 'rel': (-5, 2), 'buttons': (0, 0, 0), 'touch': False, 'window': None})>
2025-05-19 16:53:53 - gestor_eventos - [DEBUG] - Evento: <Event(1024-MouseMotion {'pos': (247, 523), 'rel': (-1, 1), 'buttons': (0, 0, 0), 'touch': False, 'window': None})>
2025-05-19 16:53:53 - gestor_eventos - [DEBUG] - Procesando 0 eventos...
2025-05-19 16:53:53 - gestor_eventos - [DEBUG] - Procesando 1 eventos...
2025-05-19 16:53:53 - gestor_eventos - [DEBUG] - Evento: <Event(768-KeyDown {'unicode': '\x1b', 'key': 27, 'mod': 4096, 'scancode': 41, 'window': None})>
2025-05-19 16:53:53 - gestor_eventos - [DEBUG] - GestorEventos: KEYDOWN escape (27)
2025-05-19 16:53:53 - gestor_eventos - [INFO] - GestorEventos: Solicitud de SALIR recibida (ESCAPE).
