2025-05-19 16:53:46 - juego - [INFO] - Iniciando Pygame y módulos del juego...
2025-05-19 16:53:46 - juego - [DEBUG] - Pygame y fuentes inicializados.
2025-05-19 16:53:46 - juego - [DEBUG] - GestorNivel instanciado.
2025-05-19 16:53:46 - juego - [DEBUG] - GestorEventos instanciado.
2025-05-19 16:53:46 - juego - [DEBUG] - GestorEstado instanciado.
2025-05-19 16:53:46 - juego - [DEBUG] - Renderer instanciado.
2025-05-19 16:53:46 - juego - [INFO] - Juego inicializado y listo para ejecutarse.
2025-05-19 16:53:46 - juego - [DEBUG] -   Detalles inicialización: Pantalla: 800x600, Zoom inicial: 1.2
2025-05-19 16:53:46 - juego - [INFO] - Bucle principal iniciado.
2025-05-19 16:53:46 - juego - [DEBUG] - MENSAJE DE PRUEBA REPETIDO PARA FILTRO
2025-05-19 16:53:46 - juego - [DEBUG] - Procesando eventos Pygame...
2025-05-19 16:53:46 - juego - [DEBUG] - Iniciando ciclo de renderizado...
2025-05-19 16:53:46 - juego - [DEBUG] - Ciclo de renderizado completado (flip ejecutado).
2025-05-19 16:53:46 - juego - [DEBUG] - MENSAJE DE PRUEBA REPETIDO PARA FILTRO
2025-05-19 16:53:46 - juego - [DEBUG] - Procesando eventos Pygame...
2025-05-19 16:53:46 - juego - [DEBUG] - Iniciando ciclo de renderizado...
2025-05-19 16:53:46 - juego - [DEBUG] - Ciclo de renderizado completado (flip ejecutado).
2025-05-19 16:53:46 - juego - [DEBUG] - MENSAJE DE PRUEBA REPETIDO PARA FILTRO
2025-05-19 16:53:46 - juego - [DEBUG] - Procesando eventos Pygame...
2025-05-19 16:53:46 - juego - [DEBUG] - Iniciando ciclo de renderizado...
2025-05-19 16:53:46 - juego - [DEBUG] - Ciclo de renderizado completado (flip ejecutado).
2025-05-19 16:53:46 - juego - [DEBUG] - MENSAJE DE PRUEBA REPETIDO PARA FILTRO
2025-05-19 16:53:46 - juego - [DEBUG] - Procesando eventos Pygame...
2025-05-19 16:53:46 - juego - [DEBUG] - Iniciando ciclo de renderizado...
2025-05-19 16:53:46 - juego - [DEBUG] - Ciclo de renderizado completado (flip ejecutado).
2025-05-19 16:53:46 - juego - [DEBUG] - MENSAJE DE PRUEBA REPETIDO PARA FILTRO
2025-05-19 16:53:46 - juego - [DEBUG] - Procesando eventos Pygame...
2025-05-19 16:53:46 - juego - [DEBUG] - Iniciando ciclo de renderizado...
2025-05-19 16:53:46 - juego - [DEBUG] - Ciclo de renderizado completado (flip ejecutado).
2025-05-19 16:53:46 - juego - [DEBUG] - MENSAJE DE PRUEBA REPETIDO PARA FILTRO
2025-05-19 16:53:46 - juego - [DEBUG] - Procesando eventos Pygame...
2025-05-19 16:53:46 - juego - [DEBUG] - Iniciando ciclo de renderizado...
2025-05-19 16:53:47 - juego - [DEBUG] - Ciclo de renderizado completado (flip ejecutado).
2025-05-19 16:53:47 - juego - [DEBUG] - MENSAJE DE PRUEBA REPETIDO PARA FILTRO
2025-05-19 16:53:47 - juego - [DEBUG] - Procesando eventos Pygame...
2025-05-19 16:53:47 - juego - [DEBUG] - Iniciando ciclo de renderizado...
2025-05-19 16:53:47 - juego - [DEBUG] - Ciclo de renderizado completado (flip ejecutado).
2025-05-19 16:53:47 - juego - [DEBUG] - MENSAJE DE PRUEBA REPETIDO PARA FILTRO
2025-05-19 16:53:47 - juego - [DEBUG] - Procesando eventos Pygame...
2025-05-19 16:53:47 - juego - [DEBUG] - Iniciando ciclo de renderizado...
2025-05-19 16:53:47 - juego - [DEBUG] - Ciclo de renderizado completado (flip ejecutado).
2025-05-19 16:53:47 - juego - [DEBUG] - Iniciando ciclo de renderizado...
2025-05-19 16:53:47 - juego - [DEBUG] - MENSAJE DE PRUEBA REPETIDO PARA FILTRO
2025-05-19 16:53:47 - juego - [DEBUG] - Procesando eventos Pygame...
2025-05-19 16:53:47 - juego - [DEBUG] - Ciclo de renderizado completado (flip ejecutado).
2025-05-19 16:53:47 - juego - [DEBUG] - Iniciando ciclo de renderizado...
2025-05-19 16:53:47 - juego - [DEBUG] - MENSAJE DE PRUEBA REPETIDO PARA FILTRO
2025-05-19 16:53:47 - juego - [DEBUG] - Procesando eventos Pygame...
2025-05-19 16:53:47 - juego - [DEBUG] - Ciclo de renderizado completado (flip ejecutado).
2025-05-19 16:53:47 - juego - [DEBUG] - Iniciando ciclo de renderizado...
2025-05-19 16:53:47 - juego - [DEBUG] - MENSAJE DE PRUEBA REPETIDO PARA FILTRO
2025-05-19 16:53:47 - juego - [DEBUG] - Procesando eventos Pygame...
2025-05-19 16:53:47 - juego - [DEBUG] - Ciclo de renderizado completado (flip ejecutado).
2025-05-19 16:53:47 - juego - [DEBUG] - Iniciando ciclo de renderizado...
2025-05-19 16:53:47 - juego - [DEBUG] - MENSAJE DE PRUEBA REPETIDO PARA FILTRO
2025-05-19 16:53:47 - juego - [DEBUG] - Procesando eventos Pygame...
2025-05-19 16:53:47 - juego - [DEBUG] - Ciclo de renderizado completado (flip ejecutado).
2025-05-19 16:53:47 - juego - [DEBUG] - Iniciando ciclo de renderizado...
2025-05-19 16:53:47 - juego - [DEBUG] - MENSAJE DE PRUEBA REPETIDO PARA FILTRO
2025-05-19 16:53:47 - juego - [DEBUG] - Procesando eventos Pygame...
2025-05-19 16:53:47 - juego - [DEBUG] - Ciclo de renderizado completado (flip ejecutado).
2025-05-19 16:53:47 - juego - [DEBUG] - Iniciando ciclo de renderizado...
2025-05-19 16:53:47 - juego - [DEBUG] - MENSAJE DE PRUEBA REPETIDO PARA FILTRO
2025-05-19 16:53:47 - juego - [DEBUG] - Procesando eventos Pygame...
2025-05-19 16:53:47 - juego - [DEBUG] - Ciclo de renderizado completado (flip ejecutado).
2025-05-19 16:53:47 - juego - [DEBUG] - Iniciando ciclo de renderizado...
2025-05-19 16:53:47 - juego - [DEBUG] - MENSAJE DE PRUEBA REPETIDO PARA FILTRO
2025-05-19 16:53:47 - juego - [DEBUG] - Procesando eventos Pygame...
2025-05-19 16:53:47 - juego - [DEBUG] - Ciclo de renderizado completado (flip ejecutado).
2025-05-19 16:53:47 - juego - [DEBUG] - Iniciando ciclo de renderizado...
2025-05-19 16:53:47 - juego - [DEBUG] - MENSAJE DE PRUEBA REPETIDO PARA FILTRO
2025-05-19 16:53:47 - juego - [DEBUG] - Procesando eventos Pygame...
2025-05-19 16:53:47 - juego - [DEBUG] - Iniciando ciclo de renderizado...
2025-05-19 16:53:47 - juego - [DEBUG] - Ciclo de renderizado completado (flip ejecutado).
2025-05-19 16:53:47 - juego - [DEBUG] - MENSAJE DE PRUEBA REPETIDO PARA FILTRO
2025-05-19 16:53:47 - juego - [DEBUG] - Procesando eventos Pygame...
2025-05-19 16:53:47 - juego - [DEBUG] - MENSAJE DE PRUEBA REPETIDO PARA FILTRO
2025-05-19 16:53:47 - juego - [DEBUG] - Procesando eventos Pygame...
2025-05-19 16:53:47 - juego - [DEBUG] - Iniciando ciclo de renderizado...
2025-05-19 16:53:47 - juego - [DEBUG] - Ciclo de renderizado completado (flip ejecutado).
2025-05-19 16:53:47 - juego - [DEBUG] - MENSAJE DE PRUEBA REPETIDO PARA FILTRO
2025-05-19 16:53:47 - juego - [DEBUG] - Procesando eventos Pygame...
2025-05-19 16:53:47 - juego - [DEBUG] - Iniciando ciclo de renderizado...
2025-05-19 16:53:47 - juego - [DEBUG] - Ciclo de renderizado completado (flip ejecutado).
2025-05-19 16:53:47 - juego - [DEBUG] - MENSAJE DE PRUEBA REPETIDO PARA FILTRO
2025-05-19 16:53:47 - juego - [DEBUG] - Procesando eventos Pygame...
2025-05-19 16:53:47 - juego - [DEBUG] - Iniciando ciclo de renderizado...
2025-05-19 16:53:47 - juego - [DEBUG] - Ciclo de renderizado completado (flip ejecutado).
2025-05-19 16:53:47 - juego - [DEBUG] - MENSAJE DE PRUEBA REPETIDO PARA FILTRO
2025-05-19 16:53:47 - juego - [DEBUG] - Procesando eventos Pygame...
2025-05-19 16:53:47 - juego - [DEBUG] - Iniciando ciclo de renderizado...
2025-05-19 16:53:47 - juego - [DEBUG] - Ciclo de renderizado completado (flip ejecutado).
2025-05-19 16:53:47 - juego - [DEBUG] - MENSAJE DE PRUEBA REPETIDO PARA FILTRO
2025-05-19 16:53:47 - juego - [DEBUG] - Procesando eventos Pygame...
2025-05-19 16:53:47 - juego - [DEBUG] - Iniciando ciclo de renderizado...
2025-05-19 16:53:47 - juego - [DEBUG] - Ciclo de renderizado completado (flip ejecutado).
2025-05-19 16:53:48 - juego - [DEBUG] - MENSAJE DE PRUEBA REPETIDO PARA FILTRO
2025-05-19 16:53:48 - juego - [DEBUG] - Procesando eventos Pygame...
2025-05-19 16:53:48 - juego - [DEBUG] - Iniciando ciclo de renderizado...
2025-05-19 16:53:48 - juego - [DEBUG] - Ciclo de renderizado completado (flip ejecutado).
2025-05-19 16:53:48 - juego - [DEBUG] - MENSAJE DE PRUEBA REPETIDO PARA FILTRO
2025-05-19 16:53:48 - juego - [DEBUG] - Procesando eventos Pygame...
2025-05-19 16:53:48 - juego - [DEBUG] - Iniciando ciclo de renderizado...
2025-05-19 16:53:48 - juego - [DEBUG] - Ciclo de renderizado completado (flip ejecutado).
2025-05-19 16:53:48 - juego - [DEBUG] - MENSAJE DE PRUEBA REPETIDO PARA FILTRO
2025-05-19 16:53:48 - juego - [DEBUG] - Procesando eventos Pygame...
2025-05-19 16:53:48 - juego - [DEBUG] - Iniciando ciclo de renderizado...
2025-05-19 16:53:48 - juego - [DEBUG] - Ciclo de renderizado completado (flip ejecutado).
2025-05-19 16:53:48 - juego - [DEBUG] - MENSAJE DE PRUEBA REPETIDO PARA FILTRO
2025-05-19 16:53:48 - juego - [DEBUG] - Procesando eventos Pygame...
2025-05-19 16:53:48 - juego - [DEBUG] - Iniciando ciclo de renderizado...
2025-05-19 16:53:48 - juego - [DEBUG] - Ciclo de renderizado completado (flip ejecutado).
2025-05-19 16:53:48 - juego - [DEBUG] - Iniciando ciclo de renderizado...
2025-05-19 16:53:48 - juego - [DEBUG] - Ciclo de renderizado completado (flip ejecutado).
2025-05-19 16:53:48 - juego - [DEBUG] - MENSAJE DE PRUEBA REPETIDO PARA FILTRO
2025-05-19 16:53:48 - juego - [DEBUG] - Procesando eventos Pygame...
2025-05-19 16:53:48 - juego - [DEBUG] - Iniciando ciclo de renderizado...
2025-05-19 16:53:48 - juego - [DEBUG] - Ciclo de renderizado completado (flip ejecutado).
2025-05-19 16:53:48 - juego - [DEBUG] - MENSAJE DE PRUEBA REPETIDO PARA FILTRO
2025-05-19 16:53:48 - juego - [DEBUG] - Procesando eventos Pygame...
2025-05-19 16:53:48 - juego - [DEBUG] - Iniciando ciclo de renderizado...
2025-05-19 16:53:48 - juego - [DEBUG] - Ciclo de renderizado completado (flip ejecutado).
2025-05-19 16:53:48 - juego - [DEBUG] - MENSAJE DE PRUEBA REPETIDO PARA FILTRO
2025-05-19 16:53:48 - juego - [DEBUG] - Procesando eventos Pygame...
2025-05-19 16:53:48 - juego - [DEBUG] - Iniciando ciclo de renderizado...
2025-05-19 16:53:48 - juego - [DEBUG] - Ciclo de renderizado completado (flip ejecutado).
2025-05-19 16:53:48 - juego - [DEBUG] - MENSAJE DE PRUEBA REPETIDO PARA FILTRO
2025-05-19 16:53:48 - juego - [DEBUG] - Procesando eventos Pygame...
2025-05-19 16:53:48 - juego - [DEBUG] - Iniciando ciclo de renderizado...
2025-05-19 16:53:48 - juego - [DEBUG] - Ciclo de renderizado completado (flip ejecutado).
2025-05-19 16:53:48 - juego - [DEBUG] - MENSAJE DE PRUEBA REPETIDO PARA FILTRO
2025-05-19 16:53:48 - juego - [DEBUG] - Procesando eventos Pygame...
2025-05-19 16:53:48 - juego - [DEBUG] - Iniciando ciclo de renderizado...
2025-05-19 16:53:48 - juego - [DEBUG] - Ciclo de renderizado completado (flip ejecutado).
2025-05-19 16:53:48 - juego - [DEBUG] - MENSAJE DE PRUEBA REPETIDO PARA FILTRO
2025-05-19 16:53:48 - juego - [DEBUG] - Procesando eventos Pygame...
2025-05-19 16:53:48 - juego - [DEBUG] - Iniciando ciclo de renderizado...
2025-05-19 16:53:48 - juego - [DEBUG] - Ciclo de renderizado completado (flip ejecutado).
2025-05-19 16:53:48 - juego - [DEBUG] - MENSAJE DE PRUEBA REPETIDO PARA FILTRO
2025-05-19 16:53:48 - juego - [DEBUG] - Procesando eventos Pygame...
2025-05-19 16:53:48 - juego - [DEBUG] - Iniciando ciclo de renderizado...
2025-05-19 16:53:48 - juego - [DEBUG] - Ciclo de renderizado completado (flip ejecutado).
2025-05-19 16:53:48 - juego - [DEBUG] - MENSAJE DE PRUEBA REPETIDO PARA FILTRO
2025-05-19 16:53:48 - juego - [DEBUG] - Procesando eventos Pygame...
2025-05-19 16:53:48 - juego - [DEBUG] - Iniciando ciclo de renderizado...
2025-05-19 16:53:48 - juego - [DEBUG] - Ciclo de renderizado completado (flip ejecutado).
2025-05-19 16:53:48 - juego - [DEBUG] - MENSAJE DE PRUEBA REPETIDO PARA FILTRO
2025-05-19 16:53:48 - juego - [DEBUG] - Procesando eventos Pygame...
2025-05-19 16:53:48 - juego - [DEBUG] - Iniciando ciclo de renderizado...
2025-05-19 16:53:48 - juego - [DEBUG] - Ciclo de renderizado completado (flip ejecutado).
2025-05-19 16:53:48 - juego - [DEBUG] - MENSAJE DE PRUEBA REPETIDO PARA FILTRO
2025-05-19 16:53:48 - juego - [DEBUG] - Procesando eventos Pygame...
2025-05-19 16:53:48 - juego - [DEBUG] - Iniciando ciclo de renderizado...
2025-05-19 16:53:48 - juego - [DEBUG] - Ciclo de renderizado completado (flip ejecutado).
2025-05-19 16:53:48 - juego - [DEBUG] - MENSAJE DE PRUEBA REPETIDO PARA FILTRO
2025-05-19 16:53:48 - juego - [DEBUG] - Procesando eventos Pygame...
2025-05-19 16:53:48 - juego - [DEBUG] - Iniciando ciclo de renderizado...
2025-05-19 16:53:48 - juego - [DEBUG] - Ciclo de renderizado completado (flip ejecutado).
2025-05-19 16:53:48 - juego - [DEBUG] - MENSAJE DE PRUEBA REPETIDO PARA FILTRO
2025-05-19 16:53:48 - juego - [DEBUG] - Procesando eventos Pygame...
2025-05-19 16:53:48 - juego - [DEBUG] - Iniciando ciclo de renderizado...
2025-05-19 16:53:48 - juego - [DEBUG] - Ciclo de renderizado completado (flip ejecutado).
2025-05-19 16:53:48 - juego - [DEBUG] - MENSAJE DE PRUEBA REPETIDO PARA FILTRO
2025-05-19 16:53:48 - juego - [DEBUG] - Procesando eventos Pygame...
2025-05-19 16:53:48 - juego - [DEBUG] - Iniciando ciclo de renderizado...
2025-05-19 16:53:48 - juego - [DEBUG] - Ciclo de renderizado completado (flip ejecutado).
2025-05-19 16:53:48 - juego - [DEBUG] - MENSAJE DE PRUEBA REPETIDO PARA FILTRO
2025-05-19 16:53:48 - juego - [DEBUG] - Procesando eventos Pygame...
2025-05-19 16:53:49 - juego - [DEBUG] - Iniciando ciclo de renderizado...
2025-05-19 16:53:49 - juego - [DEBUG] - Ciclo de renderizado completado (flip ejecutado).
2025-05-19 16:53:49 - juego - [DEBUG] - MENSAJE DE PRUEBA REPETIDO PARA FILTRO
2025-05-19 16:53:49 - juego - [DEBUG] - Procesando eventos Pygame...
2025-05-19 16:53:49 - juego - [DEBUG] - Iniciando ciclo de renderizado...
2025-05-19 16:53:49 - juego - [DEBUG] - Ciclo de renderizado completado (flip ejecutado).
2025-05-19 16:53:49 - juego - [DEBUG] - MENSAJE DE PRUEBA REPETIDO PARA FILTRO
2025-05-19 16:53:49 - juego - [DEBUG] - Procesando eventos Pygame...
2025-05-19 16:53:49 - juego - [DEBUG] - Iniciando ciclo de renderizado...
2025-05-19 16:53:49 - juego - [DEBUG] - Ciclo de renderizado completado (flip ejecutado).
2025-05-19 16:53:49 - juego - [DEBUG] - MENSAJE DE PRUEBA REPETIDO PARA FILTRO
2025-05-19 16:53:49 - juego - [DEBUG] - Procesando eventos Pygame...
2025-05-19 16:53:49 - juego - [DEBUG] - Iniciando ciclo de renderizado...
2025-05-19 16:53:49 - juego - [DEBUG] - Ciclo de renderizado completado (flip ejecutado).
2025-05-19 16:53:49 - juego - [DEBUG] - Iniciando ciclo de renderizado...
2025-05-19 16:53:49 - juego - [DEBUG] - Ciclo de renderizado completado (flip ejecutado).
2025-05-19 16:53:49 - juego - [DEBUG] - MENSAJE DE PRUEBA REPETIDO PARA FILTRO
2025-05-19 16:53:49 - juego - [DEBUG] - Procesando eventos Pygame...
2025-05-19 16:53:49 - juego - [DEBUG] - Ciclo de renderizado completado (flip ejecutado).
2025-05-19 16:53:49 - juego - [DEBUG] - Iniciando ciclo de renderizado...
2025-05-19 16:53:49 - juego - [DEBUG] - MENSAJE DE PRUEBA REPETIDO PARA FILTRO
2025-05-19 16:53:49 - juego - [DEBUG] - Procesando eventos Pygame...
2025-05-19 16:53:49 - juego - [DEBUG] - Ciclo de renderizado completado (flip ejecutado).
2025-05-19 16:53:49 - juego - [DEBUG] - Iniciando ciclo de renderizado...
2025-05-19 16:53:49 - juego - [DEBUG] - MENSAJE DE PRUEBA REPETIDO PARA FILTRO
2025-05-19 16:53:49 - juego - [DEBUG] - Procesando eventos Pygame...
2025-05-19 16:53:49 - juego - [DEBUG] - Iniciando ciclo de renderizado...
2025-05-19 16:53:49 - juego - [DEBUG] - Ciclo de renderizado completado (flip ejecutado).
2025-05-19 16:53:49 - juego - [DEBUG] - MENSAJE DE PRUEBA REPETIDO PARA FILTRO
2025-05-19 16:53:49 - juego - [DEBUG] - Procesando eventos Pygame...
2025-05-19 16:53:49 - juego - [DEBUG] - Iniciando ciclo de renderizado...
2025-05-19 16:53:49 - juego - [DEBUG] - Ciclo de renderizado completado (flip ejecutado).
2025-05-19 16:53:49 - juego - [DEBUG] - MENSAJE DE PRUEBA REPETIDO PARA FILTRO
2025-05-19 16:53:49 - juego - [DEBUG] - Procesando eventos Pygame...
2025-05-19 16:53:49 - juego - [DEBUG] - Iniciando ciclo de renderizado...
2025-05-19 16:53:49 - juego - [DEBUG] - Ciclo de renderizado completado (flip ejecutado).
2025-05-19 16:53:49 - juego - [DEBUG] - MENSAJE DE PRUEBA REPETIDO PARA FILTRO
2025-05-19 16:53:49 - juego - [DEBUG] - Procesando eventos Pygame...
2025-05-19 16:53:49 - juego - [DEBUG] - Iniciando ciclo de renderizado...
2025-05-19 16:53:49 - juego - [DEBUG] - Ciclo de renderizado completado (flip ejecutado).
2025-05-19 16:53:49 - juego - [DEBUG] - MENSAJE DE PRUEBA REPETIDO PARA FILTRO
2025-05-19 16:53:49 - juego - [DEBUG] - Procesando eventos Pygame...
2025-05-19 16:53:49 - juego - [DEBUG] - Iniciando ciclo de renderizado...
2025-05-19 16:53:49 - juego - [DEBUG] - Ciclo de renderizado completado (flip ejecutado).
2025-05-19 16:53:49 - juego - [DEBUG] - MENSAJE DE PRUEBA REPETIDO PARA FILTRO
2025-05-19 16:53:49 - juego - [DEBUG] - Procesando eventos Pygame...
2025-05-19 16:53:49 - juego - [DEBUG] - Iniciando ciclo de renderizado...
2025-05-19 16:53:49 - juego - [DEBUG] - Ciclo de renderizado completado (flip ejecutado).
2025-05-19 16:53:49 - juego - [DEBUG] - MENSAJE DE PRUEBA REPETIDO PARA FILTRO
2025-05-19 16:53:49 - juego - [DEBUG] - Procesando eventos Pygame...
2025-05-19 16:53:49 - juego - [DEBUG] - MENSAJE DE PRUEBA REPETIDO PARA FILTRO
2025-05-19 16:53:49 - juego - [DEBUG] - Procesando eventos Pygame...
2025-05-19 16:53:49 - juego - [DEBUG] - Iniciando ciclo de renderizado...
2025-05-19 16:53:49 - juego - [DEBUG] - Ciclo de renderizado completado (flip ejecutado).
2025-05-19 16:53:49 - juego - [DEBUG] - MENSAJE DE PRUEBA REPETIDO PARA FILTRO
2025-05-19 16:53:49 - juego - [DEBUG] - Procesando eventos Pygame...
2025-05-19 16:53:49 - juego - [DEBUG] - Iniciando ciclo de renderizado...
2025-05-19 16:53:49 - juego - [DEBUG] - Ciclo de renderizado completado (flip ejecutado).
2025-05-19 16:53:49 - juego - [DEBUG] - MENSAJE DE PRUEBA REPETIDO PARA FILTRO
2025-05-19 16:53:49 - juego - [DEBUG] - Procesando eventos Pygame...
2025-05-19 16:53:49 - juego - [DEBUG] - Iniciando ciclo de renderizado...
2025-05-19 16:53:49 - juego - [DEBUG] - Ciclo de renderizado completado (flip ejecutado).
2025-05-19 16:53:49 - juego - [DEBUG] - MENSAJE DE PRUEBA REPETIDO PARA FILTRO
2025-05-19 16:53:49 - juego - [DEBUG] - Procesando eventos Pygame...
2025-05-19 16:53:49 - juego - [DEBUG] - Iniciando ciclo de renderizado...
2025-05-19 16:53:49 - juego - [DEBUG] - Ciclo de renderizado completado (flip ejecutado).
2025-05-19 16:53:50 - juego - [DEBUG] - MENSAJE DE PRUEBA REPETIDO PARA FILTRO
2025-05-19 16:53:50 - juego - [DEBUG] - Procesando eventos Pygame...
2025-05-19 16:53:50 - juego - [DEBUG] - Iniciando ciclo de renderizado...
2025-05-19 16:53:50 - juego - [DEBUG] - Ciclo de renderizado completado (flip ejecutado).
2025-05-19 16:53:50 - juego - [DEBUG] - MENSAJE DE PRUEBA REPETIDO PARA FILTRO
2025-05-19 16:53:50 - juego - [DEBUG] - Procesando eventos Pygame...
2025-05-19 16:53:50 - juego - [DEBUG] - Iniciando ciclo de renderizado...
2025-05-19 16:53:50 - juego - [DEBUG] - Ciclo de renderizado completado (flip ejecutado).
2025-05-19 16:53:50 - juego - [DEBUG] - MENSAJE DE PRUEBA REPETIDO PARA FILTRO
2025-05-19 16:53:50 - juego - [DEBUG] - Procesando eventos Pygame...
2025-05-19 16:53:50 - juego - [DEBUG] - Iniciando ciclo de renderizado...
2025-05-19 16:53:50 - juego - [DEBUG] - Ciclo de renderizado completado (flip ejecutado).
2025-05-19 16:53:50 - juego - [DEBUG] - MENSAJE DE PRUEBA REPETIDO PARA FILTRO
2025-05-19 16:53:50 - juego - [DEBUG] - Procesando eventos Pygame...
2025-05-19 16:53:50 - juego - [DEBUG] - Iniciando ciclo de renderizado...
2025-05-19 16:53:50 - juego - [DEBUG] - Ciclo de renderizado completado (flip ejecutado).
2025-05-19 16:53:50 - juego - [DEBUG] - MENSAJE DE PRUEBA REPETIDO PARA FILTRO
2025-05-19 16:53:50 - juego - [DEBUG] - Procesando eventos Pygame...
2025-05-19 16:53:50 - juego - [DEBUG] - Iniciando ciclo de renderizado...
2025-05-19 16:53:50 - juego - [DEBUG] - Ciclo de renderizado completado (flip ejecutado).
2025-05-19 16:53:50 - juego - [DEBUG] - MENSAJE DE PRUEBA REPETIDO PARA FILTRO
2025-05-19 16:53:50 - juego - [DEBUG] - Procesando eventos Pygame...
2025-05-19 16:53:50 - juego - [DEBUG] - Iniciando ciclo de renderizado...
2025-05-19 16:53:50 - juego - [DEBUG] - Ciclo de renderizado completado (flip ejecutado).
2025-05-19 16:53:50 - juego - [DEBUG] - MENSAJE DE PRUEBA REPETIDO PARA FILTRO
2025-05-19 16:53:50 - juego - [DEBUG] - Procesando eventos Pygame...
2025-05-19 16:53:50 - juego - [DEBUG] - Iniciando ciclo de renderizado...
2025-05-19 16:53:50 - juego - [DEBUG] - Ciclo de renderizado completado (flip ejecutado).
2025-05-19 16:53:50 - juego - [DEBUG] - MENSAJE DE PRUEBA REPETIDO PARA FILTRO
2025-05-19 16:53:50 - juego - [DEBUG] - Procesando eventos Pygame...
2025-05-19 16:53:50 - juego - [DEBUG] - Iniciando ciclo de renderizado...
2025-05-19 16:53:50 - juego - [DEBUG] - Ciclo de renderizado completado (flip ejecutado).
2025-05-19 16:53:50 - juego - [DEBUG] - MENSAJE DE PRUEBA REPETIDO PARA FILTRO
2025-05-19 16:53:50 - juego - [DEBUG] - Procesando eventos Pygame...
2025-05-19 16:53:50 - juego - [DEBUG] - Iniciando ciclo de renderizado...
2025-05-19 16:53:50 - juego - [DEBUG] - Ciclo de renderizado completado (flip ejecutado).
2025-05-19 16:53:50 - juego - [DEBUG] - MENSAJE DE PRUEBA REPETIDO PARA FILTRO
2025-05-19 16:53:50 - juego - [DEBUG] - Procesando eventos Pygame...
2025-05-19 16:53:50 - juego - [DEBUG] - Iniciando ciclo de renderizado...
2025-05-19 16:53:50 - juego - [DEBUG] - Ciclo de renderizado completado (flip ejecutado).
2025-05-19 16:53:50 - juego - [DEBUG] - MENSAJE DE PRUEBA REPETIDO PARA FILTRO
2025-05-19 16:53:50 - juego - [DEBUG] - Procesando eventos Pygame...
2025-05-19 16:53:50 - juego - [DEBUG] - Iniciando ciclo de renderizado...
2025-05-19 16:53:50 - juego - [DEBUG] - Ciclo de renderizado completado (flip ejecutado).
2025-05-19 16:53:50 - juego - [DEBUG] - MENSAJE DE PRUEBA REPETIDO PARA FILTRO
2025-05-19 16:53:50 - juego - [DEBUG] - Procesando eventos Pygame...
2025-05-19 16:53:50 - juego - [DEBUG] - Iniciando ciclo de renderizado...
2025-05-19 16:53:50 - juego - [DEBUG] - Ciclo de renderizado completado (flip ejecutado).
2025-05-19 16:53:50 - juego - [DEBUG] - MENSAJE DE PRUEBA REPETIDO PARA FILTRO
2025-05-19 16:53:50 - juego - [DEBUG] - Procesando eventos Pygame...
2025-05-19 16:53:50 - juego - [DEBUG] - Iniciando ciclo de renderizado...
2025-05-19 16:53:50 - juego - [DEBUG] - Ciclo de renderizado completado (flip ejecutado).
2025-05-19 16:53:50 - juego - [DEBUG] - MENSAJE DE PRUEBA REPETIDO PARA FILTRO
2025-05-19 16:53:50 - juego - [DEBUG] - Procesando eventos Pygame...
2025-05-19 16:53:50 - juego - [DEBUG] - Iniciando ciclo de renderizado...
2025-05-19 16:53:50 - juego - [DEBUG] - Ciclo de renderizado completado (flip ejecutado).
2025-05-19 16:53:50 - juego - [DEBUG] - MENSAJE DE PRUEBA REPETIDO PARA FILTRO
2025-05-19 16:53:50 - juego - [DEBUG] - Procesando eventos Pygame...
2025-05-19 16:53:50 - juego - [DEBUG] - Iniciando ciclo de renderizado...
2025-05-19 16:53:50 - juego - [DEBUG] - Ciclo de renderizado completado (flip ejecutado).
2025-05-19 16:53:50 - juego - [DEBUG] - MENSAJE DE PRUEBA REPETIDO PARA FILTRO
2025-05-19 16:53:50 - juego - [DEBUG] - Procesando eventos Pygame...
2025-05-19 16:53:50 - juego - [DEBUG] - Iniciando ciclo de renderizado...
2025-05-19 16:53:50 - juego - [DEBUG] - Ciclo de renderizado completado (flip ejecutado).
2025-05-19 16:53:50 - juego - [DEBUG] - MENSAJE DE PRUEBA REPETIDO PARA FILTRO
2025-05-19 16:53:50 - juego - [DEBUG] - Procesando eventos Pygame...
2025-05-19 16:53:50 - juego - [DEBUG] - Iniciando ciclo de renderizado...
2025-05-19 16:53:50 - juego - [DEBUG] - Ciclo de renderizado completado (flip ejecutado).
2025-05-19 16:53:51 - juego - [DEBUG] - MENSAJE DE PRUEBA REPETIDO PARA FILTRO
2025-05-19 16:53:51 - juego - [DEBUG] - Procesando eventos Pygame...
2025-05-19 16:53:51 - juego - [DEBUG] - Iniciando ciclo de renderizado...
2025-05-19 16:53:51 - juego - [DEBUG] - Ciclo de renderizado completado (flip ejecutado).
2025-05-19 16:53:51 - juego - [DEBUG] - MENSAJE DE PRUEBA REPETIDO PARA FILTRO
2025-05-19 16:53:51 - juego - [DEBUG] - Procesando eventos Pygame...
2025-05-19 16:53:51 - juego - [DEBUG] - Iniciando ciclo de renderizado...
2025-05-19 16:53:51 - juego - [DEBUG] - Ciclo de renderizado completado (flip ejecutado).
2025-05-19 16:53:51 - juego - [DEBUG] - Iniciando ciclo de renderizado...
2025-05-19 16:53:51 - juego - [DEBUG] - Ciclo de renderizado completado (flip ejecutado).
2025-05-19 16:53:51 - juego - [DEBUG] - MENSAJE DE PRUEBA REPETIDO PARA FILTRO
2025-05-19 16:53:51 - juego - [DEBUG] - Procesando eventos Pygame...
2025-05-19 16:53:51 - juego - [DEBUG] - Iniciando ciclo de renderizado...
2025-05-19 16:53:51 - juego - [DEBUG] - MENSAJE DE PRUEBA REPETIDO PARA FILTRO
2025-05-19 16:53:51 - juego - [DEBUG] - Procesando eventos Pygame...
2025-05-19 16:53:51 - juego - [DEBUG] - Ciclo de renderizado completado (flip ejecutado).
2025-05-19 16:53:51 - juego - [DEBUG] - Iniciando ciclo de renderizado...
2025-05-19 16:53:51 - juego - [DEBUG] - MENSAJE DE PRUEBA REPETIDO PARA FILTRO
2025-05-19 16:53:51 - juego - [DEBUG] - Procesando eventos Pygame...
2025-05-19 16:53:51 - juego - [DEBUG] - Ciclo de renderizado completado (flip ejecutado).
2025-05-19 16:53:51 - juego - [DEBUG] - Iniciando ciclo de renderizado...
2025-05-19 16:53:51 - juego - [DEBUG] - MENSAJE DE PRUEBA REPETIDO PARA FILTRO
2025-05-19 16:53:51 - juego - [DEBUG] - Procesando eventos Pygame...
2025-05-19 16:53:51 - juego - [DEBUG] - Ciclo de renderizado completado (flip ejecutado).
2025-05-19 16:53:51 - juego - [DEBUG] - MENSAJE DE PRUEBA REPETIDO PARA FILTRO
2025-05-19 16:53:51 - juego - [DEBUG] - Procesando eventos Pygame...
2025-05-19 16:53:51 - juego - [DEBUG] - Iniciando ciclo de renderizado...
2025-05-19 16:53:51 - juego - [DEBUG] - Ciclo de renderizado completado (flip ejecutado).
2025-05-19 16:53:51 - juego - [DEBUG] - MENSAJE DE PRUEBA REPETIDO PARA FILTRO
2025-05-19 16:53:51 - juego - [DEBUG] - Procesando eventos Pygame...
2025-05-19 16:53:51 - juego - [DEBUG] - Iniciando ciclo de renderizado...
2025-05-19 16:53:51 - juego - [DEBUG] - Ciclo de renderizado completado (flip ejecutado).
2025-05-19 16:53:51 - juego - [DEBUG] - MENSAJE DE PRUEBA REPETIDO PARA FILTRO
2025-05-19 16:53:51 - juego - [DEBUG] - Procesando eventos Pygame...
2025-05-19 16:53:51 - juego - [DEBUG] - Iniciando ciclo de renderizado...
2025-05-19 16:53:51 - juego - [DEBUG] - Ciclo de renderizado completado (flip ejecutado).
2025-05-19 16:53:51 - juego - [DEBUG] - MENSAJE DE PRUEBA REPETIDO PARA FILTRO
2025-05-19 16:53:51 - juego - [DEBUG] - Procesando eventos Pygame...
2025-05-19 16:53:51 - juego - [DEBUG] - Iniciando ciclo de renderizado...
2025-05-19 16:53:51 - juego - [DEBUG] - Ciclo de renderizado completado (flip ejecutado).
2025-05-19 16:53:51 - juego - [DEBUG] - MENSAJE DE PRUEBA REPETIDO PARA FILTRO
2025-05-19 16:53:51 - juego - [DEBUG] - Procesando eventos Pygame...
2025-05-19 16:53:51 - juego - [DEBUG] - Iniciando ciclo de renderizado...
2025-05-19 16:53:51 - juego - [DEBUG] - Ciclo de renderizado completado (flip ejecutado).
2025-05-19 16:53:51 - juego - [DEBUG] - MENSAJE DE PRUEBA REPETIDO PARA FILTRO
2025-05-19 16:53:51 - juego - [DEBUG] - Procesando eventos Pygame...
2025-05-19 16:53:51 - juego - [DEBUG] - Iniciando ciclo de renderizado...
2025-05-19 16:53:51 - juego - [DEBUG] - Ciclo de renderizado completado (flip ejecutado).
2025-05-19 16:53:51 - juego - [DEBUG] - MENSAJE DE PRUEBA REPETIDO PARA FILTRO
2025-05-19 16:53:51 - juego - [DEBUG] - Procesando eventos Pygame...
2025-05-19 16:53:51 - juego - [DEBUG] - Iniciando ciclo de renderizado...
2025-05-19 16:53:51 - juego - [DEBUG] - Ciclo de renderizado completado (flip ejecutado).
2025-05-19 16:53:51 - juego - [DEBUG] - Ciclo de renderizado completado (flip ejecutado).
2025-05-19 16:53:51 - juego - [DEBUG] - MENSAJE DE PRUEBA REPETIDO PARA FILTRO
2025-05-19 16:53:51 - juego - [DEBUG] - Procesando eventos Pygame...
2025-05-19 16:53:51 - juego - [DEBUG] - Iniciando ciclo de renderizado...
2025-05-19 16:53:51 - juego - [DEBUG] - Ciclo de renderizado completado (flip ejecutado).
2025-05-19 16:53:51 - juego - [DEBUG] - MENSAJE DE PRUEBA REPETIDO PARA FILTRO
2025-05-19 16:53:51 - juego - [DEBUG] - Procesando eventos Pygame...
2025-05-19 16:53:51 - juego - [DEBUG] - Iniciando ciclo de renderizado...
2025-05-19 16:53:51 - juego - [DEBUG] - MENSAJE DE PRUEBA REPETIDO PARA FILTRO
2025-05-19 16:53:51 - juego - [DEBUG] - Procesando eventos Pygame...
2025-05-19 16:53:51 - juego - [DEBUG] - Iniciando ciclo de renderizado...
2025-05-19 16:53:51 - juego - [DEBUG] - Ciclo de renderizado completado (flip ejecutado).
2025-05-19 16:53:52 - juego - [DEBUG] - MENSAJE DE PRUEBA REPETIDO PARA FILTRO
2025-05-19 16:53:52 - juego - [DEBUG] - Procesando eventos Pygame...
2025-05-19 16:53:52 - juego - [DEBUG] - Iniciando ciclo de renderizado...
2025-05-19 16:53:52 - juego - [DEBUG] - Ciclo de renderizado completado (flip ejecutado).
2025-05-19 16:53:52 - juego - [DEBUG] - MENSAJE DE PRUEBA REPETIDO PARA FILTRO
2025-05-19 16:53:52 - juego - [DEBUG] - Procesando eventos Pygame...
2025-05-19 16:53:52 - juego - [DEBUG] - Iniciando ciclo de renderizado...
2025-05-19 16:53:52 - juego - [DEBUG] - Ciclo de renderizado completado (flip ejecutado).
2025-05-19 16:53:52 - juego - [DEBUG] - MENSAJE DE PRUEBA REPETIDO PARA FILTRO
2025-05-19 16:53:52 - juego - [DEBUG] - Procesando eventos Pygame...
2025-05-19 16:53:52 - juego - [DEBUG] - Iniciando ciclo de renderizado...
2025-05-19 16:53:52 - juego - [DEBUG] - Ciclo de renderizado completado (flip ejecutado).
2025-05-19 16:53:52 - juego - [DEBUG] - MENSAJE DE PRUEBA REPETIDO PARA FILTRO
2025-05-19 16:53:52 - juego - [DEBUG] - Procesando eventos Pygame...
2025-05-19 16:53:52 - juego - [DEBUG] - Iniciando ciclo de renderizado...
2025-05-19 16:53:52 - juego - [DEBUG] - Ciclo de renderizado completado (flip ejecutado).
2025-05-19 16:53:52 - juego - [DEBUG] - MENSAJE DE PRUEBA REPETIDO PARA FILTRO
2025-05-19 16:53:52 - juego - [DEBUG] - Procesando eventos Pygame...
2025-05-19 16:53:52 - juego - [DEBUG] - Iniciando ciclo de renderizado...
2025-05-19 16:53:52 - juego - [DEBUG] - Ciclo de renderizado completado (flip ejecutado).
2025-05-19 16:53:52 - juego - [DEBUG] - MENSAJE DE PRUEBA REPETIDO PARA FILTRO
2025-05-19 16:53:52 - juego - [DEBUG] - Procesando eventos Pygame...
2025-05-19 16:53:52 - juego - [DEBUG] - Iniciando ciclo de renderizado...
2025-05-19 16:53:52 - juego - [DEBUG] - Ciclo de renderizado completado (flip ejecutado).
2025-05-19 16:53:52 - juego - [DEBUG] - MENSAJE DE PRUEBA REPETIDO PARA FILTRO
2025-05-19 16:53:52 - juego - [DEBUG] - Procesando eventos Pygame...
2025-05-19 16:53:52 - juego - [DEBUG] - Iniciando ciclo de renderizado...
2025-05-19 16:53:52 - juego - [DEBUG] - Ciclo de renderizado completado (flip ejecutado).
2025-05-19 16:53:52 - juego - [DEBUG] - MENSAJE DE PRUEBA REPETIDO PARA FILTRO
2025-05-19 16:53:52 - juego - [DEBUG] - Procesando eventos Pygame...
2025-05-19 16:53:52 - juego - [DEBUG] - Iniciando ciclo de renderizado...
2025-05-19 16:53:52 - juego - [DEBUG] - Ciclo de renderizado completado (flip ejecutado).
2025-05-19 16:53:52 - juego - [DEBUG] - MENSAJE DE PRUEBA REPETIDO PARA FILTRO
2025-05-19 16:53:52 - juego - [DEBUG] - Procesando eventos Pygame...
2025-05-19 16:53:52 - juego - [DEBUG] - Iniciando ciclo de renderizado...
2025-05-19 16:53:52 - juego - [DEBUG] - Ciclo de renderizado completado (flip ejecutado).
2025-05-19 16:53:52 - juego - [DEBUG] - MENSAJE DE PRUEBA REPETIDO PARA FILTRO
2025-05-19 16:53:52 - juego - [DEBUG] - Procesando eventos Pygame...
2025-05-19 16:53:52 - juego - [DEBUG] - Iniciando ciclo de renderizado...
2025-05-19 16:53:52 - juego - [DEBUG] - Ciclo de renderizado completado (flip ejecutado).
2025-05-19 16:53:52 - juego - [DEBUG] - MENSAJE DE PRUEBA REPETIDO PARA FILTRO
2025-05-19 16:53:52 - juego - [DEBUG] - Procesando eventos Pygame...
2025-05-19 16:53:52 - juego - [DEBUG] - Iniciando ciclo de renderizado...
2025-05-19 16:53:52 - juego - [DEBUG] - Ciclo de renderizado completado (flip ejecutado).
2025-05-19 16:53:52 - juego - [DEBUG] - MENSAJE DE PRUEBA REPETIDO PARA FILTRO
2025-05-19 16:53:52 - juego - [DEBUG] - Procesando eventos Pygame...
2025-05-19 16:53:52 - juego - [DEBUG] - Iniciando ciclo de renderizado...
2025-05-19 16:53:52 - juego - [DEBUG] - Ciclo de renderizado completado (flip ejecutado).
2025-05-19 16:53:52 - juego - [DEBUG] - MENSAJE DE PRUEBA REPETIDO PARA FILTRO
2025-05-19 16:53:52 - juego - [DEBUG] - Procesando eventos Pygame...
2025-05-19 16:53:52 - juego - [DEBUG] - Iniciando ciclo de renderizado...
2025-05-19 16:53:52 - juego - [DEBUG] - Ciclo de renderizado completado (flip ejecutado).
2025-05-19 16:53:52 - juego - [DEBUG] - MENSAJE DE PRUEBA REPETIDO PARA FILTRO
2025-05-19 16:53:52 - juego - [DEBUG] - Procesando eventos Pygame...
2025-05-19 16:53:52 - juego - [DEBUG] - Iniciando ciclo de renderizado...
2025-05-19 16:53:52 - juego - [DEBUG] - Ciclo de renderizado completado (flip ejecutado).
2025-05-19 16:53:52 - juego - [DEBUG] - MENSAJE DE PRUEBA REPETIDO PARA FILTRO
2025-05-19 16:53:52 - juego - [DEBUG] - Procesando eventos Pygame...
2025-05-19 16:53:52 - juego - [DEBUG] - Iniciando ciclo de renderizado...
2025-05-19 16:53:52 - juego - [DEBUG] - Ciclo de renderizado completado (flip ejecutado).
2025-05-19 16:53:52 - juego - [DEBUG] - MENSAJE DE PRUEBA REPETIDO PARA FILTRO
2025-05-19 16:53:52 - juego - [DEBUG] - Procesando eventos Pygame...
2025-05-19 16:53:52 - juego - [DEBUG] - Iniciando ciclo de renderizado...
2025-05-19 16:53:52 - juego - [DEBUG] - Ciclo de renderizado completado (flip ejecutado).
2025-05-19 16:53:52 - juego - [DEBUG] - MENSAJE DE PRUEBA REPETIDO PARA FILTRO
2025-05-19 16:53:52 - juego - [DEBUG] - Procesando eventos Pygame...
2025-05-19 16:53:52 - juego - [DEBUG] - Iniciando ciclo de renderizado...
2025-05-19 16:53:52 - juego - [DEBUG] - Ciclo de renderizado completado (flip ejecutado).
2025-05-19 16:53:52 - juego - [DEBUG] - MENSAJE DE PRUEBA REPETIDO PARA FILTRO
2025-05-19 16:53:52 - juego - [DEBUG] - Procesando eventos Pygame...
2025-05-19 16:53:53 - juego - [DEBUG] - Iniciando ciclo de renderizado...
2025-05-19 16:53:53 - juego - [DEBUG] - Ciclo de renderizado completado (flip ejecutado).
2025-05-19 16:53:53 - juego - [DEBUG] - MENSAJE DE PRUEBA REPETIDO PARA FILTRO
2025-05-19 16:53:53 - juego - [DEBUG] - Procesando eventos Pygame...
2025-05-19 16:53:53 - juego - [DEBUG] - Iniciando ciclo de renderizado...
2025-05-19 16:53:53 - juego - [DEBUG] - Ciclo de renderizado completado (flip ejecutado).
2025-05-19 16:53:53 - juego - [DEBUG] - MENSAJE DE PRUEBA REPETIDO PARA FILTRO
2025-05-19 16:53:53 - juego - [DEBUG] - Procesando eventos Pygame...
2025-05-19 16:53:53 - juego - [DEBUG] - Iniciando ciclo de renderizado...
2025-05-19 16:53:53 - juego - [DEBUG] - Ciclo de renderizado completado (flip ejecutado).
2025-05-19 16:53:53 - juego - [DEBUG] - MENSAJE DE PRUEBA REPETIDO PARA FILTRO
2025-05-19 16:53:53 - juego - [DEBUG] - Procesando eventos Pygame...
2025-05-19 16:53:53 - juego - [DEBUG] - Iniciando ciclo de renderizado...
2025-05-19 16:53:53 - juego - [DEBUG] - Ciclo de renderizado completado (flip ejecutado).
2025-05-19 16:53:53 - juego - [DEBUG] - MENSAJE DE PRUEBA REPETIDO PARA FILTRO
2025-05-19 16:53:53 - juego - [DEBUG] - Procesando eventos Pygame...
2025-05-19 16:53:53 - juego - [DEBUG] - MENSAJE DE PRUEBA REPETIDO PARA FILTRO
2025-05-19 16:53:53 - juego - [DEBUG] - Procesando eventos Pygame...
2025-05-19 16:53:53 - juego - [DEBUG] - Iniciando ciclo de renderizado...
2025-05-19 16:53:53 - juego - [DEBUG] - Ciclo de renderizado completado (flip ejecutado).
2025-05-19 16:53:53 - juego - [DEBUG] - MENSAJE DE PRUEBA REPETIDO PARA FILTRO
2025-05-19 16:53:53 - juego - [DEBUG] - Procesando eventos Pygame...
2025-05-19 16:53:53 - juego - [DEBUG] - Iniciando ciclo de renderizado...
2025-05-19 16:53:53 - juego - [DEBUG] - Ciclo de renderizado completado (flip ejecutado).
2025-05-19 16:53:53 - juego - [DEBUG] - Iniciando ciclo de renderizado...
2025-05-19 16:53:53 - juego - [DEBUG] - Ciclo de renderizado completado (flip ejecutado).
2025-05-19 16:53:53 - juego - [DEBUG] - MENSAJE DE PRUEBA REPETIDO PARA FILTRO
2025-05-19 16:53:53 - juego - [DEBUG] - Procesando eventos Pygame...
2025-05-19 16:53:53 - juego - [DEBUG] - Iniciando ciclo de renderizado...
2025-05-19 16:53:53 - juego - [DEBUG] - Ciclo de renderizado completado (flip ejecutado).
2025-05-19 16:53:53 - juego - [DEBUG] - MENSAJE DE PRUEBA REPETIDO PARA FILTRO
2025-05-19 16:53:53 - juego - [DEBUG] - Procesando eventos Pygame...
2025-05-19 16:53:53 - juego - [DEBUG] - MENSAJE DE PRUEBA REPETIDO PARA FILTRO
2025-05-19 16:53:53 - juego - [DEBUG] - Procesando eventos Pygame...
2025-05-19 16:53:53 - juego - [DEBUG] - Iniciando ciclo de renderizado...
2025-05-19 16:53:53 - juego - [DEBUG] - Ciclo de renderizado completado (flip ejecutado).
2025-05-19 16:53:53 - juego - [DEBUG] - MENSAJE DE PRUEBA REPETIDO PARA FILTRO
2025-05-19 16:53:53 - juego - [DEBUG] - Procesando eventos Pygame...
2025-05-19 16:53:53 - juego - [DEBUG] - Iniciando ciclo de renderizado...
2025-05-19 16:53:53 - juego - [DEBUG] - Ciclo de renderizado completado (flip ejecutado).
2025-05-19 16:53:53 - juego - [DEBUG] - MENSAJE DE PRUEBA REPETIDO PARA FILTRO
2025-05-19 16:53:53 - juego - [DEBUG] - Procesando eventos Pygame...
2025-05-19 16:53:53 - juego - [DEBUG] - Iniciando ciclo de renderizado...
2025-05-19 16:53:53 - juego - [DEBUG] - Ciclo de renderizado completado (flip ejecutado).
2025-05-19 16:53:53 - juego - [DEBUG] - MENSAJE DE PRUEBA REPETIDO PARA FILTRO
2025-05-19 16:53:53 - juego - [DEBUG] - Procesando eventos Pygame...
2025-05-19 16:53:53 - juego - [DEBUG] - Iniciando ciclo de renderizado...
2025-05-19 16:53:53 - juego - [DEBUG] - Ciclo de renderizado completado (flip ejecutado).
2025-05-19 16:53:53 - juego - [DEBUG] - MENSAJE DE PRUEBA REPETIDO PARA FILTRO
2025-05-19 16:53:53 - juego - [DEBUG] - Procesando eventos Pygame...
2025-05-19 16:53:53 - juego - [DEBUG] - Iniciando ciclo de renderizado...
2025-05-19 16:53:53 - juego - [DEBUG] - Ciclo de renderizado completado (flip ejecutado).
2025-05-19 16:53:53 - juego - [DEBUG] - MENSAJE DE PRUEBA REPETIDO PARA FILTRO
2025-05-19 16:53:53 - juego - [DEBUG] - Procesando eventos Pygame...
2025-05-19 16:53:53 - juego - [DEBUG] - Solicitud de salir del juego procesada.
2025-05-19 16:53:53 - juego - [INFO] - Saliendo de Pygame y del sistema...
