2025-05-19 22:40:53 - collision_handler - [DEBUG] -         CH_DETALLE: Eje x, Pasada 1. ANTES de colliderect con [Enemigo_1].\n                  HB_Ent: TL=(403, 331), Size=(26, 20)\n                  HB_Obs ([Enemigo_1]): TL=(603, 203), Size=(26, 20)
2025-05-19 22:40:53 - collision_handler - [DEBUG] -     --- CH: Fin _resolver_solapamientos_estaticos_eje (x) --- HB_Ent_FINAL_FUNCION: (403, 331)
2025-05-19 22:40:53 - collision_handler - [DEBUG] -     --- CH: Inicio _resolver_solapamientos_estaticos_eje (y) --- Input: -2, HB_Ent_INICIAL_FUNCION: (403, 331), HB_Ent_Size: (26, 20)
2025-05-19 22:40:53 - collision_handler - [DEBUG] -       CH: Pasada 1 res. estática eje y. HB_Ent_Inicio_Pasada: (403, 331)
2025-05-19 22:40:53 - collision_handler - [DEBUG] -         CH_DETALLE: Eje y, Pasada 1. ANTES de colliderect con [Arbol_0].\n                  HB_Ent: TL=(403, 331), Size=(26, 20)\n                  HB_Obs ([Arbol_0]): TL=(305, 160), Size=(35, 25)
2025-05-19 22:40:53 - collision_handler - [DEBUG] -         CH_DETALLE: Eje y, Pasada 1. ANTES de colliderect con [Arbol_1].\n                  HB_Ent: TL=(403, 331), Size=(26, 20)\n                  HB_Obs ([Arbol_1]): TL=(505, 310), Size=(35, 25)
2025-05-19 22:40:53 - collision_handler - [DEBUG] -         CH_DETALLE: Eje y, Pasada 1. ANTES de colliderect con [Arbol_2].\n                  HB_Ent: TL=(403, 331), Size=(26, 20)\n                  HB_Obs ([Arbol_2]): TL=(105, 410), Size=(35, 25)
2025-05-19 22:40:53 - collision_handler - [DEBUG] -         CH_DETALLE: Eje y, Pasada 1. ANTES de colliderect con [Enemigo_1].\n                  HB_Ent: TL=(403, 331), Size=(26, 20)\n                  HB_Obs ([Enemigo_1]): TL=(603, 203), Size=(26, 20)
2025-05-19 22:40:53 - collision_handler - [DEBUG] -     --- CH: Fin _resolver_solapamientos_estaticos_eje (y) --- HB_Ent_FINAL_FUNCION: (403, 331)
2025-05-19 22:40:53 - collision_handler - [DEBUG] -   CH: Fase 1 - Fin. Posición segura HB: (403, 331)
2025-05-19 22:40:53 - collision_handler - [DEBUG] -     --- CH: Inicio _aplicar_movimiento_y_colision_eje_x --- dx: 0, HB_in: (403, 331)
2025-05-19 22:40:53 - collision_handler - [DEBUG] -     --- CH: Inicio _aplicar_movimiento_y_colision_eje_y --- dy: -2, HB_in: (403, 331)
2025-05-19 22:40:53 - collision_handler - [DEBUG] -       CH: Fase 2 (Y): dy_aplicado=-2.0000. HB.y original=331, HB.y post-int-trunc=329
2025-05-19 22:40:53 - collision_handler - [DEBUG] -     --- CH: Fin _aplicar_movimiento_y_colision_eje_y --- HB_out Y: 329.00
2025-05-19 22:40:53 - collision_handler - [DEBUG] -   CH: Fase 2 - Fin. Posición HB post-mov: (403, 329)
2025-05-19 22:40:53 - collision_handler - [DEBUG] -     --- CH: Inicio _verificar_y_revertir_colision_post_fase2 --- HB_in: (403, 329)
2025-05-19 22:40:53 - collision_handler - [DEBUG] -     --- CH: Fin _verificar_y_revertir_colision_post_fase2 --- HB_out: (403, 329), ReversionGlobal: False
2025-05-19 22:40:53 - collision_handler - [DEBUG] -   CH: Fase 3 - Fin. Hubo reversión: False. Posición HB final: (403, 329)
2025-05-19 22:40:53 - collision_handler - [DEBUG] - CH: Fin gestionar_movimiento_y_colision. HB_out: (403, 329), Rect_out: (400, 326)
2025-05-19 22:40:56 - collision_handler - [DEBUG] - CH: Inicio gestionar_movimiento_y_colision. dx=3.0000, dy=0.0000. HB_in: (404, 306), Rect_in: (400, 300)
2025-05-19 22:40:56 - collision_handler - [DEBUG] -   CH: Fase 1 - Resolviendo solapamientos estáticos (Eje X)...
2025-05-19 22:40:56 - collision_handler - [DEBUG] -     --- CH: Inicio _resolver_solapamientos_estaticos_eje (x) --- Input: 3, HB_Ent_INICIAL_FUNCION: (404, 306), HB_Ent_Size: (24, 22)
2025-05-19 22:40:56 - collision_handler - [DEBUG] -       CH: Pasada 1 res. estática eje x. HB_Ent_Inicio_Pasada: (404, 306)
2025-05-19 22:40:56 - collision_handler - [DEBUG] -         CH_DETALLE: Eje x, Pasada 1. ANTES de colliderect con [Arbol_0].\n                  HB_Ent: TL=(404, 306), Size=(24, 22)\n                  HB_Obs ([Arbol_0]): TL=(305, 160), Size=(35, 25)
2025-05-19 22:40:56 - collision_handler - [DEBUG] -         CH_DETALLE: Eje x, Pasada 1. [Arbol_0]. Resultado de colliderect: False
2025-05-19 22:40:56 - collision_handler - [DEBUG] -         CH_DETALLE: Eje x, Pasada 1. ANTES de colliderect con [Arbol_1].\n                  HB_Ent: TL=(404, 306), Size=(24, 22)\n                  HB_Obs ([Arbol_1]): TL=(505, 310), Size=(35, 25)
2025-05-19 22:40:56 - collision_handler - [DEBUG] -         CH_DETALLE: Eje x, Pasada 1. [Arbol_1]. Resultado de colliderect: False
2025-05-19 22:40:56 - collision_handler - [DEBUG] -         CH_DETALLE: Eje x, Pasada 1. ANTES de colliderect con [Arbol_2].\n                  HB_Ent: TL=(404, 306), Size=(24, 22)\n                  HB_Obs ([Arbol_2]): TL=(105, 410), Size=(35, 25)
2025-05-19 22:40:56 - collision_handler - [DEBUG] -         CH_DETALLE: Eje x, Pasada 1. [Arbol_2]. Resultado de colliderect: False
2025-05-19 22:40:56 - collision_handler - [DEBUG] -         CH_DETALLE: Eje x, Pasada 1. ANTES de colliderect con [Enemigo_1].\n                  HB_Ent: TL=(404, 306), Size=(24, 22)\n                  HB_Obs ([Enemigo_1]): TL=(603, 203), Size=(26, 20)
2025-05-19 22:40:56 - collision_handler - [DEBUG] -         CH_DETALLE: Eje x, Pasada 1. [Enemigo_1]. Resultado de colliderect: False
2025-05-19 22:40:56 - collision_handler - [DEBUG] -         CH_DETALLE: Eje x, Pasada 1. ANTES de colliderect con [Enemigo_2].\n                  HB_Ent: TL=(404, 306), Size=(24, 22)\n                  HB_Obs ([Enemigo_2]): TL=(403, 329), Size=(26, 20)
2025-05-19 22:40:56 - collision_handler - [DEBUG] -         CH_DETALLE: Eje x, Pasada 1. [Enemigo_2]. Resultado de colliderect: False
2025-05-19 22:40:56 - collision_handler - [DEBUG] -       CH: No más solapamientos estáticos eje x en pasada 1. Saliendo.
2025-05-19 22:40:56 - collision_handler - [DEBUG] -     --- CH: Fin _resolver_solapamientos_estaticos_eje (x) --- HB_Ent_FINAL_FUNCION: (404, 306)
2025-05-19 22:40:56 - collision_handler - [DEBUG] -   CH: Fase 1 - Resolviendo solapamientos estáticos (Eje Y)...
2025-05-19 22:40:56 - collision_handler - [DEBUG] -     --- CH: Inicio _resolver_solapamientos_estaticos_eje (y) --- Input: 0, HB_Ent_INICIAL_FUNCION: (404, 306), HB_Ent_Size: (24, 22)
2025-05-19 22:40:56 - collision_handler - [DEBUG] -       CH: Pasada 1 res. estática eje y. HB_Ent_Inicio_Pasada: (404, 306)
2025-05-19 22:40:56 - collision_handler - [DEBUG] -         CH_DETALLE: Eje y, Pasada 1. ANTES de colliderect con [Arbol_0].\n                  HB_Ent: TL=(404, 306), Size=(24, 22)\n                  HB_Obs ([Arbol_0]): TL=(305, 160), Size=(35, 25)
2025-05-19 22:40:56 - collision_handler - [DEBUG] -         CH_DETALLE: Eje y, Pasada 1. [Arbol_0]. Resultado de colliderect: False
2025-05-19 22:40:56 - collision_handler - [DEBUG] -         CH_DETALLE: Eje y, Pasada 1. ANTES de colliderect con [Arbol_1].\n                  HB_Ent: TL=(404, 306), Size=(24, 22)\n                  HB_Obs ([Arbol_1]): TL=(505, 310), Size=(35, 25)
2025-05-19 22:40:56 - collision_handler - [DEBUG] -         CH_DETALLE: Eje y, Pasada 1. [Arbol_1]. Resultado de colliderect: False
2025-05-19 22:40:56 - collision_handler - [DEBUG] -         CH_DETALLE: Eje y, Pasada 1. ANTES de colliderect con [Arbol_2].\n                  HB_Ent: TL=(404, 306), Size=(24, 22)\n                  HB_Obs ([Arbol_2]): TL=(105, 410), Size=(35, 25)
2025-05-19 22:40:56 - collision_handler - [DEBUG] -         CH_DETALLE: Eje y, Pasada 1. [Arbol_2]. Resultado de colliderect: False
2025-05-19 22:40:56 - collision_handler - [DEBUG] -         CH_DETALLE: Eje y, Pasada 1. ANTES de colliderect con [Enemigo_1].\n                  HB_Ent: TL=(404, 306), Size=(24, 22)\n                  HB_Obs ([Enemigo_1]): TL=(603, 203), Size=(26, 20)
2025-05-19 22:40:56 - collision_handler - [DEBUG] -         CH_DETALLE: Eje y, Pasada 1. [Enemigo_1]. Resultado de colliderect: False
2025-05-19 22:40:56 - collision_handler - [DEBUG] -         CH_DETALLE: Eje y, Pasada 1. ANTES de colliderect con [Enemigo_2].\n                  HB_Ent: TL=(404, 306), Size=(24, 22)\n                  HB_Obs ([Enemigo_2]): TL=(403, 329), Size=(26, 20)
2025-05-19 22:40:56 - collision_handler - [DEBUG] -         CH_DETALLE: Eje y, Pasada 1. [Enemigo_2]. Resultado de colliderect: False
2025-05-19 22:40:56 - collision_handler - [DEBUG] -       CH: No más solapamientos estáticos eje y en pasada 1. Saliendo.
2025-05-19 22:40:56 - collision_handler - [DEBUG] -     --- CH: Fin _resolver_solapamientos_estaticos_eje (y) --- HB_Ent_FINAL_FUNCION: (404, 306)
2025-05-19 22:40:56 - collision_handler - [DEBUG] -   CH: Fase 1 - Fin. Posición segura HB: (404, 306)
2025-05-19 22:40:56 - collision_handler - [DEBUG] -   CH: Fase 2 - Aplicando movimiento y colisión (Eje X)...
2025-05-19 22:40:56 - collision_handler - [DEBUG] -     --- CH: Inicio _aplicar_movimiento_y_colision_eje_x --- dx: 3, HB_in: (404, 306)
2025-05-19 22:40:56 - collision_handler - [DEBUG] -       CH: Fase 2 (X): dx_aplicado=3.0000. HB.x original=404, HB.x post-int-trunc=407
2025-05-19 22:40:56 - collision_handler - [DEBUG] -     --- CH: Fin _aplicar_movimiento_y_colision_eje_x --- HB_out X: 407.00
2025-05-19 22:40:56 - collision_handler - [DEBUG] -   CH: Fase 2 - Aplicando movimiento y colisión (Eje Y)...
2025-05-19 22:40:56 - collision_handler - [DEBUG] -     --- CH: Inicio _aplicar_movimiento_y_colision_eje_y --- dy: 0, HB_in: (407, 306)
2025-05-19 22:40:56 - collision_handler - [DEBUG] -     --- CH: Fin _aplicar_movimiento_y_colision_eje_y --- HB_out Y: 306.00
2025-05-19 22:40:56 - collision_handler - [DEBUG] -   CH: Fase 2 - Fin. Posición HB post-mov: (407, 306)
2025-05-19 22:40:56 - collision_handler - [DEBUG] -   CH: Fase 3 - Verificando y revirtiendo colisión post-Fase 2...
2025-05-19 22:40:56 - collision_handler - [DEBUG] -     --- CH: Inicio _verificar_y_revertir_colision_post_fase2 --- HB_in: (407, 306)
2025-05-19 22:40:56 - collision_handler - [DEBUG] -     --- CH: Fin _verificar_y_revertir_colision_post_fase2 --- HB_out: (407, 306), ReversionGlobal: False
2025-05-19 22:40:56 - collision_handler - [DEBUG] -   CH: Fase 3 - Fin. Hubo reversión: False. Posición HB final: (407, 306)
2025-05-19 22:40:56 - collision_handler - [DEBUG] - CH: Fin gestionar_movimiento_y_colision. HB_out: (407, 306), Rect_out: (403, 300)
