2025-05-19 22:38:36 - juego - [INFO] - Iniciando Pygame y módulos del juego...
2025-05-19 22:38:37 - juego - [DEBUG] - Pygame y fuentes inicializados.
2025-05-19 22:38:37 - juego - [DEBUG] - GestorNivel instanciado.
2025-05-19 22:38:37 - juego - [DEBUG] - GestorEventos instanciado.
2025-05-19 22:38:37 - juego - [DEBUG] - GestorEstado instanciado.
2025-05-19 22:38:37 - juego - [DEBUG] - Renderer instanciado.
2025-05-19 22:38:37 - juego - [INFO] - Juego inicializado y listo para ejecutarse.
2025-05-19 22:38:37 - juego - [DEBUG] -   Detalles inicialización: Pantalla: 800x600, Zoom inicial: 2.3
2025-05-19 22:38:37 - juego - [INFO] - Bucle principal iniciado.
2025-05-19 22:38:37 - juego - [DEBUG] - MENSAJE DE PRUEBA REPETIDO PARA FILTRO
2025-05-19 22:38:37 - juego - [DEBUG] - Procesando eventos Pygame...
2025-05-19 22:38:37 - juego - [DEBUG] - Iniciando ciclo de renderizado...
2025-05-19 22:38:37 - juego - [DEBUG] - Ciclo de renderizado completado (flip ejecutado).
2025-05-19 22:38:37 - juego - [DEBUG] - MENSAJE DE PRUEBA REPETIDO PARA FILTRO
2025-05-19 22:38:37 - juego - [DEBUG] - Procesando eventos Pygame...
2025-05-19 22:38:37 - juego - [DEBUG] - Iniciando ciclo de renderizado...
2025-05-19 22:38:37 - juego - [DEBUG] - Ciclo de renderizado completado (flip ejecutado).
2025-05-19 22:38:37 - juego - [DEBUG] - MENSAJE DE PRUEBA REPETIDO PARA FILTRO
2025-05-19 22:38:37 - juego - [DEBUG] - Procesando eventos Pygame...
2025-05-19 22:38:37 - juego - [DEBUG] - Iniciando ciclo de renderizado...
2025-05-19 22:38:37 - juego - [DEBUG] - Ciclo de renderizado completado (flip ejecutado).
2025-05-19 22:38:37 - juego - [DEBUG] - MENSAJE DE PRUEBA REPETIDO PARA FILTRO
2025-05-19 22:38:37 - juego - [DEBUG] - Iniciando ciclo de renderizado...
2025-05-19 22:38:37 - juego - [DEBUG] - Ciclo de renderizado completado (flip ejecutado).
2025-05-19 22:38:37 - juego - [DEBUG] - Procesando eventos Pygame...
2025-05-19 22:38:37 - juego - [DEBUG] - MENSAJE DE PRUEBA REPETIDO PARA FILTRO
2025-05-19 22:38:37 - juego - [DEBUG] - Procesando eventos Pygame...
2025-05-19 22:38:37 - juego - [DEBUG] - Iniciando ciclo de renderizado...
2025-05-19 22:38:37 - juego - [DEBUG] - Ciclo de renderizado completado (flip ejecutado).
2025-05-19 22:38:37 - juego - [DEBUG] - MENSAJE DE PRUEBA REPETIDO PARA FILTRO
2025-05-19 22:38:37 - juego - [DEBUG] - Procesando eventos Pygame...
2025-05-19 22:38:37 - juego - [DEBUG] - Iniciando ciclo de renderizado...
2025-05-19 22:38:37 - juego - [DEBUG] - Ciclo de renderizado completado (flip ejecutado).
2025-05-19 22:38:37 - juego - [DEBUG] - MENSAJE DE PRUEBA REPETIDO PARA FILTRO
2025-05-19 22:38:37 - juego - [DEBUG] - Procesando eventos Pygame...
2025-05-19 22:38:37 - juego - [DEBUG] - Iniciando ciclo de renderizado...
2025-05-19 22:38:37 - juego - [DEBUG] - Ciclo de renderizado completado (flip ejecutado).
2025-05-19 22:38:37 - juego - [DEBUG] - MENSAJE DE PRUEBA REPETIDO PARA FILTRO
2025-05-19 22:38:37 - juego - [DEBUG] - Procesando eventos Pygame...
2025-05-19 22:38:37 - juego - [DEBUG] - Iniciando ciclo de renderizado...
2025-05-19 22:38:37 - juego - [DEBUG] - Ciclo de renderizado completado (flip ejecutado).
2025-05-19 22:38:37 - juego - [DEBUG] - MENSAJE DE PRUEBA REPETIDO PARA FILTRO
2025-05-19 22:38:37 - juego - [DEBUG] - Procesando eventos Pygame...
2025-05-19 22:38:37 - juego - [DEBUG] - Iniciando ciclo de renderizado...
2025-05-19 22:38:37 - juego - [DEBUG] - Ciclo de renderizado completado (flip ejecutado).
2025-05-19 22:38:37 - juego - [DEBUG] - MENSAJE DE PRUEBA REPETIDO PARA FILTRO
2025-05-19 22:38:37 - juego - [DEBUG] - Procesando eventos Pygame...
2025-05-19 22:38:37 - juego - [DEBUG] - Iniciando ciclo de renderizado...
2025-05-19 22:38:37 - juego - [DEBUG] - Ciclo de renderizado completado (flip ejecutado).
2025-05-19 22:38:37 - juego - [DEBUG] - MENSAJE DE PRUEBA REPETIDO PARA FILTRO
2025-05-19 22:38:37 - juego - [DEBUG] - Procesando eventos Pygame...
2025-05-19 22:38:37 - juego - [DEBUG] - Iniciando ciclo de renderizado...
2025-05-19 22:38:37 - juego - [DEBUG] - Ciclo de renderizado completado (flip ejecutado).
2025-05-19 22:38:37 - juego - [DEBUG] - MENSAJE DE PRUEBA REPETIDO PARA FILTRO
2025-05-19 22:38:37 - juego - [DEBUG] - Procesando eventos Pygame...
