2025-05-19 22:41:40 - gestor_eventos - [DEBUG] - GestorEventos inicializado.
2025-05-19 22:41:44 - gestor_eventos - [DEBUG] - GestorEventos: KEYDOWN d (100)
2025-05-19 22:41:45 - gestor_eventos - [DEBUG] - GestorEventos: KEYDOWN a (97)
2025-05-19 22:41:45 - gestor_eventos - [DEBUG] - GestorEventos: KEYDOWN w (119)
2025-05-19 22:41:45 - gestor_eventos - [DEBUG] - GestorEventos: KEYDOWN d (100)
2025-05-19 22:41:45 - gestor_eventos - [DEBUG] - GestorEventos: KEYDOWN a (97)
2025-05-19 22:41:45 - gestor_eventos - [DEBUG] - GestorEventos: KEYDOWN s (115)
2025-05-19 22:41:45 - gestor_eventos - [DEBUG] - GestorEventos: KEYDOWN d (100)
2025-05-19 22:41:45 - gestor_eventos - [DEBUG] - GestorEventos: KEYDOWN a (97)
2025-05-19 22:41:45 - gestor_eventos - [DEBUG] - GestorEventos: KEYDOWN d (100)
2025-05-19 22:41:45 - gestor_eventos - [DEBUG] - GestorEventos: KEYDOWN w (119)
2025-05-19 22:41:46 - gestor_eventos - [DEBUG] - GestorEventos: KEYDOWN a (97)
2025-05-19 22:41:46 - gestor_eventos - [DEBUG] - GestorEventos: KEYDOWN d (100)
2025-05-19 22:41:46 - gestor_eventos - [DEBUG] - GestorEventos: KEYDOWN s (115)
2025-05-19 22:41:46 - gestor_eventos - [DEBUG] - GestorEventos: KEYDOWN w (119)
2025-05-19 22:41:47 - gestor_eventos - [DEBUG] - GestorEventos: KEYDOWN w (119)
2025-05-19 22:41:47 - gestor_eventos - [DEBUG] - GestorEventos: KEYDOWN w (119)
2025-05-19 22:41:47 - gestor_eventos - [DEBUG] - GestorEventos: KEYDOWN d (100)
2025-05-19 22:41:47 - gestor_eventos - [DEBUG] - GestorEventos: KEYDOWN s (115)
2025-05-19 22:41:47 - gestor_eventos - [DEBUG] - GestorEventos: KEYDOWN a (97)
2025-05-19 22:41:48 - gestor_eventos - [DEBUG] - GestorEventos: KEYDOWN w (119)
2025-05-19 22:41:48 - gestor_eventos - [DEBUG] - GestorEventos: KEYDOWN a (97)
2025-05-19 22:41:48 - gestor_eventos - [DEBUG] - GestorEventos: KEYDOWN s (115)
2025-05-19 22:41:48 - gestor_eventos - [DEBUG] - GestorEventos: KEYDOWN d (100)
2025-05-19 22:41:48 - gestor_eventos - [DEBUG] - GestorEventos: KEYDOWN d (100)
2025-05-19 22:41:49 - gestor_eventos - [DEBUG] - GestorEventos: KEYDOWN a (97)
2025-05-19 22:41:49 - gestor_eventos - [DEBUG] - GestorEventos: KEYDOWN s (115)
2025-05-19 22:41:49 - gestor_eventos - [DEBUG] - GestorEventos: KEYDOWN d (100)
2025-05-19 22:41:50 - gestor_eventos - [DEBUG] - GestorEventos: KEYDOWN w (119)
2025-05-19 22:41:50 - gestor_eventos - [DEBUG] - GestorEventos: KEYDOWN d (100)
2025-05-19 22:41:51 - gestor_eventos - [DEBUG] - GestorEventos: KEYDOWN s (115)
2025-05-19 22:41:51 - gestor_eventos - [DEBUG] - GestorEventos: KEYDOWN w (119)
2025-05-19 22:41:51 - gestor_eventos - [DEBUG] - GestorEventos: KEYDOWN a (97)
2025-05-19 22:41:51 - gestor_eventos - [DEBUG] - GestorEventos: KEYDOWN d (100)
2025-05-19 22:41:51 - gestor_eventos - [DEBUG] - GestorEventos: KEYDOWN s (115)
2025-05-19 22:41:52 - gestor_eventos - [DEBUG] - GestorEventos: KEYDOWN a (97)
2025-05-19 22:41:52 - gestor_eventos - [DEBUG] - GestorEventos: KEYDOWN d (100)
2025-05-19 22:41:52 - gestor_eventos - [DEBUG] - GestorEventos: KEYDOWN d (100)
2025-05-19 22:41:53 - gestor_eventos - [DEBUG] - GestorEventos: KEYDOWN a (97)
2025-05-19 22:41:53 - gestor_eventos - [DEBUG] - GestorEventos: KEYDOWN a (97)
2025-05-19 22:41:54 - gestor_eventos - [DEBUG] - GestorEventos: KEYDOWN w (119)
2025-05-19 22:41:54 - gestor_eventos - [DEBUG] - GestorEventos: KEYDOWN w (119)
2025-05-19 22:41:54 - gestor_eventos - [DEBUG] - GestorEventos: KEYDOWN d (100)
2025-05-19 22:41:54 - gestor_eventos - [DEBUG] - GestorEventos: KEYDOWN a (97)
2025-05-19 22:41:55 - gestor_eventos - [DEBUG] - GestorEventos: KEYDOWN s (115)
2025-05-19 22:41:55 - gestor_eventos - [DEBUG] - GestorEventos: KEYDOWN d (100)
2025-05-19 22:41:56 - gestor_eventos - [DEBUG] - GestorEventos: KEYDOWN escape (27)
2025-05-19 22:41:56 - gestor_eventos - [INFO] - GestorEventos: Solicitud de SALIR recibida (ESCAPE).
