2025-05-19 21:26:01 - collision_handler - [DEBUG] -         CH_DETALLE: Eje y, Pasada 1. ANTES de colliderect con [Arbol_1].\n                  HB_Ent: TL=(403, 389), Size=(26, 20)\n                  HB_Obs ([Arbol_1]): TL=(505, 310), Size=(35, 25)
2025-05-19 21:26:01 - collision_handler - [DEBUG] -         CH_DETALLE: Eje y, Pasada 1. ANTES de colliderect con [Arbol_2].\n                  HB_Ent: TL=(403, 389), Size=(26, 20)\n                  HB_Obs ([Arbol_2]): TL=(105, 410), Size=(35, 25)
2025-05-19 21:26:01 - collision_handler - [DEBUG] -         CH_DETALLE: Eje y, Pasada 1. ANTES de colliderect con [Enemigo_1].\n                  HB_Ent: TL=(403, 389), Size=(26, 20)\n                  HB_Obs ([Enemigo_1]): TL=(603, 203), Size=(26, 20)
2025-05-19 21:26:01 - collision_handler - [DEBUG] -     --- CH: Fin _resolver_solapamientos_estaticos_eje (y) --- HB_Ent_FINAL_FUNCION: (403, 389)
2025-05-19 21:26:01 - collision_handler - [DEBUG] -   CH: Fase 1 - Fin. Posición segura HB: (403, 389)
2025-05-19 21:26:01 - collision_handler - [DEBUG] -     --- CH: Inicio _aplicar_movimiento_y_colision_eje_x --- dx: 0, HB_in: (403, 389)
2025-05-19 21:26:01 - collision_handler - [DEBUG] -     --- CH: Inicio _aplicar_movimiento_y_colision_eje_y --- dy: -2, HB_in: (403, 389)
2025-05-19 21:26:01 - collision_handler - [DEBUG] -       CH: Fase 2 (Y): dy_aplicado=-2.0000. HB.y original=389, HB.y post-int-trunc=387
2025-05-19 21:26:01 - collision_handler - [DEBUG] -     --- CH: Fin _aplicar_movimiento_y_colision_eje_y --- HB_out Y: 387.00
2025-05-19 21:26:01 - collision_handler - [DEBUG] -   CH: Fase 2 - Fin. Posición HB post-mov: (403, 387)
2025-05-19 21:26:01 - collision_handler - [DEBUG] -     --- CH: Inicio _verificar_y_revertir_colision_post_fase2 --- HB_in: (403, 387)
2025-05-19 21:26:01 - collision_handler - [DEBUG] -     --- CH: Fin _verificar_y_revertir_colision_post_fase2 --- HB_out: (403, 387), ReversionGlobal: False
2025-05-19 21:26:01 - collision_handler - [DEBUG] -   CH: Fase 3 - Fin. Hubo reversión: False. Posición HB final: (403, 387)
2025-05-19 21:26:01 - collision_handler - [DEBUG] - CH: Fin gestionar_movimiento_y_colision. HB_out: (403, 387), Rect_out: (400, 384)
2025-05-19 21:26:01 - collision_handler - [DEBUG] - CH: Inicio gestionar_movimiento_y_colision. dx=0.0000, dy=-2.0000. HB_in: (403, 387), Rect_in: (400, 384)
2025-05-19 21:26:01 - collision_handler - [DEBUG] -     --- CH: Inicio _resolver_solapamientos_estaticos_eje (x) --- Input: 0, HB_Ent_INICIAL_FUNCION: (403, 387), HB_Ent_Size: (26, 20)
2025-05-19 21:26:01 - collision_handler - [DEBUG] -       CH: Pasada 1 res. estática eje x. HB_Ent_Inicio_Pasada: (403, 387)
2025-05-19 21:26:01 - collision_handler - [DEBUG] -         CH_DETALLE: Eje x, Pasada 1. ANTES de colliderect con [Arbol_0].\n                  HB_Ent: TL=(403, 387), Size=(26, 20)\n                  HB_Obs ([Arbol_0]): TL=(305, 160), Size=(35, 25)
2025-05-19 21:26:01 - collision_handler - [DEBUG] -         CH_DETALLE: Eje x, Pasada 1. ANTES de colliderect con [Arbol_1].\n                  HB_Ent: TL=(403, 387), Size=(26, 20)\n                  HB_Obs ([Arbol_1]): TL=(505, 310), Size=(35, 25)
2025-05-19 21:26:01 - collision_handler - [DEBUG] -         CH_DETALLE: Eje x, Pasada 1. ANTES de colliderect con [Arbol_2].\n                  HB_Ent: TL=(403, 387), Size=(26, 20)\n                  HB_Obs ([Arbol_2]): TL=(105, 410), Size=(35, 25)
2025-05-19 21:26:01 - collision_handler - [DEBUG] -         CH_DETALLE: Eje x, Pasada 1. ANTES de colliderect con [Enemigo_1].\n                  HB_Ent: TL=(403, 387), Size=(26, 20)\n                  HB_Obs ([Enemigo_1]): TL=(603, 203), Size=(26, 20)
2025-05-19 21:26:01 - collision_handler - [DEBUG] -     --- CH: Fin _resolver_solapamientos_estaticos_eje (x) --- HB_Ent_FINAL_FUNCION: (403, 387)
2025-05-19 21:26:01 - collision_handler - [DEBUG] -     --- CH: Inicio _resolver_solapamientos_estaticos_eje (y) --- Input: -2, HB_Ent_INICIAL_FUNCION: (403, 387), HB_Ent_Size: (26, 20)
2025-05-19 21:26:01 - collision_handler - [DEBUG] -       CH: Pasada 1 res. estática eje y. HB_Ent_Inicio_Pasada: (403, 387)
2025-05-19 21:26:01 - collision_handler - [DEBUG] -         CH_DETALLE: Eje y, Pasada 1. ANTES de colliderect con [Arbol_0].\n                  HB_Ent: TL=(403, 387), Size=(26, 20)\n                  HB_Obs ([Arbol_0]): TL=(305, 160), Size=(35, 25)
2025-05-19 21:26:01 - collision_handler - [DEBUG] -         CH_DETALLE: Eje y, Pasada 1. ANTES de colliderect con [Arbol_1].\n                  HB_Ent: TL=(403, 387), Size=(26, 20)\n                  HB_Obs ([Arbol_1]): TL=(505, 310), Size=(35, 25)
2025-05-19 21:26:01 - collision_handler - [DEBUG] -         CH_DETALLE: Eje y, Pasada 1. ANTES de colliderect con [Arbol_2].\n                  HB_Ent: TL=(403, 387), Size=(26, 20)\n                  HB_Obs ([Arbol_2]): TL=(105, 410), Size=(35, 25)
2025-05-19 21:26:01 - collision_handler - [DEBUG] -         CH_DETALLE: Eje y, Pasada 1. ANTES de colliderect con [Enemigo_1].\n                  HB_Ent: TL=(403, 387), Size=(26, 20)\n                  HB_Obs ([Enemigo_1]): TL=(603, 203), Size=(26, 20)
2025-05-19 21:26:01 - collision_handler - [DEBUG] -     --- CH: Fin _resolver_solapamientos_estaticos_eje (y) --- HB_Ent_FINAL_FUNCION: (403, 387)
2025-05-19 21:26:01 - collision_handler - [DEBUG] -   CH: Fase 1 - Fin. Posición segura HB: (403, 387)
2025-05-19 21:26:01 - collision_handler - [DEBUG] -     --- CH: Inicio _aplicar_movimiento_y_colision_eje_x --- dx: 0, HB_in: (403, 387)
2025-05-19 21:26:01 - collision_handler - [DEBUG] -     --- CH: Inicio _aplicar_movimiento_y_colision_eje_y --- dy: -2, HB_in: (403, 387)
2025-05-19 21:26:01 - collision_handler - [DEBUG] -       CH: Fase 2 (Y): dy_aplicado=-2.0000. HB.y original=387, HB.y post-int-trunc=385
2025-05-19 21:26:01 - collision_handler - [DEBUG] -     --- CH: Fin _aplicar_movimiento_y_colision_eje_y --- HB_out Y: 385.00
2025-05-19 21:26:01 - collision_handler - [DEBUG] -   CH: Fase 2 - Fin. Posición HB post-mov: (403, 385)
2025-05-19 21:26:01 - collision_handler - [DEBUG] -     --- CH: Inicio _verificar_y_revertir_colision_post_fase2 --- HB_in: (403, 385)
2025-05-19 21:26:01 - collision_handler - [DEBUG] -     --- CH: Fin _verificar_y_revertir_colision_post_fase2 --- HB_out: (403, 385), ReversionGlobal: False
2025-05-19 21:26:01 - collision_handler - [DEBUG] -   CH: Fase 3 - Fin. Hubo reversión: False. Posición HB final: (403, 385)
2025-05-19 21:26:01 - collision_handler - [DEBUG] - CH: Fin gestionar_movimiento_y_colision. HB_out: (403, 385), Rect_out: (400, 382)
2025-05-19 21:26:01 - collision_handler - [DEBUG] - CH: Inicio gestionar_movimiento_y_colision. dx=0.0000, dy=-2.0000. HB_in: (403, 385), Rect_in: (400, 382)
2025-05-19 21:26:01 - collision_handler - [DEBUG] -   CH: Fase 1 - Resolviendo solapamientos estáticos (Eje X)...
2025-05-19 21:26:01 - collision_handler - [DEBUG] -     --- CH: Inicio _resolver_solapamientos_estaticos_eje (x) --- Input: 0, HB_Ent_INICIAL_FUNCION: (403, 385), HB_Ent_Size: (26, 20)
2025-05-19 21:26:01 - collision_handler - [DEBUG] -       CH: Pasada 1 res. estática eje x. HB_Ent_Inicio_Pasada: (403, 385)
2025-05-19 21:26:01 - collision_handler - [DEBUG] -         CH_DETALLE: Eje x, Pasada 1. ANTES de colliderect con [Arbol_0].\n                  HB_Ent: TL=(403, 385), Size=(26, 20)\n                  HB_Obs ([Arbol_0]): TL=(305, 160), Size=(35, 25)
2025-05-19 21:26:01 - collision_handler - [DEBUG] -         CH_DETALLE: Eje x, Pasada 1. [Arbol_0]. Resultado de colliderect: False
2025-05-19 21:26:01 - collision_handler - [DEBUG] -         CH_DETALLE: Eje x, Pasada 1. ANTES de colliderect con [Arbol_1].\n                  HB_Ent: TL=(403, 385), Size=(26, 20)\n                  HB_Obs ([Arbol_1]): TL=(505, 310), Size=(35, 25)
2025-05-19 21:26:01 - collision_handler - [DEBUG] -         CH_DETALLE: Eje x, Pasada 1. [Arbol_1]. Resultado de colliderect: False
2025-05-19 21:26:01 - collision_handler - [DEBUG] -         CH_DETALLE: Eje x, Pasada 1. ANTES de colliderect con [Arbol_2].\n                  HB_Ent: TL=(403, 385), Size=(26, 20)\n                  HB_Obs ([Arbol_2]): TL=(105, 410), Size=(35, 25)
2025-05-19 21:26:01 - collision_handler - [DEBUG] -         CH_DETALLE: Eje x, Pasada 1. [Arbol_2]. Resultado de colliderect: False
2025-05-19 21:26:01 - collision_handler - [DEBUG] -         CH_DETALLE: Eje x, Pasada 1. ANTES de colliderect con [Enemigo_1].\n                  HB_Ent: TL=(403, 385), Size=(26, 20)\n                  HB_Obs ([Enemigo_1]): TL=(603, 203), Size=(26, 20)
2025-05-19 21:26:01 - collision_handler - [DEBUG] -         CH_DETALLE: Eje x, Pasada 1. [Enemigo_1]. Resultado de colliderect: False
2025-05-19 21:26:01 - collision_handler - [DEBUG] -       CH: No más solapamientos estáticos eje x en pasada 1. Saliendo.
2025-05-19 21:26:01 - collision_handler - [DEBUG] -     --- CH: Fin _resolver_solapamientos_estaticos_eje (x) --- HB_Ent_FINAL_FUNCION: (403, 385)
2025-05-19 21:26:01 - collision_handler - [DEBUG] -   CH: Fase 1 - Resolviendo solapamientos estáticos (Eje Y)...
2025-05-19 21:26:01 - collision_handler - [DEBUG] -     --- CH: Inicio _resolver_solapamientos_estaticos_eje (y) --- Input: -2, HB_Ent_INICIAL_FUNCION: (403, 385), HB_Ent_Size: (26, 20)
2025-05-19 21:26:01 - collision_handler - [DEBUG] -       CH: Pasada 1 res. estática eje y. HB_Ent_Inicio_Pasada: (403, 385)
2025-05-19 21:26:01 - collision_handler - [DEBUG] -         CH_DETALLE: Eje y, Pasada 1. ANTES de colliderect con [Arbol_0].\n                  HB_Ent: TL=(403, 385), Size=(26, 20)\n                  HB_Obs ([Arbol_0]): TL=(305, 160), Size=(35, 25)
2025-05-19 21:26:01 - collision_handler - [DEBUG] -         CH_DETALLE: Eje y, Pasada 1. [Arbol_0]. Resultado de colliderect: False
2025-05-19 21:26:01 - collision_handler - [DEBUG] -         CH_DETALLE: Eje y, Pasada 1. ANTES de colliderect con [Arbol_1].\n                  HB_Ent: TL=(403, 385), Size=(26, 20)\n                  HB_Obs ([Arbol_1]): TL=(505, 310), Size=(35, 25)
2025-05-19 21:26:01 - collision_handler - [DEBUG] -         CH_DETALLE: Eje y, Pasada 1. [Arbol_1]. Resultado de colliderect: False
2025-05-19 21:26:01 - collision_handler - [DEBUG] -         CH_DETALLE: Eje y, Pasada 1. ANTES de colliderect con [Arbol_2].\n                  HB_Ent: TL=(403, 385), Size=(26, 20)\n                  HB_Obs ([Arbol_2]): TL=(105, 410), Size=(35, 25)
2025-05-19 21:26:01 - collision_handler - [DEBUG] -         CH_DETALLE: Eje y, Pasada 1. [Arbol_2]. Resultado de colliderect: False
2025-05-19 21:26:01 - collision_handler - [DEBUG] -         CH_DETALLE: Eje y, Pasada 1. ANTES de colliderect con [Enemigo_1].\n                  HB_Ent: TL=(403, 385), Size=(26, 20)\n                  HB_Obs ([Enemigo_1]): TL=(603, 203), Size=(26, 20)
2025-05-19 21:26:01 - collision_handler - [DEBUG] -         CH_DETALLE: Eje y, Pasada 1. [Enemigo_1]. Resultado de colliderect: False
2025-05-19 21:26:01 - collision_handler - [DEBUG] -       CH: No más solapamientos estáticos eje y en pasada 1. Saliendo.
2025-05-19 21:26:01 - collision_handler - [DEBUG] -     --- CH: Fin _resolver_solapamientos_estaticos_eje (y) --- HB_Ent_FINAL_FUNCION: (403, 385)
2025-05-19 21:26:01 - collision_handler - [DEBUG] -   CH: Fase 1 - Fin. Posición segura HB: (403, 385)
2025-05-19 21:26:01 - collision_handler - [DEBUG] -   CH: Fase 2 - Aplicando movimiento y colisión (Eje X)...
2025-05-19 21:26:01 - collision_handler - [DEBUG] -     --- CH: Inicio _aplicar_movimiento_y_colision_eje_x --- dx: 0, HB_in: (403, 385)
2025-05-19 21:26:01 - collision_handler - [DEBUG] -     --- CH: Fin _aplicar_movimiento_y_colision_eje_x --- HB_out X: 403.00
2025-05-19 21:26:01 - collision_handler - [DEBUG] -   CH: Fase 2 - Aplicando movimiento y colisión (Eje Y)...
2025-05-19 21:26:01 - collision_handler - [DEBUG] -     --- CH: Inicio _aplicar_movimiento_y_colision_eje_y --- dy: -2, HB_in: (403, 385)
2025-05-19 21:26:01 - collision_handler - [DEBUG] -       CH: Fase 2 (Y): dy_aplicado=-2.0000. HB.y original=385, HB.y post-int-trunc=383
2025-05-19 21:26:01 - collision_handler - [DEBUG] -     --- CH: Fin _aplicar_movimiento_y_colision_eje_y --- HB_out Y: 383.00
2025-05-19 21:26:01 - collision_handler - [DEBUG] -   CH: Fase 2 - Fin. Posición HB post-mov: (403, 383)
2025-05-19 21:26:01 - collision_handler - [DEBUG] -   CH: Fase 3 - Verificando y revirtiendo colisión post-Fase 2...
2025-05-19 21:26:01 - collision_handler - [DEBUG] -     --- CH: Inicio _verificar_y_revertir_colision_post_fase2 --- HB_in: (403, 383)
2025-05-19 21:26:01 - collision_handler - [DEBUG] -     --- CH: Fin _verificar_y_revertir_colision_post_fase2 --- HB_out: (403, 383), ReversionGlobal: False
2025-05-19 21:26:01 - collision_handler - [DEBUG] -   CH: Fase 3 - Fin. Hubo reversión: False. Posición HB final: (403, 383)
2025-05-19 21:26:01 - collision_handler - [DEBUG] - CH: Fin gestionar_movimiento_y_colision. HB_out: (403, 383), Rect_out: (400, 380)
2025-05-19 21:26:01 - collision_handler - [DEBUG] - CH: Inicio gestionar_movimiento_y_colision. dx=0.0000, dy=-2.0000. HB_in: (403, 383), Rect_in: (400, 380)
2025-05-19 21:26:01 - collision_handler - [DEBUG] -     --- CH: Inicio _resolver_solapamientos_estaticos_eje (x) --- Input: 0, HB_Ent_INICIAL_FUNCION: (403, 383), HB_Ent_Size: (26, 20)
2025-05-19 21:26:01 - collision_handler - [DEBUG] -       CH: Pasada 1 res. estática eje x. HB_Ent_Inicio_Pasada: (403, 383)
2025-05-19 21:26:01 - collision_handler - [DEBUG] -         CH_DETALLE: Eje x, Pasada 1. ANTES de colliderect con [Arbol_0].\n                  HB_Ent: TL=(403, 383), Size=(26, 20)\n                  HB_Obs ([Arbol_0]): TL=(305, 160), Size=(35, 25)
2025-05-19 21:26:01 - collision_handler - [DEBUG] -         CH_DETALLE: Eje x, Pasada 1. ANTES de colliderect con [Arbol_1].\n                  HB_Ent: TL=(403, 383), Size=(26, 20)\n                  HB_Obs ([Arbol_1]): TL=(505, 310), Size=(35, 25)
2025-05-19 21:26:01 - collision_handler - [DEBUG] -         CH_DETALLE: Eje x, Pasada 1. ANTES de colliderect con [Arbol_2].\n                  HB_Ent: TL=(403, 383), Size=(26, 20)\n                  HB_Obs ([Arbol_2]): TL=(105, 410), Size=(35, 25)
2025-05-19 21:26:01 - collision_handler - [DEBUG] -         CH_DETALLE: Eje x, Pasada 1. ANTES de colliderect con [Enemigo_1].\n                  HB_Ent: TL=(403, 383), Size=(26, 20)\n                  HB_Obs ([Enemigo_1]): TL=(603, 203), Size=(26, 20)
2025-05-19 21:26:01 - collision_handler - [DEBUG] -     --- CH: Fin _resolver_solapamientos_estaticos_eje (x) --- HB_Ent_FINAL_FUNCION: (403, 383)
2025-05-19 21:26:01 - collision_handler - [DEBUG] -     --- CH: Inicio _resolver_solapamientos_estaticos_eje (y) --- Input: -2, HB_Ent_INICIAL_FUNCION: (403, 383), HB_Ent_Size: (26, 20)
2025-05-19 21:26:01 - collision_handler - [DEBUG] -       CH: Pasada 1 res. estática eje y. HB_Ent_Inicio_Pasada: (403, 383)
2025-05-19 21:26:01 - collision_handler - [DEBUG] -         CH_DETALLE: Eje y, Pasada 1. ANTES de colliderect con [Arbol_0].\n                  HB_Ent: TL=(403, 383), Size=(26, 20)\n                  HB_Obs ([Arbol_0]): TL=(305, 160), Size=(35, 25)
2025-05-19 21:26:01 - collision_handler - [DEBUG] -         CH_DETALLE: Eje y, Pasada 1. ANTES de colliderect con [Arbol_1].\n                  HB_Ent: TL=(403, 383), Size=(26, 20)\n                  HB_Obs ([Arbol_1]): TL=(505, 310), Size=(35, 25)
2025-05-19 21:26:01 - collision_handler - [DEBUG] -         CH_DETALLE: Eje y, Pasada 1. ANTES de colliderect con [Arbol_2].\n                  HB_Ent: TL=(403, 383), Size=(26, 20)\n                  HB_Obs ([Arbol_2]): TL=(105, 410), Size=(35, 25)
2025-05-19 21:26:01 - collision_handler - [DEBUG] -         CH_DETALLE: Eje y, Pasada 1. ANTES de colliderect con [Enemigo_1].\n                  HB_Ent: TL=(403, 383), Size=(26, 20)\n                  HB_Obs ([Enemigo_1]): TL=(603, 203), Size=(26, 20)
2025-05-19 21:26:01 - collision_handler - [DEBUG] -     --- CH: Fin _resolver_solapamientos_estaticos_eje (y) --- HB_Ent_FINAL_FUNCION: (403, 383)
2025-05-19 21:26:01 - collision_handler - [DEBUG] -   CH: Fase 1 - Fin. Posición segura HB: (403, 383)
2025-05-19 21:26:01 - collision_handler - [DEBUG] -     --- CH: Inicio _aplicar_movimiento_y_colision_eje_x --- dx: 0, HB_in: (403, 383)
2025-05-19 21:26:01 - collision_handler - [DEBUG] -     --- CH: Inicio _aplicar_movimiento_y_colision_eje_y --- dy: -2, HB_in: (403, 383)
2025-05-19 21:26:01 - collision_handler - [DEBUG] -       CH: Fase 2 (Y): dy_aplicado=-2.0000. HB.y original=383, HB.y post-int-trunc=381
2025-05-19 21:26:01 - collision_handler - [DEBUG] -     --- CH: Fin _aplicar_movimiento_y_colision_eje_y --- HB_out Y: 381.00
2025-05-19 21:26:01 - collision_handler - [DEBUG] -   CH: Fase 2 - Fin. Posición HB post-mov: (403, 381)
2025-05-19 21:26:01 - collision_handler - [DEBUG] -     --- CH: Inicio _verificar_y_revertir_colision_post_fase2 --- HB_in: (403, 381)
2025-05-19 21:26:01 - collision_handler - [DEBUG] -     --- CH: Fin _verificar_y_revertir_colision_post_fase2 --- HB_out: (403, 381), ReversionGlobal: False
2025-05-19 21:26:01 - collision_handler - [DEBUG] -   CH: Fase 3 - Fin. Hubo reversión: False. Posición HB final: (403, 381)
2025-05-19 21:26:01 - collision_handler - [DEBUG] - CH: Fin gestionar_movimiento_y_colision. HB_out: (403, 381), Rect_out: (400, 378)
2025-05-19 21:26:01 - collision_handler - [DEBUG] - CH: Inicio gestionar_movimiento_y_colision. dx=0.0000, dy=-2.0000. HB_in: (403, 381), Rect_in: (400, 378)
2025-05-19 21:26:01 - collision_handler - [DEBUG] -     --- CH: Inicio _resolver_solapamientos_estaticos_eje (x) --- Input: 0, HB_Ent_INICIAL_FUNCION: (403, 381), HB_Ent_Size: (26, 20)
2025-05-19 21:26:01 - collision_handler - [DEBUG] -       CH: Pasada 1 res. estática eje x. HB_Ent_Inicio_Pasada: (403, 381)
2025-05-19 21:26:01 - collision_handler - [DEBUG] -         CH_DETALLE: Eje x, Pasada 1. ANTES de colliderect con [Arbol_0].\n                  HB_Ent: TL=(403, 381), Size=(26, 20)\n                  HB_Obs ([Arbol_0]): TL=(305, 160), Size=(35, 25)
2025-05-19 21:26:01 - collision_handler - [DEBUG] -         CH_DETALLE: Eje x, Pasada 1. ANTES de colliderect con [Arbol_1].\n                  HB_Ent: TL=(403, 381), Size=(26, 20)\n                  HB_Obs ([Arbol_1]): TL=(505, 310), Size=(35, 25)
2025-05-19 21:26:01 - collision_handler - [DEBUG] -         CH_DETALLE: Eje x, Pasada 1. ANTES de colliderect con [Arbol_2].\n                  HB_Ent: TL=(403, 381), Size=(26, 20)\n                  HB_Obs ([Arbol_2]): TL=(105, 410), Size=(35, 25)
2025-05-19 21:26:01 - collision_handler - [DEBUG] -         CH_DETALLE: Eje x, Pasada 1. ANTES de colliderect con [Enemigo_1].\n                  HB_Ent: TL=(403, 381), Size=(26, 20)\n                  HB_Obs ([Enemigo_1]): TL=(603, 203), Size=(26, 20)
2025-05-19 21:26:01 - collision_handler - [DEBUG] -     --- CH: Fin _resolver_solapamientos_estaticos_eje (x) --- HB_Ent_FINAL_FUNCION: (403, 381)
2025-05-19 21:26:01 - collision_handler - [DEBUG] -     --- CH: Inicio _resolver_solapamientos_estaticos_eje (y) --- Input: -2, HB_Ent_INICIAL_FUNCION: (403, 381), HB_Ent_Size: (26, 20)
2025-05-19 21:26:01 - collision_handler - [DEBUG] -       CH: Pasada 1 res. estática eje y. HB_Ent_Inicio_Pasada: (403, 381)
2025-05-19 21:26:01 - collision_handler - [DEBUG] -         CH_DETALLE: Eje y, Pasada 1. ANTES de colliderect con [Arbol_0].\n                  HB_Ent: TL=(403, 381), Size=(26, 20)\n                  HB_Obs ([Arbol_0]): TL=(305, 160), Size=(35, 25)
2025-05-19 21:26:01 - collision_handler - [DEBUG] -         CH_DETALLE: Eje y, Pasada 1. ANTES de colliderect con [Arbol_1].\n                  HB_Ent: TL=(403, 381), Size=(26, 20)\n                  HB_Obs ([Arbol_1]): TL=(505, 310), Size=(35, 25)
2025-05-19 21:26:01 - collision_handler - [DEBUG] -         CH_DETALLE: Eje y, Pasada 1. ANTES de colliderect con [Arbol_2].\n                  HB_Ent: TL=(403, 381), Size=(26, 20)\n                  HB_Obs ([Arbol_2]): TL=(105, 410), Size=(35, 25)
2025-05-19 21:26:01 - collision_handler - [DEBUG] -         CH_DETALLE: Eje y, Pasada 1. ANTES de colliderect con [Enemigo_1].\n                  HB_Ent: TL=(403, 381), Size=(26, 20)\n                  HB_Obs ([Enemigo_1]): TL=(603, 203), Size=(26, 20)
2025-05-19 21:26:01 - collision_handler - [DEBUG] -     --- CH: Fin _resolver_solapamientos_estaticos_eje (y) --- HB_Ent_FINAL_FUNCION: (403, 381)
2025-05-19 21:26:01 - collision_handler - [DEBUG] -   CH: Fase 1 - Fin. Posición segura HB: (403, 381)
2025-05-19 21:26:01 - collision_handler - [DEBUG] -     --- CH: Inicio _aplicar_movimiento_y_colision_eje_x --- dx: 0, HB_in: (403, 381)
2025-05-19 21:26:01 - collision_handler - [DEBUG] -     --- CH: Inicio _aplicar_movimiento_y_colision_eje_y --- dy: -2, HB_in: (403, 381)
2025-05-19 21:26:01 - collision_handler - [DEBUG] -       CH: Fase 2 (Y): dy_aplicado=-2.0000. HB.y original=381, HB.y post-int-trunc=379
2025-05-19 21:26:01 - collision_handler - [DEBUG] -     --- CH: Fin _aplicar_movimiento_y_colision_eje_y --- HB_out Y: 379.00
2025-05-19 21:26:01 - collision_handler - [DEBUG] -   CH: Fase 2 - Fin. Posición HB post-mov: (403, 379)
2025-05-19 21:26:01 - collision_handler - [DEBUG] -     --- CH: Inicio _verificar_y_revertir_colision_post_fase2 --- HB_in: (403, 379)
2025-05-19 21:26:01 - collision_handler - [DEBUG] -     --- CH: Fin _verificar_y_revertir_colision_post_fase2 --- HB_out: (403, 379), ReversionGlobal: False
2025-05-19 21:26:01 - collision_handler - [DEBUG] -   CH: Fase 3 - Fin. Hubo reversión: False. Posición HB final: (403, 379)
2025-05-19 21:26:01 - collision_handler - [DEBUG] - CH: Fin gestionar_movimiento_y_colision. HB_out: (403, 379), Rect_out: (400, 376)
