2025-05-19 22:41:56 - enemigo - [DEBUG] - [Enemigo_2] Inicia _mover_y_colisionar_con_obstaculos. dx_int=0, dy_int=2. HB Actual: (280, 140)
2025-05-19 22:41:56 - enemigo - [DEBUG] - [Enemigo_2] Hitbox recentrado (enemigo): (293, 150) (Rect center: (293, 150))
2025-05-19 22:41:56 - enemigo - [DEBUG] - [Enemigo_2] _mover_y_colisionar: HB Antes CH: (280,140), HB Despues CH y Sinc: (280,140), Rect: (277, 137), PosFlotante: (280.00,140.00)
2025-05-19 22:41:56 - enemigo - [DEBUG] - [Enemigo_2] Posición DESPUÉS de mov/col: HB (280, 140), Rect (277, 137), Flot (280.00, 140.00)
2025-05-19 22:41:56 - enemigo - [DEBUG] - [Enemigo_1] --- Inicio Update IA --- Delta: 0.0160s. Pos ANTES: HB (306, 140), Rect (303, 137), Flot (306.00, 140.00)
2025-05-19 22:41:56 - enemigo - [DEBUG] - [Enemigo_1] Pos flotante (post-IA y delta): (305.2080, 140.7920)
2025-05-19 22:41:56 - enemigo - [DEBUG] - [Enemigo_1] Solicita movimiento a CH (deltas enteros): dx_int=-1, dy_int=1. HB Actual: (306, 140) (Flotantes totales: dx=-0.7920, dy=0.7920)
2025-05-19 22:41:56 - enemigo - [DEBUG] - [Enemigo_2] --- Inicio Update IA --- Delta: 0.0160s. Pos ANTES: HB (280, 140), Rect (277, 137), Flot (280.00, 140.00)
2025-05-19 22:41:56 - enemigo - [DEBUG] - [Enemigo_2] Pos flotante (post-IA y delta): (280.0000, 141.1200)
2025-05-19 22:41:56 - enemigo - [DEBUG] - [Enemigo_2] Solicita movimiento a CH (deltas enteros): dx_int=0, dy_int=2. HB Actual: (280, 140) (Flotantes totales: dx=0.0000, dy=1.1200)
2025-05-19 22:41:56 - enemigo - [DEBUG] - [Enemigo_1] --- Inicio Update IA --- Delta: 0.0170s. Pos ANTES: HB (306, 140), Rect (303, 137), Flot (306.00, 140.00)
2025-05-19 22:41:56 - enemigo - [DEBUG] - [Enemigo_1] Target (centro (293, 176)), Dist: 36.77. Mi Centro HB: (319, 150)
2025-05-19 22:41:56 - enemigo - [DEBUG] - [Enemigo_1] EN RANGO AGRO. Input IA (vel): (-49.50, 49.50)
2025-05-19 22:41:56 - enemigo - [DEBUG] - [Enemigo_1] Pos flotante (post-IA y delta): (305.1585, 140.8415)
2025-05-19 22:41:56 - enemigo - [DEBUG] - [Enemigo_1] Solicita movimiento a CH (deltas enteros): dx_int=-1, dy_int=1. HB Actual: (306, 140) (Flotantes totales: dx=-0.8415, dy=0.8415)
2025-05-19 22:41:56 - enemigo - [DEBUG] - [Enemigo_1] Inicia _mover_y_colisionar_con_obstaculos. dx_int=-1, dy_int=1. HB Actual: (306, 140)
2025-05-19 22:41:56 - enemigo - [DEBUG] - [Enemigo_1] _mover_y_colisionar: HB Antes CH: (306,140), HB Despues CH y Sinc: (306,140), Rect: (303, 137), PosFlotante: (306.00,140.00)
2025-05-19 22:41:56 - enemigo - [DEBUG] - [Enemigo_1] Hitbox recentrado (enemigo): (319, 150) (Rect center: (319, 150))
2025-05-19 22:41:56 - enemigo - [DEBUG] - [Enemigo_1] Posición DESPUÉS de mov/col: HB (306, 140), Rect (303, 137), Flot (306.00, 140.00)
2025-05-19 22:41:56 - enemigo - [DEBUG] - [Enemigo_2] --- Inicio Update IA --- Delta: 0.0170s. Pos ANTES: HB (280, 140), Rect (277, 137), Flot (280.00, 140.00)
2025-05-19 22:41:56 - enemigo - [DEBUG] - [Enemigo_2] Target (centro (293, 176)), Dist: 26.00. Mi Centro HB: (293, 150)
2025-05-19 22:41:56 - enemigo - [DEBUG] - [Enemigo_2] EN RANGO AGRO. Input IA (vel): (0.00, 70.00)
2025-05-19 22:41:56 - enemigo - [DEBUG] - [Enemigo_2] Pos flotante (post-IA y delta): (280.0000, 141.1900)
2025-05-19 22:41:56 - enemigo - [DEBUG] - [Enemigo_2] Solicita movimiento a CH (deltas enteros): dx_int=0, dy_int=2. HB Actual: (280, 140) (Flotantes totales: dx=0.0000, dy=1.1900)
2025-05-19 22:41:56 - enemigo - [DEBUG] - [Enemigo_2] Inicia _mover_y_colisionar_con_obstaculos. dx_int=0, dy_int=2. HB Actual: (280, 140)
2025-05-19 22:41:56 - enemigo - [DEBUG] - [Enemigo_2] Hitbox recentrado (enemigo): (293, 150) (Rect center: (293, 150))
2025-05-19 22:41:56 - enemigo - [DEBUG] - [Enemigo_2] _mover_y_colisionar: HB Antes CH: (280,140), HB Despues CH y Sinc: (280,140), Rect: (277, 137), PosFlotante: (280.00,140.00)
2025-05-19 22:41:56 - enemigo - [DEBUG] - [Enemigo_2] Posición DESPUÉS de mov/col: HB (280, 140), Rect (277, 137), Flot (280.00, 140.00)
2025-05-19 22:41:56 - enemigo - [DEBUG] - [Enemigo_1] --- Inicio Update IA --- Delta: 0.0170s. Pos ANTES: HB (306, 140), Rect (303, 137), Flot (306.00, 140.00)
2025-05-19 22:41:56 - enemigo - [DEBUG] - [Enemigo_1] Target (centro (293, 176)), Dist: 36.77. Mi Centro HB: (319, 150)
2025-05-19 22:41:56 - enemigo - [DEBUG] - [Enemigo_1] EN RANGO AGRO. Input IA (vel): (-49.50, 49.50)
2025-05-19 22:41:56 - enemigo - [DEBUG] - [Enemigo_1] Pos flotante (post-IA y delta): (305.1585, 140.8415)
2025-05-19 22:41:56 - enemigo - [DEBUG] - [Enemigo_1] Solicita movimiento a CH (deltas enteros): dx_int=-1, dy_int=1. HB Actual: (306, 140) (Flotantes totales: dx=-0.8415, dy=0.8415)
2025-05-19 22:41:56 - enemigo - [DEBUG] - [Enemigo_1] Inicia _mover_y_colisionar_con_obstaculos. dx_int=-1, dy_int=1. HB Actual: (306, 140)
2025-05-19 22:41:56 - enemigo - [DEBUG] - [Enemigo_1] _mover_y_colisionar: HB Antes CH: (306,140), HB Despues CH y Sinc: (306,140), Rect: (303, 137), PosFlotante: (306.00,140.00)
2025-05-19 22:41:56 - enemigo - [DEBUG] - [Enemigo_1] Hitbox recentrado (enemigo): (319, 150) (Rect center: (319, 150))
2025-05-19 22:41:56 - enemigo - [DEBUG] - [Enemigo_1] Posición DESPUÉS de mov/col: HB (306, 140), Rect (303, 137), Flot (306.00, 140.00)
2025-05-19 22:41:56 - enemigo - [DEBUG] - [Enemigo_2] --- Inicio Update IA --- Delta: 0.0170s. Pos ANTES: HB (280, 140), Rect (277, 137), Flot (280.00, 140.00)
2025-05-19 22:41:56 - enemigo - [DEBUG] - [Enemigo_2] Target (centro (293, 176)), Dist: 26.00. Mi Centro HB: (293, 150)
2025-05-19 22:41:56 - enemigo - [DEBUG] - [Enemigo_2] EN RANGO AGRO. Input IA (vel): (0.00, 70.00)
2025-05-19 22:41:56 - enemigo - [DEBUG] - [Enemigo_2] Pos flotante (post-IA y delta): (280.0000, 141.1900)
2025-05-19 22:41:56 - enemigo - [DEBUG] - [Enemigo_2] Solicita movimiento a CH (deltas enteros): dx_int=0, dy_int=2. HB Actual: (280, 140) (Flotantes totales: dx=0.0000, dy=1.1900)
2025-05-19 22:41:56 - enemigo - [DEBUG] - [Enemigo_2] Inicia _mover_y_colisionar_con_obstaculos. dx_int=0, dy_int=2. HB Actual: (280, 140)
2025-05-19 22:41:56 - enemigo - [DEBUG] - [Enemigo_2] Hitbox recentrado (enemigo): (293, 150) (Rect center: (293, 150))
2025-05-19 22:41:56 - enemigo - [DEBUG] - [Enemigo_2] _mover_y_colisionar: HB Antes CH: (280,140), HB Despues CH y Sinc: (280,140), Rect: (277, 137), PosFlotante: (280.00,140.00)
2025-05-19 22:41:56 - enemigo - [DEBUG] - [Enemigo_2] Posición DESPUÉS de mov/col: HB (280, 140), Rect (277, 137), Flot (280.00, 140.00)
2025-05-19 22:41:56 - enemigo - [DEBUG] - [Enemigo_1] --- Inicio Update IA --- Delta: 0.0160s. Pos ANTES: HB (306, 140), Rect (303, 137), Flot (306.00, 140.00)
2025-05-19 22:41:56 - enemigo - [DEBUG] - [Enemigo_1] Pos flotante (post-IA y delta): (305.2080, 140.7920)
2025-05-19 22:41:56 - enemigo - [DEBUG] - [Enemigo_1] Solicita movimiento a CH (deltas enteros): dx_int=-1, dy_int=1. HB Actual: (306, 140) (Flotantes totales: dx=-0.7920, dy=0.7920)
2025-05-19 22:41:56 - enemigo - [DEBUG] - [Enemigo_2] --- Inicio Update IA --- Delta: 0.0160s. Pos ANTES: HB (280, 140), Rect (277, 137), Flot (280.00, 140.00)
2025-05-19 22:41:56 - enemigo - [DEBUG] - [Enemigo_2] Pos flotante (post-IA y delta): (280.0000, 141.1200)
2025-05-19 22:41:56 - enemigo - [DEBUG] - [Enemigo_2] Solicita movimiento a CH (deltas enteros): dx_int=0, dy_int=2. HB Actual: (280, 140) (Flotantes totales: dx=0.0000, dy=1.1200)
