2025-05-19 22:41:51 - juego - [DEBUG] - Ciclo de renderizado completado (flip ejecutado).
2025-05-19 22:41:51 - juego - [DEBUG] - MENSAJE DE PRUEBA REPETIDO PARA FILTRO
2025-05-19 22:41:51 - juego - [DEBUG] - Procesando eventos Pygame...
2025-05-19 22:41:51 - juego - [DEBUG] - MENSAJE DE PRUEBA REPETIDO PARA FILTRO
2025-05-19 22:41:51 - juego - [DEBUG] - Procesando eventos Pygame...
2025-05-19 22:41:51 - juego - [DEBUG] - Iniciando ciclo de renderizado...
2025-05-19 22:41:51 - juego - [DEBUG] - Ciclo de renderizado completado (flip ejecutado).
2025-05-19 22:41:51 - juego - [DEBUG] - MENSAJE DE PRUEBA REPETIDO PARA FILTRO
2025-05-19 22:41:51 - juego - [DEBUG] - Procesando eventos Pygame...
2025-05-19 22:41:51 - juego - [DEBUG] - Iniciando ciclo de renderizado...
2025-05-19 22:41:51 - juego - [DEBUG] - Ciclo de renderizado completado (flip ejecutado).
2025-05-19 22:41:51 - juego - [DEBUG] - MENSAJE DE PRUEBA REPETIDO PARA FILTRO
2025-05-19 22:41:51 - juego - [DEBUG] - Procesando eventos Pygame...
2025-05-19 22:41:51 - juego - [DEBUG] - Iniciando ciclo de renderizado...
2025-05-19 22:41:51 - juego - [DEBUG] - Ciclo de renderizado completado (flip ejecutado).
2025-05-19 22:41:51 - juego - [DEBUG] - MENSAJE DE PRUEBA REPETIDO PARA FILTRO
2025-05-19 22:41:51 - juego - [DEBUG] - Procesando eventos Pygame...
2025-05-19 22:41:51 - juego - [DEBUG] - Iniciando ciclo de renderizado...
2025-05-19 22:41:51 - juego - [DEBUG] - Ciclo de renderizado completado (flip ejecutado).
2025-05-19 22:41:51 - juego - [DEBUG] - MENSAJE DE PRUEBA REPETIDO PARA FILTRO
2025-05-19 22:41:51 - juego - [DEBUG] - Procesando eventos Pygame...
2025-05-19 22:41:51 - juego - [DEBUG] - Iniciando ciclo de renderizado...
2025-05-19 22:41:51 - juego - [DEBUG] - Ciclo de renderizado completado (flip ejecutado).
2025-05-19 22:41:51 - juego - [DEBUG] - MENSAJE DE PRUEBA REPETIDO PARA FILTRO
2025-05-19 22:41:51 - juego - [DEBUG] - Procesando eventos Pygame...
2025-05-19 22:41:51 - juego - [DEBUG] - Iniciando ciclo de renderizado...
2025-05-19 22:41:51 - juego - [DEBUG] - Ciclo de renderizado completado (flip ejecutado).
2025-05-19 22:41:51 - juego - [DEBUG] - MENSAJE DE PRUEBA REPETIDO PARA FILTRO
2025-05-19 22:41:51 - juego - [DEBUG] - Procesando eventos Pygame...
2025-05-19 22:41:51 - juego - [DEBUG] - Iniciando ciclo de renderizado...
2025-05-19 22:41:51 - juego - [DEBUG] - Ciclo de renderizado completado (flip ejecutado).
2025-05-19 22:41:51 - juego - [DEBUG] - MENSAJE DE PRUEBA REPETIDO PARA FILTRO
2025-05-19 22:41:51 - juego - [DEBUG] - Procesando eventos Pygame...
2025-05-19 22:41:51 - juego - [DEBUG] - Iniciando ciclo de renderizado...
2025-05-19 22:41:51 - juego - [DEBUG] - Ciclo de renderizado completado (flip ejecutado).
2025-05-19 22:41:51 - juego - [DEBUG] - MENSAJE DE PRUEBA REPETIDO PARA FILTRO
2025-05-19 22:41:51 - juego - [DEBUG] - Procesando eventos Pygame...
2025-05-19 22:41:51 - juego - [DEBUG] - Iniciando ciclo de renderizado...
2025-05-19 22:41:51 - juego - [DEBUG] - Ciclo de renderizado completado (flip ejecutado).
2025-05-19 22:41:52 - juego - [DEBUG] - MENSAJE DE PRUEBA REPETIDO PARA FILTRO
2025-05-19 22:41:52 - juego - [DEBUG] - Procesando eventos Pygame...
2025-05-19 22:41:52 - juego - [DEBUG] - Iniciando ciclo de renderizado...
2025-05-19 22:41:52 - juego - [DEBUG] - Ciclo de renderizado completado (flip ejecutado).
2025-05-19 22:41:52 - juego - [DEBUG] - MENSAJE DE PRUEBA REPETIDO PARA FILTRO
2025-05-19 22:41:52 - juego - [DEBUG] - Procesando eventos Pygame...
2025-05-19 22:41:52 - juego - [DEBUG] - Iniciando ciclo de renderizado...
2025-05-19 22:41:52 - juego - [DEBUG] - Ciclo de renderizado completado (flip ejecutado).
2025-05-19 22:41:52 - juego - [DEBUG] - MENSAJE DE PRUEBA REPETIDO PARA FILTRO
2025-05-19 22:41:52 - juego - [DEBUG] - Procesando eventos Pygame...
2025-05-19 22:41:52 - juego - [DEBUG] - Iniciando ciclo de renderizado...
2025-05-19 22:41:52 - juego - [DEBUG] - Ciclo de renderizado completado (flip ejecutado).
2025-05-19 22:41:52 - juego - [DEBUG] - MENSAJE DE PRUEBA REPETIDO PARA FILTRO
2025-05-19 22:41:52 - juego - [DEBUG] - Procesando eventos Pygame...
2025-05-19 22:41:52 - juego - [DEBUG] - Iniciando ciclo de renderizado...
2025-05-19 22:41:52 - juego - [DEBUG] - Ciclo de renderizado completado (flip ejecutado).
2025-05-19 22:41:52 - juego - [DEBUG] - MENSAJE DE PRUEBA REPETIDO PARA FILTRO
2025-05-19 22:41:52 - juego - [DEBUG] - Procesando eventos Pygame...
2025-05-19 22:41:52 - juego - [DEBUG] - Iniciando ciclo de renderizado...
2025-05-19 22:41:52 - juego - [DEBUG] - Ciclo de renderizado completado (flip ejecutado).
2025-05-19 22:41:52 - juego - [DEBUG] - MENSAJE DE PRUEBA REPETIDO PARA FILTRO
2025-05-19 22:41:52 - juego - [DEBUG] - Procesando eventos Pygame...
2025-05-19 22:41:52 - juego - [DEBUG] - Iniciando ciclo de renderizado...
2025-05-19 22:41:52 - juego - [DEBUG] - Ciclo de renderizado completado (flip ejecutado).
2025-05-19 22:41:52 - juego - [DEBUG] - MENSAJE DE PRUEBA REPETIDO PARA FILTRO
2025-05-19 22:41:52 - juego - [DEBUG] - Procesando eventos Pygame...
2025-05-19 22:41:52 - juego - [DEBUG] - Iniciando ciclo de renderizado...
2025-05-19 22:41:52 - juego - [DEBUG] - Ciclo de renderizado completado (flip ejecutado).
2025-05-19 22:41:52 - juego - [DEBUG] - MENSAJE DE PRUEBA REPETIDO PARA FILTRO
2025-05-19 22:41:52 - juego - [DEBUG] - Procesando eventos Pygame...
2025-05-19 22:41:52 - juego - [DEBUG] - Iniciando ciclo de renderizado...
2025-05-19 22:41:52 - juego - [DEBUG] - Ciclo de renderizado completado (flip ejecutado).
2025-05-19 22:41:52 - juego - [DEBUG] - MENSAJE DE PRUEBA REPETIDO PARA FILTRO
2025-05-19 22:41:52 - juego - [DEBUG] - Procesando eventos Pygame...
2025-05-19 22:41:52 - juego - [DEBUG] - Iniciando ciclo de renderizado...
2025-05-19 22:41:52 - juego - [DEBUG] - Ciclo de renderizado completado (flip ejecutado).
2025-05-19 22:41:52 - juego - [DEBUG] - MENSAJE DE PRUEBA REPETIDO PARA FILTRO
2025-05-19 22:41:52 - juego - [DEBUG] - Procesando eventos Pygame...
2025-05-19 22:41:52 - juego - [DEBUG] - Iniciando ciclo de renderizado...
2025-05-19 22:41:52 - juego - [DEBUG] - Ciclo de renderizado completado (flip ejecutado).
2025-05-19 22:41:52 - juego - [DEBUG] - MENSAJE DE PRUEBA REPETIDO PARA FILTRO
2025-05-19 22:41:52 - juego - [DEBUG] - Procesando eventos Pygame...
2025-05-19 22:41:52 - juego - [DEBUG] - Iniciando ciclo de renderizado...
2025-05-19 22:41:52 - juego - [DEBUG] - Ciclo de renderizado completado (flip ejecutado).
2025-05-19 22:41:52 - juego - [DEBUG] - MENSAJE DE PRUEBA REPETIDO PARA FILTRO
2025-05-19 22:41:52 - juego - [DEBUG] - Procesando eventos Pygame...
2025-05-19 22:41:52 - juego - [DEBUG] - Iniciando ciclo de renderizado...
2025-05-19 22:41:52 - juego - [DEBUG] - Ciclo de renderizado completado (flip ejecutado).
2025-05-19 22:41:52 - juego - [DEBUG] - MENSAJE DE PRUEBA REPETIDO PARA FILTRO
2025-05-19 22:41:52 - juego - [DEBUG] - Procesando eventos Pygame...
2025-05-19 22:41:52 - juego - [DEBUG] - Iniciando ciclo de renderizado...
2025-05-19 22:41:52 - juego - [DEBUG] - Ciclo de renderizado completado (flip ejecutado).
2025-05-19 22:41:52 - juego - [DEBUG] - MENSAJE DE PRUEBA REPETIDO PARA FILTRO
2025-05-19 22:41:52 - juego - [DEBUG] - Procesando eventos Pygame...
2025-05-19 22:41:52 - juego - [DEBUG] - Iniciando ciclo de renderizado...
2025-05-19 22:41:52 - juego - [DEBUG] - Ciclo de renderizado completado (flip ejecutado).
2025-05-19 22:41:52 - juego - [DEBUG] - MENSAJE DE PRUEBA REPETIDO PARA FILTRO
2025-05-19 22:41:52 - juego - [DEBUG] - Procesando eventos Pygame...
2025-05-19 22:41:52 - juego - [DEBUG] - Iniciando ciclo de renderizado...
2025-05-19 22:41:52 - juego - [DEBUG] - Ciclo de renderizado completado (flip ejecutado).
2025-05-19 22:41:52 - juego - [DEBUG] - MENSAJE DE PRUEBA REPETIDO PARA FILTRO
2025-05-19 22:41:52 - juego - [DEBUG] - Procesando eventos Pygame...
2025-05-19 22:41:52 - juego - [DEBUG] - Iniciando ciclo de renderizado...
2025-05-19 22:41:52 - juego - [DEBUG] - Ciclo de renderizado completado (flip ejecutado).
2025-05-19 22:41:52 - juego - [DEBUG] - MENSAJE DE PRUEBA REPETIDO PARA FILTRO
2025-05-19 22:41:52 - juego - [DEBUG] - Procesando eventos Pygame...
2025-05-19 22:41:53 - juego - [DEBUG] - Iniciando ciclo de renderizado...
2025-05-19 22:41:53 - juego - [DEBUG] - Ciclo de renderizado completado (flip ejecutado).
2025-05-19 22:41:53 - juego - [DEBUG] - MENSAJE DE PRUEBA REPETIDO PARA FILTRO
2025-05-19 22:41:53 - juego - [DEBUG] - Procesando eventos Pygame...
2025-05-19 22:41:53 - juego - [DEBUG] - Iniciando ciclo de renderizado...
2025-05-19 22:41:53 - juego - [DEBUG] - Ciclo de renderizado completado (flip ejecutado).
2025-05-19 22:41:53 - juego - [DEBUG] - MENSAJE DE PRUEBA REPETIDO PARA FILTRO
2025-05-19 22:41:53 - juego - [DEBUG] - Procesando eventos Pygame...
2025-05-19 22:41:53 - juego - [DEBUG] - Iniciando ciclo de renderizado...
2025-05-19 22:41:53 - juego - [DEBUG] - Ciclo de renderizado completado (flip ejecutado).
2025-05-19 22:41:53 - juego - [DEBUG] - MENSAJE DE PRUEBA REPETIDO PARA FILTRO
2025-05-19 22:41:53 - juego - [DEBUG] - Procesando eventos Pygame...
2025-05-19 22:41:53 - juego - [DEBUG] - Iniciando ciclo de renderizado...
2025-05-19 22:41:53 - juego - [DEBUG] - Ciclo de renderizado completado (flip ejecutado).
2025-05-19 22:41:53 - juego - [DEBUG] - MENSAJE DE PRUEBA REPETIDO PARA FILTRO
2025-05-19 22:41:53 - juego - [DEBUG] - Procesando eventos Pygame...
2025-05-19 22:41:53 - juego - [DEBUG] - MENSAJE DE PRUEBA REPETIDO PARA FILTRO
2025-05-19 22:41:53 - juego - [DEBUG] - Procesando eventos Pygame...
2025-05-19 22:41:53 - juego - [DEBUG] - Iniciando ciclo de renderizado...
2025-05-19 22:41:53 - juego - [DEBUG] - Ciclo de renderizado completado (flip ejecutado).
2025-05-19 22:41:53 - juego - [DEBUG] - MENSAJE DE PRUEBA REPETIDO PARA FILTRO
2025-05-19 22:41:53 - juego - [DEBUG] - Procesando eventos Pygame...
2025-05-19 22:41:53 - juego - [DEBUG] - Iniciando ciclo de renderizado...
2025-05-19 22:41:53 - juego - [DEBUG] - Ciclo de renderizado completado (flip ejecutado).
2025-05-19 22:41:53 - juego - [DEBUG] - MENSAJE DE PRUEBA REPETIDO PARA FILTRO
2025-05-19 22:41:53 - juego - [DEBUG] - Procesando eventos Pygame...
2025-05-19 22:41:53 - juego - [DEBUG] - Iniciando ciclo de renderizado...
2025-05-19 22:41:53 - juego - [DEBUG] - Ciclo de renderizado completado (flip ejecutado).
2025-05-19 22:41:53 - juego - [DEBUG] - MENSAJE DE PRUEBA REPETIDO PARA FILTRO
2025-05-19 22:41:53 - juego - [DEBUG] - Procesando eventos Pygame...
2025-05-19 22:41:53 - juego - [DEBUG] - Iniciando ciclo de renderizado...
2025-05-19 22:41:53 - juego - [DEBUG] - Ciclo de renderizado completado (flip ejecutado).
2025-05-19 22:41:53 - juego - [DEBUG] - MENSAJE DE PRUEBA REPETIDO PARA FILTRO
2025-05-19 22:41:53 - juego - [DEBUG] - Procesando eventos Pygame...
2025-05-19 22:41:53 - juego - [DEBUG] - Iniciando ciclo de renderizado...
2025-05-19 22:41:53 - juego - [DEBUG] - Ciclo de renderizado completado (flip ejecutado).
2025-05-19 22:41:53 - juego - [DEBUG] - MENSAJE DE PRUEBA REPETIDO PARA FILTRO
2025-05-19 22:41:53 - juego - [DEBUG] - Procesando eventos Pygame...
2025-05-19 22:41:53 - juego - [DEBUG] - Iniciando ciclo de renderizado...
2025-05-19 22:41:53 - juego - [DEBUG] - Ciclo de renderizado completado (flip ejecutado).
2025-05-19 22:41:53 - juego - [DEBUG] - MENSAJE DE PRUEBA REPETIDO PARA FILTRO
2025-05-19 22:41:53 - juego - [DEBUG] - Procesando eventos Pygame...
2025-05-19 22:41:53 - juego - [DEBUG] - Iniciando ciclo de renderizado...
2025-05-19 22:41:53 - juego - [DEBUG] - Ciclo de renderizado completado (flip ejecutado).
2025-05-19 22:41:53 - juego - [DEBUG] - MENSAJE DE PRUEBA REPETIDO PARA FILTRO
2025-05-19 22:41:53 - juego - [DEBUG] - Procesando eventos Pygame...
2025-05-19 22:41:53 - juego - [DEBUG] - Iniciando ciclo de renderizado...
2025-05-19 22:41:53 - juego - [DEBUG] - Ciclo de renderizado completado (flip ejecutado).
2025-05-19 22:41:53 - juego - [DEBUG] - MENSAJE DE PRUEBA REPETIDO PARA FILTRO
2025-05-19 22:41:53 - juego - [DEBUG] - Procesando eventos Pygame...
2025-05-19 22:41:53 - juego - [DEBUG] - Iniciando ciclo de renderizado...
2025-05-19 22:41:53 - juego - [DEBUG] - Ciclo de renderizado completado (flip ejecutado).
2025-05-19 22:41:53 - juego - [DEBUG] - MENSAJE DE PRUEBA REPETIDO PARA FILTRO
2025-05-19 22:41:53 - juego - [DEBUG] - Procesando eventos Pygame...
2025-05-19 22:41:53 - juego - [DEBUG] - Iniciando ciclo de renderizado...
2025-05-19 22:41:53 - juego - [DEBUG] - Ciclo de renderizado completado (flip ejecutado).
2025-05-19 22:41:53 - juego - [DEBUG] - MENSAJE DE PRUEBA REPETIDO PARA FILTRO
2025-05-19 22:41:53 - juego - [DEBUG] - Procesando eventos Pygame...
2025-05-19 22:41:53 - juego - [DEBUG] - Iniciando ciclo de renderizado...
2025-05-19 22:41:53 - juego - [DEBUG] - Ciclo de renderizado completado (flip ejecutado).
2025-05-19 22:41:53 - juego - [DEBUG] - Iniciando ciclo de renderizado...
2025-05-19 22:41:53 - juego - [DEBUG] - Ciclo de renderizado completado (flip ejecutado).
2025-05-19 22:41:53 - juego - [DEBUG] - MENSAJE DE PRUEBA REPETIDO PARA FILTRO
2025-05-19 22:41:53 - juego - [DEBUG] - Procesando eventos Pygame...
2025-05-19 22:41:54 - juego - [DEBUG] - Iniciando ciclo de renderizado...
2025-05-19 22:41:54 - juego - [DEBUG] - Ciclo de renderizado completado (flip ejecutado).
2025-05-19 22:41:54 - juego - [DEBUG] - MENSAJE DE PRUEBA REPETIDO PARA FILTRO
2025-05-19 22:41:54 - juego - [DEBUG] - Procesando eventos Pygame...
2025-05-19 22:41:54 - juego - [DEBUG] - MENSAJE DE PRUEBA REPETIDO PARA FILTRO
2025-05-19 22:41:54 - juego - [DEBUG] - Procesando eventos Pygame...
2025-05-19 22:41:54 - juego - [DEBUG] - Iniciando ciclo de renderizado...
2025-05-19 22:41:54 - juego - [DEBUG] - Ciclo de renderizado completado (flip ejecutado).
2025-05-19 22:41:54 - juego - [DEBUG] - MENSAJE DE PRUEBA REPETIDO PARA FILTRO
2025-05-19 22:41:54 - juego - [DEBUG] - Procesando eventos Pygame...
2025-05-19 22:41:54 - juego - [DEBUG] - Iniciando ciclo de renderizado...
2025-05-19 22:41:54 - juego - [DEBUG] - Ciclo de renderizado completado (flip ejecutado).
2025-05-19 22:41:54 - juego - [DEBUG] - MENSAJE DE PRUEBA REPETIDO PARA FILTRO
2025-05-19 22:41:54 - juego - [DEBUG] - Procesando eventos Pygame...
2025-05-19 22:41:54 - juego - [DEBUG] - Iniciando ciclo de renderizado...
2025-05-19 22:41:54 - juego - [DEBUG] - Ciclo de renderizado completado (flip ejecutado).
2025-05-19 22:41:54 - juego - [DEBUG] - MENSAJE DE PRUEBA REPETIDO PARA FILTRO
2025-05-19 22:41:54 - juego - [DEBUG] - Procesando eventos Pygame...
2025-05-19 22:41:54 - juego - [DEBUG] - Iniciando ciclo de renderizado...
2025-05-19 22:41:54 - juego - [DEBUG] - Ciclo de renderizado completado (flip ejecutado).
2025-05-19 22:41:54 - juego - [DEBUG] - MENSAJE DE PRUEBA REPETIDO PARA FILTRO
2025-05-19 22:41:54 - juego - [DEBUG] - Procesando eventos Pygame...
2025-05-19 22:41:54 - juego - [DEBUG] - Iniciando ciclo de renderizado...
2025-05-19 22:41:54 - juego - [DEBUG] - Ciclo de renderizado completado (flip ejecutado).
2025-05-19 22:41:54 - juego - [DEBUG] - MENSAJE DE PRUEBA REPETIDO PARA FILTRO
2025-05-19 22:41:54 - juego - [DEBUG] - Procesando eventos Pygame...
2025-05-19 22:41:54 - juego - [DEBUG] - Iniciando ciclo de renderizado...
2025-05-19 22:41:54 - juego - [DEBUG] - Ciclo de renderizado completado (flip ejecutado).
2025-05-19 22:41:54 - juego - [DEBUG] - MENSAJE DE PRUEBA REPETIDO PARA FILTRO
2025-05-19 22:41:54 - juego - [DEBUG] - Procesando eventos Pygame...
2025-05-19 22:41:54 - juego - [DEBUG] - Iniciando ciclo de renderizado...
2025-05-19 22:41:54 - juego - [DEBUG] - Ciclo de renderizado completado (flip ejecutado).
2025-05-19 22:41:54 - juego - [DEBUG] - MENSAJE DE PRUEBA REPETIDO PARA FILTRO
2025-05-19 22:41:54 - juego - [DEBUG] - Procesando eventos Pygame...
2025-05-19 22:41:54 - juego - [DEBUG] - Iniciando ciclo de renderizado...
2025-05-19 22:41:54 - juego - [DEBUG] - Ciclo de renderizado completado (flip ejecutado).
2025-05-19 22:41:54 - juego - [DEBUG] - MENSAJE DE PRUEBA REPETIDO PARA FILTRO
2025-05-19 22:41:54 - juego - [DEBUG] - Procesando eventos Pygame...
2025-05-19 22:41:54 - juego - [DEBUG] - Iniciando ciclo de renderizado...
2025-05-19 22:41:54 - juego - [DEBUG] - Ciclo de renderizado completado (flip ejecutado).
2025-05-19 22:41:54 - juego - [DEBUG] - MENSAJE DE PRUEBA REPETIDO PARA FILTRO
2025-05-19 22:41:54 - juego - [DEBUG] - Procesando eventos Pygame...
2025-05-19 22:41:54 - juego - [DEBUG] - Iniciando ciclo de renderizado...
2025-05-19 22:41:54 - juego - [DEBUG] - Ciclo de renderizado completado (flip ejecutado).
2025-05-19 22:41:54 - juego - [DEBUG] - MENSAJE DE PRUEBA REPETIDO PARA FILTRO
2025-05-19 22:41:54 - juego - [DEBUG] - Procesando eventos Pygame...
2025-05-19 22:41:54 - juego - [DEBUG] - Iniciando ciclo de renderizado...
2025-05-19 22:41:54 - juego - [DEBUG] - Ciclo de renderizado completado (flip ejecutado).
2025-05-19 22:41:54 - juego - [DEBUG] - MENSAJE DE PRUEBA REPETIDO PARA FILTRO
2025-05-19 22:41:54 - juego - [DEBUG] - Procesando eventos Pygame...
2025-05-19 22:41:54 - juego - [DEBUG] - Iniciando ciclo de renderizado...
2025-05-19 22:41:54 - juego - [DEBUG] - Ciclo de renderizado completado (flip ejecutado).
2025-05-19 22:41:54 - juego - [DEBUG] - MENSAJE DE PRUEBA REPETIDO PARA FILTRO
2025-05-19 22:41:54 - juego - [DEBUG] - Procesando eventos Pygame...
2025-05-19 22:41:54 - juego - [DEBUG] - Iniciando ciclo de renderizado...
2025-05-19 22:41:54 - juego - [DEBUG] - Ciclo de renderizado completado (flip ejecutado).
2025-05-19 22:41:54 - juego - [DEBUG] - MENSAJE DE PRUEBA REPETIDO PARA FILTRO
2025-05-19 22:41:54 - juego - [DEBUG] - Procesando eventos Pygame...
2025-05-19 22:41:54 - juego - [DEBUG] - Iniciando ciclo de renderizado...
2025-05-19 22:41:54 - juego - [DEBUG] - Ciclo de renderizado completado (flip ejecutado).
2025-05-19 22:41:54 - juego - [DEBUG] - MENSAJE DE PRUEBA REPETIDO PARA FILTRO
2025-05-19 22:41:54 - juego - [DEBUG] - Procesando eventos Pygame...
2025-05-19 22:41:54 - juego - [DEBUG] - Iniciando ciclo de renderizado...
2025-05-19 22:41:54 - juego - [DEBUG] - Ciclo de renderizado completado (flip ejecutado).
2025-05-19 22:41:54 - juego - [DEBUG] - MENSAJE DE PRUEBA REPETIDO PARA FILTRO
2025-05-19 22:41:54 - juego - [DEBUG] - Procesando eventos Pygame...
2025-05-19 22:41:55 - juego - [DEBUG] - Iniciando ciclo de renderizado...
2025-05-19 22:41:55 - juego - [DEBUG] - Ciclo de renderizado completado (flip ejecutado).
2025-05-19 22:41:55 - juego - [DEBUG] - MENSAJE DE PRUEBA REPETIDO PARA FILTRO
2025-05-19 22:41:55 - juego - [DEBUG] - Procesando eventos Pygame...
2025-05-19 22:41:55 - juego - [DEBUG] - Iniciando ciclo de renderizado...
2025-05-19 22:41:55 - juego - [DEBUG] - Ciclo de renderizado completado (flip ejecutado).
2025-05-19 22:41:55 - juego - [DEBUG] - MENSAJE DE PRUEBA REPETIDO PARA FILTRO
2025-05-19 22:41:55 - juego - [DEBUG] - Procesando eventos Pygame...
2025-05-19 22:41:55 - juego - [DEBUG] - Iniciando ciclo de renderizado...
2025-05-19 22:41:55 - juego - [DEBUG] - Ciclo de renderizado completado (flip ejecutado).
2025-05-19 22:41:55 - juego - [DEBUG] - MENSAJE DE PRUEBA REPETIDO PARA FILTRO
2025-05-19 22:41:55 - juego - [DEBUG] - Procesando eventos Pygame...
2025-05-19 22:41:55 - juego - [DEBUG] - Iniciando ciclo de renderizado...
2025-05-19 22:41:55 - juego - [DEBUG] - Ciclo de renderizado completado (flip ejecutado).
2025-05-19 22:41:55 - juego - [DEBUG] - MENSAJE DE PRUEBA REPETIDO PARA FILTRO
2025-05-19 22:41:55 - juego - [DEBUG] - Procesando eventos Pygame...
2025-05-19 22:41:55 - juego - [DEBUG] - Iniciando ciclo de renderizado...
2025-05-19 22:41:55 - juego - [DEBUG] - Ciclo de renderizado completado (flip ejecutado).
2025-05-19 22:41:55 - juego - [DEBUG] - MENSAJE DE PRUEBA REPETIDO PARA FILTRO
2025-05-19 22:41:55 - juego - [DEBUG] - Procesando eventos Pygame...
2025-05-19 22:41:55 - juego - [DEBUG] - Iniciando ciclo de renderizado...
2025-05-19 22:41:55 - juego - [DEBUG] - Ciclo de renderizado completado (flip ejecutado).
2025-05-19 22:41:55 - juego - [DEBUG] - MENSAJE DE PRUEBA REPETIDO PARA FILTRO
2025-05-19 22:41:55 - juego - [DEBUG] - Procesando eventos Pygame...
2025-05-19 22:41:55 - juego - [DEBUG] - Iniciando ciclo de renderizado...
2025-05-19 22:41:55 - juego - [DEBUG] - Ciclo de renderizado completado (flip ejecutado).
2025-05-19 22:41:55 - juego - [DEBUG] - MENSAJE DE PRUEBA REPETIDO PARA FILTRO
2025-05-19 22:41:55 - juego - [DEBUG] - Procesando eventos Pygame...
2025-05-19 22:41:55 - juego - [DEBUG] - Iniciando ciclo de renderizado...
2025-05-19 22:41:55 - juego - [DEBUG] - Ciclo de renderizado completado (flip ejecutado).
2025-05-19 22:41:55 - juego - [DEBUG] - MENSAJE DE PRUEBA REPETIDO PARA FILTRO
2025-05-19 22:41:55 - juego - [DEBUG] - Procesando eventos Pygame...
2025-05-19 22:41:55 - juego - [DEBUG] - Iniciando ciclo de renderizado...
2025-05-19 22:41:55 - juego - [DEBUG] - Ciclo de renderizado completado (flip ejecutado).
2025-05-19 22:41:55 - juego - [DEBUG] - MENSAJE DE PRUEBA REPETIDO PARA FILTRO
2025-05-19 22:41:55 - juego - [DEBUG] - Procesando eventos Pygame...
2025-05-19 22:41:55 - juego - [DEBUG] - Iniciando ciclo de renderizado...
2025-05-19 22:41:55 - juego - [DEBUG] - Ciclo de renderizado completado (flip ejecutado).
2025-05-19 22:41:55 - juego - [DEBUG] - MENSAJE DE PRUEBA REPETIDO PARA FILTRO
2025-05-19 22:41:55 - juego - [DEBUG] - Procesando eventos Pygame...
2025-05-19 22:41:55 - juego - [DEBUG] - Iniciando ciclo de renderizado...
2025-05-19 22:41:55 - juego - [DEBUG] - Ciclo de renderizado completado (flip ejecutado).
2025-05-19 22:41:55 - juego - [DEBUG] - MENSAJE DE PRUEBA REPETIDO PARA FILTRO
2025-05-19 22:41:55 - juego - [DEBUG] - Procesando eventos Pygame...
2025-05-19 22:41:55 - juego - [DEBUG] - Iniciando ciclo de renderizado...
2025-05-19 22:41:55 - juego - [DEBUG] - Ciclo de renderizado completado (flip ejecutado).
2025-05-19 22:41:55 - juego - [DEBUG] - MENSAJE DE PRUEBA REPETIDO PARA FILTRO
2025-05-19 22:41:55 - juego - [DEBUG] - Procesando eventos Pygame...
2025-05-19 22:41:55 - juego - [DEBUG] - Iniciando ciclo de renderizado...
2025-05-19 22:41:55 - juego - [DEBUG] - Ciclo de renderizado completado (flip ejecutado).
2025-05-19 22:41:55 - juego - [DEBUG] - MENSAJE DE PRUEBA REPETIDO PARA FILTRO
2025-05-19 22:41:55 - juego - [DEBUG] - Procesando eventos Pygame...
2025-05-19 22:41:55 - juego - [DEBUG] - Iniciando ciclo de renderizado...
2025-05-19 22:41:55 - juego - [DEBUG] - Ciclo de renderizado completado (flip ejecutado).
2025-05-19 22:41:55 - juego - [DEBUG] - MENSAJE DE PRUEBA REPETIDO PARA FILTRO
2025-05-19 22:41:55 - juego - [DEBUG] - Procesando eventos Pygame...
2025-05-19 22:41:55 - juego - [DEBUG] - Iniciando ciclo de renderizado...
2025-05-19 22:41:55 - juego - [DEBUG] - Ciclo de renderizado completado (flip ejecutado).
2025-05-19 22:41:55 - juego - [DEBUG] - MENSAJE DE PRUEBA REPETIDO PARA FILTRO
2025-05-19 22:41:55 - juego - [DEBUG] - Procesando eventos Pygame...
2025-05-19 22:41:55 - juego - [DEBUG] - Iniciando ciclo de renderizado...
2025-05-19 22:41:55 - juego - [DEBUG] - Ciclo de renderizado completado (flip ejecutado).
2025-05-19 22:41:55 - juego - [DEBUG] - MENSAJE DE PRUEBA REPETIDO PARA FILTRO
2025-05-19 22:41:55 - juego - [DEBUG] - Procesando eventos Pygame...
2025-05-19 22:41:55 - juego - [DEBUG] - Iniciando ciclo de renderizado...
2025-05-19 22:41:55 - juego - [DEBUG] - Ciclo de renderizado completado (flip ejecutado).
2025-05-19 22:41:55 - juego - [DEBUG] - MENSAJE DE PRUEBA REPETIDO PARA FILTRO
2025-05-19 22:41:56 - juego - [DEBUG] - Procesando eventos Pygame...
2025-05-19 22:41:56 - juego - [DEBUG] - Iniciando ciclo de renderizado...
2025-05-19 22:41:56 - juego - [DEBUG] - Ciclo de renderizado completado (flip ejecutado).
2025-05-19 22:41:56 - juego - [DEBUG] - MENSAJE DE PRUEBA REPETIDO PARA FILTRO
2025-05-19 22:41:56 - juego - [DEBUG] - Iniciando ciclo de renderizado...
2025-05-19 22:41:56 - juego - [DEBUG] - Procesando eventos Pygame...
2025-05-19 22:41:56 - juego - [DEBUG] - Ciclo de renderizado completado (flip ejecutado).
2025-05-19 22:41:56 - juego - [DEBUG] - MENSAJE DE PRUEBA REPETIDO PARA FILTRO
2025-05-19 22:41:56 - juego - [DEBUG] - Procesando eventos Pygame...
2025-05-19 22:41:56 - juego - [DEBUG] - Iniciando ciclo de renderizado...
2025-05-19 22:41:56 - juego - [DEBUG] - Ciclo de renderizado completado (flip ejecutado).
2025-05-19 22:41:56 - juego - [DEBUG] - MENSAJE DE PRUEBA REPETIDO PARA FILTRO
2025-05-19 22:41:56 - juego - [DEBUG] - Procesando eventos Pygame...
2025-05-19 22:41:56 - juego - [DEBUG] - Iniciando ciclo de renderizado...
2025-05-19 22:41:56 - juego - [DEBUG] - Ciclo de renderizado completado (flip ejecutado).
2025-05-19 22:41:56 - juego - [DEBUG] - MENSAJE DE PRUEBA REPETIDO PARA FILTRO
2025-05-19 22:41:56 - juego - [DEBUG] - Procesando eventos Pygame...
2025-05-19 22:41:56 - juego - [DEBUG] - Iniciando ciclo de renderizado...
2025-05-19 22:41:56 - juego - [DEBUG] - Ciclo de renderizado completado (flip ejecutado).
2025-05-19 22:41:56 - juego - [DEBUG] - Solicitud de salir del juego procesada.
2025-05-19 22:41:56 - juego - [INFO] - Saliendo de Pygame y del sistema...
