2025-05-19 17:14:33 - gestor_eventos - [DEBUG] - GestorEventos inicializado.
2025-05-19 17:14:33 - gestor_eventos - [DEBUG] - Procesando 12 eventos...
2025-05-19 17:14:33 - gestor_eventos - [DEBUG] - Evento: <Event(4352-AudioDeviceAdded {'which': 0, 'iscapture': 0})>
2025-05-19 17:14:33 - gestor_eventos - [DEBUG] - Evento: <Event(4352-AudioDeviceAdded {'which': 0, 'iscapture': 1})>
2025-05-19 17:14:33 - gestor_eventos - [DEBUG] - Evento: <Event(32774-WindowShown {'window': None})>
2025-05-19 17:14:33 - gestor_eventos - [DEBUG] - Evento: <Event(32768-ActiveEvent {'gain': 1, 'state': 2})>
2025-05-19 17:14:33 - gestor_eventos - [DEBUG] - Evento: <Event(32785-WindowFocusGained {'window': None})>
2025-05-19 17:14:33 - gestor_eventos - [DEBUG] - Evento: <Event(770-TextEditing {'text': '', 'start': 0, 'length': 0, 'window': None})>
2025-05-19 17:14:33 - gestor_eventos - [DEBUG] - Evento: <Event(32768-ActiveEvent {'gain': 1, 'state': 1})>
2025-05-19 17:14:33 - gestor_eventos - [DEBUG] - Evento: <Event(32783-WindowEnter {'window': None})>
2025-05-19 17:14:33 - gestor_eventos - [DEBUG] - Evento: <Event(1024-MouseMotion {'pos': (177, 385), 'rel': (0, 0), 'buttons': (0, 0, 0), 'touch': False, 'window': None})>
2025-05-19 17:14:33 - gestor_eventos - [DEBUG] - Evento: <Event(1024-MouseMotion {'pos': (178, 385), 'rel': (1, 0), 'buttons': (0, 0, 0), 'touch': False, 'window': None})>
2025-05-19 17:14:33 - gestor_eventos - [DEBUG] - Evento: <Event(32770-VideoExpose {})>
2025-05-19 17:14:33 - gestor_eventos - [DEBUG] - Evento: <Event(32776-WindowExposed {'window': None})>
2025-05-19 17:14:33 - gestor_eventos - [DEBUG] - Procesando 0 eventos...
2025-05-19 17:14:33 - gestor_eventos - [DEBUG] - Procesando 0 eventos...
2025-05-19 17:14:33 - gestor_eventos - [DEBUG] - Procesando 0 eventos...
2025-05-19 17:14:33 - gestor_eventos - [DEBUG] - Procesando 0 eventos...
2025-05-19 17:14:33 - gestor_eventos - [DEBUG] - Procesando 0 eventos...
2025-05-19 17:14:33 - gestor_eventos - [DEBUG] - Procesando 0 eventos...
2025-05-19 17:14:33 - gestor_eventos - [DEBUG] - Procesando 0 eventos...
2025-05-19 17:14:33 - gestor_eventos - [DEBUG] - Procesando 0 eventos...
2025-05-19 17:14:33 - gestor_eventos - [DEBUG] - Procesando 0 eventos...
2025-05-19 17:14:33 - gestor_eventos - [DEBUG] - Procesando 0 eventos...
2025-05-19 17:14:33 - gestor_eventos - [DEBUG] - Procesando 0 eventos...
2025-05-19 17:14:33 - gestor_eventos - [DEBUG] - Procesando 0 eventos...
2025-05-19 17:14:33 - gestor_eventos - [DEBUG] - Procesando 0 eventos...
2025-05-19 17:14:33 - gestor_eventos - [DEBUG] - Procesando 0 eventos...
2025-05-19 17:14:33 - gestor_eventos - [DEBUG] - Procesando 0 eventos...
2025-05-19 17:14:34 - gestor_eventos - [DEBUG] - Procesando 0 eventos...
2025-05-19 17:14:34 - gestor_eventos - [DEBUG] - Procesando 0 eventos...
2025-05-19 17:14:34 - gestor_eventos - [DEBUG] - Procesando 0 eventos...
2025-05-19 17:14:34 - gestor_eventos - [DEBUG] - Procesando 0 eventos...
2025-05-19 17:14:34 - gestor_eventos - [DEBUG] - Procesando 0 eventos...
2025-05-19 17:14:34 - gestor_eventos - [DEBUG] - Procesando 0 eventos...
2025-05-19 17:14:34 - gestor_eventos - [DEBUG] - Procesando 0 eventos...
2025-05-19 17:14:34 - gestor_eventos - [DEBUG] - Procesando 0 eventos...
2025-05-19 17:14:34 - gestor_eventos - [DEBUG] - Procesando 0 eventos...
2025-05-19 17:14:34 - gestor_eventos - [DEBUG] - Procesando 0 eventos...
2025-05-19 17:14:34 - gestor_eventos - [DEBUG] - Procesando 0 eventos...
2025-05-19 17:14:34 - gestor_eventos - [DEBUG] - Procesando 0 eventos...
2025-05-19 17:14:34 - gestor_eventos - [DEBUG] - Procesando 0 eventos...
2025-05-19 17:14:34 - gestor_eventos - [DEBUG] - Procesando 0 eventos...
2025-05-19 17:14:34 - gestor_eventos - [DEBUG] - Procesando 0 eventos...
2025-05-19 17:14:34 - gestor_eventos - [DEBUG] - Procesando 0 eventos...
2025-05-19 17:14:34 - gestor_eventos - [DEBUG] - Procesando 1 eventos...
2025-05-19 17:14:34 - gestor_eventos - [DEBUG] - Evento: <Event(1024-MouseMotion {'pos': (178, 384), 'rel': (0, -1), 'buttons': (0, 0, 0), 'touch': False, 'window': None})>
2025-05-19 17:14:34 - gestor_eventos - [DEBUG] - Evento: <Event(1024-MouseMotion {'pos': (184, 378), 'rel': (6, -6), 'buttons': (0, 0, 0), 'touch': False, 'window': None})>
2025-05-19 17:14:35 - gestor_eventos - [DEBUG] - Evento: <Event(1024-MouseMotion {'pos': (199, 370), 'rel': (15, -8), 'buttons': (0, 0, 0), 'touch': False, 'window': None})>
2025-05-19 17:14:35 - gestor_eventos - [DEBUG] - Evento: <Event(1024-MouseMotion {'pos': (216, 366), 'rel': (17, -4), 'buttons': (0, 0, 0), 'touch': False, 'window': None})>
2025-05-19 17:14:35 - gestor_eventos - [DEBUG] - Procesando 1 eventos...
2025-05-19 17:14:35 - gestor_eventos - [DEBUG] - Evento: <Event(1024-MouseMotion {'pos': (231, 363), 'rel': (15, -3), 'buttons': (0, 0, 0), 'touch': False, 'window': None})>
2025-05-19 17:14:35 - gestor_eventos - [DEBUG] - Evento: <Event(1024-MouseMotion {'pos': (247, 358), 'rel': (16, -5), 'buttons': (0, 0, 0), 'touch': False, 'window': None})>
2025-05-19 17:14:35 - gestor_eventos - [DEBUG] - Evento: <Event(1024-MouseMotion {'pos': (266, 356), 'rel': (19, -2), 'buttons': (0, 0, 0), 'touch': False, 'window': None})>
2025-05-19 17:14:35 - gestor_eventos - [DEBUG] - Evento: <Event(1024-MouseMotion {'pos': (284, 354), 'rel': (18, -2), 'buttons': (0, 0, 0), 'touch': False, 'window': None})>
2025-05-19 17:14:35 - gestor_eventos - [DEBUG] - Procesando 2 eventos...
2025-05-19 17:14:35 - gestor_eventos - [DEBUG] - Evento: <Event(1024-MouseMotion {'pos': (297, 351), 'rel': (13, -3), 'buttons': (0, 0, 0), 'touch': False, 'window': None})>
2025-05-19 17:14:35 - gestor_eventos - [DEBUG] - Evento: <Event(1024-MouseMotion {'pos': (298, 350), 'rel': (1, -1), 'buttons': (0, 0, 0), 'touch': False, 'window': None})>
2025-05-19 17:14:35 - gestor_eventos - [DEBUG] - Procesando 1 eventos...
2025-05-19 17:14:35 - gestor_eventos - [DEBUG] - Evento: <Event(1024-MouseMotion {'pos': (303, 347), 'rel': (5, -3), 'buttons': (0, 0, 0), 'touch': False, 'window': None})>
2025-05-19 17:14:35 - gestor_eventos - [DEBUG] - Evento: <Event(1024-MouseMotion {'pos': (311, 343), 'rel': (8, -4), 'buttons': (0, 0, 0), 'touch': False, 'window': None})>
2025-05-19 17:14:35 - gestor_eventos - [DEBUG] - Evento: <Event(1024-MouseMotion {'pos': (318, 338), 'rel': (7, -5), 'buttons': (0, 0, 0), 'touch': False, 'window': None})>
2025-05-19 17:14:35 - gestor_eventos - [DEBUG] - Procesando 1 eventos...
2025-05-19 17:14:35 - gestor_eventos - [DEBUG] - Evento: <Event(1024-MouseMotion {'pos': (325, 334), 'rel': (7, -4), 'buttons': (0, 0, 0), 'touch': False, 'window': None})>
2025-05-19 17:14:35 - gestor_eventos - [DEBUG] - Procesando 2 eventos...
2025-05-19 17:14:35 - gestor_eventos - [DEBUG] - Evento: <Event(1024-MouseMotion {'pos': (330, 330), 'rel': (5, -4), 'buttons': (0, 0, 0), 'touch': False, 'window': None})>
2025-05-19 17:14:35 - gestor_eventos - [DEBUG] - Evento: <Event(1024-MouseMotion {'pos': (331, 329), 'rel': (1, -1), 'buttons': (0, 0, 0), 'touch': False, 'window': None})>
2025-05-19 17:14:35 - gestor_eventos - [DEBUG] - Evento: <Event(1024-MouseMotion {'pos': (339, 323), 'rel': (8, -6), 'buttons': (0, 0, 0), 'touch': False, 'window': None})>
2025-05-19 17:14:35 - gestor_eventos - [DEBUG] - Evento: <Event(1024-MouseMotion {'pos': (342, 320), 'rel': (3, -3), 'buttons': (0, 0, 0), 'touch': False, 'window': None})>
2025-05-19 17:14:35 - gestor_eventos - [DEBUG] - Procesando 3 eventos...
2025-05-19 17:14:35 - gestor_eventos - [DEBUG] - Evento: <Event(1024-MouseMotion {'pos': (343, 318), 'rel': (1, -2), 'buttons': (0, 0, 0), 'touch': False, 'window': None})>
2025-05-19 17:14:35 - gestor_eventos - [DEBUG] - Evento: <Event(1025-MouseButtonDown {'pos': (343, 318), 'button': 1, 'touch': False, 'window': None})>
2025-05-19 17:14:35 - gestor_eventos - [DEBUG] - Evento: <Event(1024-MouseMotion {'pos': (344, 317), 'rel': (1, -1), 'buttons': (1, 0, 0), 'touch': False, 'window': None})>
2025-05-19 17:14:35 - gestor_eventos - [DEBUG] - Procesando 1 eventos...
2025-05-19 17:14:35 - gestor_eventos - [DEBUG] - Evento: <Event(1024-MouseMotion {'pos': (345, 314), 'rel': (1, -3), 'buttons': (1, 0, 0), 'touch': False, 'window': None})>
2025-05-19 17:14:35 - gestor_eventos - [DEBUG] - Evento: <Event(1024-MouseMotion {'pos': (345, 313), 'rel': (0, -1), 'buttons': (1, 0, 0), 'touch': False, 'window': None})>
2025-05-19 17:14:35 - gestor_eventos - [DEBUG] - Procesando 0 eventos...
2025-05-19 17:14:35 - gestor_eventos - [DEBUG] - Procesando 1 eventos...
2025-05-19 17:14:35 - gestor_eventos - [DEBUG] - Evento: <Event(1026-MouseButtonUp {'pos': (345, 313), 'button': 1, 'touch': False, 'window': None})>
2025-05-19 17:14:35 - gestor_eventos - [DEBUG] - Procesando 0 eventos...
2025-05-19 17:14:35 - gestor_eventos - [DEBUG] - Procesando 0 eventos...
2025-05-19 17:14:35 - gestor_eventos - [DEBUG] - Procesando 2 eventos...
2025-05-19 17:14:35 - gestor_eventos - [DEBUG] - Evento: <Event(768-KeyDown {'unicode': 'd', 'key': 100, 'mod': 4096, 'scancode': 7, 'window': None})>
2025-05-19 17:14:35 - gestor_eventos - [DEBUG] - GestorEventos: KEYDOWN d (100)
2025-05-19 17:14:35 - gestor_eventos - [DEBUG] - Evento: <Event(771-TextInput {'text': 'd', 'window': None})>
2025-05-19 17:14:35 - gestor_eventos - [DEBUG] - Procesando 0 eventos...
2025-05-19 17:14:35 - gestor_eventos - [DEBUG] - Procesando 0 eventos...
2025-05-19 17:14:35 - gestor_eventos - [DEBUG] - Procesando 2 eventos...
2025-05-19 17:14:35 - gestor_eventos - [DEBUG] - Evento: <Event(768-KeyDown {'unicode': 's', 'key': 115, 'mod': 4096, 'scancode': 22, 'window': None})>
2025-05-19 17:14:35 - gestor_eventos - [DEBUG] - GestorEventos: KEYDOWN s (115)
2025-05-19 17:14:35 - gestor_eventos - [DEBUG] - Evento: <Event(771-TextInput {'text': 's', 'window': None})>
2025-05-19 17:14:35 - gestor_eventos - [DEBUG] - Evento: <Event(768-KeyDown {'unicode': 'a', 'key': 97, 'mod': 4096, 'scancode': 4, 'window': None})>
2025-05-19 17:14:35 - gestor_eventos - [DEBUG] - GestorEventos: KEYDOWN a (97)
2025-05-19 17:14:35 - gestor_eventos - [DEBUG] - Evento: <Event(771-TextInput {'text': 'a', 'window': None})>
2025-05-19 17:14:35 - gestor_eventos - [DEBUG] - Procesando 0 eventos...
2025-05-19 17:14:35 - gestor_eventos - [DEBUG] - Procesando 0 eventos...
2025-05-19 17:14:35 - gestor_eventos - [DEBUG] - Procesando 1 eventos...
2025-05-19 17:14:35 - gestor_eventos - [DEBUG] - Evento: <Event(769-KeyUp {'unicode': 'd', 'key': 100, 'mod': 4096, 'scancode': 7, 'window': None})>
2025-05-19 17:14:35 - gestor_eventos - [DEBUG] - Procesando 0 eventos...
2025-05-19 17:14:35 - gestor_eventos - [DEBUG] - Procesando 1 eventos...
2025-05-19 17:14:35 - gestor_eventos - [DEBUG] - Evento: <Event(769-KeyUp {'unicode': 's', 'key': 115, 'mod': 4096, 'scancode': 22, 'window': None})>
2025-05-19 17:14:35 - gestor_eventos - [DEBUG] - Procesando 0 eventos...
2025-05-19 17:14:35 - gestor_eventos - [DEBUG] - Procesando 1 eventos...
2025-05-19 17:14:35 - gestor_eventos - [DEBUG] - Evento: <Event(1024-MouseMotion {'pos': (345, 314), 'rel': (0, 1), 'buttons': (0, 0, 0), 'touch': False, 'window': None})>
2025-05-19 17:14:35 - gestor_eventos - [DEBUG] - Evento: <Event(1024-MouseMotion {'pos': (345, 315), 'rel': (0, 1), 'buttons': (0, 0, 0), 'touch': False, 'window': None})>
2025-05-19 17:14:35 - gestor_eventos - [DEBUG] - Evento: <Event(1024-MouseMotion {'pos': (345, 316), 'rel': (0, 1), 'buttons': (0, 0, 0), 'touch': False, 'window': None})>
2025-05-19 17:14:35 - gestor_eventos - [DEBUG] - Procesando 2 eventos...
2025-05-19 17:14:35 - gestor_eventos - [DEBUG] - Evento: <Event(768-KeyDown {'unicode': ' ', 'key': 32, 'mod': 4096, 'scancode': 44, 'window': None})>
2025-05-19 17:14:35 - gestor_eventos - [DEBUG] - GestorEventos: KEYDOWN space (32)
2025-05-19 17:14:35 - gestor_eventos - [DEBUG] - GestorEventos: K_SPACE (Atacar jugador) procesado.
2025-05-19 17:14:35 - gestor_eventos - [DEBUG] - Evento: <Event(771-TextInput {'text': ' ', 'window': None})>
2025-05-19 17:14:35 - gestor_eventos - [DEBUG] - Procesando 0 eventos...
2025-05-19 17:14:35 - gestor_eventos - [DEBUG] - Procesando 1 eventos...
2025-05-19 17:14:35 - gestor_eventos - [DEBUG] - Evento: <Event(1024-MouseMotion {'pos': (345, 317), 'rel': (0, 1), 'buttons': (0, 0, 0), 'touch': False, 'window': None})>
2025-05-19 17:14:35 - gestor_eventos - [DEBUG] - Evento: <Event(1024-MouseMotion {'pos': (345, 319), 'rel': (0, 2), 'buttons': (0, 0, 0), 'touch': False, 'window': None})>
2025-05-19 17:14:35 - gestor_eventos - [DEBUG] - Evento: <Event(1024-MouseMotion {'pos': (344, 321), 'rel': (-1, 2), 'buttons': (0, 0, 0), 'touch': False, 'window': None})>
2025-05-19 17:14:36 - gestor_eventos - [DEBUG] - Procesando 1 eventos...
2025-05-19 17:14:36 - gestor_eventos - [DEBUG] - Evento: <Event(1024-MouseMotion {'pos': (344, 323), 'rel': (0, 2), 'buttons': (0, 0, 0), 'touch': False, 'window': None})>
2025-05-19 17:14:36 - gestor_eventos - [DEBUG] - Evento: <Event(1024-MouseMotion {'pos': (344, 325), 'rel': (0, 2), 'buttons': (0, 0, 0), 'touch': False, 'window': None})>
2025-05-19 17:14:36 - gestor_eventos - [DEBUG] - Evento: <Event(1024-MouseMotion {'pos': (344, 327), 'rel': (0, 2), 'buttons': (0, 0, 0), 'touch': False, 'window': None})>
2025-05-19 17:14:36 - gestor_eventos - [DEBUG] - Procesando 0 eventos...
2025-05-19 17:14:36 - gestor_eventos - [DEBUG] - Procesando 3 eventos...
2025-05-19 17:14:36 - gestor_eventos - [DEBUG] - Evento: <Event(768-KeyDown {'unicode': 'd', 'key': 100, 'mod': 4096, 'scancode': 7, 'window': None})>
2025-05-19 17:14:36 - gestor_eventos - [DEBUG] - GestorEventos: KEYDOWN d (100)
2025-05-19 17:14:36 - gestor_eventos - [DEBUG] - Evento: <Event(771-TextInput {'text': 'd', 'window': None})>
2025-05-19 17:14:36 - gestor_eventos - [DEBUG] - Evento: <Event(769-KeyUp {'unicode': ' ', 'key': 32, 'mod': 4096, 'scancode': 44, 'window': None})>
2025-05-19 17:14:36 - gestor_eventos - [DEBUG] - Procesando 0 eventos...
2025-05-19 17:14:36 - gestor_eventos - [DEBUG] - Procesando 1 eventos...
2025-05-19 17:14:36 - gestor_eventos - [DEBUG] - Evento: <Event(1024-MouseMotion {'pos': (344, 328), 'rel': (0, 1), 'buttons': (0, 0, 0), 'touch': False, 'window': None})>
2025-05-19 17:14:36 - gestor_eventos - [DEBUG] - Procesando 2 eventos...
2025-05-19 17:14:36 - gestor_eventos - [DEBUG] - Evento: <Event(768-KeyDown {'unicode': 'w', 'key': 119, 'mod': 4096, 'scancode': 26, 'window': None})>
2025-05-19 17:14:36 - gestor_eventos - [DEBUG] - GestorEventos: KEYDOWN w (119)
2025-05-19 17:14:36 - gestor_eventos - [DEBUG] - Evento: <Event(771-TextInput {'text': 'w', 'window': None})>
2025-05-19 17:14:36 - gestor_eventos - [DEBUG] - Procesando 0 eventos...
2025-05-19 17:14:36 - gestor_eventos - [DEBUG] - Procesando 1 eventos...
2025-05-19 17:14:36 - gestor_eventos - [DEBUG] - Evento: <Event(769-KeyUp {'unicode': 'a', 'key': 97, 'mod': 4096, 'scancode': 4, 'window': None})>
2025-05-19 17:14:36 - gestor_eventos - [DEBUG] - Procesando 0 eventos...
2025-05-19 17:14:36 - gestor_eventos - [DEBUG] - Procesando 0 eventos...
2025-05-19 17:14:36 - gestor_eventos - [DEBUG] - Procesando 1 eventos...
2025-05-19 17:14:36 - gestor_eventos - [DEBUG] - Evento: <Event(1024-MouseMotion {'pos': (344, 329), 'rel': (0, 1), 'buttons': (0, 0, 0), 'touch': False, 'window': None})>
2025-05-19 17:14:36 - gestor_eventos - [DEBUG] - Evento: <Event(1024-MouseMotion {'pos': (343, 330), 'rel': (-1, 1), 'buttons': (0, 0, 0), 'touch': False, 'window': None})>
2025-05-19 17:14:36 - gestor_eventos - [DEBUG] - Procesando 0 eventos...
2025-05-19 17:14:36 - gestor_eventos - [DEBUG] - Procesando 0 eventos...
2025-05-19 17:14:36 - gestor_eventos - [DEBUG] - Procesando 1 eventos...
2025-05-19 17:14:36 - gestor_eventos - [DEBUG] - Evento: <Event(1024-MouseMotion {'pos': (343, 331), 'rel': (0, 1), 'buttons': (0, 0, 0), 'touch': False, 'window': None})>
2025-05-19 17:14:36 - gestor_eventos - [DEBUG] - Procesando 0 eventos...
2025-05-19 17:14:36 - gestor_eventos - [DEBUG] - Procesando 2 eventos...
2025-05-19 17:14:36 - gestor_eventos - [DEBUG] - Evento: <Event(768-KeyDown {'unicode': ' ', 'key': 32, 'mod': 4096, 'scancode': 44, 'window': None})>
2025-05-19 17:14:36 - gestor_eventos - [DEBUG] - GestorEventos: KEYDOWN space (32)
2025-05-19 17:14:36 - gestor_eventos - [DEBUG] - GestorEventos: K_SPACE (Atacar jugador) procesado.
2025-05-19 17:14:36 - gestor_eventos - [DEBUG] - Evento: <Event(771-TextInput {'text': ' ', 'window': None})>
2025-05-19 17:14:36 - gestor_eventos - [DEBUG] - Evento: <Event(768-KeyDown {'unicode': 'a', 'key': 97, 'mod': 4096, 'scancode': 4, 'window': None})>
2025-05-19 17:14:36 - gestor_eventos - [DEBUG] - GestorEventos: KEYDOWN a (97)
2025-05-19 17:14:36 - gestor_eventos - [DEBUG] - Evento: <Event(771-TextInput {'text': 'a', 'window': None})>
2025-05-19 17:14:36 - gestor_eventos - [DEBUG] - Procesando 1 eventos...
2025-05-19 17:14:36 - gestor_eventos - [DEBUG] - Evento: <Event(769-KeyUp {'unicode': 'd', 'key': 100, 'mod': 4096, 'scancode': 7, 'window': None})>
2025-05-19 17:14:36 - gestor_eventos - [DEBUG] - Procesando 0 eventos...
2025-05-19 17:14:36 - gestor_eventos - [DEBUG] - Evento: <Event(769-KeyUp {'unicode': 'w', 'key': 119, 'mod': 4096, 'scancode': 26, 'window': None})>
2025-05-19 17:14:36 - gestor_eventos - [DEBUG] - Procesando 1 eventos...
2025-05-19 17:14:36 - gestor_eventos - [DEBUG] - Evento: <Event(1024-MouseMotion {'pos': (343, 332), 'rel': (0, 1), 'buttons': (0, 0, 0), 'touch': False, 'window': None})>
2025-05-19 17:14:36 - gestor_eventos - [DEBUG] - Evento: <Event(1024-MouseMotion {'pos': (343, 334), 'rel': (0, 2), 'buttons': (0, 0, 0), 'touch': False, 'window': None})>
2025-05-19 17:14:36 - gestor_eventos - [DEBUG] - Procesando 2 eventos...
2025-05-19 17:14:36 - gestor_eventos - [DEBUG] - Evento: <Event(769-KeyUp {'unicode': ' ', 'key': 32, 'mod': 4096, 'scancode': 44, 'window': None})>
2025-05-19 17:14:36 - gestor_eventos - [DEBUG] - Evento: <Event(1024-MouseMotion {'pos': (343, 335), 'rel': (0, 1), 'buttons': (0, 0, 0), 'touch': False, 'window': None})>
2025-05-19 17:14:36 - gestor_eventos - [DEBUG] - Procesando 3 eventos...
2025-05-19 17:14:36 - gestor_eventos - [DEBUG] - Evento: <Event(768-KeyDown {'unicode': 'd', 'key': 100, 'mod': 4096, 'scancode': 7, 'window': None})>
2025-05-19 17:14:36 - gestor_eventos - [DEBUG] - GestorEventos: KEYDOWN d (100)
2025-05-19 17:14:36 - gestor_eventos - [DEBUG] - Evento: <Event(771-TextInput {'text': 'd', 'window': None})>
2025-05-19 17:14:36 - gestor_eventos - [DEBUG] - Evento: <Event(1024-MouseMotion {'pos': (343, 336), 'rel': (0, 1), 'buttons': (0, 0, 0), 'touch': False, 'window': None})>
2025-05-19 17:14:36 - gestor_eventos - [DEBUG] - Procesando 1 eventos...
2025-05-19 17:14:36 - gestor_eventos - [DEBUG] - Evento: <Event(1024-MouseMotion {'pos': (342, 337), 'rel': (-1, 1), 'buttons': (0, 0, 0), 'touch': False, 'window': None})>
2025-05-19 17:14:36 - gestor_eventos - [DEBUG] - Evento: <Event(769-KeyUp {'unicode': 'a', 'key': 97, 'mod': 4096, 'scancode': 4, 'window': None})>
2025-05-19 17:14:36 - gestor_eventos - [DEBUG] - Evento: <Event(1024-MouseMotion {'pos': (342, 338), 'rel': (0, 1), 'buttons': (0, 0, 0), 'touch': False, 'window': None})>
2025-05-19 17:14:36 - gestor_eventos - [DEBUG] - Procesando 0 eventos...
2025-05-19 17:14:36 - gestor_eventos - [DEBUG] - Evento: <Event(1024-MouseMotion {'pos': (342, 339), 'rel': (0, 1), 'buttons': (0, 0, 0), 'touch': False, 'window': None})>
2025-05-19 17:14:36 - gestor_eventos - [DEBUG] - Procesando 2 eventos...
2025-05-19 17:14:36 - gestor_eventos - [DEBUG] - Evento: <Event(768-KeyDown {'unicode': ' ', 'key': 32, 'mod': 4096, 'scancode': 44, 'window': None})>
2025-05-19 17:14:36 - gestor_eventos - [DEBUG] - GestorEventos: KEYDOWN space (32)
2025-05-19 17:14:36 - gestor_eventos - [DEBUG] - GestorEventos: K_SPACE (Atacar jugador) procesado.
2025-05-19 17:14:36 - gestor_eventos - [DEBUG] - Evento: <Event(771-TextInput {'text': ' ', 'window': None})>
2025-05-19 17:14:36 - gestor_eventos - [DEBUG] - Procesando 0 eventos...
2025-05-19 17:14:36 - gestor_eventos - [DEBUG] - Procesando 2 eventos...
2025-05-19 17:14:36 - gestor_eventos - [DEBUG] - Evento: <Event(768-KeyDown {'unicode': 'a', 'key': 97, 'mod': 4096, 'scancode': 4, 'window': None})>
2025-05-19 17:14:36 - gestor_eventos - [DEBUG] - GestorEventos: KEYDOWN a (97)
2025-05-19 17:14:36 - gestor_eventos - [DEBUG] - Evento: <Event(771-TextInput {'text': 'a', 'window': None})>
2025-05-19 17:14:36 - gestor_eventos - [DEBUG] - Procesando 0 eventos...
2025-05-19 17:14:36 - gestor_eventos - [DEBUG] - Procesando 1 eventos...
2025-05-19 17:14:36 - gestor_eventos - [DEBUG] - Evento: <Event(769-KeyUp {'unicode': ' ', 'key': 32, 'mod': 4096, 'scancode': 44, 'window': None})>
2025-05-19 17:14:36 - gestor_eventos - [DEBUG] - Evento: <Event(1024-MouseMotion {'pos': (341, 341), 'rel': (-1, 2), 'buttons': (0, 0, 0), 'touch': False, 'window': None})>
2025-05-19 17:14:36 - gestor_eventos - [DEBUG] - Evento: <Event(1024-MouseMotion {'pos': (341, 342), 'rel': (0, 1), 'buttons': (0, 0, 0), 'touch': False, 'window': None})>
2025-05-19 17:14:36 - gestor_eventos - [DEBUG] - Procesando 1 eventos...
2025-05-19 17:14:36 - gestor_eventos - [DEBUG] - Evento: <Event(1024-MouseMotion {'pos': (341, 343), 'rel': (0, 1), 'buttons': (0, 0, 0), 'touch': False, 'window': None})>
2025-05-19 17:14:37 - gestor_eventos - [DEBUG] - Evento: <Event(769-KeyUp {'unicode': 'd', 'key': 100, 'mod': 4096, 'scancode': 7, 'window': None})>
2025-05-19 17:14:37 - gestor_eventos - [DEBUG] - Procesando 2 eventos...
2025-05-19 17:14:37 - gestor_eventos - [DEBUG] - Evento: <Event(768-KeyDown {'unicode': ' ', 'key': 32, 'mod': 4096, 'scancode': 44, 'window': None})>
2025-05-19 17:14:37 - gestor_eventos - [DEBUG] - GestorEventos: KEYDOWN space (32)
2025-05-19 17:14:37 - gestor_eventos - [DEBUG] - GestorEventos: K_SPACE (Atacar jugador) procesado.
2025-05-19 17:14:37 - gestor_eventos - [DEBUG] - Evento: <Event(771-TextInput {'text': ' ', 'window': None})>
2025-05-19 17:14:37 - gestor_eventos - [DEBUG] - Procesando 0 eventos...
2025-05-19 17:14:37 - gestor_eventos - [DEBUG] - Procesando 0 eventos...
2025-05-19 17:14:37 - gestor_eventos - [DEBUG] - Procesando 1 eventos...
2025-05-19 17:14:37 - gestor_eventos - [DEBUG] - Evento: <Event(769-KeyUp {'unicode': ' ', 'key': 32, 'mod': 4096, 'scancode': 44, 'window': None})>
2025-05-19 17:14:37 - gestor_eventos - [DEBUG] - Procesando 0 eventos...
2025-05-19 17:14:37 - gestor_eventos - [DEBUG] - Procesando 0 eventos...
2025-05-19 17:14:37 - gestor_eventos - [DEBUG] - Procesando 0 eventos...
2025-05-19 17:14:37 - gestor_eventos - [DEBUG] - Procesando 2 eventos...
2025-05-19 17:14:37 - gestor_eventos - [DEBUG] - Evento: <Event(768-KeyDown {'unicode': ' ', 'key': 32, 'mod': 4096, 'scancode': 44, 'window': None})>
2025-05-19 17:14:37 - gestor_eventos - [DEBUG] - GestorEventos: KEYDOWN space (32)
2025-05-19 17:14:37 - gestor_eventos - [DEBUG] - GestorEventos: K_SPACE (Atacar jugador) procesado.
2025-05-19 17:14:37 - gestor_eventos - [DEBUG] - Evento: <Event(771-TextInput {'text': ' ', 'window': None})>
2025-05-19 17:14:37 - gestor_eventos - [DEBUG] - Procesando 0 eventos...
2025-05-19 17:14:37 - gestor_eventos - [DEBUG] - Procesando 2 eventos...
2025-05-19 17:14:37 - gestor_eventos - [DEBUG] - Evento: <Event(768-KeyDown {'unicode': 'w', 'key': 119, 'mod': 4096, 'scancode': 26, 'window': None})>
2025-05-19 17:14:37 - gestor_eventos - [DEBUG] - GestorEventos: KEYDOWN w (119)
2025-05-19 17:14:37 - gestor_eventos - [DEBUG] - Evento: <Event(771-TextInput {'text': 'w', 'window': None})>
2025-05-19 17:14:37 - gestor_eventos - [DEBUG] - Procesando 0 eventos...
2025-05-19 17:14:37 - gestor_eventos - [DEBUG] - Procesando 1 eventos...
2025-05-19 17:14:37 - gestor_eventos - [DEBUG] - Evento: <Event(769-KeyUp {'unicode': ' ', 'key': 32, 'mod': 4096, 'scancode': 44, 'window': None})>
2025-05-19 17:14:37 - gestor_eventos - [DEBUG] - Procesando 2 eventos...
2025-05-19 17:14:37 - gestor_eventos - [DEBUG] - Evento: <Event(768-KeyDown {'unicode': 'd', 'key': 100, 'mod': 4096, 'scancode': 7, 'window': None})>
2025-05-19 17:14:37 - gestor_eventos - [DEBUG] - GestorEventos: KEYDOWN d (100)
2025-05-19 17:14:37 - gestor_eventos - [DEBUG] - Evento: <Event(771-TextInput {'text': 'd', 'window': None})>
2025-05-19 17:14:37 - gestor_eventos - [DEBUG] - Procesando 0 eventos...
2025-05-19 17:14:37 - gestor_eventos - [DEBUG] - Procesando 1 eventos...
2025-05-19 17:14:37 - gestor_eventos - [DEBUG] - Evento: <Event(769-KeyUp {'unicode': 'a', 'key': 97, 'mod': 4096, 'scancode': 4, 'window': None})>
2025-05-19 17:14:37 - gestor_eventos - [DEBUG] - Procesando 2 eventos...
2025-05-19 17:14:37 - gestor_eventos - [DEBUG] - Evento: <Event(768-KeyDown {'unicode': ' ', 'key': 32, 'mod': 4096, 'scancode': 44, 'window': None})>
2025-05-19 17:14:37 - gestor_eventos - [DEBUG] - GestorEventos: KEYDOWN space (32)
2025-05-19 17:14:37 - gestor_eventos - [DEBUG] - GestorEventos: K_SPACE (Atacar jugador) procesado.
2025-05-19 17:14:37 - gestor_eventos - [DEBUG] - Evento: <Event(771-TextInput {'text': ' ', 'window': None})>
2025-05-19 17:14:37 - gestor_eventos - [DEBUG] - Procesando 0 eventos...
2025-05-19 17:14:37 - gestor_eventos - [DEBUG] - Procesando 0 eventos...
2025-05-19 17:14:37 - gestor_eventos - [DEBUG] - Procesando 2 eventos...
2025-05-19 17:14:37 - gestor_eventos - [DEBUG] - Evento: <Event(768-KeyDown {'unicode': 'a', 'key': 97, 'mod': 4096, 'scancode': 4, 'window': None})>
2025-05-19 17:14:37 - gestor_eventos - [DEBUG] - GestorEventos: KEYDOWN a (97)
2025-05-19 17:14:37 - gestor_eventos - [DEBUG] - Evento: <Event(771-TextInput {'text': 'a', 'window': None})>
2025-05-19 17:14:37 - gestor_eventos - [DEBUG] - Procesando 1 eventos...
2025-05-19 17:14:37 - gestor_eventos - [DEBUG] - Evento: <Event(769-KeyUp {'unicode': ' ', 'key': 32, 'mod': 4096, 'scancode': 44, 'window': None})>
2025-05-19 17:14:37 - gestor_eventos - [DEBUG] - Procesando 0 eventos...
2025-05-19 17:14:37 - gestor_eventos - [DEBUG] - Procesando 2 eventos...
2025-05-19 17:14:37 - gestor_eventos - [DEBUG] - Evento: <Event(769-KeyUp {'unicode': 'w', 'key': 119, 'mod': 4096, 'scancode': 26, 'window': None})>
2025-05-19 17:14:37 - gestor_eventos - [DEBUG] - Evento: <Event(1024-MouseMotion {'pos': (342, 343), 'rel': (1, 0), 'buttons': (0, 0, 0), 'touch': False, 'window': None})>
2025-05-19 17:14:37 - gestor_eventos - [DEBUG] - Procesando 4 eventos...
2025-05-19 17:14:37 - gestor_eventos - [DEBUG] - Evento: <Event(1024-MouseMotion {'pos': (345, 342), 'rel': (3, -1), 'buttons': (0, 0, 0), 'touch': False, 'window': None})>
2025-05-19 17:14:37 - gestor_eventos - [DEBUG] - Evento: <Event(768-KeyDown {'unicode': ' ', 'key': 32, 'mod': 4096, 'scancode': 44, 'window': None})>
2025-05-19 17:14:37 - gestor_eventos - [DEBUG] - GestorEventos: KEYDOWN space (32)
2025-05-19 17:14:37 - gestor_eventos - [DEBUG] - GestorEventos: K_SPACE (Atacar jugador) procesado.
2025-05-19 17:14:37 - gestor_eventos - [DEBUG] - Evento: <Event(771-TextInput {'text': ' ', 'window': None})>
2025-05-19 17:14:37 - gestor_eventos - [DEBUG] - Evento: <Event(1024-MouseMotion {'pos': (348, 341), 'rel': (3, -1), 'buttons': (0, 0, 0), 'touch': False, 'window': None})>
2025-05-19 17:14:37 - gestor_eventos - [DEBUG] - Procesando 1 eventos...
2025-05-19 17:14:37 - gestor_eventos - [DEBUG] - Evento: <Event(1024-MouseMotion {'pos': (357, 339), 'rel': (9, -2), 'buttons': (0, 0, 0), 'touch': False, 'window': None})>
2025-05-19 17:14:37 - gestor_eventos - [DEBUG] - Evento: <Event(1024-MouseMotion {'pos': (364, 336), 'rel': (7, -3), 'buttons': (0, 0, 0), 'touch': False, 'window': None})>
2025-05-19 17:14:37 - gestor_eventos - [DEBUG] - Evento: <Event(1024-MouseMotion {'pos': (368, 335), 'rel': (4, -1), 'buttons': (0, 0, 0), 'touch': False, 'window': None})>
2025-05-19 17:14:37 - gestor_eventos - [DEBUG] - Procesando 1 eventos...
2025-05-19 17:14:37 - gestor_eventos - [DEBUG] - Evento: <Event(1024-MouseMotion {'pos': (369, 334), 'rel': (1, -1), 'buttons': (0, 0, 0), 'touch': False, 'window': None})>
2025-05-19 17:14:37 - gestor_eventos - [DEBUG] - Procesando 2 eventos...
2025-05-19 17:14:37 - gestor_eventos - [DEBUG] - Evento: <Event(769-KeyUp {'unicode': 'd', 'key': 100, 'mod': 4096, 'scancode': 7, 'window': None})>
2025-05-19 17:14:37 - gestor_eventos - [DEBUG] - Evento: <Event(769-KeyUp {'unicode': 'a', 'key': 97, 'mod': 4096, 'scancode': 4, 'window': None})>
2025-05-19 17:14:37 - gestor_eventos - [DEBUG] - Evento: <Event(769-KeyUp {'unicode': ' ', 'key': 32, 'mod': 4096, 'scancode': 44, 'window': None})>
2025-05-19 17:14:37 - gestor_eventos - [DEBUG] - Evento: <Event(1024-MouseMotion {'pos': (369, 333), 'rel': (0, -1), 'buttons': (0, 0, 0), 'touch': False, 'window': None})>
2025-05-19 17:14:37 - gestor_eventos - [DEBUG] - Procesando 1 eventos...
2025-05-19 17:14:37 - gestor_eventos - [DEBUG] - Evento: <Event(1024-MouseMotion {'pos': (370, 332), 'rel': (1, -1), 'buttons': (0, 0, 0), 'touch': False, 'window': None})>
2025-05-19 17:14:37 - gestor_eventos - [DEBUG] - Evento: <Event(1024-MouseMotion {'pos': (370, 331), 'rel': (0, -1), 'buttons': (0, 0, 0), 'touch': False, 'window': None})>
2025-05-19 17:14:37 - gestor_eventos - [DEBUG] - Evento: <Event(1024-MouseMotion {'pos': (371, 330), 'rel': (1, -1), 'buttons': (0, 0, 0), 'touch': False, 'window': None})>
2025-05-19 17:14:37 - gestor_eventos - [DEBUG] - Procesando 1 eventos...
2025-05-19 17:14:37 - gestor_eventos - [DEBUG] - Evento: <Event(1024-MouseMotion {'pos': (372, 329), 'rel': (1, -1), 'buttons': (0, 0, 0), 'touch': False, 'window': None})>
2025-05-19 17:14:37 - gestor_eventos - [DEBUG] - Evento: <Event(1024-MouseMotion {'pos': (373, 328), 'rel': (1, -1), 'buttons': (0, 0, 0), 'touch': False, 'window': None})>
2025-05-19 17:14:37 - gestor_eventos - [DEBUG] - Evento: <Event(1024-MouseMotion {'pos': (374, 327), 'rel': (1, -1), 'buttons': (0, 0, 0), 'touch': False, 'window': None})>
2025-05-19 17:14:37 - gestor_eventos - [DEBUG] - Procesando 3 eventos...
2025-05-19 17:14:37 - gestor_eventos - [DEBUG] - Evento: <Event(1024-MouseMotion {'pos': (376, 327), 'rel': (2, 0), 'buttons': (0, 0, 0), 'touch': False, 'window': None})>
2025-05-19 17:14:37 - gestor_eventos - [DEBUG] - Evento: <Event(768-KeyDown {'unicode': '\x1b', 'key': 27, 'mod': 4096, 'scancode': 41, 'window': None})>
2025-05-19 17:14:37 - gestor_eventos - [DEBUG] - GestorEventos: KEYDOWN escape (27)
2025-05-19 17:14:37 - gestor_eventos - [INFO] - GestorEventos: Solicitud de SALIR recibida (ESCAPE).
2025-05-19 17:14:37 - gestor_eventos - [DEBUG] - Evento: <Event(1024-MouseMotion {'pos': (379, 327), 'rel': (3, 0), 'buttons': (0, 0, 0), 'touch': False, 'window': None})>
