2025-05-19 17:14:33 - gestor_estado - [DEBUG] - GestorEstado inicializado.
2025-05-19 17:14:33 - gestor_estado - [DEBUG] -   GestorEstado: Actualizando 2 enemigos...
2025-05-19 17:14:33 - gestor_estado - [DEBUG] -   GestorEstado: Actualizando jugador...
2025-05-19 17:14:33 - gestor_estado - [DEBUG] -   GestorEstado: Actualizando 2 enemigos...
2025-05-19 17:14:33 - gestor_estado - [DEBUG] -   GestorEstado: Actualizando jugador...
2025-05-19 17:14:33 - gestor_estado - [DEBUG] -   GestorEstado: Actualizando 2 enemigos...
2025-05-19 17:14:33 - gestor_estado - [DEBUG] -   GestorEstado: Actualizando jugador...
2025-05-19 17:14:33 - gestor_estado - [DEBUG] -   GestorEstado: Actualizando 2 enemigos...
2025-05-19 17:14:33 - gestor_estado - [DEBUG] -   GestorEstado: Actualizando jugador...
2025-05-19 17:14:33 - gestor_estado - [DEBUG] -   GestorEstado: Actualizando 2 enemigos...
2025-05-19 17:14:33 - gestor_estado - [DEBUG] -   GestorEstado: Actualizando jugador...
2025-05-19 17:14:33 - gestor_estado - [DEBUG] -   GestorEstado: Actualizando 2 enemigos...
2025-05-19 17:14:33 - gestor_estado - [DEBUG] -   GestorEstado: Actualizando jugador...
2025-05-19 17:14:33 - gestor_estado - [DEBUG] -   GestorEstado: Actualizando 2 enemigos...
2025-05-19 17:14:33 - gestor_estado - [DEBUG] -   GestorEstado: Actualizando jugador...
2025-05-19 17:14:33 - gestor_estado - [DEBUG] -   GestorEstado: Actualizando 2 enemigos...
2025-05-19 17:14:33 - gestor_estado - [DEBUG] -   GestorEstado: Actualizando jugador...
2025-05-19 17:14:33 - gestor_estado - [DEBUG] -   GestorEstado: Actualizando 2 enemigos...
2025-05-19 17:14:33 - gestor_estado - [DEBUG] -   GestorEstado: Actualizando jugador...
2025-05-19 17:14:33 - gestor_estado - [DEBUG] -   GestorEstado: Actualizando 2 enemigos...
2025-05-19 17:14:33 - gestor_estado - [DEBUG] -   GestorEstado: Actualizando jugador...
2025-05-19 17:14:33 - gestor_estado - [DEBUG] -   GestorEstado: Actualizando 2 enemigos...
2025-05-19 17:14:33 - gestor_estado - [DEBUG] -   GestorEstado: Actualizando jugador...
2025-05-19 17:14:33 - gestor_estado - [DEBUG] -   GestorEstado: Actualizando 2 enemigos...
2025-05-19 17:14:33 - gestor_estado - [DEBUG] -   GestorEstado: Actualizando jugador...
2025-05-19 17:14:33 - gestor_estado - [DEBUG] -   GestorEstado: Actualizando 2 enemigos...
2025-05-19 17:14:33 - gestor_estado - [DEBUG] -   GestorEstado: Actualizando jugador...
2025-05-19 17:14:33 - gestor_estado - [DEBUG] -   GestorEstado: Actualizando 2 enemigos...
2025-05-19 17:14:33 - gestor_estado - [DEBUG] -   GestorEstado: Actualizando jugador...
2025-05-19 17:14:33 - gestor_estado - [DEBUG] -   GestorEstado: Actualizando 2 enemigos...
2025-05-19 17:14:33 - gestor_estado - [DEBUG] -   GestorEstado: Actualizando jugador...
2025-05-19 17:14:34 - gestor_estado - [DEBUG] -   GestorEstado: Actualizando 2 enemigos...
2025-05-19 17:14:34 - gestor_estado - [DEBUG] -   GestorEstado: Actualizando jugador...
2025-05-19 17:14:34 - gestor_estado - [DEBUG] -   GestorEstado: Actualizando 2 enemigos...
2025-05-19 17:14:34 - gestor_estado - [DEBUG] -   GestorEstado: Actualizando jugador...
2025-05-19 17:14:34 - gestor_estado - [DEBUG] -   GestorEstado: Actualizando 2 enemigos...
2025-05-19 17:14:34 - gestor_estado - [DEBUG] -   GestorEstado: Actualizando jugador...
2025-05-19 17:14:34 - gestor_estado - [DEBUG] -   GestorEstado: Actualizando 2 enemigos...
2025-05-19 17:14:34 - gestor_estado - [DEBUG] -   GestorEstado: Actualizando jugador...
2025-05-19 17:14:34 - gestor_estado - [DEBUG] -   GestorEstado: Actualizando 2 enemigos...
2025-05-19 17:14:34 - gestor_estado - [DEBUG] -   GestorEstado: Actualizando jugador...
2025-05-19 17:14:34 - gestor_estado - [DEBUG] -   GestorEstado: Actualizando 2 enemigos...
2025-05-19 17:14:34 - gestor_estado - [DEBUG] -   GestorEstado: Actualizando jugador...
2025-05-19 17:14:34 - gestor_estado - [DEBUG] -   GestorEstado: Actualizando 2 enemigos...
2025-05-19 17:14:34 - gestor_estado - [DEBUG] -   GestorEstado: Actualizando jugador...
2025-05-19 17:14:34 - gestor_estado - [DEBUG] -   GestorEstado: Actualizando 2 enemigos...
2025-05-19 17:14:34 - gestor_estado - [DEBUG] -   GestorEstado: Actualizando jugador...
2025-05-19 17:14:34 - gestor_estado - [DEBUG] -   GestorEstado: Actualizando 2 enemigos...
2025-05-19 17:14:34 - gestor_estado - [DEBUG] -   GestorEstado: Actualizando jugador...
2025-05-19 17:14:34 - gestor_estado - [DEBUG] -   GestorEstado: Actualizando 2 enemigos...
2025-05-19 17:14:34 - gestor_estado - [DEBUG] -   GestorEstado: Actualizando jugador...
2025-05-19 17:14:34 - gestor_estado - [DEBUG] -   GestorEstado: Actualizando 2 enemigos...
2025-05-19 17:14:34 - gestor_estado - [DEBUG] -   GestorEstado: Actualizando jugador...
2025-05-19 17:14:34 - gestor_estado - [DEBUG] -   GestorEstado: Actualizando 2 enemigos...
2025-05-19 17:14:34 - gestor_estado - [DEBUG] -   GestorEstado: Actualizando 2 enemigos...
2025-05-19 17:14:34 - gestor_estado - [DEBUG] -   GestorEstado: Actualizando jugador...
2025-05-19 17:14:34 - gestor_estado - [DEBUG] -   GestorEstado: Actualizando 2 enemigos...
2025-05-19 17:14:34 - gestor_estado - [DEBUG] -   GestorEstado: Actualizando jugador...
2025-05-19 17:14:34 - gestor_estado - [DEBUG] -   GestorEstado: Actualizando 2 enemigos...
2025-05-19 17:14:34 - gestor_estado - [DEBUG] -   GestorEstado: Actualizando jugador...
2025-05-19 17:14:34 - gestor_estado - [DEBUG] -   GestorEstado: Actualizando 2 enemigos...
2025-05-19 17:14:34 - gestor_estado - [DEBUG] -   GestorEstado: Actualizando jugador...
2025-05-19 17:14:34 - gestor_estado - [DEBUG] -   GestorEstado: Actualizando 2 enemigos...
2025-05-19 17:14:34 - gestor_estado - [DEBUG] -   GestorEstado: Actualizando jugador...
2025-05-19 17:14:35 - gestor_estado - [DEBUG] -   GestorEstado: Actualizando 2 enemigos...
2025-05-19 17:14:35 - gestor_estado - [DEBUG] -   GestorEstado: Actualizando jugador...
2025-05-19 17:14:35 - gestor_estado - [DEBUG] -   GestorEstado: Actualizando 2 enemigos...
2025-05-19 17:14:35 - gestor_estado - [DEBUG] -   GestorEstado: Actualizando jugador...
2025-05-19 17:14:35 - gestor_estado - [DEBUG] -   GestorEstado: Actualizando 2 enemigos...
2025-05-19 17:14:35 - gestor_estado - [DEBUG] -   GestorEstado: Actualizando jugador...
2025-05-19 17:14:35 - gestor_estado - [DEBUG] -   GestorEstado: Actualizando 2 enemigos...
2025-05-19 17:14:35 - gestor_estado - [DEBUG] -   GestorEstado: Actualizando jugador...
2025-05-19 17:14:35 - gestor_estado - [DEBUG] -   GestorEstado: Actualizando 2 enemigos...
2025-05-19 17:14:35 - gestor_estado - [DEBUG] -   GestorEstado: Actualizando jugador...
2025-05-19 17:14:35 - gestor_estado - [DEBUG] -   GestorEstado: Actualizando 2 enemigos...
2025-05-19 17:14:35 - gestor_estado - [DEBUG] -   GestorEstado: Actualizando jugador...
2025-05-19 17:14:35 - gestor_estado - [DEBUG] -   GestorEstado: Actualizando 2 enemigos...
2025-05-19 17:14:35 - gestor_estado - [DEBUG] -   GestorEstado: Actualizando jugador...
2025-05-19 17:14:35 - gestor_estado - [DEBUG] -   GestorEstado: Actualizando jugador...
2025-05-19 17:14:35 - gestor_estado - [DEBUG] -   GestorEstado: Actualizando 2 enemigos...
2025-05-19 17:14:35 - gestor_estado - [DEBUG] -   GestorEstado: Actualizando jugador...
2025-05-19 17:14:35 - gestor_estado - [DEBUG] -   GestorEstado: Actualizando 2 enemigos...
2025-05-19 17:14:35 - gestor_estado - [DEBUG] -   GestorEstado: Actualizando jugador...
2025-05-19 17:14:35 - gestor_estado - [DEBUG] -   GestorEstado: Actualizando 2 enemigos...
2025-05-19 17:14:35 - gestor_estado - [DEBUG] -   GestorEstado: Actualizando jugador...
2025-05-19 17:14:35 - gestor_estado - [DEBUG] -   GestorEstado: Actualizando 2 enemigos...
2025-05-19 17:14:35 - gestor_estado - [DEBUG] -   GestorEstado: Actualizando jugador...
2025-05-19 17:14:35 - gestor_estado - [DEBUG] -   GestorEstado: Actualizando 2 enemigos...
2025-05-19 17:14:35 - gestor_estado - [DEBUG] -   GestorEstado: Actualizando jugador...
2025-05-19 17:14:35 - gestor_estado - [DEBUG] -   GestorEstado: Actualizando 2 enemigos...
2025-05-19 17:14:35 - gestor_estado - [DEBUG] -   GestorEstado: Actualizando jugador...
2025-05-19 17:14:35 - gestor_estado - [DEBUG] -   GestorEstado: Actualizando 2 enemigos...
2025-05-19 17:14:35 - gestor_estado - [DEBUG] -   GestorEstado: Actualizando jugador...
2025-05-19 17:14:35 - gestor_estado - [DEBUG] -   GestorEstado: Actualizando 2 enemigos...
2025-05-19 17:14:35 - gestor_estado - [INFO] -   GestorEstado: Eliminando enemigo muerto [Enemigo_2] de los grupos de sprites
2025-05-19 17:14:35 - gestor_estado - [DEBUG] -   GestorEstado: Actualizando jugador...
2025-05-19 17:14:35 - gestor_estado - [DEBUG] -   GestorEstado: Actualizando 1 enemigos...
2025-05-19 17:14:35 - gestor_estado - [DEBUG] -   GestorEstado: Actualizando 1 enemigos...
2025-05-19 17:14:35 - gestor_estado - [DEBUG] -   GestorEstado: Actualizando jugador...
2025-05-19 17:14:36 - gestor_estado - [DEBUG] -   GestorEstado: Actualizando 1 enemigos...
2025-05-19 17:14:36 - gestor_estado - [DEBUG] -   GestorEstado: Actualizando jugador...
2025-05-19 17:14:36 - gestor_estado - [DEBUG] -   GestorEstado: Actualizando 1 enemigos...
2025-05-19 17:14:36 - gestor_estado - [DEBUG] -   GestorEstado: Actualizando jugador...
2025-05-19 17:14:36 - gestor_estado - [DEBUG] -   GestorEstado: Actualizando 1 enemigos...
2025-05-19 17:14:36 - gestor_estado - [DEBUG] -   GestorEstado: Actualizando jugador...
2025-05-19 17:14:36 - gestor_estado - [DEBUG] -   GestorEstado: Actualizando 1 enemigos...
2025-05-19 17:14:36 - gestor_estado - [DEBUG] -   GestorEstado: Actualizando jugador...
2025-05-19 17:14:36 - gestor_estado - [DEBUG] -   GestorEstado: Actualizando 1 enemigos...
2025-05-19 17:14:36 - gestor_estado - [DEBUG] -   GestorEstado: Actualizando jugador...
2025-05-19 17:14:36 - gestor_estado - [DEBUG] -   GestorEstado: Actualizando 1 enemigos...
2025-05-19 17:14:36 - gestor_estado - [DEBUG] -   GestorEstado: Actualizando jugador...
2025-05-19 17:14:36 - gestor_estado - [DEBUG] -   GestorEstado: Actualizando 1 enemigos...
2025-05-19 17:14:36 - gestor_estado - [DEBUG] -   GestorEstado: Actualizando jugador...
2025-05-19 17:14:36 - gestor_estado - [DEBUG] -   GestorEstado: Actualizando 1 enemigos...
2025-05-19 17:14:36 - gestor_estado - [DEBUG] -   GestorEstado: Actualizando jugador...
2025-05-19 17:14:36 - gestor_estado - [DEBUG] -   GestorEstado: Actualizando 1 enemigos...
2025-05-19 17:14:36 - gestor_estado - [DEBUG] -   GestorEstado: Actualizando jugador...
2025-05-19 17:14:36 - gestor_estado - [DEBUG] -   GestorEstado: Actualizando 1 enemigos...
2025-05-19 17:14:36 - gestor_estado - [DEBUG] -   GestorEstado: Actualizando jugador...
2025-05-19 17:14:36 - gestor_estado - [DEBUG] -   GestorEstado: Actualizando 1 enemigos...
2025-05-19 17:14:36 - gestor_estado - [DEBUG] -   GestorEstado: Actualizando jugador...
2025-05-19 17:14:36 - gestor_estado - [DEBUG] -   GestorEstado: Actualizando 1 enemigos...
2025-05-19 17:14:36 - gestor_estado - [DEBUG] -   GestorEstado: Actualizando jugador...
2025-05-19 17:14:36 - gestor_estado - [DEBUG] -   GestorEstado: Actualizando 1 enemigos...
2025-05-19 17:14:36 - gestor_estado - [DEBUG] -   GestorEstado: Actualizando jugador...
2025-05-19 17:14:36 - gestor_estado - [INFO] -   GestorEstado: Eliminando enemigo muerto [Enemigo_1] de los grupos de sprites
2025-05-19 17:14:36 - gestor_estado - [DEBUG] -   GestorEstado: No hay enemigos para actualizar.
2025-05-19 17:14:36 - gestor_estado - [DEBUG] -   GestorEstado: Actualizando jugador...
2025-05-19 17:14:36 - gestor_estado - [DEBUG] -   GestorEstado: No hay enemigos para actualizar.
2025-05-19 17:14:36 - gestor_estado - [DEBUG] -   GestorEstado: Actualizando jugador...
2025-05-19 17:14:36 - gestor_estado - [DEBUG] -   GestorEstado: No hay enemigos para actualizar.
2025-05-19 17:14:36 - gestor_estado - [DEBUG] -   GestorEstado: Actualizando jugador...
2025-05-19 17:14:37 - gestor_estado - [DEBUG] -   GestorEstado: No hay enemigos para actualizar.
2025-05-19 17:14:37 - gestor_estado - [DEBUG] -   GestorEstado: Actualizando jugador...
2025-05-19 17:14:37 - gestor_estado - [DEBUG] -   GestorEstado: No hay enemigos para actualizar.
2025-05-19 17:14:37 - gestor_estado - [DEBUG] -   GestorEstado: Actualizando jugador...
2025-05-19 17:14:37 - gestor_estado - [DEBUG] -   GestorEstado: No hay enemigos para actualizar.
2025-05-19 17:14:37 - gestor_estado - [DEBUG] -   GestorEstado: Actualizando jugador...
2025-05-19 17:14:37 - gestor_estado - [DEBUG] -   GestorEstado: No hay enemigos para actualizar.
2025-05-19 17:14:37 - gestor_estado - [DEBUG] -   GestorEstado: Actualizando jugador...
2025-05-19 17:14:37 - gestor_estado - [DEBUG] -   GestorEstado: No hay enemigos para actualizar.
2025-05-19 17:14:37 - gestor_estado - [DEBUG] -   GestorEstado: Actualizando jugador...
2025-05-19 17:14:37 - gestor_estado - [DEBUG] -   GestorEstado: No hay enemigos para actualizar.
2025-05-19 17:14:37 - gestor_estado - [DEBUG] -   GestorEstado: Actualizando jugador...
2025-05-19 17:14:37 - gestor_estado - [DEBUG] -   GestorEstado: No hay enemigos para actualizar.
2025-05-19 17:14:37 - gestor_estado - [DEBUG] -   GestorEstado: Actualizando jugador...
2025-05-19 17:14:37 - gestor_estado - [DEBUG] -   GestorEstado: No hay enemigos para actualizar.
2025-05-19 17:14:37 - gestor_estado - [DEBUG] -   GestorEstado: Actualizando jugador...
2025-05-19 17:14:37 - gestor_estado - [DEBUG] -   GestorEstado: No hay enemigos para actualizar.
2025-05-19 17:14:37 - gestor_estado - [DEBUG] -   GestorEstado: Actualizando jugador...
2025-05-19 17:14:37 - gestor_estado - [DEBUG] -   GestorEstado: No hay enemigos para actualizar.
2025-05-19 17:14:37 - gestor_estado - [DEBUG] -   GestorEstado: Actualizando jugador...
2025-05-19 17:14:37 - gestor_estado - [DEBUG] -   GestorEstado: No hay enemigos para actualizar.
2025-05-19 17:14:37 - gestor_estado - [DEBUG] -   GestorEstado: Actualizando jugador...
2025-05-19 17:14:37 - gestor_estado - [DEBUG] -   GestorEstado: No hay enemigos para actualizar.
2025-05-19 17:14:37 - gestor_estado - [DEBUG] -   GestorEstado: Actualizando jugador...
2025-05-19 17:14:37 - gestor_estado - [DEBUG] -   GestorEstado: No hay enemigos para actualizar.
2025-05-19 17:14:37 - gestor_estado - [DEBUG] -   GestorEstado: Actualizando jugador...
2025-05-19 17:14:37 - gestor_estado - [DEBUG] -   GestorEstado: No hay enemigos para actualizar.
2025-05-19 17:14:37 - gestor_estado - [DEBUG] -   GestorEstado: Actualizando jugador...
2025-05-19 17:14:37 - gestor_estado - [DEBUG] -   GestorEstado: No hay enemigos para actualizar.
2025-05-19 17:14:37 - gestor_estado - [DEBUG] -   GestorEstado: Actualizando jugador...
2025-05-19 17:14:37 - gestor_estado - [DEBUG] -   GestorEstado: No hay enemigos para actualizar.
2025-05-19 17:14:37 - gestor_estado - [DEBUG] -   GestorEstado: Actualizando jugador...
