2025-05-19 17:14:32 - juego - [INFO] - Iniciando Pygame y módulos del juego...
2025-05-19 17:14:33 - juego - [DEBUG] - Pygame y fuentes inicializados.
2025-05-19 17:14:33 - juego - [DEBUG] - GestorNivel instanciado.
2025-05-19 17:14:33 - juego - [DEBUG] - GestorEventos instanciado.
2025-05-19 17:14:33 - juego - [DEBUG] - GestorEstado instanciado.
2025-05-19 17:14:33 - juego - [DEBUG] - Renderer instanciado.
2025-05-19 17:14:33 - juego - [INFO] - Juego inicializado y listo para ejecutarse.
2025-05-19 17:14:33 - juego - [DEBUG] -   Detalles inicialización: Pantalla: 800x600, Zoom inicial: 1.2
2025-05-19 17:14:33 - juego - [INFO] - Bucle principal iniciado.
2025-05-19 17:14:33 - juego - [DEBUG] - MENSAJE DE PRUEBA REPETIDO PARA FILTRO
2025-05-19 17:14:33 - juego - [DEBUG] - Procesando eventos Pygame...
2025-05-19 17:14:33 - juego - [DEBUG] - Iniciando ciclo de renderizado...
2025-05-19 17:14:33 - juego - [DEBUG] - Ciclo de renderizado completado (flip ejecutado).
2025-05-19 17:14:33 - juego - [DEBUG] - MENSAJE DE PRUEBA REPETIDO PARA FILTRO
2025-05-19 17:14:33 - juego - [DEBUG] - Procesando eventos Pygame...
2025-05-19 17:14:33 - juego - [DEBUG] - Iniciando ciclo de renderizado...
2025-05-19 17:14:33 - juego - [DEBUG] - Ciclo de renderizado completado (flip ejecutado).
2025-05-19 17:14:33 - juego - [DEBUG] - MENSAJE DE PRUEBA REPETIDO PARA FILTRO
2025-05-19 17:14:33 - juego - [DEBUG] - Procesando eventos Pygame...
2025-05-19 17:14:33 - juego - [DEBUG] - Iniciando ciclo de renderizado...
2025-05-19 17:14:33 - juego - [DEBUG] - Ciclo de renderizado completado (flip ejecutado).
2025-05-19 17:14:33 - juego - [DEBUG] - MENSAJE DE PRUEBA REPETIDO PARA FILTRO
2025-05-19 17:14:33 - juego - [DEBUG] - Procesando eventos Pygame...
2025-05-19 17:14:33 - juego - [DEBUG] - Iniciando ciclo de renderizado...
2025-05-19 17:14:33 - juego - [DEBUG] - Ciclo de renderizado completado (flip ejecutado).
2025-05-19 17:14:33 - juego - [DEBUG] - MENSAJE DE PRUEBA REPETIDO PARA FILTRO
2025-05-19 17:14:33 - juego - [DEBUG] - Procesando eventos Pygame...
2025-05-19 17:14:33 - juego - [DEBUG] - Iniciando ciclo de renderizado...
2025-05-19 17:14:33 - juego - [DEBUG] - Ciclo de renderizado completado (flip ejecutado).
2025-05-19 17:14:33 - juego - [DEBUG] - MENSAJE DE PRUEBA REPETIDO PARA FILTRO
2025-05-19 17:14:33 - juego - [DEBUG] - Procesando eventos Pygame...
2025-05-19 17:14:33 - juego - [DEBUG] - Iniciando ciclo de renderizado...
2025-05-19 17:14:33 - juego - [DEBUG] - Ciclo de renderizado completado (flip ejecutado).
2025-05-19 17:14:33 - juego - [DEBUG] - MENSAJE DE PRUEBA REPETIDO PARA FILTRO
2025-05-19 17:14:33 - juego - [DEBUG] - Procesando eventos Pygame...
2025-05-19 17:14:33 - juego - [DEBUG] - Iniciando ciclo de renderizado...
2025-05-19 17:14:33 - juego - [DEBUG] - Ciclo de renderizado completado (flip ejecutado).
2025-05-19 17:14:33 - juego - [DEBUG] - MENSAJE DE PRUEBA REPETIDO PARA FILTRO
2025-05-19 17:14:33 - juego - [DEBUG] - Procesando eventos Pygame...
2025-05-19 17:14:33 - juego - [DEBUG] - Iniciando ciclo de renderizado...
2025-05-19 17:14:33 - juego - [DEBUG] - Ciclo de renderizado completado (flip ejecutado).
2025-05-19 17:14:33 - juego - [DEBUG] - MENSAJE DE PRUEBA REPETIDO PARA FILTRO
2025-05-19 17:14:33 - juego - [DEBUG] - Procesando eventos Pygame...
2025-05-19 17:14:33 - juego - [DEBUG] - Iniciando ciclo de renderizado...
2025-05-19 17:14:33 - juego - [DEBUG] - Ciclo de renderizado completado (flip ejecutado).
2025-05-19 17:14:33 - juego - [DEBUG] - MENSAJE DE PRUEBA REPETIDO PARA FILTRO
2025-05-19 17:14:33 - juego - [DEBUG] - Procesando eventos Pygame...
2025-05-19 17:14:33 - juego - [DEBUG] - Iniciando ciclo de renderizado...
2025-05-19 17:14:33 - juego - [DEBUG] - Ciclo de renderizado completado (flip ejecutado).
2025-05-19 17:14:33 - juego - [DEBUG] - MENSAJE DE PRUEBA REPETIDO PARA FILTRO
2025-05-19 17:14:33 - juego - [DEBUG] - Procesando eventos Pygame...
2025-05-19 17:14:33 - juego - [DEBUG] - Iniciando ciclo de renderizado...
2025-05-19 17:14:33 - juego - [DEBUG] - Ciclo de renderizado completado (flip ejecutado).
2025-05-19 17:14:33 - juego - [DEBUG] - MENSAJE DE PRUEBA REPETIDO PARA FILTRO
2025-05-19 17:14:33 - juego - [DEBUG] - Procesando eventos Pygame...
2025-05-19 17:14:33 - juego - [DEBUG] - Iniciando ciclo de renderizado...
2025-05-19 17:14:33 - juego - [DEBUG] - Ciclo de renderizado completado (flip ejecutado).
2025-05-19 17:14:33 - juego - [DEBUG] - MENSAJE DE PRUEBA REPETIDO PARA FILTRO
2025-05-19 17:14:33 - juego - [DEBUG] - Procesando eventos Pygame...
2025-05-19 17:14:33 - juego - [DEBUG] - Iniciando ciclo de renderizado...
2025-05-19 17:14:33 - juego - [DEBUG] - Ciclo de renderizado completado (flip ejecutado).
2025-05-19 17:14:33 - juego - [DEBUG] - MENSAJE DE PRUEBA REPETIDO PARA FILTRO
2025-05-19 17:14:33 - juego - [DEBUG] - Procesando eventos Pygame...
2025-05-19 17:14:33 - juego - [DEBUG] - Iniciando ciclo de renderizado...
2025-05-19 17:14:33 - juego - [DEBUG] - Ciclo de renderizado completado (flip ejecutado).
2025-05-19 17:14:33 - juego - [DEBUG] - MENSAJE DE PRUEBA REPETIDO PARA FILTRO
2025-05-19 17:14:33 - juego - [DEBUG] - Procesando eventos Pygame...
2025-05-19 17:14:33 - juego - [DEBUG] - Iniciando ciclo de renderizado...
2025-05-19 17:14:33 - juego - [DEBUG] - Ciclo de renderizado completado (flip ejecutado).
2025-05-19 17:14:34 - juego - [DEBUG] - MENSAJE DE PRUEBA REPETIDO PARA FILTRO
2025-05-19 17:14:34 - juego - [DEBUG] - Procesando eventos Pygame...
2025-05-19 17:14:34 - juego - [DEBUG] - Iniciando ciclo de renderizado...
2025-05-19 17:14:34 - juego - [DEBUG] - Ciclo de renderizado completado (flip ejecutado).
2025-05-19 17:14:34 - juego - [DEBUG] - MENSAJE DE PRUEBA REPETIDO PARA FILTRO
2025-05-19 17:14:34 - juego - [DEBUG] - Procesando eventos Pygame...
2025-05-19 17:14:34 - juego - [DEBUG] - Iniciando ciclo de renderizado...
2025-05-19 17:14:34 - juego - [DEBUG] - Ciclo de renderizado completado (flip ejecutado).
2025-05-19 17:14:34 - juego - [DEBUG] - MENSAJE DE PRUEBA REPETIDO PARA FILTRO
2025-05-19 17:14:34 - juego - [DEBUG] - Procesando eventos Pygame...
2025-05-19 17:14:34 - juego - [DEBUG] - Iniciando ciclo de renderizado...
2025-05-19 17:14:34 - juego - [DEBUG] - Ciclo de renderizado completado (flip ejecutado).
2025-05-19 17:14:34 - juego - [DEBUG] - MENSAJE DE PRUEBA REPETIDO PARA FILTRO
2025-05-19 17:14:34 - juego - [DEBUG] - Procesando eventos Pygame...
2025-05-19 17:14:34 - juego - [DEBUG] - Iniciando ciclo de renderizado...
2025-05-19 17:14:34 - juego - [DEBUG] - Ciclo de renderizado completado (flip ejecutado).
2025-05-19 17:14:34 - juego - [DEBUG] - MENSAJE DE PRUEBA REPETIDO PARA FILTRO
2025-05-19 17:14:34 - juego - [DEBUG] - Procesando eventos Pygame...
2025-05-19 17:14:34 - juego - [DEBUG] - Iniciando ciclo de renderizado...
2025-05-19 17:14:34 - juego - [DEBUG] - Ciclo de renderizado completado (flip ejecutado).
2025-05-19 17:14:34 - juego - [DEBUG] - MENSAJE DE PRUEBA REPETIDO PARA FILTRO
2025-05-19 17:14:34 - juego - [DEBUG] - Procesando eventos Pygame...
2025-05-19 17:14:34 - juego - [DEBUG] - Iniciando ciclo de renderizado...
2025-05-19 17:14:34 - juego - [DEBUG] - Ciclo de renderizado completado (flip ejecutado).
2025-05-19 17:14:34 - juego - [DEBUG] - MENSAJE DE PRUEBA REPETIDO PARA FILTRO
2025-05-19 17:14:34 - juego - [DEBUG] - Procesando eventos Pygame...
2025-05-19 17:14:34 - juego - [DEBUG] - Iniciando ciclo de renderizado...
2025-05-19 17:14:34 - juego - [DEBUG] - Ciclo de renderizado completado (flip ejecutado).
2025-05-19 17:14:34 - juego - [DEBUG] - MENSAJE DE PRUEBA REPETIDO PARA FILTRO
2025-05-19 17:14:34 - juego - [DEBUG] - Procesando eventos Pygame...
2025-05-19 17:14:34 - juego - [DEBUG] - Iniciando ciclo de renderizado...
2025-05-19 17:14:34 - juego - [DEBUG] - Ciclo de renderizado completado (flip ejecutado).
2025-05-19 17:14:34 - juego - [DEBUG] - MENSAJE DE PRUEBA REPETIDO PARA FILTRO
2025-05-19 17:14:34 - juego - [DEBUG] - Procesando eventos Pygame...
2025-05-19 17:14:34 - juego - [DEBUG] - Iniciando ciclo de renderizado...
2025-05-19 17:14:34 - juego - [DEBUG] - Ciclo de renderizado completado (flip ejecutado).
2025-05-19 17:14:34 - juego - [DEBUG] - MENSAJE DE PRUEBA REPETIDO PARA FILTRO
2025-05-19 17:14:34 - juego - [DEBUG] - Procesando eventos Pygame...
2025-05-19 17:14:34 - juego - [DEBUG] - Iniciando ciclo de renderizado...
2025-05-19 17:14:34 - juego - [DEBUG] - Ciclo de renderizado completado (flip ejecutado).
2025-05-19 17:14:34 - juego - [DEBUG] - MENSAJE DE PRUEBA REPETIDO PARA FILTRO
2025-05-19 17:14:34 - juego - [DEBUG] - Procesando eventos Pygame...
2025-05-19 17:14:34 - juego - [DEBUG] - Iniciando ciclo de renderizado...
2025-05-19 17:14:34 - juego - [DEBUG] - Ciclo de renderizado completado (flip ejecutado).
2025-05-19 17:14:34 - juego - [DEBUG] - MENSAJE DE PRUEBA REPETIDO PARA FILTRO
2025-05-19 17:14:34 - juego - [DEBUG] - Procesando eventos Pygame...
2025-05-19 17:14:34 - juego - [DEBUG] - MENSAJE DE PRUEBA REPETIDO PARA FILTRO
2025-05-19 17:14:34 - juego - [DEBUG] - Procesando eventos Pygame...
2025-05-19 17:14:34 - juego - [DEBUG] - Iniciando ciclo de renderizado...
2025-05-19 17:14:34 - juego - [DEBUG] - Ciclo de renderizado completado (flip ejecutado).
2025-05-19 17:14:34 - juego - [DEBUG] - MENSAJE DE PRUEBA REPETIDO PARA FILTRO
2025-05-19 17:14:34 - juego - [DEBUG] - Procesando eventos Pygame...
2025-05-19 17:14:34 - juego - [DEBUG] - Iniciando ciclo de renderizado...
2025-05-19 17:14:34 - juego - [DEBUG] - Ciclo de renderizado completado (flip ejecutado).
2025-05-19 17:14:34 - juego - [DEBUG] - MENSAJE DE PRUEBA REPETIDO PARA FILTRO
2025-05-19 17:14:34 - juego - [DEBUG] - Procesando eventos Pygame...
2025-05-19 17:14:34 - juego - [DEBUG] - Iniciando ciclo de renderizado...
2025-05-19 17:14:34 - juego - [DEBUG] - Ciclo de renderizado completado (flip ejecutado).
2025-05-19 17:14:34 - juego - [DEBUG] - MENSAJE DE PRUEBA REPETIDO PARA FILTRO
2025-05-19 17:14:34 - juego - [DEBUG] - Procesando eventos Pygame...
2025-05-19 17:14:34 - juego - [DEBUG] - Iniciando ciclo de renderizado...
2025-05-19 17:14:34 - juego - [DEBUG] - Ciclo de renderizado completado (flip ejecutado).
2025-05-19 17:14:34 - juego - [DEBUG] - MENSAJE DE PRUEBA REPETIDO PARA FILTRO
2025-05-19 17:14:34 - juego - [DEBUG] - Procesando eventos Pygame...
2025-05-19 17:14:34 - juego - [DEBUG] - Iniciando ciclo de renderizado...
2025-05-19 17:14:34 - juego - [DEBUG] - Ciclo de renderizado completado (flip ejecutado).
2025-05-19 17:14:35 - juego - [DEBUG] - MENSAJE DE PRUEBA REPETIDO PARA FILTRO
2025-05-19 17:14:35 - juego - [DEBUG] - Procesando eventos Pygame...
2025-05-19 17:14:35 - juego - [DEBUG] - Iniciando ciclo de renderizado...
2025-05-19 17:14:35 - juego - [DEBUG] - Ciclo de renderizado completado (flip ejecutado).
2025-05-19 17:14:35 - juego - [DEBUG] - MENSAJE DE PRUEBA REPETIDO PARA FILTRO
2025-05-19 17:14:35 - juego - [DEBUG] - Procesando eventos Pygame...
2025-05-19 17:14:35 - juego - [DEBUG] - Iniciando ciclo de renderizado...
2025-05-19 17:14:35 - juego - [DEBUG] - Ciclo de renderizado completado (flip ejecutado).
2025-05-19 17:14:35 - juego - [DEBUG] - MENSAJE DE PRUEBA REPETIDO PARA FILTRO
2025-05-19 17:14:35 - juego - [DEBUG] - Procesando eventos Pygame...
2025-05-19 17:14:35 - juego - [DEBUG] - Iniciando ciclo de renderizado...
2025-05-19 17:14:35 - juego - [DEBUG] - Ciclo de renderizado completado (flip ejecutado).
2025-05-19 17:14:35 - juego - [DEBUG] - MENSAJE DE PRUEBA REPETIDO PARA FILTRO
2025-05-19 17:14:35 - juego - [DEBUG] - Procesando eventos Pygame...
2025-05-19 17:14:35 - juego - [DEBUG] - Iniciando ciclo de renderizado...
2025-05-19 17:14:35 - juego - [DEBUG] - Ciclo de renderizado completado (flip ejecutado).
2025-05-19 17:14:35 - juego - [DEBUG] - MENSAJE DE PRUEBA REPETIDO PARA FILTRO
2025-05-19 17:14:35 - juego - [DEBUG] - Procesando eventos Pygame...
2025-05-19 17:14:35 - juego - [DEBUG] - Iniciando ciclo de renderizado...
2025-05-19 17:14:35 - juego - [DEBUG] - Ciclo de renderizado completado (flip ejecutado).
2025-05-19 17:14:35 - juego - [DEBUG] - MENSAJE DE PRUEBA REPETIDO PARA FILTRO
2025-05-19 17:14:35 - juego - [DEBUG] - Procesando eventos Pygame...
2025-05-19 17:14:35 - juego - [DEBUG] - Iniciando ciclo de renderizado...
2025-05-19 17:14:35 - juego - [DEBUG] - Ciclo de renderizado completado (flip ejecutado).
2025-05-19 17:14:35 - juego - [DEBUG] - MENSAJE DE PRUEBA REPETIDO PARA FILTRO
2025-05-19 17:14:35 - juego - [DEBUG] - Procesando eventos Pygame...
2025-05-19 17:14:35 - juego - [DEBUG] - Iniciando ciclo de renderizado...
2025-05-19 17:14:35 - juego - [DEBUG] - Ciclo de renderizado completado (flip ejecutado).
2025-05-19 17:14:35 - juego - [DEBUG] - MENSAJE DE PRUEBA REPETIDO PARA FILTRO
2025-05-19 17:14:35 - juego - [DEBUG] - Iniciando ciclo de renderizado...
2025-05-19 17:14:35 - juego - [DEBUG] - Ciclo de renderizado completado (flip ejecutado).
2025-05-19 17:14:35 - juego - [DEBUG] - Procesando eventos Pygame...
2025-05-19 17:14:35 - juego - [DEBUG] - Iniciando ciclo de renderizado...
2025-05-19 17:14:35 - juego - [DEBUG] - Ciclo de renderizado completado (flip ejecutado).
2025-05-19 17:14:35 - juego - [DEBUG] - MENSAJE DE PRUEBA REPETIDO PARA FILTRO
2025-05-19 17:14:35 - juego - [DEBUG] - Procesando eventos Pygame...
2025-05-19 17:14:35 - juego - [DEBUG] - Iniciando ciclo de renderizado...
2025-05-19 17:14:35 - juego - [DEBUG] - Ciclo de renderizado completado (flip ejecutado).
2025-05-19 17:14:35 - juego - [DEBUG] - MENSAJE DE PRUEBA REPETIDO PARA FILTRO
2025-05-19 17:14:35 - juego - [DEBUG] - Procesando eventos Pygame...
2025-05-19 17:14:35 - juego - [DEBUG] - MENSAJE DE PRUEBA REPETIDO PARA FILTRO
2025-05-19 17:14:35 - juego - [DEBUG] - Iniciando ciclo de renderizado...
2025-05-19 17:14:35 - juego - [DEBUG] - Ciclo de renderizado completado (flip ejecutado).
2025-05-19 17:14:35 - juego - [DEBUG] - Procesando eventos Pygame...
2025-05-19 17:14:35 - juego - [DEBUG] - MENSAJE DE PRUEBA REPETIDO PARA FILTRO
2025-05-19 17:14:35 - juego - [DEBUG] - Iniciando ciclo de renderizado...
2025-05-19 17:14:35 - juego - [DEBUG] - Ciclo de renderizado completado (flip ejecutado).
2025-05-19 17:14:35 - juego - [DEBUG] - Procesando eventos Pygame...
2025-05-19 17:14:35 - juego - [DEBUG] - MENSAJE DE PRUEBA REPETIDO PARA FILTRO
2025-05-19 17:14:35 - juego - [DEBUG] - Iniciando ciclo de renderizado...
2025-05-19 17:14:35 - juego - [DEBUG] - Ciclo de renderizado completado (flip ejecutado).
2025-05-19 17:14:35 - juego - [DEBUG] - Procesando eventos Pygame...
2025-05-19 17:14:35 - juego - [DEBUG] - MENSAJE DE PRUEBA REPETIDO PARA FILTRO
2025-05-19 17:14:35 - juego - [DEBUG] - Iniciando ciclo de renderizado...
2025-05-19 17:14:35 - juego - [DEBUG] - Ciclo de renderizado completado (flip ejecutado).
2025-05-19 17:14:35 - juego - [DEBUG] - Procesando eventos Pygame...
2025-05-19 17:14:35 - juego - [DEBUG] - MENSAJE DE PRUEBA REPETIDO PARA FILTRO
2025-05-19 17:14:35 - juego - [DEBUG] - Iniciando ciclo de renderizado...
2025-05-19 17:14:35 - juego - [DEBUG] - Ciclo de renderizado completado (flip ejecutado).
2025-05-19 17:14:35 - juego - [DEBUG] - Procesando eventos Pygame...
2025-05-19 17:14:35 - juego - [DEBUG] - MENSAJE DE PRUEBA REPETIDO PARA FILTRO
2025-05-19 17:14:35 - juego - [DEBUG] - Iniciando ciclo de renderizado...
2025-05-19 17:14:35 - juego - [DEBUG] - Ciclo de renderizado completado (flip ejecutado).
2025-05-19 17:14:35 - juego - [DEBUG] - Procesando eventos Pygame...
2025-05-19 17:14:35 - juego - [DEBUG] - MENSAJE DE PRUEBA REPETIDO PARA FILTRO
2025-05-19 17:14:35 - juego - [DEBUG] - Iniciando ciclo de renderizado...
2025-05-19 17:14:35 - juego - [DEBUG] - Ciclo de renderizado completado (flip ejecutado).
2025-05-19 17:14:36 - juego - [DEBUG] - Procesando eventos Pygame...
2025-05-19 17:14:36 - juego - [DEBUG] - MENSAJE DE PRUEBA REPETIDO PARA FILTRO
2025-05-19 17:14:36 - juego - [DEBUG] - Iniciando ciclo de renderizado...
2025-05-19 17:14:36 - juego - [DEBUG] - Ciclo de renderizado completado (flip ejecutado).
2025-05-19 17:14:36 - juego - [DEBUG] - Procesando eventos Pygame...
2025-05-19 17:14:36 - juego - [DEBUG] - MENSAJE DE PRUEBA REPETIDO PARA FILTRO
2025-05-19 17:14:36 - juego - [DEBUG] - Iniciando ciclo de renderizado...
2025-05-19 17:14:36 - juego - [DEBUG] - Ciclo de renderizado completado (flip ejecutado).
2025-05-19 17:14:36 - juego - [DEBUG] - Procesando eventos Pygame...
2025-05-19 17:14:36 - juego - [DEBUG] - MENSAJE DE PRUEBA REPETIDO PARA FILTRO
2025-05-19 17:14:36 - juego - [DEBUG] - Iniciando ciclo de renderizado...
2025-05-19 17:14:36 - juego - [DEBUG] - Ciclo de renderizado completado (flip ejecutado).
2025-05-19 17:14:36 - juego - [DEBUG] - Procesando eventos Pygame...
2025-05-19 17:14:36 - juego - [DEBUG] - MENSAJE DE PRUEBA REPETIDO PARA FILTRO
2025-05-19 17:14:36 - juego - [DEBUG] - Iniciando ciclo de renderizado...
2025-05-19 17:14:36 - juego - [DEBUG] - Ciclo de renderizado completado (flip ejecutado).
2025-05-19 17:14:36 - juego - [DEBUG] - Procesando eventos Pygame...
2025-05-19 17:14:36 - juego - [DEBUG] - MENSAJE DE PRUEBA REPETIDO PARA FILTRO
2025-05-19 17:14:36 - juego - [DEBUG] - Iniciando ciclo de renderizado...
2025-05-19 17:14:36 - juego - [DEBUG] - Ciclo de renderizado completado (flip ejecutado).
2025-05-19 17:14:36 - juego - [DEBUG] - MENSAJE DE PRUEBA REPETIDO PARA FILTRO
2025-05-19 17:14:36 - juego - [DEBUG] - Procesando eventos Pygame...
2025-05-19 17:14:36 - juego - [DEBUG] - Iniciando ciclo de renderizado...
2025-05-19 17:14:36 - juego - [DEBUG] - Ciclo de renderizado completado (flip ejecutado).
2025-05-19 17:14:36 - juego - [DEBUG] - MENSAJE DE PRUEBA REPETIDO PARA FILTRO
2025-05-19 17:14:36 - juego - [DEBUG] - Procesando eventos Pygame...
2025-05-19 17:14:36 - juego - [DEBUG] - Iniciando ciclo de renderizado...
2025-05-19 17:14:36 - juego - [DEBUG] - Ciclo de renderizado completado (flip ejecutado).
2025-05-19 17:14:36 - juego - [DEBUG] - MENSAJE DE PRUEBA REPETIDO PARA FILTRO
2025-05-19 17:14:36 - juego - [DEBUG] - Procesando eventos Pygame...
2025-05-19 17:14:36 - juego - [DEBUG] - Iniciando ciclo de renderizado...
2025-05-19 17:14:36 - juego - [DEBUG] - Ciclo de renderizado completado (flip ejecutado).
2025-05-19 17:14:36 - juego - [DEBUG] - MENSAJE DE PRUEBA REPETIDO PARA FILTRO
2025-05-19 17:14:36 - juego - [DEBUG] - Procesando eventos Pygame...
2025-05-19 17:14:36 - juego - [DEBUG] - Iniciando ciclo de renderizado...
2025-05-19 17:14:36 - juego - [DEBUG] - Ciclo de renderizado completado (flip ejecutado).
2025-05-19 17:14:36 - juego - [DEBUG] - MENSAJE DE PRUEBA REPETIDO PARA FILTRO
2025-05-19 17:14:36 - juego - [DEBUG] - Procesando eventos Pygame...
2025-05-19 17:14:36 - juego - [DEBUG] - Iniciando ciclo de renderizado...
2025-05-19 17:14:36 - juego - [DEBUG] - Ciclo de renderizado completado (flip ejecutado).
2025-05-19 17:14:36 - juego - [DEBUG] - MENSAJE DE PRUEBA REPETIDO PARA FILTRO
2025-05-19 17:14:36 - juego - [DEBUG] - Procesando eventos Pygame...
2025-05-19 17:14:36 - juego - [DEBUG] - Iniciando ciclo de renderizado...
2025-05-19 17:14:36 - juego - [DEBUG] - Ciclo de renderizado completado (flip ejecutado).
2025-05-19 17:14:36 - juego - [DEBUG] - MENSAJE DE PRUEBA REPETIDO PARA FILTRO
2025-05-19 17:14:36 - juego - [DEBUG] - Procesando eventos Pygame...
2025-05-19 17:14:36 - juego - [DEBUG] - Iniciando ciclo de renderizado...
2025-05-19 17:14:36 - juego - [DEBUG] - Ciclo de renderizado completado (flip ejecutado).
2025-05-19 17:14:36 - juego - [DEBUG] - MENSAJE DE PRUEBA REPETIDO PARA FILTRO
2025-05-19 17:14:36 - juego - [DEBUG] - Procesando eventos Pygame...
2025-05-19 17:14:36 - juego - [DEBUG] - Iniciando ciclo de renderizado...
2025-05-19 17:14:36 - juego - [DEBUG] - Ciclo de renderizado completado (flip ejecutado).
2025-05-19 17:14:36 - juego - [DEBUG] - MENSAJE DE PRUEBA REPETIDO PARA FILTRO
2025-05-19 17:14:36 - juego - [DEBUG] - Procesando eventos Pygame...
2025-05-19 17:14:36 - juego - [DEBUG] - Ciclo de renderizado completado (flip ejecutado).
2025-05-19 17:14:36 - juego - [DEBUG] - Iniciando ciclo de renderizado...
2025-05-19 17:14:36 - juego - [DEBUG] - MENSAJE DE PRUEBA REPETIDO PARA FILTRO
2025-05-19 17:14:36 - juego - [DEBUG] - Procesando eventos Pygame...
2025-05-19 17:14:36 - juego - [DEBUG] - Iniciando ciclo de renderizado...
2025-05-19 17:14:36 - juego - [DEBUG] - Ciclo de renderizado completado (flip ejecutado).
2025-05-19 17:14:36 - juego - [DEBUG] - MENSAJE DE PRUEBA REPETIDO PARA FILTRO
2025-05-19 17:14:36 - juego - [DEBUG] - Procesando eventos Pygame...
2025-05-19 17:14:36 - juego - [DEBUG] - Iniciando ciclo de renderizado...
2025-05-19 17:14:36 - juego - [DEBUG] - Ciclo de renderizado completado (flip ejecutado).
2025-05-19 17:14:36 - juego - [DEBUG] - MENSAJE DE PRUEBA REPETIDO PARA FILTRO
2025-05-19 17:14:36 - juego - [DEBUG] - Procesando eventos Pygame...
2025-05-19 17:14:37 - juego - [DEBUG] - Iniciando ciclo de renderizado...
2025-05-19 17:14:37 - juego - [DEBUG] - Ciclo de renderizado completado (flip ejecutado).
2025-05-19 17:14:37 - juego - [DEBUG] - MENSAJE DE PRUEBA REPETIDO PARA FILTRO
2025-05-19 17:14:37 - juego - [DEBUG] - Procesando eventos Pygame...
2025-05-19 17:14:37 - juego - [DEBUG] - Iniciando ciclo de renderizado...
2025-05-19 17:14:37 - juego - [DEBUG] - Ciclo de renderizado completado (flip ejecutado).
2025-05-19 17:14:37 - juego - [DEBUG] - MENSAJE DE PRUEBA REPETIDO PARA FILTRO
2025-05-19 17:14:37 - juego - [DEBUG] - Procesando eventos Pygame...
2025-05-19 17:14:37 - juego - [DEBUG] - Iniciando ciclo de renderizado...
2025-05-19 17:14:37 - juego - [DEBUG] - Ciclo de renderizado completado (flip ejecutado).
2025-05-19 17:14:37 - juego - [DEBUG] - MENSAJE DE PRUEBA REPETIDO PARA FILTRO
2025-05-19 17:14:37 - juego - [DEBUG] - Procesando eventos Pygame...
2025-05-19 17:14:37 - juego - [DEBUG] - Iniciando ciclo de renderizado...
2025-05-19 17:14:37 - juego - [DEBUG] - Ciclo de renderizado completado (flip ejecutado).
2025-05-19 17:14:37 - juego - [DEBUG] - MENSAJE DE PRUEBA REPETIDO PARA FILTRO
2025-05-19 17:14:37 - juego - [DEBUG] - Procesando eventos Pygame...
2025-05-19 17:14:37 - juego - [DEBUG] - Iniciando ciclo de renderizado...
2025-05-19 17:14:37 - juego - [DEBUG] - Ciclo de renderizado completado (flip ejecutado).
2025-05-19 17:14:37 - juego - [DEBUG] - MENSAJE DE PRUEBA REPETIDO PARA FILTRO
2025-05-19 17:14:37 - juego - [DEBUG] - Procesando eventos Pygame...
2025-05-19 17:14:37 - juego - [DEBUG] - Iniciando ciclo de renderizado...
2025-05-19 17:14:37 - juego - [DEBUG] - Ciclo de renderizado completado (flip ejecutado).
2025-05-19 17:14:37 - juego - [DEBUG] - MENSAJE DE PRUEBA REPETIDO PARA FILTRO
2025-05-19 17:14:37 - juego - [DEBUG] - Procesando eventos Pygame...
2025-05-19 17:14:37 - juego - [DEBUG] - Iniciando ciclo de renderizado...
2025-05-19 17:14:37 - juego - [DEBUG] - Ciclo de renderizado completado (flip ejecutado).
2025-05-19 17:14:37 - juego - [DEBUG] - MENSAJE DE PRUEBA REPETIDO PARA FILTRO
2025-05-19 17:14:37 - juego - [DEBUG] - Procesando eventos Pygame...
2025-05-19 17:14:37 - juego - [DEBUG] - Iniciando ciclo de renderizado...
2025-05-19 17:14:37 - juego - [DEBUG] - Ciclo de renderizado completado (flip ejecutado).
2025-05-19 17:14:37 - juego - [DEBUG] - MENSAJE DE PRUEBA REPETIDO PARA FILTRO
2025-05-19 17:14:37 - juego - [DEBUG] - Procesando eventos Pygame...
2025-05-19 17:14:37 - juego - [DEBUG] - Iniciando ciclo de renderizado...
2025-05-19 17:14:37 - juego - [DEBUG] - Ciclo de renderizado completado (flip ejecutado).
2025-05-19 17:14:37 - juego - [DEBUG] - MENSAJE DE PRUEBA REPETIDO PARA FILTRO
2025-05-19 17:14:37 - juego - [DEBUG] - Procesando eventos Pygame...
2025-05-19 17:14:37 - juego - [DEBUG] - Iniciando ciclo de renderizado...
2025-05-19 17:14:37 - juego - [DEBUG] - Ciclo de renderizado completado (flip ejecutado).
2025-05-19 17:14:37 - juego - [DEBUG] - MENSAJE DE PRUEBA REPETIDO PARA FILTRO
2025-05-19 17:14:37 - juego - [DEBUG] - Procesando eventos Pygame...
2025-05-19 17:14:37 - juego - [DEBUG] - Iniciando ciclo de renderizado...
2025-05-19 17:14:37 - juego - [DEBUG] - Ciclo de renderizado completado (flip ejecutado).
2025-05-19 17:14:37 - juego - [DEBUG] - MENSAJE DE PRUEBA REPETIDO PARA FILTRO
2025-05-19 17:14:37 - juego - [DEBUG] - Procesando eventos Pygame...
2025-05-19 17:14:37 - juego - [DEBUG] - Iniciando ciclo de renderizado...
2025-05-19 17:14:37 - juego - [DEBUG] - Ciclo de renderizado completado (flip ejecutado).
2025-05-19 17:14:37 - juego - [DEBUG] - MENSAJE DE PRUEBA REPETIDO PARA FILTRO
2025-05-19 17:14:37 - juego - [DEBUG] - Procesando eventos Pygame...
2025-05-19 17:14:37 - juego - [DEBUG] - Iniciando ciclo de renderizado...
2025-05-19 17:14:37 - juego - [DEBUG] - Ciclo de renderizado completado (flip ejecutado).
2025-05-19 17:14:37 - juego - [DEBUG] - MENSAJE DE PRUEBA REPETIDO PARA FILTRO
2025-05-19 17:14:37 - juego - [DEBUG] - Procesando eventos Pygame...
2025-05-19 17:14:37 - juego - [DEBUG] - Iniciando ciclo de renderizado...
2025-05-19 17:14:37 - juego - [DEBUG] - Ciclo de renderizado completado (flip ejecutado).
2025-05-19 17:14:37 - juego - [DEBUG] - MENSAJE DE PRUEBA REPETIDO PARA FILTRO
2025-05-19 17:14:37 - juego - [DEBUG] - Procesando eventos Pygame...
2025-05-19 17:14:37 - juego - [DEBUG] - Iniciando ciclo de renderizado...
2025-05-19 17:14:37 - juego - [DEBUG] - Ciclo de renderizado completado (flip ejecutado).
2025-05-19 17:14:37 - juego - [DEBUG] - MENSAJE DE PRUEBA REPETIDO PARA FILTRO
2025-05-19 17:14:37 - juego - [DEBUG] - Procesando eventos Pygame...
2025-05-19 17:14:37 - juego - [DEBUG] - Iniciando ciclo de renderizado...
2025-05-19 17:14:37 - juego - [DEBUG] - Ciclo de renderizado completado (flip ejecutado).
2025-05-19 17:14:37 - juego - [DEBUG] - Solicitud de salir del juego procesada.
2025-05-19 17:14:37 - juego - [INFO] - Saliendo de Pygame y del sistema...
