2025-05-19 22:41:55 - jugador - [DEBUG] - [JUGADOR_0] Pos flotante (post-límites): (283.8800, 165.0000)
2025-05-19 22:41:55 - jugador - [DEBUG] - Movimiento para CH: dx_int=3, dy_int=0. HB (antes CH): TL=(281, 165), Size=(24, 22)
2025-05-19 22:41:55 - jugador - [DEBUG] - [JUGADOR_0] Posición POST CH: HB: (281, 165), PosFlotante: (281.00, 165.00)
2025-05-19 22:41:55 - jugador - [DEBUG] - [JUGADOR_0] Input teclado procesado: mov_x_input_raw=0, mov_y_input_raw=0
2025-05-19 22:41:55 - jugador - [DEBUG] - [JUGADOR_0] Delta flotante intentado: dx=0.0000, dy=0.0000 (delta_time: 0.0190)
2025-05-19 22:41:55 - jugador - [DEBUG] - [JUGADOR_0] Pos flotante (pre-límites): (281.0000, 165.0000)
2025-05-19 22:41:55 - jugador - [DEBUG] - [JUGADOR_0] Pos flotante (post-límites): (281.0000, 165.0000)
2025-05-19 22:41:55 - jugador - [DEBUG] - [JUGADOR_0] Sin mov. para CH (delta_int fue 0). HB: (281, 165), PosFlotante: (281.0000, 165.0000)
2025-05-19 22:41:55 - jugador - [DEBUG] - [JUGADOR_0] Delta flotante intentado: dx=0.0000, dy=0.0000 (delta_time: 0.0170)
2025-05-19 22:41:55 - jugador - [DEBUG] - [JUGADOR_0] Input teclado procesado: mov_x_input_raw=0, mov_y_input_raw=0
2025-05-19 22:41:55 - jugador - [DEBUG] - [JUGADOR_0] Pos flotante (pre-límites): (281.0000, 165.0000)
2025-05-19 22:41:55 - jugador - [DEBUG] - [JUGADOR_0] Pos flotante (post-límites): (281.0000, 165.0000)
2025-05-19 22:41:55 - jugador - [DEBUG] - [JUGADOR_0] Sin mov. para CH (delta_int fue 0). HB: (281, 165), PosFlotante: (281.0000, 165.0000)
2025-05-19 22:41:55 - jugador - [DEBUG] - [JUGADOR_0] Delta flotante intentado: dx=0.0000, dy=0.0000 (delta_time: 0.0160)
2025-05-19 22:41:55 - jugador - [DEBUG] - [JUGADOR_0] Input teclado procesado: mov_x_input_raw=0, mov_y_input_raw=0
2025-05-19 22:41:55 - jugador - [DEBUG] - [JUGADOR_0] Delta flotante intentado: dx=0.0000, dy=0.0000 (delta_time: 0.0170)
2025-05-19 22:41:55 - jugador - [DEBUG] - [JUGADOR_0] Pos flotante (pre-límites): (281.0000, 165.0000)
2025-05-19 22:41:55 - jugador - [DEBUG] - [JUGADOR_0] Pos flotante (post-límites): (281.0000, 165.0000)
2025-05-19 22:41:55 - jugador - [DEBUG] - [JUGADOR_0] Sin mov. para CH (delta_int fue 0). HB: (281, 165), PosFlotante: (281.0000, 165.0000)
2025-05-19 22:41:55 - jugador - [DEBUG] - [JUGADOR_0] Input teclado procesado: mov_x_input_raw=0, mov_y_input_raw=0
2025-05-19 22:41:55 - jugador - [DEBUG] - [JUGADOR_0] Delta flotante intentado: dx=0.0000, dy=0.0000 (delta_time: 0.0170)
2025-05-19 22:41:55 - jugador - [DEBUG] - [JUGADOR_0] Pos flotante (pre-límites): (281.0000, 165.0000)
2025-05-19 22:41:55 - jugador - [DEBUG] - [JUGADOR_0] Pos flotante (post-límites): (281.0000, 165.0000)
2025-05-19 22:41:55 - jugador - [DEBUG] - [JUGADOR_0] Sin mov. para CH (delta_int fue 0). HB: (281, 165), PosFlotante: (281.0000, 165.0000)
2025-05-19 22:41:55 - jugador - [DEBUG] - [JUGADOR_0] Delta flotante intentado: dx=0.0000, dy=0.0000 (delta_time: 0.0160)
2025-05-19 22:41:55 - jugador - [DEBUG] - [JUGADOR_0] Input teclado procesado: mov_x_input_raw=0, mov_y_input_raw=0
2025-05-19 22:41:55 - jugador - [DEBUG] - [JUGADOR_0] Pos flotante (pre-límites): (281.0000, 165.0000)
2025-05-19 22:41:55 - jugador - [DEBUG] - [JUGADOR_0] Pos flotante (post-límites): (281.0000, 165.0000)
2025-05-19 22:41:55 - jugador - [DEBUG] - [JUGADOR_0] Sin mov. para CH (delta_int fue 0). HB: (281, 165), PosFlotante: (281.0000, 165.0000)
2025-05-19 22:41:55 - jugador - [DEBUG] - [JUGADOR_0] Delta flotante intentado: dx=0.0000, dy=0.0000 (delta_time: 0.0170)
2025-05-19 22:41:55 - jugador - [DEBUG] - [JUGADOR_0] Input teclado procesado: mov_x_input_raw=0, mov_y_input_raw=0
2025-05-19 22:41:55 - jugador - [DEBUG] - [JUGADOR_0] Delta flotante intentado: dx=0.0000, dy=0.0000 (delta_time: 0.0160)
2025-05-19 22:41:55 - jugador - [DEBUG] - [JUGADOR_0] Pos flotante (pre-límites): (281.0000, 165.0000)
2025-05-19 22:41:55 - jugador - [DEBUG] - [JUGADOR_0] Pos flotante (post-límites): (281.0000, 165.0000)
2025-05-19 22:41:55 - jugador - [DEBUG] - [JUGADOR_0] Sin mov. para CH (delta_int fue 0). HB: (281, 165), PosFlotante: (281.0000, 165.0000)
2025-05-19 22:41:55 - jugador - [DEBUG] - [JUGADOR_0] Delta flotante intentado: dx=0.0000, dy=0.0000 (delta_time: 0.0170)
2025-05-19 22:41:55 - jugador - [DEBUG] - [JUGADOR_0] Input teclado procesado: mov_x_input_raw=0, mov_y_input_raw=0
2025-05-19 22:41:55 - jugador - [DEBUG] - [JUGADOR_0] Pos flotante (pre-límites): (281.0000, 165.0000)
2025-05-19 22:41:55 - jugador - [DEBUG] - [JUGADOR_0] Pos flotante (post-límites): (281.0000, 165.0000)
2025-05-19 22:41:55 - jugador - [DEBUG] - [JUGADOR_0] Sin mov. para CH (delta_int fue 0). HB: (281, 165), PosFlotante: (281.0000, 165.0000)
2025-05-19 22:41:55 - jugador - [DEBUG] - [JUGADOR_0] Delta flotante intentado: dx=0.0000, dy=0.0000 (delta_time: 0.0170)
2025-05-19 22:41:55 - jugador - [DEBUG] - [JUGADOR_0] Input teclado procesado: mov_x_input_raw=0, mov_y_input_raw=0
2025-05-19 22:41:55 - jugador - [DEBUG] - [JUGADOR_0] Delta flotante intentado: dx=0.0000, dy=0.0000 (delta_time: 0.0170)
2025-05-19 22:41:55 - jugador - [DEBUG] - [JUGADOR_0] Pos flotante (pre-límites): (281.0000, 165.0000)
2025-05-19 22:41:55 - jugador - [DEBUG] - [JUGADOR_0] Pos flotante (post-límites): (281.0000, 165.0000)
2025-05-19 22:41:55 - jugador - [DEBUG] - [JUGADOR_0] Sin mov. para CH (delta_int fue 0). HB: (281, 165), PosFlotante: (281.0000, 165.0000)
2025-05-19 22:41:56 - jugador - [DEBUG] - [JUGADOR_0] Delta flotante intentado: dx=0.0000, dy=0.0000 (delta_time: 0.0160)
2025-05-19 22:41:56 - jugador - [DEBUG] - [JUGADOR_0] Input teclado procesado: mov_x_input_raw=0, mov_y_input_raw=0
2025-05-19 22:41:56 - jugador - [DEBUG] - [JUGADOR_0] Delta flotante intentado: dx=0.0000, dy=0.0000 (delta_time: 0.0170)
2025-05-19 22:41:56 - jugador - [DEBUG] - [JUGADOR_0] Pos flotante (pre-límites): (281.0000, 165.0000)
2025-05-19 22:41:56 - jugador - [DEBUG] - [JUGADOR_0] Pos flotante (post-límites): (281.0000, 165.0000)
2025-05-19 22:41:56 - jugador - [DEBUG] - [JUGADOR_0] Sin mov. para CH (delta_int fue 0). HB: (281, 165), PosFlotante: (281.0000, 165.0000)
2025-05-19 22:41:56 - jugador - [DEBUG] - [JUGADOR_0] Input teclado procesado: mov_x_input_raw=0, mov_y_input_raw=0
2025-05-19 22:41:56 - jugador - [DEBUG] - [JUGADOR_0] Delta flotante intentado: dx=0.0000, dy=0.0000 (delta_time: 0.0170)
2025-05-19 22:41:56 - jugador - [DEBUG] - [JUGADOR_0] Pos flotante (pre-límites): (281.0000, 165.0000)
2025-05-19 22:41:56 - jugador - [DEBUG] - [JUGADOR_0] Pos flotante (post-límites): (281.0000, 165.0000)
2025-05-19 22:41:56 - jugador - [DEBUG] - [JUGADOR_0] Sin mov. para CH (delta_int fue 0). HB: (281, 165), PosFlotante: (281.0000, 165.0000)
2025-05-19 22:41:56 - jugador - [DEBUG] - [JUGADOR_0] Delta flotante intentado: dx=0.0000, dy=0.0000 (delta_time: 0.0160)
2025-05-19 22:41:56 - jugador - [DEBUG] - [JUGADOR_0] Input teclado procesado: mov_x_input_raw=0, mov_y_input_raw=0
2025-05-19 22:41:56 - jugador - [DEBUG] - [JUGADOR_0] Delta flotante intentado: dx=0.0000, dy=0.0000 (delta_time: 0.0170)
2025-05-19 22:41:56 - jugador - [DEBUG] - [JUGADOR_0] Pos flotante (pre-límites): (281.0000, 165.0000)
2025-05-19 22:41:56 - jugador - [DEBUG] - [JUGADOR_0] Pos flotante (post-límites): (281.0000, 165.0000)
2025-05-19 22:41:56 - jugador - [DEBUG] - [JUGADOR_0] Sin mov. para CH (delta_int fue 0). HB: (281, 165), PosFlotante: (281.0000, 165.0000)
2025-05-19 22:41:56 - jugador - [DEBUG] - [JUGADOR_0] Delta flotante intentado: dx=0.0000, dy=0.0000 (delta_time: 0.0160)
2025-05-19 22:41:56 - jugador - [DEBUG] - [JUGADOR_0] Input teclado procesado: mov_x_input_raw=0, mov_y_input_raw=0
2025-05-19 22:41:56 - jugador - [DEBUG] - [JUGADOR_0] Delta flotante intentado: dx=0.0000, dy=0.0000 (delta_time: 0.0170)
2025-05-19 22:41:56 - jugador - [DEBUG] - [JUGADOR_0] Pos flotante (pre-límites): (281.0000, 165.0000)
2025-05-19 22:41:56 - jugador - [DEBUG] - [JUGADOR_0] Pos flotante (post-límites): (281.0000, 165.0000)
2025-05-19 22:41:56 - jugador - [DEBUG] - [JUGADOR_0] Sin mov. para CH (delta_int fue 0). HB: (281, 165), PosFlotante: (281.0000, 165.0000)
2025-05-19 22:41:56 - jugador - [DEBUG] - [JUGADOR_0] Input teclado procesado: mov_x_input_raw=0, mov_y_input_raw=0
2025-05-19 22:41:56 - jugador - [DEBUG] - [JUGADOR_0] Delta flotante intentado: dx=0.0000, dy=0.0000 (delta_time: 0.0170)
2025-05-19 22:41:56 - jugador - [DEBUG] - [JUGADOR_0] Pos flotante (pre-límites): (281.0000, 165.0000)
2025-05-19 22:41:56 - jugador - [DEBUG] - [JUGADOR_0] Pos flotante (post-límites): (281.0000, 165.0000)
2025-05-19 22:41:56 - jugador - [DEBUG] - [JUGADOR_0] Sin mov. para CH (delta_int fue 0). HB: (281, 165), PosFlotante: (281.0000, 165.0000)
2025-05-19 22:41:56 - jugador - [DEBUG] - [JUGADOR_0] Delta flotante intentado: dx=0.0000, dy=0.0000 (delta_time: 0.0160)
