2025-05-19 16:50:40 - gestor_eventos - [DEBUG] - GestorEventos inicializado.
2025-05-19 16:50:40 - gestor_eventos - [DEBUG] - Procesando 11 eventos...
2025-05-19 16:50:40 - gestor_eventos - [DEBUG] -   Evento: AudioDeviceAdded (<Event(4352-AudioDeviceAdded {'which': 0, 'iscapture': 0})>)
2025-05-19 16:50:40 - gestor_eventos - [DEBUG] -   Evento: AudioDeviceAdded (<Event(4352-AudioDeviceAdded {'which': 0, 'iscapture': 1})>)
2025-05-19 16:50:40 - gestor_eventos - [DEBUG] -   Evento: WindowShown (<Event(32774-WindowShown {'window': None})>)
2025-05-19 16:50:40 - gestor_eventos - [DEBUG] -   Evento: ActiveEvent (<Event(32768-ActiveEvent {'gain': 1, 'state': 2})>)
2025-05-19 16:50:40 - gestor_eventos - [DEBUG] -   Evento: WindowFocusGained (<Event(32785-WindowFocusGained {'window': None})>)
2025-05-19 16:50:40 - gestor_eventos - [DEBUG] -   Evento: TextEditing (<Event(770-TextEditing {'text': '', 'start': 0, 'length': 0, 'window': None})>)
2025-05-19 16:50:40 - gestor_eventos - [DEBUG] -   Evento: ActiveEvent (<Event(32768-ActiveEvent {'gain': 1, 'state': 1})>)
2025-05-19 16:50:40 - gestor_eventos - [DEBUG] -   Evento: WindowEnter (<Event(32783-WindowEnter {'window': None})>)
2025-05-19 16:50:40 - gestor_eventos - [DEBUG] -   Evento: MouseMotion (<Event(1024-MouseMotion {'pos': (493, 275), 'rel': (0, 0), 'buttons': (0, 0, 0), 'touch': False, 'window': None})>)
2025-05-19 16:50:40 - gestor_eventos - [DEBUG] -   Evento: VideoExpose (<Event(32770-VideoExpose {})>)
2025-05-19 16:50:40 - gestor_eventos - [DEBUG] -   Evento: WindowExposed (<Event(32776-WindowExposed {'window': None})>)
2025-05-19 16:50:40 - gestor_eventos - [DEBUG] - Procesando 0 eventos...
2025-05-19 16:50:40 - gestor_eventos - [DEBUG] - Procesando 0 eventos...
2025-05-19 16:50:40 - gestor_eventos - [DEBUG] - Procesando 0 eventos...
2025-05-19 16:50:40 - gestor_eventos - [DEBUG] - Procesando 0 eventos...
2025-05-19 16:50:40 - gestor_eventos - [DEBUG] - Procesando 0 eventos...
2025-05-19 16:50:40 - gestor_eventos - [DEBUG] - Procesando 0 eventos...
2025-05-19 16:50:40 - gestor_eventos - [DEBUG] - Procesando 0 eventos...
2025-05-19 16:50:40 - gestor_eventos - [DEBUG] - Procesando 0 eventos...
2025-05-19 16:50:40 - gestor_eventos - [DEBUG] - Procesando 0 eventos...
2025-05-19 16:50:40 - gestor_eventos - [DEBUG] - Procesando 0 eventos...
2025-05-19 16:50:40 - gestor_eventos - [DEBUG] - Procesando 0 eventos...
2025-05-19 16:50:40 - gestor_eventos - [DEBUG] - Procesando 0 eventos...
2025-05-19 16:50:40 - gestor_eventos - [DEBUG] - Procesando 0 eventos...
2025-05-19 16:50:40 - gestor_eventos - [DEBUG] - Procesando 0 eventos...
2025-05-19 16:50:40 - gestor_eventos - [DEBUG] - Procesando 0 eventos...
2025-05-19 16:50:40 - gestor_eventos - [DEBUG] - Procesando 0 eventos...
2025-05-19 16:50:40 - gestor_eventos - [DEBUG] - Procesando 0 eventos...
2025-05-19 16:50:40 - gestor_eventos - [DEBUG] - Procesando 0 eventos...
2025-05-19 16:50:41 - gestor_eventos - [DEBUG] - Procesando 0 eventos...
2025-05-19 16:50:41 - gestor_eventos - [DEBUG] - Procesando 0 eventos...
2025-05-19 16:50:41 - gestor_eventos - [DEBUG] - Procesando 0 eventos...
2025-05-19 16:50:41 - gestor_eventos - [DEBUG] - Procesando 0 eventos...
2025-05-19 16:50:41 - gestor_eventos - [DEBUG] - Procesando 0 eventos...
2025-05-19 16:50:41 - gestor_eventos - [DEBUG] - Procesando 0 eventos...
2025-05-19 16:50:41 - gestor_eventos - [DEBUG] - Procesando 0 eventos...
2025-05-19 16:50:41 - gestor_eventos - [DEBUG] - Procesando 0 eventos...
2025-05-19 16:50:41 - gestor_eventos - [DEBUG] - Procesando 0 eventos...
2025-05-19 16:50:41 - gestor_eventos - [DEBUG] - Procesando 0 eventos...
2025-05-19 16:50:41 - gestor_eventos - [DEBUG] - Procesando 0 eventos...
2025-05-19 16:50:41 - gestor_eventos - [DEBUG] - Procesando 0 eventos...
2025-05-19 16:50:41 - gestor_eventos - [DEBUG] - Procesando 0 eventos...
2025-05-19 16:50:41 - gestor_eventos - [DEBUG] - Procesando 0 eventos...
2025-05-19 16:50:41 - gestor_eventos - [DEBUG] - Procesando 0 eventos...
2025-05-19 16:50:41 - gestor_eventos - [DEBUG] - Procesando 0 eventos...
2025-05-19 16:50:41 - gestor_eventos - [DEBUG] - Procesando 0 eventos...
2025-05-19 16:50:41 - gestor_eventos - [DEBUG] - Procesando 0 eventos...
2025-05-19 16:50:41 - gestor_eventos - [DEBUG] - Procesando 0 eventos...
2025-05-19 16:50:41 - gestor_eventos - [DEBUG] - Procesando 0 eventos...
2025-05-19 16:50:41 - gestor_eventos - [DEBUG] - Procesando 0 eventos...
2025-05-19 16:50:41 - gestor_eventos - [DEBUG] - Procesando 0 eventos...
2025-05-19 16:50:41 - gestor_eventos - [DEBUG] - Procesando 0 eventos...
2025-05-19 16:50:41 - gestor_eventos - [DEBUG] - Procesando 0 eventos...
2025-05-19 16:50:41 - gestor_eventos - [DEBUG] - Procesando 0 eventos...
2025-05-19 16:50:41 - gestor_eventos - [DEBUG] - Procesando 0 eventos...
2025-05-19 16:50:41 - gestor_eventos - [DEBUG] - Procesando 0 eventos...
2025-05-19 16:50:41 - gestor_eventos - [DEBUG] - Procesando 0 eventos...
2025-05-19 16:50:41 - gestor_eventos - [DEBUG] - Procesando 0 eventos...
2025-05-19 16:50:41 - gestor_eventos - [DEBUG] - Procesando 0 eventos...
2025-05-19 16:50:41 - gestor_eventos - [DEBUG] - Procesando 0 eventos...
2025-05-19 16:50:41 - gestor_eventos - [DEBUG] - Procesando 0 eventos...
2025-05-19 16:50:41 - gestor_eventos - [DEBUG] - Procesando 0 eventos...
2025-05-19 16:50:41 - gestor_eventos - [DEBUG] - Procesando 0 eventos...
2025-05-19 16:50:41 - gestor_eventos - [DEBUG] - Procesando 0 eventos...
2025-05-19 16:50:41 - gestor_eventos - [DEBUG] - Procesando 0 eventos...
2025-05-19 16:50:41 - gestor_eventos - [DEBUG] - Procesando 0 eventos...
2025-05-19 16:50:41 - gestor_eventos - [DEBUG] - Procesando 0 eventos...
2025-05-19 16:50:41 - gestor_eventos - [DEBUG] - Procesando 0 eventos...
2025-05-19 16:50:41 - gestor_eventos - [DEBUG] - Procesando 0 eventos...
2025-05-19 16:50:41 - gestor_eventos - [DEBUG] - Procesando 0 eventos...
2025-05-19 16:50:41 - gestor_eventos - [DEBUG] - Procesando 0 eventos...
2025-05-19 16:50:41 - gestor_eventos - [DEBUG] - Procesando 0 eventos...
2025-05-19 16:50:41 - gestor_eventos - [DEBUG] - Procesando 0 eventos...
2025-05-19 16:50:41 - gestor_eventos - [DEBUG] - Procesando 0 eventos...
2025-05-19 16:50:41 - gestor_eventos - [DEBUG] - Procesando 0 eventos...
2025-05-19 16:50:41 - gestor_eventos - [DEBUG] - Procesando 0 eventos...
2025-05-19 16:50:41 - gestor_eventos - [DEBUG] - Procesando 0 eventos...
2025-05-19 16:50:41 - gestor_eventos - [DEBUG] - Procesando 0 eventos...
2025-05-19 16:50:41 - gestor_eventos - [DEBUG] - Procesando 0 eventos...
2025-05-19 16:50:41 - gestor_eventos - [DEBUG] - Procesando 0 eventos...
2025-05-19 16:50:41 - gestor_eventos - [DEBUG] - Procesando 0 eventos...
2025-05-19 16:50:41 - gestor_eventos - [DEBUG] - Procesando 0 eventos...
2025-05-19 16:50:41 - gestor_eventos - [DEBUG] - Procesando 0 eventos...
2025-05-19 16:50:41 - gestor_eventos - [DEBUG] - Procesando 0 eventos...
2025-05-19 16:50:41 - gestor_eventos - [DEBUG] - Procesando 0 eventos...
2025-05-19 16:50:41 - gestor_eventos - [DEBUG] - Procesando 0 eventos...
2025-05-19 16:50:41 - gestor_eventos - [DEBUG] - Procesando 0 eventos...
2025-05-19 16:50:41 - gestor_eventos - [DEBUG] - Procesando 0 eventos...
2025-05-19 16:50:41 - gestor_eventos - [DEBUG] - Procesando 0 eventos...
2025-05-19 16:50:42 - gestor_eventos - [DEBUG] - Procesando 0 eventos...
2025-05-19 16:50:42 - gestor_eventos - [DEBUG] - Procesando 0 eventos...
2025-05-19 16:50:42 - gestor_eventos - [DEBUG] - Procesando 0 eventos...
2025-05-19 16:50:42 - gestor_eventos - [DEBUG] - Procesando 0 eventos...
2025-05-19 16:50:42 - gestor_eventos - [DEBUG] - Procesando 0 eventos...
2025-05-19 16:50:42 - gestor_eventos - [DEBUG] - Procesando 0 eventos...
2025-05-19 16:50:42 - gestor_eventos - [DEBUG] - Procesando 0 eventos...
2025-05-19 16:50:42 - gestor_eventos - [DEBUG] - Procesando 0 eventos...
2025-05-19 16:50:42 - gestor_eventos - [DEBUG] - Procesando 0 eventos...
2025-05-19 16:50:42 - gestor_eventos - [DEBUG] - Procesando 0 eventos...
2025-05-19 16:50:42 - gestor_eventos - [DEBUG] - Procesando 0 eventos...
2025-05-19 16:50:42 - gestor_eventos - [DEBUG] - Procesando 0 eventos...
2025-05-19 16:50:42 - gestor_eventos - [DEBUG] - Procesando 0 eventos...
2025-05-19 16:50:42 - gestor_eventos - [DEBUG] - Procesando 0 eventos...
2025-05-19 16:50:42 - gestor_eventos - [DEBUG] - Procesando 0 eventos...
2025-05-19 16:50:42 - gestor_eventos - [DEBUG] - Procesando 0 eventos...
2025-05-19 16:50:42 - gestor_eventos - [DEBUG] - Procesando 0 eventos...
2025-05-19 16:50:42 - gestor_eventos - [DEBUG] - Procesando 0 eventos...
2025-05-19 16:50:42 - gestor_eventos - [DEBUG] - Procesando 0 eventos...
2025-05-19 16:50:42 - gestor_eventos - [DEBUG] - Procesando 0 eventos...
2025-05-19 16:50:42 - gestor_eventos - [DEBUG] - Procesando 0 eventos...
2025-05-19 16:50:42 - gestor_eventos - [DEBUG] - Procesando 0 eventos...
2025-05-19 16:50:42 - gestor_eventos - [DEBUG] - Procesando 0 eventos...
2025-05-19 16:50:42 - gestor_eventos - [DEBUG] - Procesando 0 eventos...
2025-05-19 16:50:42 - gestor_eventos - [DEBUG] - Procesando 0 eventos...
2025-05-19 16:50:42 - gestor_eventos - [DEBUG] - Procesando 0 eventos...
2025-05-19 16:50:42 - gestor_eventos - [DEBUG] - Procesando 0 eventos...
2025-05-19 16:50:42 - gestor_eventos - [DEBUG] - Procesando 0 eventos...
2025-05-19 16:50:42 - gestor_eventos - [DEBUG] - Procesando 0 eventos...
2025-05-19 16:50:42 - gestor_eventos - [DEBUG] - Procesando 0 eventos...
2025-05-19 16:50:42 - gestor_eventos - [DEBUG] - Procesando 0 eventos...
2025-05-19 16:50:42 - gestor_eventos - [DEBUG] - Procesando 0 eventos...
2025-05-19 16:50:42 - gestor_eventos - [DEBUG] - Procesando 0 eventos...
2025-05-19 16:50:42 - gestor_eventos - [DEBUG] - Procesando 0 eventos...
2025-05-19 16:50:42 - gestor_eventos - [DEBUG] - Procesando 0 eventos...
2025-05-19 16:50:42 - gestor_eventos - [DEBUG] - Procesando 0 eventos...
2025-05-19 16:50:42 - gestor_eventos - [DEBUG] - Procesando 0 eventos...
2025-05-19 16:50:42 - gestor_eventos - [DEBUG] - Procesando 0 eventos...
2025-05-19 16:50:42 - gestor_eventos - [DEBUG] - Procesando 0 eventos...
2025-05-19 16:50:42 - gestor_eventos - [DEBUG] - Procesando 0 eventos...
2025-05-19 16:50:42 - gestor_eventos - [DEBUG] - Procesando 0 eventos...
2025-05-19 16:50:42 - gestor_eventos - [DEBUG] - Procesando 0 eventos...
2025-05-19 16:50:42 - gestor_eventos - [DEBUG] - Procesando 0 eventos...
2025-05-19 16:50:42 - gestor_eventos - [DEBUG] - Procesando 0 eventos...
2025-05-19 16:50:42 - gestor_eventos - [DEBUG] - Procesando 0 eventos...
2025-05-19 16:50:42 - gestor_eventos - [DEBUG] - Procesando 0 eventos...
2025-05-19 16:50:42 - gestor_eventos - [DEBUG] - Procesando 0 eventos...
2025-05-19 16:50:42 - gestor_eventos - [DEBUG] - Procesando 0 eventos...
2025-05-19 16:50:42 - gestor_eventos - [DEBUG] - Procesando 0 eventos...
2025-05-19 16:50:42 - gestor_eventos - [DEBUG] - Procesando 0 eventos...
2025-05-19 16:50:42 - gestor_eventos - [DEBUG] - Procesando 0 eventos...
2025-05-19 16:50:42 - gestor_eventos - [DEBUG] - Procesando 0 eventos...
2025-05-19 16:50:42 - gestor_eventos - [DEBUG] - Procesando 0 eventos...
2025-05-19 16:50:42 - gestor_eventos - [DEBUG] - Procesando 0 eventos...
2025-05-19 16:50:42 - gestor_eventos - [DEBUG] - Procesando 0 eventos...
2025-05-19 16:50:42 - gestor_eventos - [DEBUG] - Procesando 0 eventos...
2025-05-19 16:50:42 - gestor_eventos - [DEBUG] - Procesando 0 eventos...
2025-05-19 16:50:42 - gestor_eventos - [DEBUG] - Procesando 0 eventos...
2025-05-19 16:50:42 - gestor_eventos - [DEBUG] - Procesando 0 eventos...
2025-05-19 16:50:42 - gestor_eventos - [DEBUG] - Procesando 0 eventos...
2025-05-19 16:50:42 - gestor_eventos - [DEBUG] - Procesando 0 eventos...
2025-05-19 16:50:43 - gestor_eventos - [DEBUG] - Procesando 0 eventos...
2025-05-19 16:50:43 - gestor_eventos - [DEBUG] - Procesando 0 eventos...
2025-05-19 16:50:43 - gestor_eventos - [DEBUG] - Procesando 0 eventos...
2025-05-19 16:50:43 - gestor_eventos - [DEBUG] - Procesando 0 eventos...
2025-05-19 16:50:43 - gestor_eventos - [DEBUG] - Procesando 0 eventos...
2025-05-19 16:50:43 - gestor_eventos - [DEBUG] - Procesando 0 eventos...
2025-05-19 16:50:43 - gestor_eventos - [DEBUG] - Procesando 0 eventos...
2025-05-19 16:50:43 - gestor_eventos - [DEBUG] - Procesando 0 eventos...
2025-05-19 16:50:43 - gestor_eventos - [DEBUG] - Procesando 0 eventos...
2025-05-19 16:50:43 - gestor_eventos - [DEBUG] - Procesando 0 eventos...
2025-05-19 16:50:43 - gestor_eventos - [DEBUG] - Procesando 0 eventos...
2025-05-19 16:50:43 - gestor_eventos - [DEBUG] - Procesando 0 eventos...
2025-05-19 16:50:43 - gestor_eventos - [DEBUG] - Procesando 0 eventos...
2025-05-19 16:50:43 - gestor_eventos - [DEBUG] - Procesando 0 eventos...
2025-05-19 16:50:43 - gestor_eventos - [DEBUG] - Procesando 0 eventos...
2025-05-19 16:50:43 - gestor_eventos - [DEBUG] - Procesando 0 eventos...
2025-05-19 16:50:43 - gestor_eventos - [DEBUG] - Procesando 0 eventos...
2025-05-19 16:50:43 - gestor_eventos - [DEBUG] - Procesando 0 eventos...
2025-05-19 16:50:43 - gestor_eventos - [DEBUG] - Procesando 0 eventos...
2025-05-19 16:50:43 - gestor_eventos - [DEBUG] - Procesando 0 eventos...
2025-05-19 16:50:43 - gestor_eventos - [DEBUG] - Procesando 0 eventos...
2025-05-19 16:50:43 - gestor_eventos - [DEBUG] - Procesando 0 eventos...
2025-05-19 16:50:43 - gestor_eventos - [DEBUG] - Procesando 0 eventos...
2025-05-19 16:50:43 - gestor_eventos - [DEBUG] - Procesando 0 eventos...
2025-05-19 16:50:43 - gestor_eventos - [DEBUG] - Procesando 0 eventos...
2025-05-19 16:50:43 - gestor_eventos - [DEBUG] - Procesando 0 eventos...
2025-05-19 16:50:43 - gestor_eventos - [DEBUG] - Procesando 0 eventos...
2025-05-19 16:50:43 - gestor_eventos - [DEBUG] - Procesando 0 eventos...
2025-05-19 16:50:43 - gestor_eventos - [DEBUG] - Procesando 0 eventos...
2025-05-19 16:50:43 - gestor_eventos - [DEBUG] - Procesando 0 eventos...
2025-05-19 16:50:43 - gestor_eventos - [DEBUG] - Procesando 0 eventos...
2025-05-19 16:50:43 - gestor_eventos - [DEBUG] - Procesando 0 eventos...
2025-05-19 16:50:43 - gestor_eventos - [DEBUG] - Procesando 0 eventos...
2025-05-19 16:50:43 - gestor_eventos - [DEBUG] - Procesando 0 eventos...
2025-05-19 16:50:43 - gestor_eventos - [DEBUG] - Procesando 0 eventos...
2025-05-19 16:50:43 - gestor_eventos - [DEBUG] - Procesando 0 eventos...
2025-05-19 16:50:43 - gestor_eventos - [DEBUG] - Procesando 0 eventos...
2025-05-19 16:50:43 - gestor_eventos - [DEBUG] - Procesando 0 eventos...
2025-05-19 16:50:43 - gestor_eventos - [DEBUG] - Procesando 0 eventos...
2025-05-19 16:50:43 - gestor_eventos - [DEBUG] - Procesando 0 eventos...
2025-05-19 16:50:43 - gestor_eventos - [DEBUG] - Procesando 0 eventos...
2025-05-19 16:50:43 - gestor_eventos - [DEBUG] - Procesando 0 eventos...
2025-05-19 16:50:43 - gestor_eventos - [DEBUG] - Procesando 0 eventos...
2025-05-19 16:50:43 - gestor_eventos - [DEBUG] - Procesando 0 eventos...
2025-05-19 16:50:43 - gestor_eventos - [DEBUG] - Procesando 0 eventos...
2025-05-19 16:50:43 - gestor_eventos - [DEBUG] - Procesando 0 eventos...
2025-05-19 16:50:43 - gestor_eventos - [DEBUG] - Procesando 0 eventos...
2025-05-19 16:50:43 - gestor_eventos - [DEBUG] - Procesando 0 eventos...
2025-05-19 16:50:43 - gestor_eventos - [DEBUG] - Procesando 0 eventos...
2025-05-19 16:50:43 - gestor_eventos - [DEBUG] - Procesando 0 eventos...
2025-05-19 16:50:43 - gestor_eventos - [DEBUG] - Procesando 0 eventos...
2025-05-19 16:50:43 - gestor_eventos - [DEBUG] - Procesando 0 eventos...
2025-05-19 16:50:43 - gestor_eventos - [DEBUG] - Procesando 0 eventos...
2025-05-19 16:50:43 - gestor_eventos - [DEBUG] - Procesando 0 eventos...
2025-05-19 16:50:43 - gestor_eventos - [DEBUG] - Procesando 0 eventos...
2025-05-19 16:50:43 - gestor_eventos - [DEBUG] - Procesando 0 eventos...
2025-05-19 16:50:43 - gestor_eventos - [DEBUG] - Procesando 0 eventos...
2025-05-19 16:50:43 - gestor_eventos - [DEBUG] - Procesando 0 eventos...
2025-05-19 16:50:43 - gestor_eventos - [DEBUG] - Procesando 0 eventos...
2025-05-19 16:50:43 - gestor_eventos - [DEBUG] - Procesando 0 eventos...
2025-05-19 16:50:44 - gestor_eventos - [DEBUG] - Procesando 0 eventos...
2025-05-19 16:50:44 - gestor_eventos - [DEBUG] - Procesando 0 eventos...
2025-05-19 16:50:44 - gestor_eventos - [DEBUG] - Procesando 0 eventos...
2025-05-19 16:50:44 - gestor_eventos - [DEBUG] - Procesando 0 eventos...
2025-05-19 16:50:44 - gestor_eventos - [DEBUG] - Procesando 0 eventos...
2025-05-19 16:50:44 - gestor_eventos - [DEBUG] - Procesando 0 eventos...
2025-05-19 16:50:44 - gestor_eventos - [DEBUG] - Procesando 0 eventos...
2025-05-19 16:50:44 - gestor_eventos - [DEBUG] - Procesando 0 eventos...
2025-05-19 16:50:44 - gestor_eventos - [DEBUG] - Procesando 0 eventos...
2025-05-19 16:50:44 - gestor_eventos - [DEBUG] - Procesando 0 eventos...
2025-05-19 16:50:44 - gestor_eventos - [DEBUG] - Procesando 0 eventos...
2025-05-19 16:50:44 - gestor_eventos - [DEBUG] - Procesando 0 eventos...
2025-05-19 16:50:44 - gestor_eventos - [DEBUG] - Procesando 0 eventos...
2025-05-19 16:50:44 - gestor_eventos - [DEBUG] - Procesando 0 eventos...
2025-05-19 16:50:44 - gestor_eventos - [DEBUG] - Procesando 0 eventos...
2025-05-19 16:50:44 - gestor_eventos - [DEBUG] - Procesando 0 eventos...
2025-05-19 16:50:44 - gestor_eventos - [DEBUG] - Procesando 0 eventos...
2025-05-19 16:50:44 - gestor_eventos - [DEBUG] - Procesando 0 eventos...
2025-05-19 16:50:44 - gestor_eventos - [DEBUG] - Procesando 0 eventos...
2025-05-19 16:50:44 - gestor_eventos - [DEBUG] - Procesando 0 eventos...
2025-05-19 16:50:44 - gestor_eventos - [DEBUG] - Procesando 0 eventos...
2025-05-19 16:50:44 - gestor_eventos - [DEBUG] - Procesando 0 eventos...
2025-05-19 16:50:44 - gestor_eventos - [DEBUG] - Procesando 0 eventos...
2025-05-19 16:50:44 - gestor_eventos - [DEBUG] - Procesando 0 eventos...
2025-05-19 16:50:44 - gestor_eventos - [DEBUG] - Procesando 0 eventos...
2025-05-19 16:50:44 - gestor_eventos - [DEBUG] - Procesando 0 eventos...
2025-05-19 16:50:44 - gestor_eventos - [DEBUG] - Procesando 0 eventos...
2025-05-19 16:50:44 - gestor_eventos - [DEBUG] - Procesando 0 eventos...
2025-05-19 16:50:44 - gestor_eventos - [DEBUG] - Procesando 0 eventos...
2025-05-19 16:50:44 - gestor_eventos - [DEBUG] - Procesando 0 eventos...
2025-05-19 16:50:44 - gestor_eventos - [DEBUG] - Procesando 0 eventos...
2025-05-19 16:50:44 - gestor_eventos - [DEBUG] - Procesando 0 eventos...
2025-05-19 16:50:44 - gestor_eventos - [DEBUG] - Procesando 0 eventos...
2025-05-19 16:50:44 - gestor_eventos - [DEBUG] - Procesando 0 eventos...
2025-05-19 16:50:44 - gestor_eventos - [DEBUG] - Procesando 0 eventos...
2025-05-19 16:50:44 - gestor_eventos - [DEBUG] - Procesando 0 eventos...
2025-05-19 16:50:44 - gestor_eventos - [DEBUG] - Procesando 0 eventos...
2025-05-19 16:50:44 - gestor_eventos - [DEBUG] - Procesando 0 eventos...
2025-05-19 16:50:44 - gestor_eventos - [DEBUG] - Procesando 0 eventos...
2025-05-19 16:50:44 - gestor_eventos - [DEBUG] - Procesando 0 eventos...
2025-05-19 16:50:44 - gestor_eventos - [DEBUG] - Procesando 0 eventos...
2025-05-19 16:50:44 - gestor_eventos - [DEBUG] - Procesando 0 eventos...
2025-05-19 16:50:44 - gestor_eventos - [DEBUG] - Procesando 0 eventos...
2025-05-19 16:50:44 - gestor_eventos - [DEBUG] - Procesando 0 eventos...
2025-05-19 16:50:44 - gestor_eventos - [DEBUG] - Procesando 0 eventos...
2025-05-19 16:50:44 - gestor_eventos - [DEBUG] - Procesando 0 eventos...
2025-05-19 16:50:44 - gestor_eventos - [DEBUG] - Procesando 0 eventos...
2025-05-19 16:50:44 - gestor_eventos - [DEBUG] - Procesando 0 eventos...
2025-05-19 16:50:44 - gestor_eventos - [DEBUG] - Procesando 0 eventos...
2025-05-19 16:50:44 - gestor_eventos - [DEBUG] - Procesando 0 eventos...
2025-05-19 16:50:44 - gestor_eventos - [DEBUG] - Procesando 0 eventos...
2025-05-19 16:50:44 - gestor_eventos - [DEBUG] - Procesando 0 eventos...
2025-05-19 16:50:44 - gestor_eventos - [DEBUG] - Procesando 0 eventos...
2025-05-19 16:50:44 - gestor_eventos - [DEBUG] - Procesando 0 eventos...
2025-05-19 16:50:44 - gestor_eventos - [DEBUG] - Procesando 0 eventos...
2025-05-19 16:50:44 - gestor_eventos - [DEBUG] - Procesando 0 eventos...
2025-05-19 16:50:44 - gestor_eventos - [DEBUG] - Procesando 0 eventos...
2025-05-19 16:50:44 - gestor_eventos - [DEBUG] - Procesando 0 eventos...
2025-05-19 16:50:44 - gestor_eventos - [DEBUG] - Procesando 0 eventos...
2025-05-19 16:50:44 - gestor_eventos - [DEBUG] - Procesando 0 eventos...
2025-05-19 16:50:44 - gestor_eventos - [DEBUG] - Procesando 0 eventos...
2025-05-19 16:50:45 - gestor_eventos - [DEBUG] - Procesando 0 eventos...
2025-05-19 16:50:45 - gestor_eventos - [DEBUG] - Procesando 0 eventos...
2025-05-19 16:50:45 - gestor_eventos - [DEBUG] - Procesando 0 eventos...
2025-05-19 16:50:45 - gestor_eventos - [DEBUG] - Procesando 0 eventos...
2025-05-19 16:50:45 - gestor_eventos - [DEBUG] - Procesando 0 eventos...
2025-05-19 16:50:45 - gestor_eventos - [DEBUG] - Procesando 0 eventos...
2025-05-19 16:50:45 - gestor_eventos - [DEBUG] - Procesando 0 eventos...
2025-05-19 16:50:45 - gestor_eventos - [DEBUG] - Procesando 0 eventos...
2025-05-19 16:50:45 - gestor_eventos - [DEBUG] - Procesando 0 eventos...
2025-05-19 16:50:45 - gestor_eventos - [DEBUG] - Procesando 0 eventos...
2025-05-19 16:50:45 - gestor_eventos - [DEBUG] - Procesando 0 eventos...
2025-05-19 16:50:45 - gestor_eventos - [DEBUG] - Procesando 0 eventos...
2025-05-19 16:50:45 - gestor_eventos - [DEBUG] - Procesando 0 eventos...
2025-05-19 16:50:45 - gestor_eventos - [DEBUG] - Procesando 2 eventos...
2025-05-19 16:50:45 - gestor_eventos - [DEBUG] -   Evento: KeyDown (<Event(768-KeyDown {'unicode': ' ', 'key': 32, 'mod': 4096, 'scancode': 44, 'window': None})>)
2025-05-19 16:50:45 - gestor_eventos - [DEBUG] - GestorEventos: KEYDOWN space (32)
2025-05-19 16:50:45 - gestor_eventos - [DEBUG] - GestorEventos: K_SPACE (Atacar jugador) procesado.
2025-05-19 16:50:45 - gestor_eventos - [DEBUG] -   Evento: TextInput (<Event(771-TextInput {'text': ' ', 'window': None})>)
2025-05-19 16:50:45 - gestor_eventos - [DEBUG] - Procesando 0 eventos...
2025-05-19 16:50:45 - gestor_eventos - [DEBUG] - Procesando 0 eventos...
2025-05-19 16:50:45 - gestor_eventos - [DEBUG] - Procesando 0 eventos...
2025-05-19 16:50:45 - gestor_eventos - [DEBUG] - Procesando 0 eventos...
2025-05-19 16:50:45 - gestor_eventos - [DEBUG] - Procesando 0 eventos...
2025-05-19 16:50:45 - gestor_eventos - [DEBUG] - Procesando 2 eventos...
2025-05-19 16:50:45 - gestor_eventos - [DEBUG] -   Evento: KeyDown (<Event(768-KeyDown {'unicode': 'd', 'key': 100, 'mod': 4096, 'scancode': 7, 'window': None})>)
2025-05-19 16:50:45 - gestor_eventos - [DEBUG] - GestorEventos: KEYDOWN d (100)
2025-05-19 16:50:45 - gestor_eventos - [DEBUG] -   Evento: TextInput (<Event(771-TextInput {'text': 'd', 'window': None})>)
2025-05-19 16:50:45 - gestor_eventos - [DEBUG] - Procesando 0 eventos...
2025-05-19 16:50:45 - gestor_eventos - [DEBUG] - Procesando 0 eventos...
2025-05-19 16:50:45 - gestor_eventos - [DEBUG] - Procesando 0 eventos...
2025-05-19 16:50:45 - gestor_eventos - [DEBUG] - Procesando 0 eventos...
2025-05-19 16:50:45 - gestor_eventos - [DEBUG] - Procesando 0 eventos...
2025-05-19 16:50:45 - gestor_eventos - [DEBUG] - Procesando 0 eventos...
2025-05-19 16:50:45 - gestor_eventos - [DEBUG] - Procesando 0 eventos...
2025-05-19 16:50:45 - gestor_eventos - [DEBUG] - Procesando 0 eventos...
2025-05-19 16:50:45 - gestor_eventos - [DEBUG] - Procesando 0 eventos...
2025-05-19 16:50:45 - gestor_eventos - [DEBUG] - Procesando 0 eventos...
2025-05-19 16:50:45 - gestor_eventos - [DEBUG] - Procesando 0 eventos...
2025-05-19 16:50:45 - gestor_eventos - [DEBUG] - Procesando 2 eventos...
2025-05-19 16:50:45 - gestor_eventos - [DEBUG] -   Evento: KeyDown (<Event(768-KeyDown {'unicode': 'a', 'key': 97, 'mod': 4096, 'scancode': 4, 'window': None})>)
2025-05-19 16:50:45 - gestor_eventos - [DEBUG] - GestorEventos: KEYDOWN a (97)
2025-05-19 16:50:45 - gestor_eventos - [DEBUG] -   Evento: TextInput (<Event(771-TextInput {'text': 'a', 'window': None})>)
2025-05-19 16:50:45 - gestor_eventos - [DEBUG] - Procesando 1 eventos...
2025-05-19 16:50:45 - gestor_eventos - [DEBUG] -   Evento: KeyUp (<Event(769-KeyUp {'unicode': ' ', 'key': 32, 'mod': 4096, 'scancode': 44, 'window': None})>)
2025-05-19 16:50:45 - gestor_eventos - [DEBUG] - Procesando 0 eventos...
2025-05-19 16:50:45 - gestor_eventos - [DEBUG] - Procesando 0 eventos...
2025-05-19 16:50:45 - gestor_eventos - [DEBUG] - Procesando 0 eventos...
2025-05-19 16:50:45 - gestor_eventos - [DEBUG] - Procesando 0 eventos...
2025-05-19 16:50:45 - gestor_eventos - [DEBUG] - Procesando 0 eventos...
2025-05-19 16:50:45 - gestor_eventos - [DEBUG] - Procesando 1 eventos...
2025-05-19 16:50:45 - gestor_eventos - [DEBUG] -   Evento: KeyUp (<Event(769-KeyUp {'unicode': 'd', 'key': 100, 'mod': 4096, 'scancode': 7, 'window': None})>)
2025-05-19 16:50:45 - gestor_eventos - [DEBUG] - Procesando 0 eventos...
2025-05-19 16:50:45 - gestor_eventos - [DEBUG] - Procesando 0 eventos...
2025-05-19 16:50:45 - gestor_eventos - [DEBUG] - Procesando 0 eventos...
2025-05-19 16:50:45 - gestor_eventos - [DEBUG] - Procesando 0 eventos...
2025-05-19 16:50:45 - gestor_eventos - [DEBUG] - Procesando 0 eventos...
2025-05-19 16:50:45 - gestor_eventos - [DEBUG] - Procesando 0 eventos...
2025-05-19 16:50:45 - gestor_eventos - [DEBUG] - Procesando 0 eventos...
2025-05-19 16:50:45 - gestor_eventos - [DEBUG] - Procesando 2 eventos...
2025-05-19 16:50:45 - gestor_eventos - [DEBUG] -   Evento: KeyDown (<Event(768-KeyDown {'unicode': 's', 'key': 115, 'mod': 4096, 'scancode': 22, 'window': None})>)
2025-05-19 16:50:45 - gestor_eventos - [DEBUG] - GestorEventos: KEYDOWN s (115)
2025-05-19 16:50:45 - gestor_eventos - [DEBUG] -   Evento: TextInput (<Event(771-TextInput {'text': 's', 'window': None})>)
2025-05-19 16:50:45 - gestor_eventos - [DEBUG] - Procesando 0 eventos...
2025-05-19 16:50:45 - gestor_eventos - [DEBUG] - Procesando 0 eventos...
2025-05-19 16:50:45 - gestor_eventos - [DEBUG] - Procesando 0 eventos...
2025-05-19 16:50:45 - gestor_eventos - [DEBUG] - Procesando 2 eventos...
2025-05-19 16:50:45 - gestor_eventos - [DEBUG] -   Evento: KeyDown (<Event(768-KeyDown {'unicode': ' ', 'key': 32, 'mod': 4096, 'scancode': 44, 'window': None})>)
2025-05-19 16:50:45 - gestor_eventos - [DEBUG] - GestorEventos: KEYDOWN space (32)
2025-05-19 16:50:45 - gestor_eventos - [DEBUG] - GestorEventos: K_SPACE (Atacar jugador) procesado.
2025-05-19 16:50:45 - gestor_eventos - [DEBUG] -   Evento: TextInput (<Event(771-TextInput {'text': ' ', 'window': None})>)
2025-05-19 16:50:45 - gestor_eventos - [DEBUG] - Procesando 1 eventos...
2025-05-19 16:50:45 - gestor_eventos - [DEBUG] -   Evento: KeyUp (<Event(769-KeyUp {'unicode': 'a', 'key': 97, 'mod': 4096, 'scancode': 4, 'window': None})>)
2025-05-19 16:50:45 - gestor_eventos - [DEBUG] - Procesando 2 eventos...
2025-05-19 16:50:45 - gestor_eventos - [DEBUG] -   Evento: KeyDown (<Event(768-KeyDown {'unicode': 'd', 'key': 100, 'mod': 4096, 'scancode': 7, 'window': None})>)
2025-05-19 16:50:45 - gestor_eventos - [DEBUG] - GestorEventos: KEYDOWN d (100)
2025-05-19 16:50:45 - gestor_eventos - [DEBUG] -   Evento: TextInput (<Event(771-TextInput {'text': 'd', 'window': None})>)
2025-05-19 16:50:45 - gestor_eventos - [DEBUG] - Procesando 0 eventos...
2025-05-19 16:50:45 - gestor_eventos - [DEBUG] - Procesando 0 eventos...
2025-05-19 16:50:45 - gestor_eventos - [DEBUG] - Procesando 0 eventos...
2025-05-19 16:50:45 - gestor_eventos - [DEBUG] - Procesando 0 eventos...
2025-05-19 16:50:45 - gestor_eventos - [DEBUG] - Procesando 0 eventos...
2025-05-19 16:50:45 - gestor_eventos - [DEBUG] - Procesando 0 eventos...
2025-05-19 16:50:45 - gestor_eventos - [DEBUG] - Procesando 0 eventos...
2025-05-19 16:50:45 - gestor_eventos - [DEBUG] - Procesando 0 eventos...
2025-05-19 16:50:46 - gestor_eventos - [DEBUG] - Procesando 1 eventos...
2025-05-19 16:50:46 - gestor_eventos - [DEBUG] -   Evento: KeyUp (<Event(769-KeyUp {'unicode': ' ', 'key': 32, 'mod': 4096, 'scancode': 44, 'window': None})>)
2025-05-19 16:50:46 - gestor_eventos - [DEBUG] - Procesando 0 eventos...
2025-05-19 16:50:46 - gestor_eventos - [DEBUG] - Procesando 0 eventos...
2025-05-19 16:50:46 - gestor_eventos - [DEBUG] - Procesando 0 eventos...
2025-05-19 16:50:46 - gestor_eventos - [DEBUG] - Procesando 0 eventos...
2025-05-19 16:50:46 - gestor_eventos - [DEBUG] - Procesando 0 eventos...
2025-05-19 16:50:46 - gestor_eventos - [DEBUG] - Procesando 0 eventos...
2025-05-19 16:50:46 - gestor_eventos - [DEBUG] - Procesando 0 eventos...
2025-05-19 16:50:46 - gestor_eventos - [DEBUG] - Procesando 0 eventos...
2025-05-19 16:50:46 - gestor_eventos - [DEBUG] - Procesando 0 eventos...
2025-05-19 16:50:46 - gestor_eventos - [DEBUG] - Procesando 0 eventos...
2025-05-19 16:50:46 - gestor_eventos - [DEBUG] - Procesando 0 eventos...
2025-05-19 16:50:46 - gestor_eventos - [DEBUG] - Procesando 0 eventos...
2025-05-19 16:50:46 - gestor_eventos - [DEBUG] - Procesando 0 eventos...
2025-05-19 16:50:46 - gestor_eventos - [DEBUG] - Procesando 0 eventos...
2025-05-19 16:50:46 - gestor_eventos - [DEBUG] - Procesando 0 eventos...
2025-05-19 16:50:46 - gestor_eventos - [DEBUG] - Procesando 1 eventos...
2025-05-19 16:50:46 - gestor_eventos - [DEBUG] -   Evento: KeyUp (<Event(769-KeyUp {'unicode': 's', 'key': 115, 'mod': 4096, 'scancode': 22, 'window': None})>)
2025-05-19 16:50:46 - gestor_eventos - [DEBUG] - Procesando 0 eventos...
2025-05-19 16:50:46 - gestor_eventos - [DEBUG] - Procesando 0 eventos...
2025-05-19 16:50:46 - gestor_eventos - [DEBUG] - Procesando 0 eventos...
2025-05-19 16:50:46 - gestor_eventos - [DEBUG] - Procesando 0 eventos...
2025-05-19 16:50:46 - gestor_eventos - [DEBUG] - Procesando 0 eventos...
2025-05-19 16:50:46 - gestor_eventos - [DEBUG] - Procesando 0 eventos...
2025-05-19 16:50:46 - gestor_eventos - [DEBUG] - Procesando 0 eventos...
2025-05-19 16:50:46 - gestor_eventos - [DEBUG] - Procesando 2 eventos...
2025-05-19 16:50:46 - gestor_eventos - [DEBUG] -   Evento: KeyDown (<Event(768-KeyDown {'unicode': 'a', 'key': 97, 'mod': 4096, 'scancode': 4, 'window': None})>)
2025-05-19 16:50:46 - gestor_eventos - [DEBUG] - GestorEventos: KEYDOWN a (97)
2025-05-19 16:50:46 - gestor_eventos - [DEBUG] -   Evento: TextInput (<Event(771-TextInput {'text': 'a', 'window': None})>)
2025-05-19 16:50:46 - gestor_eventos - [DEBUG] - Procesando 0 eventos...
2025-05-19 16:50:46 - gestor_eventos - [DEBUG] - Procesando 1 eventos...
2025-05-19 16:50:46 - gestor_eventos - [DEBUG] -   Evento: KeyUp (<Event(769-KeyUp {'unicode': 'd', 'key': 100, 'mod': 4096, 'scancode': 7, 'window': None})>)
2025-05-19 16:50:46 - gestor_eventos - [DEBUG] - Procesando 0 eventos...
2025-05-19 16:50:46 - gestor_eventos - [DEBUG] - Procesando 0 eventos...
2025-05-19 16:50:46 - gestor_eventos - [DEBUG] - Procesando 0 eventos...
2025-05-19 16:50:46 - gestor_eventos - [DEBUG] - Procesando 0 eventos...
2025-05-19 16:50:46 - gestor_eventos - [DEBUG] - Procesando 0 eventos...
2025-05-19 16:50:46 - gestor_eventos - [DEBUG] - Procesando 2 eventos...
2025-05-19 16:50:46 - gestor_eventos - [DEBUG] -   Evento: KeyDown (<Event(768-KeyDown {'unicode': 'w', 'key': 119, 'mod': 4096, 'scancode': 26, 'window': None})>)
2025-05-19 16:50:46 - gestor_eventos - [DEBUG] - GestorEventos: KEYDOWN w (119)
2025-05-19 16:50:46 - gestor_eventos - [DEBUG] -   Evento: TextInput (<Event(771-TextInput {'text': 'w', 'window': None})>)
2025-05-19 16:50:46 - gestor_eventos - [DEBUG] - Procesando 0 eventos...
2025-05-19 16:50:46 - gestor_eventos - [DEBUG] - Procesando 0 eventos...
2025-05-19 16:50:46 - gestor_eventos - [DEBUG] - Procesando 0 eventos...
2025-05-19 16:50:46 - gestor_eventos - [DEBUG] - Procesando 0 eventos...
2025-05-19 16:50:46 - gestor_eventos - [DEBUG] - Procesando 0 eventos...
2025-05-19 16:50:46 - gestor_eventos - [DEBUG] - Procesando 2 eventos...
2025-05-19 16:50:46 - gestor_eventos - [DEBUG] -   Evento: KeyDown (<Event(768-KeyDown {'unicode': ' ', 'key': 32, 'mod': 4096, 'scancode': 44, 'window': None})>)
2025-05-19 16:50:46 - gestor_eventos - [DEBUG] - GestorEventos: KEYDOWN space (32)
2025-05-19 16:50:46 - gestor_eventos - [DEBUG] - GestorEventos: K_SPACE (Atacar jugador) procesado.
2025-05-19 16:50:46 - gestor_eventos - [DEBUG] -   Evento: TextInput (<Event(771-TextInput {'text': ' ', 'window': None})>)
2025-05-19 16:50:46 - gestor_eventos - [DEBUG] - Procesando 0 eventos...
2025-05-19 16:50:46 - gestor_eventos - [DEBUG] - Procesando 0 eventos...
2025-05-19 16:50:46 - gestor_eventos - [DEBUG] - Procesando 0 eventos...
2025-05-19 16:50:46 - gestor_eventos - [DEBUG] - Procesando 0 eventos...
2025-05-19 16:50:46 - gestor_eventos - [DEBUG] - Procesando 1 eventos...
2025-05-19 16:50:46 - gestor_eventos - [DEBUG] -   Evento: KeyUp (<Event(769-KeyUp {'unicode': 'w', 'key': 119, 'mod': 4096, 'scancode': 26, 'window': None})>)
2025-05-19 16:50:46 - gestor_eventos - [DEBUG] - Procesando 0 eventos...
2025-05-19 16:50:46 - gestor_eventos - [DEBUG] - Procesando 0 eventos...
2025-05-19 16:50:46 - gestor_eventos - [DEBUG] - Procesando 0 eventos...
2025-05-19 16:50:46 - gestor_eventos - [DEBUG] - Procesando 0 eventos...
2025-05-19 16:50:46 - gestor_eventos - [DEBUG] - Procesando 0 eventos...
2025-05-19 16:50:46 - gestor_eventos - [DEBUG] - Procesando 2 eventos...
2025-05-19 16:50:46 - gestor_eventos - [DEBUG] -   Evento: KeyDown (<Event(768-KeyDown {'unicode': 's', 'key': 115, 'mod': 4096, 'scancode': 22, 'window': None})>)
2025-05-19 16:50:46 - gestor_eventos - [DEBUG] - GestorEventos: KEYDOWN s (115)
2025-05-19 16:50:46 - gestor_eventos - [DEBUG] -   Evento: TextInput (<Event(771-TextInput {'text': 's', 'window': None})>)
2025-05-19 16:50:46 - gestor_eventos - [DEBUG] - Procesando 0 eventos...
2025-05-19 16:50:46 - gestor_eventos - [DEBUG] - Procesando 0 eventos...
2025-05-19 16:50:46 - gestor_eventos - [DEBUG] - Procesando 0 eventos...
2025-05-19 16:50:46 - gestor_eventos - [DEBUG] - Procesando 1 eventos...
2025-05-19 16:50:46 - gestor_eventos - [DEBUG] -   Evento: KeyUp (<Event(769-KeyUp {'unicode': ' ', 'key': 32, 'mod': 4096, 'scancode': 44, 'window': None})>)
2025-05-19 16:50:46 - gestor_eventos - [DEBUG] - Procesando 0 eventos...
2025-05-19 16:50:46 - gestor_eventos - [DEBUG] - Procesando 0 eventos...
2025-05-19 16:50:46 - gestor_eventos - [DEBUG] - Procesando 0 eventos...
2025-05-19 16:50:46 - gestor_eventos - [DEBUG] - Procesando 0 eventos...
2025-05-19 16:50:46 - gestor_eventos - [DEBUG] - Procesando 0 eventos...
2025-05-19 16:50:46 - gestor_eventos - [DEBUG] - Procesando 1 eventos...
2025-05-19 16:50:46 - gestor_eventos - [DEBUG] -   Evento: KeyUp (<Event(769-KeyUp {'unicode': 'a', 'key': 97, 'mod': 4096, 'scancode': 4, 'window': None})>)
2025-05-19 16:50:47 - gestor_eventos - [DEBUG] - Procesando 2 eventos...
2025-05-19 16:50:47 - gestor_eventos - [DEBUG] -   Evento: KeyDown (<Event(768-KeyDown {'unicode': 'd', 'key': 100, 'mod': 4096, 'scancode': 7, 'window': None})>)
2025-05-19 16:50:47 - gestor_eventos - [DEBUG] - GestorEventos: KEYDOWN d (100)
2025-05-19 16:50:47 - gestor_eventos - [DEBUG] -   Evento: TextInput (<Event(771-TextInput {'text': 'd', 'window': None})>)
2025-05-19 16:50:47 - gestor_eventos - [DEBUG] - Procesando 0 eventos...
2025-05-19 16:50:47 - gestor_eventos - [DEBUG] - Procesando 0 eventos...
2025-05-19 16:50:47 - gestor_eventos - [DEBUG] - Procesando 2 eventos...
2025-05-19 16:50:47 - gestor_eventos - [DEBUG] -   Evento: KeyDown (<Event(768-KeyDown {'unicode': ' ', 'key': 32, 'mod': 4096, 'scancode': 44, 'window': None})>)
2025-05-19 16:50:47 - gestor_eventos - [DEBUG] - GestorEventos: KEYDOWN space (32)
2025-05-19 16:50:47 - gestor_eventos - [DEBUG] - GestorEventos: K_SPACE (Atacar jugador) procesado.
2025-05-19 16:50:47 - gestor_eventos - [DEBUG] -   Evento: TextInput (<Event(771-TextInput {'text': ' ', 'window': None})>)
2025-05-19 16:50:47 - gestor_eventos - [DEBUG] - Procesando 0 eventos...
2025-05-19 16:50:47 - gestor_eventos - [DEBUG] - Procesando 0 eventos...
2025-05-19 16:50:47 - gestor_eventos - [DEBUG] - Procesando 0 eventos...
2025-05-19 16:50:47 - gestor_eventos - [DEBUG] - Procesando 0 eventos...
2025-05-19 16:50:47 - gestor_eventos - [DEBUG] - Procesando 0 eventos...
2025-05-19 16:50:47 - gestor_eventos - [DEBUG] - Procesando 0 eventos...
2025-05-19 16:50:47 - gestor_eventos - [DEBUG] - Procesando 0 eventos...
2025-05-19 16:50:47 - gestor_eventos - [DEBUG] - Procesando 2 eventos...
2025-05-19 16:50:47 - gestor_eventos - [DEBUG] -   Evento: KeyDown (<Event(768-KeyDown {'unicode': 'a', 'key': 97, 'mod': 4096, 'scancode': 4, 'window': None})>)
2025-05-19 16:50:47 - gestor_eventos - [DEBUG] - GestorEventos: KEYDOWN a (97)
2025-05-19 16:50:47 - gestor_eventos - [DEBUG] -   Evento: TextInput (<Event(771-TextInput {'text': 'a', 'window': None})>)
2025-05-19 16:50:47 - gestor_eventos - [DEBUG] - Procesando 1 eventos...
2025-05-19 16:50:47 - gestor_eventos - [DEBUG] -   Evento: KeyUp (<Event(769-KeyUp {'unicode': ' ', 'key': 32, 'mod': 4096, 'scancode': 44, 'window': None})>)
2025-05-19 16:50:47 - gestor_eventos - [DEBUG] - Procesando 1 eventos...
2025-05-19 16:50:47 - gestor_eventos - [DEBUG] -   Evento: KeyUp (<Event(769-KeyUp {'unicode': 's', 'key': 115, 'mod': 4096, 'scancode': 22, 'window': None})>)
2025-05-19 16:50:47 - gestor_eventos - [DEBUG] - Procesando 0 eventos...
2025-05-19 16:50:47 - gestor_eventos - [DEBUG] - Procesando 0 eventos...
2025-05-19 16:50:47 - gestor_eventos - [DEBUG] - Procesando 0 eventos...
2025-05-19 16:50:47 - gestor_eventos - [DEBUG] - Procesando 1 eventos...
2025-05-19 16:50:47 - gestor_eventos - [DEBUG] -   Evento: KeyUp (<Event(769-KeyUp {'unicode': 'd', 'key': 100, 'mod': 4096, 'scancode': 7, 'window': None})>)
2025-05-19 16:50:47 - gestor_eventos - [DEBUG] - Procesando 0 eventos...
2025-05-19 16:50:47 - gestor_eventos - [DEBUG] - Procesando 0 eventos...
2025-05-19 16:50:47 - gestor_eventos - [DEBUG] - Procesando 0 eventos...
2025-05-19 16:50:47 - gestor_eventos - [DEBUG] - Procesando 0 eventos...
2025-05-19 16:50:47 - gestor_eventos - [DEBUG] - Procesando 0 eventos...
2025-05-19 16:50:47 - gestor_eventos - [DEBUG] - Procesando 0 eventos...
2025-05-19 16:50:47 - gestor_eventos - [DEBUG] - Procesando 0 eventos...
2025-05-19 16:50:47 - gestor_eventos - [DEBUG] - Procesando 2 eventos...
2025-05-19 16:50:47 - gestor_eventos - [DEBUG] -   Evento: KeyDown (<Event(768-KeyDown {'unicode': ' ', 'key': 32, 'mod': 4096, 'scancode': 44, 'window': None})>)
2025-05-19 16:50:47 - gestor_eventos - [DEBUG] - GestorEventos: KEYDOWN space (32)
2025-05-19 16:50:47 - gestor_eventos - [DEBUG] - GestorEventos: K_SPACE (Atacar jugador) procesado.
2025-05-19 16:50:47 - gestor_eventos - [DEBUG] -   Evento: TextInput (<Event(771-TextInput {'text': ' ', 'window': None})>)
2025-05-19 16:50:47 - gestor_eventos - [DEBUG] - Procesando 0 eventos...
2025-05-19 16:50:47 - gestor_eventos - [DEBUG] - Procesando 0 eventos...
2025-05-19 16:50:47 - gestor_eventos - [DEBUG] - Procesando 0 eventos...
2025-05-19 16:50:47 - gestor_eventos - [DEBUG] - Procesando 0 eventos...
2025-05-19 16:50:47 - gestor_eventos - [DEBUG] - Procesando 0 eventos...
2025-05-19 16:50:47 - gestor_eventos - [DEBUG] - Procesando 2 eventos...
2025-05-19 16:50:47 - gestor_eventos - [DEBUG] -   Evento: KeyDown (<Event(768-KeyDown {'unicode': 'w', 'key': 119, 'mod': 4096, 'scancode': 26, 'window': None})>)
2025-05-19 16:50:47 - gestor_eventos - [DEBUG] - GestorEventos: KEYDOWN w (119)
2025-05-19 16:50:47 - gestor_eventos - [DEBUG] -   Evento: TextInput (<Event(771-TextInput {'text': 'w', 'window': None})>)
2025-05-19 16:50:47 - gestor_eventos - [DEBUG] - Procesando 0 eventos...
2025-05-19 16:50:47 - gestor_eventos - [DEBUG] - Procesando 0 eventos...
2025-05-19 16:50:47 - gestor_eventos - [DEBUG] - Procesando 1 eventos...
2025-05-19 16:50:47 - gestor_eventos - [DEBUG] -   Evento: KeyUp (<Event(769-KeyUp {'unicode': ' ', 'key': 32, 'mod': 4096, 'scancode': 44, 'window': None})>)
2025-05-19 16:50:47 - gestor_eventos - [DEBUG] - Procesando 0 eventos...
2025-05-19 16:50:47 - gestor_eventos - [DEBUG] - Procesando 0 eventos...
2025-05-19 16:50:47 - gestor_eventos - [DEBUG] - Procesando 0 eventos...
2025-05-19 16:50:47 - gestor_eventos - [DEBUG] - Procesando 0 eventos...
2025-05-19 16:50:47 - gestor_eventos - [DEBUG] - Procesando 0 eventos...
2025-05-19 16:50:47 - gestor_eventos - [DEBUG] - Procesando 2 eventos...
2025-05-19 16:50:47 - gestor_eventos - [DEBUG] -   Evento: KeyDown (<Event(768-KeyDown {'unicode': ' ', 'key': 32, 'mod': 4096, 'scancode': 44, 'window': None})>)
2025-05-19 16:50:47 - gestor_eventos - [DEBUG] - GestorEventos: KEYDOWN space (32)
2025-05-19 16:50:47 - gestor_eventos - [DEBUG] - GestorEventos: K_SPACE (Atacar jugador) procesado.
2025-05-19 16:50:47 - gestor_eventos - [DEBUG] -   Evento: TextInput (<Event(771-TextInput {'text': ' ', 'window': None})>)
2025-05-19 16:50:47 - gestor_eventos - [DEBUG] - Procesando 0 eventos...
2025-05-19 16:50:47 - gestor_eventos - [DEBUG] - Procesando 1 eventos...
2025-05-19 16:50:47 - gestor_eventos - [DEBUG] -   Evento: KeyUp (<Event(769-KeyUp {'unicode': 'a', 'key': 97, 'mod': 4096, 'scancode': 4, 'window': None})>)
2025-05-19 16:50:47 - gestor_eventos - [DEBUG] - Procesando 0 eventos...
2025-05-19 16:50:47 - gestor_eventos - [DEBUG] - Procesando 0 eventos...
2025-05-19 16:50:47 - gestor_eventos - [DEBUG] - Procesando 0 eventos...
2025-05-19 16:50:47 - gestor_eventos - [DEBUG] - Procesando 2 eventos...
2025-05-19 16:50:47 - gestor_eventos - [DEBUG] -   Evento: KeyDown (<Event(768-KeyDown {'unicode': 'd', 'key': 100, 'mod': 4096, 'scancode': 7, 'window': None})>)
2025-05-19 16:50:47 - gestor_eventos - [DEBUG] - GestorEventos: KEYDOWN d (100)
2025-05-19 16:50:47 - gestor_eventos - [DEBUG] -   Evento: TextInput (<Event(771-TextInput {'text': 'd', 'window': None})>)
2025-05-19 16:50:47 - gestor_eventos - [DEBUG] - Procesando 1 eventos...
2025-05-19 16:50:47 - gestor_eventos - [DEBUG] -   Evento: KeyUp (<Event(769-KeyUp {'unicode': ' ', 'key': 32, 'mod': 4096, 'scancode': 44, 'window': None})>)
2025-05-19 16:50:47 - gestor_eventos - [DEBUG] - Procesando 0 eventos...
2025-05-19 16:50:47 - gestor_eventos - [DEBUG] - Procesando 1 eventos...
2025-05-19 16:50:47 - gestor_eventos - [DEBUG] -   Evento: KeyUp (<Event(769-KeyUp {'unicode': 'w', 'key': 119, 'mod': 4096, 'scancode': 26, 'window': None})>)
2025-05-19 16:50:47 - gestor_eventos - [DEBUG] - Procesando 0 eventos...
2025-05-19 16:50:47 - gestor_eventos - [DEBUG] - Procesando 0 eventos...
2025-05-19 16:50:47 - gestor_eventos - [DEBUG] - Procesando 0 eventos...
2025-05-19 16:50:47 - gestor_eventos - [DEBUG] - Procesando 0 eventos...
2025-05-19 16:50:47 - gestor_eventos - [DEBUG] - Procesando 0 eventos...
2025-05-19 16:50:47 - gestor_eventos - [DEBUG] - Procesando 0 eventos...
2025-05-19 16:50:47 - gestor_eventos - [DEBUG] - Procesando 2 eventos...
2025-05-19 16:50:47 - gestor_eventos - [DEBUG] -   Evento: KeyDown (<Event(768-KeyDown {'unicode': 's', 'key': 115, 'mod': 4096, 'scancode': 22, 'window': None})>)
2025-05-19 16:50:47 - gestor_eventos - [DEBUG] - GestorEventos: KEYDOWN s (115)
2025-05-19 16:50:47 - gestor_eventos - [DEBUG] -   Evento: TextInput (<Event(771-TextInput {'text': 's', 'window': None})>)
2025-05-19 16:50:47 - gestor_eventos - [DEBUG] - Procesando 0 eventos...
2025-05-19 16:50:47 - gestor_eventos - [DEBUG] - Procesando 0 eventos...
2025-05-19 16:50:47 - gestor_eventos - [DEBUG] - Procesando 0 eventos...
2025-05-19 16:50:47 - gestor_eventos - [DEBUG] - Procesando 2 eventos...
2025-05-19 16:50:47 - gestor_eventos - [DEBUG] -   Evento: KeyDown (<Event(768-KeyDown {'unicode': ' ', 'key': 32, 'mod': 4096, 'scancode': 44, 'window': None})>)
2025-05-19 16:50:47 - gestor_eventos - [DEBUG] - GestorEventos: KEYDOWN space (32)
2025-05-19 16:50:47 - gestor_eventos - [DEBUG] - GestorEventos: K_SPACE (Atacar jugador) procesado.
2025-05-19 16:50:47 - gestor_eventos - [DEBUG] -   Evento: TextInput (<Event(771-TextInput {'text': ' ', 'window': None})>)
2025-05-19 16:50:48 - gestor_eventos - [DEBUG] - Procesando 0 eventos...
2025-05-19 16:50:48 - gestor_eventos - [DEBUG] - Procesando 0 eventos...
2025-05-19 16:50:48 - gestor_eventos - [DEBUG] - Procesando 0 eventos...
2025-05-19 16:50:48 - gestor_eventos - [DEBUG] - Procesando 0 eventos...
2025-05-19 16:50:48 - gestor_eventos - [DEBUG] - Procesando 2 eventos...
2025-05-19 16:50:48 - gestor_eventos - [DEBUG] -   Evento: KeyDown (<Event(768-KeyDown {'unicode': 'a', 'key': 97, 'mod': 4096, 'scancode': 4, 'window': None})>)
2025-05-19 16:50:48 - gestor_eventos - [DEBUG] - GestorEventos: KEYDOWN a (97)
2025-05-19 16:50:48 - gestor_eventos - [DEBUG] -   Evento: TextInput (<Event(771-TextInput {'text': 'a', 'window': None})>)
2025-05-19 16:50:48 - gestor_eventos - [DEBUG] - Procesando 0 eventos...
2025-05-19 16:50:48 - gestor_eventos - [DEBUG] - Procesando 0 eventos...
2025-05-19 16:50:48 - gestor_eventos - [DEBUG] - Procesando 1 eventos...
2025-05-19 16:50:48 - gestor_eventos - [DEBUG] -   Evento: KeyUp (<Event(769-KeyUp {'unicode': ' ', 'key': 32, 'mod': 4096, 'scancode': 44, 'window': None})>)
2025-05-19 16:50:48 - gestor_eventos - [DEBUG] - Procesando 0 eventos...
2025-05-19 16:50:48 - gestor_eventos - [DEBUG] - Procesando 0 eventos...
2025-05-19 16:50:48 - gestor_eventos - [DEBUG] - Procesando 0 eventos...
2025-05-19 16:50:48 - gestor_eventos - [DEBUG] - Procesando 0 eventos...
2025-05-19 16:50:48 - gestor_eventos - [DEBUG] - Procesando 2 eventos...
2025-05-19 16:50:48 - gestor_eventos - [DEBUG] -   Evento: KeyDown (<Event(768-KeyDown {'unicode': ' ', 'key': 32, 'mod': 4096, 'scancode': 44, 'window': None})>)
2025-05-19 16:50:48 - gestor_eventos - [DEBUG] - GestorEventos: KEYDOWN space (32)
2025-05-19 16:50:48 - gestor_eventos - [DEBUG] - GestorEventos: K_SPACE (Atacar jugador) procesado.
2025-05-19 16:50:48 - gestor_eventos - [DEBUG] -   Evento: TextInput (<Event(771-TextInput {'text': ' ', 'window': None})>)
2025-05-19 16:50:48 - gestor_eventos - [DEBUG] - Procesando 0 eventos...
2025-05-19 16:50:48 - gestor_eventos - [DEBUG] - Procesando 0 eventos...
2025-05-19 16:50:48 - gestor_eventos - [DEBUG] - Procesando 0 eventos...
2025-05-19 16:50:48 - gestor_eventos - [DEBUG] - Procesando 1 eventos...
2025-05-19 16:50:48 - gestor_eventos - [DEBUG] -   Evento: KeyUp (<Event(769-KeyUp {'unicode': 's', 'key': 115, 'mod': 4096, 'scancode': 22, 'window': None})>)
2025-05-19 16:50:48 - gestor_eventos - [DEBUG] - Procesando 0 eventos...
2025-05-19 16:50:48 - gestor_eventos - [DEBUG] - Procesando 0 eventos...
2025-05-19 16:50:48 - gestor_eventos - [DEBUG] - Procesando 0 eventos...
2025-05-19 16:50:48 - gestor_eventos - [DEBUG] - Procesando 1 eventos...
2025-05-19 16:50:48 - gestor_eventos - [DEBUG] -   Evento: KeyUp (<Event(769-KeyUp {'unicode': ' ', 'key': 32, 'mod': 4096, 'scancode': 44, 'window': None})>)
2025-05-19 16:50:48 - gestor_eventos - [DEBUG] - Procesando 0 eventos...
2025-05-19 16:50:48 - gestor_eventos - [DEBUG] - Procesando 0 eventos...
2025-05-19 16:50:48 - gestor_eventos - [DEBUG] - Procesando 2 eventos...
2025-05-19 16:50:48 - gestor_eventos - [DEBUG] -   Evento: KeyDown (<Event(768-KeyDown {'unicode': 'w', 'key': 119, 'mod': 4096, 'scancode': 26, 'window': None})>)
2025-05-19 16:50:48 - gestor_eventos - [DEBUG] - GestorEventos: KEYDOWN w (119)
2025-05-19 16:50:48 - gestor_eventos - [DEBUG] -   Evento: TextInput (<Event(771-TextInput {'text': 'w', 'window': None})>)
2025-05-19 16:50:48 - gestor_eventos - [DEBUG] - Procesando 1 eventos...
2025-05-19 16:50:48 - gestor_eventos - [DEBUG] -   Evento: KeyUp (<Event(769-KeyUp {'unicode': 'a', 'key': 97, 'mod': 4096, 'scancode': 4, 'window': None})>)
2025-05-19 16:50:48 - gestor_eventos - [DEBUG] - Procesando 0 eventos...
2025-05-19 16:50:48 - gestor_eventos - [DEBUG] - Procesando 2 eventos...
2025-05-19 16:50:48 - gestor_eventos - [DEBUG] -   Evento: KeyDown (<Event(768-KeyDown {'unicode': ' ', 'key': 32, 'mod': 4096, 'scancode': 44, 'window': None})>)
2025-05-19 16:50:48 - gestor_eventos - [DEBUG] - GestorEventos: KEYDOWN space (32)
2025-05-19 16:50:48 - gestor_eventos - [DEBUG] - GestorEventos: K_SPACE (Atacar jugador) procesado.
2025-05-19 16:50:48 - gestor_eventos - [DEBUG] -   Evento: TextInput (<Event(771-TextInput {'text': ' ', 'window': None})>)
2025-05-19 16:50:48 - gestor_eventos - [DEBUG] - Procesando 0 eventos...
2025-05-19 16:50:48 - gestor_eventos - [DEBUG] - Procesando 0 eventos...
2025-05-19 16:50:48 - gestor_eventos - [DEBUG] - Procesando 2 eventos...
2025-05-19 16:50:48 - gestor_eventos - [DEBUG] -   Evento: KeyDown (<Event(768-KeyDown {'unicode': 'a', 'key': 97, 'mod': 4096, 'scancode': 4, 'window': None})>)
2025-05-19 16:50:48 - gestor_eventos - [DEBUG] - GestorEventos: KEYDOWN a (97)
2025-05-19 16:50:48 - gestor_eventos - [DEBUG] -   Evento: TextInput (<Event(771-TextInput {'text': 'a', 'window': None})>)
2025-05-19 16:50:48 - gestor_eventos - [DEBUG] - Procesando 0 eventos...
2025-05-19 16:50:48 - gestor_eventos - [DEBUG] - Procesando 1 eventos...
2025-05-19 16:50:48 - gestor_eventos - [DEBUG] -   Evento: KeyUp (<Event(769-KeyUp {'unicode': 'd', 'key': 100, 'mod': 4096, 'scancode': 7, 'window': None})>)
2025-05-19 16:50:48 - gestor_eventos - [DEBUG] - Procesando 0 eventos...
2025-05-19 16:50:48 - gestor_eventos - [DEBUG] - Procesando 1 eventos...
2025-05-19 16:50:48 - gestor_eventos - [DEBUG] -   Evento: KeyUp (<Event(769-KeyUp {'unicode': ' ', 'key': 32, 'mod': 4096, 'scancode': 44, 'window': None})>)
2025-05-19 16:50:48 - gestor_eventos - [DEBUG] - Procesando 0 eventos...
2025-05-19 16:50:48 - gestor_eventos - [DEBUG] - Procesando 0 eventos...
2025-05-19 16:50:48 - gestor_eventos - [DEBUG] - Procesando 0 eventos...
2025-05-19 16:50:48 - gestor_eventos - [DEBUG] - Procesando 0 eventos...
2025-05-19 16:50:48 - gestor_eventos - [DEBUG] - Procesando 3 eventos...
2025-05-19 16:50:48 - gestor_eventos - [DEBUG] -   Evento: KeyUp (<Event(769-KeyUp {'unicode': 'w', 'key': 119, 'mod': 4096, 'scancode': 26, 'window': None})>)
2025-05-19 16:50:48 - gestor_eventos - [DEBUG] -   Evento: KeyDown (<Event(768-KeyDown {'unicode': ' ', 'key': 32, 'mod': 4096, 'scancode': 44, 'window': None})>)
2025-05-19 16:50:48 - gestor_eventos - [DEBUG] - GestorEventos: KEYDOWN space (32)
2025-05-19 16:50:48 - gestor_eventos - [DEBUG] - GestorEventos: K_SPACE (Atacar jugador) procesado.
2025-05-19 16:50:48 - gestor_eventos - [DEBUG] -   Evento: TextInput (<Event(771-TextInput {'text': ' ', 'window': None})>)
2025-05-19 16:50:48 - gestor_eventos - [DEBUG] - Procesando 0 eventos...
2025-05-19 16:50:48 - gestor_eventos - [DEBUG] - Procesando 0 eventos...
2025-05-19 16:50:48 - gestor_eventos - [DEBUG] - Procesando 0 eventos...
2025-05-19 16:50:48 - gestor_eventos - [DEBUG] - Procesando 0 eventos...
2025-05-19 16:50:48 - gestor_eventos - [DEBUG] - Procesando 0 eventos...
2025-05-19 16:50:48 - gestor_eventos - [DEBUG] - Procesando 0 eventos...
2025-05-19 16:50:48 - gestor_eventos - [DEBUG] - Procesando 0 eventos...
2025-05-19 16:50:48 - gestor_eventos - [DEBUG] - Procesando 1 eventos...
2025-05-19 16:50:48 - gestor_eventos - [DEBUG] -   Evento: KeyUp (<Event(769-KeyUp {'unicode': ' ', 'key': 32, 'mod': 4096, 'scancode': 44, 'window': None})>)
2025-05-19 16:50:48 - gestor_eventos - [DEBUG] - Procesando 2 eventos...
2025-05-19 16:50:48 - gestor_eventos - [DEBUG] -   Evento: KeyDown (<Event(768-KeyDown {'unicode': 's', 'key': 115, 'mod': 4096, 'scancode': 22, 'window': None})>)
2025-05-19 16:50:48 - gestor_eventos - [DEBUG] - GestorEventos: KEYDOWN s (115)
2025-05-19 16:50:48 - gestor_eventos - [DEBUG] -   Evento: TextInput (<Event(771-TextInput {'text': 's', 'window': None})>)
2025-05-19 16:50:48 - gestor_eventos - [DEBUG] - Procesando 0 eventos...
2025-05-19 16:50:48 - gestor_eventos - [DEBUG] - Procesando 0 eventos...
2025-05-19 16:50:48 - gestor_eventos - [DEBUG] - Procesando 0 eventos...
2025-05-19 16:50:48 - gestor_eventos - [DEBUG] - Procesando 0 eventos...
2025-05-19 16:50:48 - gestor_eventos - [DEBUG] - Procesando 0 eventos...
2025-05-19 16:50:48 - gestor_eventos - [DEBUG] - Procesando 0 eventos...
2025-05-19 16:50:48 - gestor_eventos - [DEBUG] - Procesando 0 eventos...
2025-05-19 16:50:48 - gestor_eventos - [DEBUG] - Procesando 0 eventos...
2025-05-19 16:50:48 - gestor_eventos - [DEBUG] - Procesando 1 eventos...
2025-05-19 16:50:48 - gestor_eventos - [DEBUG] -   Evento: KeyUp (<Event(769-KeyUp {'unicode': 's', 'key': 115, 'mod': 4096, 'scancode': 22, 'window': None})>)
2025-05-19 16:50:48 - gestor_eventos - [DEBUG] - Procesando 0 eventos...
2025-05-19 16:50:48 - gestor_eventos - [DEBUG] - Procesando 2 eventos...
2025-05-19 16:50:48 - gestor_eventos - [DEBUG] -   Evento: KeyDown (<Event(768-KeyDown {'unicode': ' ', 'key': 32, 'mod': 4096, 'scancode': 44, 'window': None})>)
2025-05-19 16:50:48 - gestor_eventos - [DEBUG] - GestorEventos: KEYDOWN space (32)
2025-05-19 16:50:48 - gestor_eventos - [DEBUG] - GestorEventos: K_SPACE (Atacar jugador) procesado.
2025-05-19 16:50:48 - gestor_eventos - [DEBUG] -   Evento: TextInput (<Event(771-TextInput {'text': ' ', 'window': None})>)
2025-05-19 16:50:48 - gestor_eventos - [DEBUG] - Procesando 0 eventos...
2025-05-19 16:50:49 - gestor_eventos - [DEBUG] - Procesando 0 eventos...
2025-05-19 16:50:49 - gestor_eventos - [DEBUG] - Procesando 0 eventos...
2025-05-19 16:50:49 - gestor_eventos - [DEBUG] - Procesando 0 eventos...
2025-05-19 16:50:49 - gestor_eventos - [DEBUG] - Procesando 0 eventos...
2025-05-19 16:50:49 - gestor_eventos - [DEBUG] - Procesando 1 eventos...
2025-05-19 16:50:49 - gestor_eventos - [DEBUG] -   Evento: KeyUp (<Event(769-KeyUp {'unicode': ' ', 'key': 32, 'mod': 4096, 'scancode': 44, 'window': None})>)
2025-05-19 16:50:49 - gestor_eventos - [DEBUG] - Procesando 0 eventos...
2025-05-19 16:50:49 - gestor_eventos - [DEBUG] - Procesando 0 eventos...
2025-05-19 16:50:49 - gestor_eventos - [DEBUG] - Procesando 0 eventos...
2025-05-19 16:50:49 - gestor_eventos - [DEBUG] - Procesando 0 eventos...
2025-05-19 16:50:49 - gestor_eventos - [DEBUG] - Procesando 0 eventos...
2025-05-19 16:50:49 - gestor_eventos - [DEBUG] - Procesando 0 eventos...
2025-05-19 16:50:49 - gestor_eventos - [DEBUG] - Procesando 0 eventos...
2025-05-19 16:50:49 - gestor_eventos - [DEBUG] - Procesando 2 eventos...
2025-05-19 16:50:49 - gestor_eventos - [DEBUG] -   Evento: KeyDown (<Event(768-KeyDown {'unicode': ' ', 'key': 32, 'mod': 4096, 'scancode': 44, 'window': None})>)
2025-05-19 16:50:49 - gestor_eventos - [DEBUG] - GestorEventos: KEYDOWN space (32)
2025-05-19 16:50:49 - gestor_eventos - [DEBUG] - GestorEventos: K_SPACE (Atacar jugador) procesado.
2025-05-19 16:50:49 - gestor_eventos - [DEBUG] -   Evento: TextInput (<Event(771-TextInput {'text': ' ', 'window': None})>)
2025-05-19 16:50:49 - gestor_eventos - [DEBUG] - Procesando 0 eventos...
2025-05-19 16:50:49 - gestor_eventos - [DEBUG] - Procesando 0 eventos...
2025-05-19 16:50:49 - gestor_eventos - [DEBUG] - Procesando 0 eventos...
2025-05-19 16:50:49 - gestor_eventos - [DEBUG] - Procesando 0 eventos...
2025-05-19 16:50:49 - gestor_eventos - [DEBUG] - Procesando 0 eventos...
2025-05-19 16:50:49 - gestor_eventos - [DEBUG] - Procesando 0 eventos...
2025-05-19 16:50:49 - gestor_eventos - [DEBUG] - Procesando 0 eventos...
2025-05-19 16:50:49 - gestor_eventos - [DEBUG] - Procesando 1 eventos...
2025-05-19 16:50:49 - gestor_eventos - [DEBUG] -   Evento: KeyUp (<Event(769-KeyUp {'unicode': ' ', 'key': 32, 'mod': 4096, 'scancode': 44, 'window': None})>)
2025-05-19 16:50:49 - gestor_eventos - [DEBUG] - Procesando 0 eventos...
2025-05-19 16:50:49 - gestor_eventos - [DEBUG] - Procesando 0 eventos...
2025-05-19 16:50:49 - gestor_eventos - [DEBUG] - Procesando 0 eventos...
2025-05-19 16:50:49 - gestor_eventos - [DEBUG] - Procesando 0 eventos...
2025-05-19 16:50:49 - gestor_eventos - [DEBUG] - Procesando 2 eventos...
2025-05-19 16:50:49 - gestor_eventos - [DEBUG] -   Evento: KeyDown (<Event(768-KeyDown {'unicode': ' ', 'key': 32, 'mod': 4096, 'scancode': 44, 'window': None})>)
2025-05-19 16:50:49 - gestor_eventos - [DEBUG] - GestorEventos: KEYDOWN space (32)
2025-05-19 16:50:49 - gestor_eventos - [DEBUG] - GestorEventos: K_SPACE (Atacar jugador) procesado.
2025-05-19 16:50:49 - gestor_eventos - [DEBUG] -   Evento: TextInput (<Event(771-TextInput {'text': ' ', 'window': None})>)
2025-05-19 16:50:49 - gestor_eventos - [DEBUG] - Procesando 0 eventos...
2025-05-19 16:50:49 - gestor_eventos - [DEBUG] - Procesando 0 eventos...
2025-05-19 16:50:49 - gestor_eventos - [DEBUG] - Procesando 0 eventos...
2025-05-19 16:50:49 - gestor_eventos - [DEBUG] - Procesando 0 eventos...
2025-05-19 16:50:49 - gestor_eventos - [DEBUG] - Procesando 0 eventos...
2025-05-19 16:50:49 - gestor_eventos - [DEBUG] - Procesando 0 eventos...
2025-05-19 16:50:49 - gestor_eventos - [DEBUG] - Procesando 1 eventos...
2025-05-19 16:50:49 - gestor_eventos - [DEBUG] -   Evento: KeyUp (<Event(769-KeyUp {'unicode': ' ', 'key': 32, 'mod': 4096, 'scancode': 44, 'window': None})>)
2025-05-19 16:50:49 - gestor_eventos - [DEBUG] - Procesando 0 eventos...
2025-05-19 16:50:49 - gestor_eventos - [DEBUG] - Procesando 0 eventos...
2025-05-19 16:50:49 - gestor_eventos - [DEBUG] - Procesando 0 eventos...
2025-05-19 16:50:49 - gestor_eventos - [DEBUG] - Procesando 0 eventos...
2025-05-19 16:50:49 - gestor_eventos - [DEBUG] - Procesando 0 eventos...
2025-05-19 16:50:49 - gestor_eventos - [DEBUG] - Procesando 2 eventos...
2025-05-19 16:50:49 - gestor_eventos - [DEBUG] -   Evento: KeyDown (<Event(768-KeyDown {'unicode': ' ', 'key': 32, 'mod': 4096, 'scancode': 44, 'window': None})>)
2025-05-19 16:50:49 - gestor_eventos - [DEBUG] - GestorEventos: KEYDOWN space (32)
2025-05-19 16:50:49 - gestor_eventos - [DEBUG] - GestorEventos: K_SPACE (Atacar jugador) procesado.
2025-05-19 16:50:49 - gestor_eventos - [DEBUG] -   Evento: TextInput (<Event(771-TextInput {'text': ' ', 'window': None})>)
2025-05-19 16:50:49 - gestor_eventos - [DEBUG] - Procesando 0 eventos...
2025-05-19 16:50:49 - gestor_eventos - [DEBUG] - Procesando 0 eventos...
2025-05-19 16:50:49 - gestor_eventos - [DEBUG] - Procesando 0 eventos...
2025-05-19 16:50:49 - gestor_eventos - [DEBUG] - Procesando 0 eventos...
2025-05-19 16:50:49 - gestor_eventos - [DEBUG] - Procesando 0 eventos...
2025-05-19 16:50:49 - gestor_eventos - [DEBUG] - Procesando 1 eventos...
2025-05-19 16:50:49 - gestor_eventos - [DEBUG] -   Evento: KeyUp (<Event(769-KeyUp {'unicode': ' ', 'key': 32, 'mod': 4096, 'scancode': 44, 'window': None})>)
2025-05-19 16:50:49 - gestor_eventos - [DEBUG] - Procesando 1 eventos...
2025-05-19 16:50:49 - gestor_eventos - [DEBUG] -   Evento: MouseMotion (<Event(1024-MouseMotion {'pos': (490, 275), 'rel': (-3, 0), 'buttons': (0, 0, 0), 'touch': False, 'window': None})>)
2025-05-19 16:50:49 - gestor_eventos - [DEBUG] - Procesando 1 eventos...
2025-05-19 16:50:49 - gestor_eventos - [DEBUG] -   Evento: MouseMotion (<Event(1024-MouseMotion {'pos': (484, 275), 'rel': (-6, 0), 'buttons': (0, 0, 0), 'touch': False, 'window': None})>)
2025-05-19 16:50:49 - gestor_eventos - [DEBUG] - Procesando 1 eventos...
2025-05-19 16:50:49 - gestor_eventos - [DEBUG] -   Evento: MouseMotion (<Event(1024-MouseMotion {'pos': (478, 277), 'rel': (-6, 2), 'buttons': (0, 0, 0), 'touch': False, 'window': None})>)
2025-05-19 16:50:49 - gestor_eventos - [DEBUG] - Procesando 1 eventos...
2025-05-19 16:50:49 - gestor_eventos - [DEBUG] -   Evento: MouseMotion (<Event(1024-MouseMotion {'pos': (475, 279), 'rel': (-3, 2), 'buttons': (0, 0, 0), 'touch': False, 'window': None})>)
2025-05-19 16:50:49 - gestor_eventos - [DEBUG] - Procesando 2 eventos...
2025-05-19 16:50:49 - gestor_eventos - [DEBUG] -   Evento: KeyDown (<Event(768-KeyDown {'unicode': ' ', 'key': 32, 'mod': 4096, 'scancode': 44, 'window': None})>)
2025-05-19 16:50:49 - gestor_eventos - [DEBUG] - GestorEventos: KEYDOWN space (32)
2025-05-19 16:50:49 - gestor_eventos - [DEBUG] - GestorEventos: K_SPACE (Atacar jugador) procesado.
2025-05-19 16:50:49 - gestor_eventos - [DEBUG] -   Evento: TextInput (<Event(771-TextInput {'text': ' ', 'window': None})>)
2025-05-19 16:50:49 - gestor_eventos - [DEBUG] - Procesando 3 eventos...
2025-05-19 16:50:49 - gestor_eventos - [DEBUG] -   Evento: MouseButtonDown (<Event(1025-MouseButtonDown {'pos': (475, 279), 'button': 4, 'touch': False, 'window': None})>)
2025-05-19 16:50:49 - gestor_eventos - [DEBUG] -   Evento: MouseButtonUp (<Event(1026-MouseButtonUp {'pos': (475, 279), 'button': 4, 'touch': False, 'window': None})>)
2025-05-19 16:50:49 - gestor_eventos - [DEBUG] -   Evento: MouseWheel (<Event(1027-MouseWheel {'flipped': False, 'x': 0, 'y': 1, 'precise_x': 0.0, 'precise_y': 1.0, 'touch': False, 'window': None})>)
2025-05-19 16:50:49 - gestor_eventos - [DEBUG] - GestorEventos: MOUSEWHEEL. Zoom actual: 1.20, Solicitado nuevo: 1.30
2025-05-19 16:50:49 - gestor_eventos - [DEBUG] - Procesando 3 eventos...
2025-05-19 16:50:49 - gestor_eventos - [DEBUG] -   Evento: MouseButtonDown (<Event(1025-MouseButtonDown {'pos': (475, 279), 'button': 4, 'touch': False, 'window': None})>)
2025-05-19 16:50:49 - gestor_eventos - [DEBUG] -   Evento: MouseButtonUp (<Event(1026-MouseButtonUp {'pos': (475, 279), 'button': 4, 'touch': False, 'window': None})>)
2025-05-19 16:50:49 - gestor_eventos - [DEBUG] -   Evento: MouseWheel (<Event(1027-MouseWheel {'flipped': False, 'x': 0, 'y': 1, 'precise_x': 0.0, 'precise_y': 1.0, 'touch': False, 'window': None})>)
2025-05-19 16:50:49 - gestor_eventos - [DEBUG] - GestorEventos: MOUSEWHEEL. Zoom actual: 1.30, Solicitado nuevo: 1.40
2025-05-19 16:50:49 - gestor_eventos - [DEBUG] - Procesando 0 eventos...
2025-05-19 16:50:49 - gestor_eventos - [DEBUG] - Procesando 3 eventos...
2025-05-19 16:50:49 - gestor_eventos - [DEBUG] -   Evento: MouseButtonDown (<Event(1025-MouseButtonDown {'pos': (475, 279), 'button': 4, 'touch': False, 'window': None})>)
2025-05-19 16:50:49 - gestor_eventos - [DEBUG] -   Evento: MouseButtonUp (<Event(1026-MouseButtonUp {'pos': (475, 279), 'button': 4, 'touch': False, 'window': None})>)
2025-05-19 16:50:49 - gestor_eventos - [DEBUG] -   Evento: MouseWheel (<Event(1027-MouseWheel {'flipped': False, 'x': 0, 'y': 1, 'precise_x': 0.0, 'precise_y': 1.0, 'touch': False, 'window': None})>)
2025-05-19 16:50:49 - gestor_eventos - [DEBUG] - GestorEventos: MOUSEWHEEL. Zoom actual: 1.40, Solicitado nuevo: 1.50
2025-05-19 16:50:49 - gestor_eventos - [DEBUG] - Procesando 0 eventos...
2025-05-19 16:50:49 - gestor_eventos - [DEBUG] - Procesando 3 eventos...
2025-05-19 16:50:49 - gestor_eventos - [DEBUG] -   Evento: MouseButtonDown (<Event(1025-MouseButtonDown {'pos': (475, 279), 'button': 4, 'touch': False, 'window': None})>)
2025-05-19 16:50:49 - gestor_eventos - [DEBUG] -   Evento: MouseButtonUp (<Event(1026-MouseButtonUp {'pos': (475, 279), 'button': 4, 'touch': False, 'window': None})>)
2025-05-19 16:50:49 - gestor_eventos - [DEBUG] -   Evento: MouseWheel (<Event(1027-MouseWheel {'flipped': False, 'x': 0, 'y': 1, 'precise_x': 0.0, 'precise_y': 1.0, 'touch': False, 'window': None})>)
2025-05-19 16:50:49 - gestor_eventos - [DEBUG] - GestorEventos: MOUSEWHEEL. Zoom actual: 1.50, Solicitado nuevo: 1.60
2025-05-19 16:50:49 - gestor_eventos - [DEBUG] - Procesando 0 eventos...
2025-05-19 16:50:49 - gestor_eventos - [DEBUG] - Procesando 1 eventos...
2025-05-19 16:50:49 - gestor_eventos - [DEBUG] -   Evento: KeyUp (<Event(769-KeyUp {'unicode': ' ', 'key': 32, 'mod': 4096, 'scancode': 44, 'window': None})>)
2025-05-19 16:50:49 - gestor_eventos - [DEBUG] - Procesando 0 eventos...
2025-05-19 16:50:49 - gestor_eventos - [DEBUG] - Procesando 0 eventos...
2025-05-19 16:50:49 - gestor_eventos - [DEBUG] - Procesando 0 eventos...
2025-05-19 16:50:50 - gestor_eventos - [DEBUG] - Procesando 0 eventos...
2025-05-19 16:50:50 - gestor_eventos - [DEBUG] - Procesando 0 eventos...
2025-05-19 16:50:50 - gestor_eventos - [DEBUG] - Procesando 0 eventos...
2025-05-19 16:50:50 - gestor_eventos - [DEBUG] - Procesando 2 eventos...
2025-05-19 16:50:50 - gestor_eventos - [DEBUG] -   Evento: MouseMotion (<Event(1024-MouseMotion {'pos': (475, 280), 'rel': (0, 1), 'buttons': (0, 0, 0), 'touch': False, 'window': None})>)
2025-05-19 16:50:50 - gestor_eventos - [DEBUG] -   Evento: MouseMotion (<Event(1024-MouseMotion {'pos': (474, 281), 'rel': (-1, 1), 'buttons': (0, 0, 0), 'touch': False, 'window': None})>)
2025-05-19 16:50:50 - gestor_eventos - [DEBUG] - Procesando 3 eventos...
2025-05-19 16:50:50 - gestor_eventos - [DEBUG] -   Evento: KeyDown (<Event(768-KeyDown {'unicode': ' ', 'key': 32, 'mod': 4096, 'scancode': 44, 'window': None})>)
2025-05-19 16:50:50 - gestor_eventos - [DEBUG] - GestorEventos: KEYDOWN space (32)
2025-05-19 16:50:50 - gestor_eventos - [DEBUG] - GestorEventos: K_SPACE (Atacar jugador) procesado.
2025-05-19 16:50:50 - gestor_eventos - [DEBUG] -   Evento: TextInput (<Event(771-TextInput {'text': ' ', 'window': None})>)
2025-05-19 16:50:50 - gestor_eventos - [DEBUG] -   Evento: MouseMotion (<Event(1024-MouseMotion {'pos': (473, 282), 'rel': (-1, 1), 'buttons': (0, 0, 0), 'touch': False, 'window': None})>)
2025-05-19 16:50:50 - gestor_eventos - [DEBUG] - Procesando 1 eventos...
2025-05-19 16:50:50 - gestor_eventos - [DEBUG] -   Evento: MouseMotion (<Event(1024-MouseMotion {'pos': (472, 283), 'rel': (-1, 1), 'buttons': (0, 0, 0), 'touch': False, 'window': None})>)
2025-05-19 16:50:50 - gestor_eventos - [DEBUG] - Procesando 1 eventos...
2025-05-19 16:50:50 - gestor_eventos - [DEBUG] -   Evento: MouseMotion (<Event(1024-MouseMotion {'pos': (471, 283), 'rel': (-1, 0), 'buttons': (0, 0, 0), 'touch': False, 'window': None})>)
2025-05-19 16:50:50 - gestor_eventos - [DEBUG] - Procesando 1 eventos...
2025-05-19 16:50:50 - gestor_eventos - [DEBUG] -   Evento: MouseMotion (<Event(1024-MouseMotion {'pos': (471, 284), 'rel': (0, 1), 'buttons': (0, 0, 0), 'touch': False, 'window': None})>)
2025-05-19 16:50:50 - gestor_eventos - [DEBUG] - Procesando 3 eventos...
2025-05-19 16:50:50 - gestor_eventos - [DEBUG] -   Evento: MouseButtonDown (<Event(1025-MouseButtonDown {'pos': (471, 284), 'button': 4, 'touch': False, 'window': None})>)
2025-05-19 16:50:50 - gestor_eventos - [DEBUG] -   Evento: MouseButtonUp (<Event(1026-MouseButtonUp {'pos': (471, 284), 'button': 4, 'touch': False, 'window': None})>)
2025-05-19 16:50:50 - gestor_eventos - [DEBUG] -   Evento: MouseWheel (<Event(1027-MouseWheel {'flipped': False, 'x': 0, 'y': 1, 'precise_x': 0.0, 'precise_y': 1.0, 'touch': False, 'window': None})>)
2025-05-19 16:50:50 - gestor_eventos - [DEBUG] - GestorEventos: MOUSEWHEEL. Zoom actual: 1.60, Solicitado nuevo: 1.70
2025-05-19 16:50:50 - gestor_eventos - [DEBUG] - Procesando 3 eventos...
2025-05-19 16:50:50 - gestor_eventos - [DEBUG] -   Evento: MouseButtonDown (<Event(1025-MouseButtonDown {'pos': (471, 284), 'button': 4, 'touch': False, 'window': None})>)
2025-05-19 16:50:50 - gestor_eventos - [DEBUG] -   Evento: MouseButtonUp (<Event(1026-MouseButtonUp {'pos': (471, 284), 'button': 4, 'touch': False, 'window': None})>)
2025-05-19 16:50:50 - gestor_eventos - [DEBUG] -   Evento: MouseWheel (<Event(1027-MouseWheel {'flipped': False, 'x': 0, 'y': 1, 'precise_x': 0.0, 'precise_y': 1.0, 'touch': False, 'window': None})>)
2025-05-19 16:50:50 - gestor_eventos - [DEBUG] - GestorEventos: MOUSEWHEEL. Zoom actual: 1.70, Solicitado nuevo: 1.80
2025-05-19 16:50:50 - gestor_eventos - [DEBUG] - Procesando 0 eventos...
2025-05-19 16:50:50 - gestor_eventos - [DEBUG] - Procesando 4 eventos...
2025-05-19 16:50:50 - gestor_eventos - [DEBUG] -   Evento: KeyUp (<Event(769-KeyUp {'unicode': ' ', 'key': 32, 'mod': 4096, 'scancode': 44, 'window': None})>)
2025-05-19 16:50:50 - gestor_eventos - [DEBUG] -   Evento: MouseButtonDown (<Event(1025-MouseButtonDown {'pos': (471, 284), 'button': 4, 'touch': False, 'window': None})>)
2025-05-19 16:50:50 - gestor_eventos - [DEBUG] -   Evento: MouseButtonUp (<Event(1026-MouseButtonUp {'pos': (471, 284), 'button': 4, 'touch': False, 'window': None})>)
2025-05-19 16:50:50 - gestor_eventos - [DEBUG] -   Evento: MouseWheel (<Event(1027-MouseWheel {'flipped': False, 'x': 0, 'y': 1, 'precise_x': 0.0, 'precise_y': 1.0, 'touch': False, 'window': None})>)
2025-05-19 16:50:50 - gestor_eventos - [DEBUG] - GestorEventos: MOUSEWHEEL. Zoom actual: 1.80, Solicitado nuevo: 1.90
2025-05-19 16:50:50 - gestor_eventos - [DEBUG] - Procesando 0 eventos...
2025-05-19 16:50:50 - gestor_eventos - [DEBUG] - Procesando 0 eventos...
2025-05-19 16:50:50 - gestor_eventos - [DEBUG] - Procesando 1 eventos...
2025-05-19 16:50:50 - gestor_eventos - [DEBUG] -   Evento: MouseMotion (<Event(1024-MouseMotion {'pos': (471, 285), 'rel': (0, 1), 'buttons': (0, 0, 0), 'touch': False, 'window': None})>)
2025-05-19 16:50:50 - gestor_eventos - [DEBUG] - Procesando 1 eventos...
2025-05-19 16:50:50 - gestor_eventos - [DEBUG] -   Evento: MouseMotion (<Event(1024-MouseMotion {'pos': (471, 287), 'rel': (0, 2), 'buttons': (0, 0, 0), 'touch': False, 'window': None})>)
2025-05-19 16:50:50 - gestor_eventos - [DEBUG] - Procesando 2 eventos...
2025-05-19 16:50:50 - gestor_eventos - [DEBUG] -   Evento: MouseMotion (<Event(1024-MouseMotion {'pos': (471, 288), 'rel': (0, 1), 'buttons': (0, 0, 0), 'touch': False, 'window': None})>)
2025-05-19 16:50:50 - gestor_eventos - [DEBUG] -   Evento: MouseMotion (<Event(1024-MouseMotion {'pos': (471, 289), 'rel': (0, 1), 'buttons': (0, 0, 0), 'touch': False, 'window': None})>)
2025-05-19 16:50:50 - gestor_eventos - [DEBUG] - Procesando 1 eventos...
2025-05-19 16:50:50 - gestor_eventos - [DEBUG] -   Evento: MouseMotion (<Event(1024-MouseMotion {'pos': (471, 290), 'rel': (0, 1), 'buttons': (0, 0, 0), 'touch': False, 'window': None})>)
2025-05-19 16:50:50 - gestor_eventos - [DEBUG] - Procesando 1 eventos...
2025-05-19 16:50:50 - gestor_eventos - [DEBUG] -   Evento: MouseMotion (<Event(1024-MouseMotion {'pos': (470, 292), 'rel': (-1, 2), 'buttons': (0, 0, 0), 'touch': False, 'window': None})>)
2025-05-19 16:50:50 - gestor_eventos - [DEBUG] - Procesando 4 eventos...
2025-05-19 16:50:50 - gestor_eventos - [DEBUG] -   Evento: MouseMotion (<Event(1024-MouseMotion {'pos': (470, 293), 'rel': (0, 1), 'buttons': (0, 0, 0), 'touch': False, 'window': None})>)
2025-05-19 16:50:50 - gestor_eventos - [DEBUG] -   Evento: KeyDown (<Event(768-KeyDown {'unicode': ' ', 'key': 32, 'mod': 4096, 'scancode': 44, 'window': None})>)
2025-05-19 16:50:50 - gestor_eventos - [DEBUG] - GestorEventos: KEYDOWN space (32)
2025-05-19 16:50:50 - gestor_eventos - [DEBUG] - GestorEventos: K_SPACE (Atacar jugador) procesado.
2025-05-19 16:50:50 - gestor_eventos - [DEBUG] -   Evento: TextInput (<Event(771-TextInput {'text': ' ', 'window': None})>)
2025-05-19 16:50:50 - gestor_eventos - [DEBUG] -   Evento: MouseMotion (<Event(1024-MouseMotion {'pos': (469, 294), 'rel': (-1, 1), 'buttons': (0, 0, 0), 'touch': False, 'window': None})>)
2025-05-19 16:50:50 - gestor_eventos - [DEBUG] - Procesando 1 eventos...
2025-05-19 16:50:50 - gestor_eventos - [DEBUG] -   Evento: MouseMotion (<Event(1024-MouseMotion {'pos': (468, 297), 'rel': (-1, 3), 'buttons': (0, 0, 0), 'touch': False, 'window': None})>)
2025-05-19 16:50:50 - gestor_eventos - [DEBUG] - Procesando 1 eventos...
2025-05-19 16:50:50 - gestor_eventos - [DEBUG] -   Evento: MouseMotion (<Event(1024-MouseMotion {'pos': (467, 298), 'rel': (-1, 1), 'buttons': (0, 0, 0), 'touch': False, 'window': None})>)
2025-05-19 16:50:50 - gestor_eventos - [DEBUG] - Procesando 1 eventos...
2025-05-19 16:50:50 - gestor_eventos - [DEBUG] -   Evento: MouseMotion (<Event(1024-MouseMotion {'pos': (467, 300), 'rel': (0, 2), 'buttons': (0, 0, 0), 'touch': False, 'window': None})>)
2025-05-19 16:50:50 - gestor_eventos - [DEBUG] - Procesando 0 eventos...
2025-05-19 16:50:50 - gestor_eventos - [DEBUG] - Procesando 1 eventos...
2025-05-19 16:50:50 - gestor_eventos - [DEBUG] -   Evento: MouseMotion (<Event(1024-MouseMotion {'pos': (467, 301), 'rel': (0, 1), 'buttons': (0, 0, 0), 'touch': False, 'window': None})>)
2025-05-19 16:50:50 - gestor_eventos - [DEBUG] - Procesando 1 eventos...
2025-05-19 16:50:50 - gestor_eventos - [DEBUG] -   Evento: MouseMotion (<Event(1024-MouseMotion {'pos': (466, 301), 'rel': (-1, 0), 'buttons': (0, 0, 0), 'touch': False, 'window': None})>)
2025-05-19 16:50:50 - gestor_eventos - [DEBUG] - Procesando 1 eventos...
2025-05-19 16:50:50 - gestor_eventos - [DEBUG] -   Evento: MouseMotion (<Event(1024-MouseMotion {'pos': (466, 302), 'rel': (0, 1), 'buttons': (0, 0, 0), 'touch': False, 'window': None})>)
2025-05-19 16:50:50 - gestor_eventos - [DEBUG] - Procesando 0 eventos...
2025-05-19 16:50:50 - gestor_eventos - [DEBUG] - Procesando 2 eventos...
2025-05-19 16:50:50 - gestor_eventos - [DEBUG] -   Evento: MouseMotion (<Event(1024-MouseMotion {'pos': (466, 303), 'rel': (0, 1), 'buttons': (0, 0, 0), 'touch': False, 'window': None})>)
2025-05-19 16:50:50 - gestor_eventos - [DEBUG] -   Evento: KeyUp (<Event(769-KeyUp {'unicode': ' ', 'key': 32, 'mod': 4096, 'scancode': 44, 'window': None})>)
2025-05-19 16:50:50 - gestor_eventos - [DEBUG] - Procesando 0 eventos...
2025-05-19 16:50:50 - gestor_eventos - [DEBUG] - Procesando 1 eventos...
2025-05-19 16:50:50 - gestor_eventos - [DEBUG] -   Evento: MouseMotion (<Event(1024-MouseMotion {'pos': (466, 304), 'rel': (0, 1), 'buttons': (0, 0, 0), 'touch': False, 'window': None})>)
2025-05-19 16:50:50 - gestor_eventos - [DEBUG] - Procesando 0 eventos...
2025-05-19 16:50:50 - gestor_eventos - [DEBUG] - Procesando 1 eventos...
2025-05-19 16:50:50 - gestor_eventos - [DEBUG] -   Evento: MouseMotion (<Event(1024-MouseMotion {'pos': (466, 305), 'rel': (0, 1), 'buttons': (0, 0, 0), 'touch': False, 'window': None})>)
2025-05-19 16:50:50 - gestor_eventos - [DEBUG] - Procesando 1 eventos...
2025-05-19 16:50:50 - gestor_eventos - [DEBUG] -   Evento: MouseMotion (<Event(1024-MouseMotion {'pos': (466, 306), 'rel': (0, 1), 'buttons': (0, 0, 0), 'touch': False, 'window': None})>)
2025-05-19 16:50:50 - gestor_eventos - [DEBUG] - Procesando 4 eventos...
2025-05-19 16:50:50 - gestor_eventos - [DEBUG] -   Evento: MouseMotion (<Event(1024-MouseMotion {'pos': (466, 307), 'rel': (0, 1), 'buttons': (0, 0, 0), 'touch': False, 'window': None})>)
2025-05-19 16:50:50 - gestor_eventos - [DEBUG] -   Evento: KeyDown (<Event(768-KeyDown {'unicode': ' ', 'key': 32, 'mod': 4096, 'scancode': 44, 'window': None})>)
2025-05-19 16:50:50 - gestor_eventos - [DEBUG] - GestorEventos: KEYDOWN space (32)
2025-05-19 16:50:50 - gestor_eventos - [DEBUG] - GestorEventos: K_SPACE (Atacar jugador) procesado.
2025-05-19 16:50:50 - gestor_eventos - [DEBUG] -   Evento: TextInput (<Event(771-TextInput {'text': ' ', 'window': None})>)
2025-05-19 16:50:50 - gestor_eventos - [DEBUG] -   Evento: MouseMotion (<Event(1024-MouseMotion {'pos': (465, 307), 'rel': (-1, 0), 'buttons': (0, 0, 0), 'touch': False, 'window': None})>)
2025-05-19 16:50:50 - gestor_eventos - [DEBUG] - Procesando 1 eventos...
2025-05-19 16:50:50 - gestor_eventos - [DEBUG] -   Evento: MouseMotion (<Event(1024-MouseMotion {'pos': (465, 309), 'rel': (0, 2), 'buttons': (0, 0, 0), 'touch': False, 'window': None})>)
2025-05-19 16:50:50 - gestor_eventos - [DEBUG] - Procesando 0 eventos...
2025-05-19 16:50:50 - gestor_eventos - [DEBUG] - Procesando 1 eventos...
2025-05-19 16:50:50 - gestor_eventos - [DEBUG] -   Evento: MouseMotion (<Event(1024-MouseMotion {'pos': (465, 310), 'rel': (0, 1), 'buttons': (0, 0, 0), 'touch': False, 'window': None})>)
2025-05-19 16:50:50 - gestor_eventos - [DEBUG] - Procesando 0 eventos...
2025-05-19 16:50:50 - gestor_eventos - [DEBUG] - Procesando 0 eventos...
2025-05-19 16:50:50 - gestor_eventos - [DEBUG] - Procesando 0 eventos...
2025-05-19 16:50:50 - gestor_eventos - [DEBUG] - Procesando 1 eventos...
2025-05-19 16:50:50 - gestor_eventos - [DEBUG] -   Evento: KeyUp (<Event(769-KeyUp {'unicode': ' ', 'key': 32, 'mod': 4096, 'scancode': 44, 'window': None})>)
2025-05-19 16:50:50 - gestor_eventos - [DEBUG] - Procesando 0 eventos...
2025-05-19 16:50:50 - gestor_eventos - [DEBUG] - Procesando 0 eventos...
2025-05-19 16:50:50 - gestor_eventos - [DEBUG] - Procesando 0 eventos...
2025-05-19 16:50:50 - gestor_eventos - [DEBUG] - Procesando 0 eventos...
2025-05-19 16:50:50 - gestor_eventos - [DEBUG] - Procesando 0 eventos...
2025-05-19 16:50:50 - gestor_eventos - [DEBUG] - Procesando 0 eventos...
2025-05-19 16:50:50 - gestor_eventos - [DEBUG] - Procesando 0 eventos...
2025-05-19 16:50:50 - gestor_eventos - [DEBUG] - Procesando 0 eventos...
2025-05-19 16:50:50 - gestor_eventos - [DEBUG] - Procesando 0 eventos...
2025-05-19 16:50:50 - gestor_eventos - [DEBUG] - Procesando 0 eventos...
2025-05-19 16:50:50 - gestor_eventos - [DEBUG] - Procesando 0 eventos...
2025-05-19 16:50:50 - gestor_eventos - [DEBUG] - Procesando 0 eventos...
2025-05-19 16:50:50 - gestor_eventos - [DEBUG] - Procesando 0 eventos...
2025-05-19 16:50:50 - gestor_eventos - [DEBUG] - Procesando 0 eventos...
2025-05-19 16:50:50 - gestor_eventos - [DEBUG] - Procesando 0 eventos...
2025-05-19 16:50:50 - gestor_eventos - [DEBUG] - Procesando 0 eventos...
2025-05-19 16:50:50 - gestor_eventos - [DEBUG] - Procesando 0 eventos...
2025-05-19 16:50:50 - gestor_eventos - [DEBUG] - Procesando 0 eventos...
2025-05-19 16:50:50 - gestor_eventos - [DEBUG] - Procesando 0 eventos...
2025-05-19 16:50:51 - gestor_eventos - [DEBUG] - Procesando 0 eventos...
2025-05-19 16:50:51 - gestor_eventos - [DEBUG] - Procesando 0 eventos...
2025-05-19 16:50:51 - gestor_eventos - [DEBUG] - Procesando 0 eventos...
2025-05-19 16:50:51 - gestor_eventos - [DEBUG] - Procesando 0 eventos...
2025-05-19 16:50:51 - gestor_eventos - [DEBUG] - Procesando 0 eventos...
2025-05-19 16:50:51 - gestor_eventos - [DEBUG] - Procesando 0 eventos...
2025-05-19 16:50:51 - gestor_eventos - [DEBUG] - Procesando 0 eventos...
2025-05-19 16:50:51 - gestor_eventos - [DEBUG] - Procesando 0 eventos...
2025-05-19 16:50:51 - gestor_eventos - [DEBUG] - Procesando 0 eventos...
2025-05-19 16:50:51 - gestor_eventos - [DEBUG] - Procesando 0 eventos...
2025-05-19 16:50:51 - gestor_eventos - [DEBUG] - Procesando 0 eventos...
2025-05-19 16:50:51 - gestor_eventos - [DEBUG] - Procesando 0 eventos...
2025-05-19 16:50:51 - gestor_eventos - [DEBUG] - Procesando 0 eventos...
2025-05-19 16:50:51 - gestor_eventos - [DEBUG] - Procesando 1 eventos...
2025-05-19 16:50:51 - gestor_eventos - [DEBUG] -   Evento: KeyUp (<Event(769-KeyUp {'unicode': 'a', 'key': 97, 'mod': 4096, 'scancode': 4, 'window': None})>)
2025-05-19 16:50:51 - gestor_eventos - [DEBUG] - Procesando 0 eventos...
2025-05-19 16:50:51 - gestor_eventos - [DEBUG] - Procesando 0 eventos...
2025-05-19 16:50:51 - gestor_eventos - [DEBUG] - Procesando 0 eventos...
2025-05-19 16:50:51 - gestor_eventos - [DEBUG] - Procesando 0 eventos...
2025-05-19 16:50:51 - gestor_eventos - [DEBUG] - Procesando 0 eventos...
2025-05-19 16:50:51 - gestor_eventos - [DEBUG] - Procesando 0 eventos...
2025-05-19 16:50:51 - gestor_eventos - [DEBUG] - Procesando 0 eventos...
2025-05-19 16:50:51 - gestor_eventos - [DEBUG] - Procesando 0 eventos...
2025-05-19 16:50:51 - gestor_eventos - [DEBUG] - Procesando 0 eventos...
2025-05-19 16:50:51 - gestor_eventos - [DEBUG] - Procesando 0 eventos...
2025-05-19 16:50:51 - gestor_eventos - [DEBUG] - Procesando 0 eventos...
2025-05-19 16:50:51 - gestor_eventos - [DEBUG] - Procesando 0 eventos...
2025-05-19 16:50:51 - gestor_eventos - [DEBUG] - Procesando 0 eventos...
2025-05-19 16:50:51 - gestor_eventos - [DEBUG] - Procesando 0 eventos...
2025-05-19 16:50:51 - gestor_eventos - [DEBUG] - Procesando 0 eventos...
2025-05-19 16:50:51 - gestor_eventos - [DEBUG] - Procesando 0 eventos...
2025-05-19 16:50:51 - gestor_eventos - [DEBUG] - Procesando 0 eventos...
2025-05-19 16:50:51 - gestor_eventos - [DEBUG] - Procesando 0 eventos...
2025-05-19 16:50:51 - gestor_eventos - [DEBUG] - Procesando 0 eventos...
2025-05-19 16:50:51 - gestor_eventos - [DEBUG] - Procesando 0 eventos...
2025-05-19 16:50:51 - gestor_eventos - [DEBUG] - Procesando 0 eventos...
2025-05-19 16:50:51 - gestor_eventos - [DEBUG] - Procesando 0 eventos...
2025-05-19 16:50:51 - gestor_eventos - [DEBUG] - Procesando 0 eventos...
2025-05-19 16:50:51 - gestor_eventos - [DEBUG] - Procesando 0 eventos...
2025-05-19 16:50:51 - gestor_eventos - [DEBUG] - Procesando 2 eventos...
2025-05-19 16:50:51 - gestor_eventos - [DEBUG] -   Evento: KeyDown (<Event(768-KeyDown {'unicode': ' ', 'key': 32, 'mod': 4096, 'scancode': 44, 'window': None})>)
2025-05-19 16:50:51 - gestor_eventos - [DEBUG] - GestorEventos: KEYDOWN space (32)
2025-05-19 16:50:51 - gestor_eventos - [DEBUG] - GestorEventos: K_SPACE (Atacar jugador) procesado.
2025-05-19 16:50:51 - gestor_eventos - [DEBUG] -   Evento: TextInput (<Event(771-TextInput {'text': ' ', 'window': None})>)
2025-05-19 16:50:51 - gestor_eventos - [DEBUG] - Procesando 0 eventos...
2025-05-19 16:50:51 - gestor_eventos - [DEBUG] - Procesando 0 eventos...
2025-05-19 16:50:51 - gestor_eventos - [DEBUG] - Procesando 0 eventos...
2025-05-19 16:50:51 - gestor_eventos - [DEBUG] - Procesando 0 eventos...
2025-05-19 16:50:51 - gestor_eventos - [DEBUG] - Procesando 0 eventos...
2025-05-19 16:50:51 - gestor_eventos - [DEBUG] - Procesando 0 eventos...
2025-05-19 16:50:51 - gestor_eventos - [DEBUG] - Procesando 0 eventos...
2025-05-19 16:50:51 - gestor_eventos - [DEBUG] - Procesando 0 eventos...
2025-05-19 16:50:51 - gestor_eventos - [DEBUG] - Procesando 0 eventos...
2025-05-19 16:50:51 - gestor_eventos - [DEBUG] - Procesando 0 eventos...
2025-05-19 16:50:51 - gestor_eventos - [DEBUG] - Procesando 0 eventos...
2025-05-19 16:50:51 - gestor_eventos - [DEBUG] - Procesando 0 eventos...
2025-05-19 16:50:51 - gestor_eventos - [DEBUG] - Procesando 0 eventos...
2025-05-19 16:50:51 - gestor_eventos - [DEBUG] - Procesando 0 eventos...
2025-05-19 16:50:51 - gestor_eventos - [DEBUG] - Procesando 0 eventos...
2025-05-19 16:50:51 - gestor_eventos - [DEBUG] - Procesando 1 eventos...
2025-05-19 16:50:51 - gestor_eventos - [DEBUG] -   Evento: KeyUp (<Event(769-KeyUp {'unicode': ' ', 'key': 32, 'mod': 4096, 'scancode': 44, 'window': None})>)
2025-05-19 16:50:51 - gestor_eventos - [DEBUG] - Procesando 0 eventos...
2025-05-19 16:50:51 - gestor_eventos - [DEBUG] - Procesando 0 eventos...
2025-05-19 16:50:51 - gestor_eventos - [DEBUG] - Procesando 0 eventos...
2025-05-19 16:50:51 - gestor_eventos - [DEBUG] - Procesando 0 eventos...
2025-05-19 16:50:51 - gestor_eventos - [DEBUG] - Procesando 0 eventos...
2025-05-19 16:50:52 - gestor_eventos - [DEBUG] - Procesando 0 eventos...
2025-05-19 16:50:52 - gestor_eventos - [DEBUG] - Procesando 0 eventos...
2025-05-19 16:50:52 - gestor_eventos - [DEBUG] - Procesando 1 eventos...
2025-05-19 16:50:52 - gestor_eventos - [DEBUG] -   Evento: MouseMotion (<Event(1024-MouseMotion {'pos': (465, 311), 'rel': (0, 1), 'buttons': (0, 0, 0), 'touch': False, 'window': None})>)
2025-05-19 16:50:52 - gestor_eventos - [DEBUG] - Procesando 1 eventos...
2025-05-19 16:50:52 - gestor_eventos - [DEBUG] -   Evento: MouseMotion (<Event(1024-MouseMotion {'pos': (465, 312), 'rel': (0, 1), 'buttons': (0, 0, 0), 'touch': False, 'window': None})>)
2025-05-19 16:50:52 - gestor_eventos - [DEBUG] - Procesando 1 eventos...
2025-05-19 16:50:52 - gestor_eventos - [DEBUG] -   Evento: MouseMotion (<Event(1024-MouseMotion {'pos': (465, 313), 'rel': (0, 1), 'buttons': (0, 0, 0), 'touch': False, 'window': None})>)
2025-05-19 16:50:52 - gestor_eventos - [DEBUG] - Procesando 1 eventos...
2025-05-19 16:50:52 - gestor_eventos - [DEBUG] -   Evento: MouseMotion (<Event(1024-MouseMotion {'pos': (465, 314), 'rel': (0, 1), 'buttons': (0, 0, 0), 'touch': False, 'window': None})>)
2025-05-19 16:50:52 - gestor_eventos - [DEBUG] - Procesando 1 eventos...
2025-05-19 16:50:52 - gestor_eventos - [DEBUG] -   Evento: MouseMotion (<Event(1024-MouseMotion {'pos': (465, 315), 'rel': (0, 1), 'buttons': (0, 0, 0), 'touch': False, 'window': None})>)
2025-05-19 16:50:52 - gestor_eventos - [DEBUG] - Procesando 1 eventos...
2025-05-19 16:50:52 - gestor_eventos - [DEBUG] -   Evento: MouseMotion (<Event(1024-MouseMotion {'pos': (465, 317), 'rel': (0, 2), 'buttons': (0, 0, 0), 'touch': False, 'window': None})>)
2025-05-19 16:50:52 - gestor_eventos - [DEBUG] - Procesando 1 eventos...
2025-05-19 16:50:52 - gestor_eventos - [DEBUG] -   Evento: MouseMotion (<Event(1024-MouseMotion {'pos': (466, 319), 'rel': (1, 2), 'buttons': (0, 0, 0), 'touch': False, 'window': None})>)
2025-05-19 16:50:52 - gestor_eventos - [DEBUG] - Procesando 1 eventos...
2025-05-19 16:50:52 - gestor_eventos - [DEBUG] -   Evento: MouseMotion (<Event(1024-MouseMotion {'pos': (466, 323), 'rel': (0, 4), 'buttons': (0, 0, 0), 'touch': False, 'window': None})>)
2025-05-19 16:50:52 - gestor_eventos - [DEBUG] - Procesando 1 eventos...
2025-05-19 16:50:52 - gestor_eventos - [DEBUG] -   Evento: MouseMotion (<Event(1024-MouseMotion {'pos': (467, 327), 'rel': (1, 4), 'buttons': (0, 0, 0), 'touch': False, 'window': None})>)
2025-05-19 16:50:52 - gestor_eventos - [DEBUG] - Procesando 1 eventos...
2025-05-19 16:50:52 - gestor_eventos - [DEBUG] -   Evento: MouseMotion (<Event(1024-MouseMotion {'pos': (469, 332), 'rel': (2, 5), 'buttons': (0, 0, 0), 'touch': False, 'window': None})>)
2025-05-19 16:50:52 - gestor_eventos - [DEBUG] - Procesando 1 eventos...
2025-05-19 16:50:52 - gestor_eventos - [DEBUG] -   Evento: MouseMotion (<Event(1024-MouseMotion {'pos': (471, 336), 'rel': (2, 4), 'buttons': (0, 0, 0), 'touch': False, 'window': None})>)
2025-05-19 16:50:52 - gestor_eventos - [DEBUG] - Procesando 1 eventos...
2025-05-19 16:50:52 - gestor_eventos - [DEBUG] -   Evento: MouseMotion (<Event(1024-MouseMotion {'pos': (472, 340), 'rel': (1, 4), 'buttons': (0, 0, 0), 'touch': False, 'window': None})>)
2025-05-19 16:50:52 - gestor_eventos - [DEBUG] - Procesando 1 eventos...
2025-05-19 16:50:52 - gestor_eventos - [DEBUG] -   Evento: MouseMotion (<Event(1024-MouseMotion {'pos': (474, 344), 'rel': (2, 4), 'buttons': (0, 0, 0), 'touch': False, 'window': None})>)
2025-05-19 16:50:52 - gestor_eventos - [DEBUG] - Procesando 2 eventos...
2025-05-19 16:50:52 - gestor_eventos - [DEBUG] -   Evento: KeyDown (<Event(768-KeyDown {'unicode': '\x1b', 'key': 27, 'mod': 4096, 'scancode': 41, 'window': None})>)
2025-05-19 16:50:52 - gestor_eventos - [DEBUG] - GestorEventos: KEYDOWN escape (27)
2025-05-19 16:50:52 - gestor_eventos - [INFO] - GestorEventos: Solicitud de SALIR recibida (ESCAPE).
2025-05-19 16:50:52 - gestor_eventos - [DEBUG] -   Evento: MouseMotion (<Event(1024-MouseMotion {'pos': (475, 347), 'rel': (1, 3), 'buttons': (0, 0, 0), 'touch': False, 'window': None})>)
